Component: ARM Compiler 5.06 (build 20) Tool: armlink [4d35a3]

==============================================================================

Section Cross References

    app_main.o(i.main) refers to app_main.o(i.system_init) for system_init
    app_main.o(i.main) refers to app_key_ctrl.o(i.key_init) for key_init
    app_main.o(i.main) refers to app_led_ctrl.o(i.led_init) for led_init
    app_main.o(i.main) refers to app_hx711_ctrl.o(i.hx711_init) for hx711_init
    app_main.o(i.main) refers to app_t5l_ctrl.o(i.screenT5L_Init) for screenT5L_Init
    app_main.o(i.main) refers to app_modbus_rtu_ctrl.o(i.ModbusRtu_init) for ModbusRtu_init
    app_main.o(i.main) refers to app_syspara.o(i.readSysDataFromFlash) for readSysDataFromFlash
    app_main.o(i.main) refers to app_syspara.o(i.readSysDataFromFlash_3030) for readSysDataFromFlash_3030
    app_main.o(i.main) refers to app_password.o(i.STM32MCUIDGet) for STM32MCUIDGet
    app_main.o(i.main) refers to app_password.o(i.STM32CheckPassWord) for STM32CheckPassWord
    app_main.o(i.main) refers to app_password.o(.bss) for STM32McuId
    app_main.o(i.main) refers to app_password.o(.data) for g_passWordStore
    app_main.o(i.system_init) refers to hal_clock.o(i.hal_clock_init) for hal_clock_init
    app_main.o(i.system_init) refers to hal_delay.o(i.hal_delay_init) for hal_delay_init
    app_main.o(i.system_init) refers to hal_gpio.o(i.wm_hal_gpio_init) for wm_hal_gpio_init
    app_main.o(i.system_init) refers to hal_timer.o(i.hal_timer_init) for hal_timer_init
    app_main.o(i.system_init) refers to drv_iwdg.o(i.drv_iwdg_init) for drv_iwdg_init
    app_main_task.o(i.app_main_init) refers to app_hx711_ctrl.o(i.hx711_setAllRemoveWeight) for hx711_setAllRemoveWeight
    app_main_task.o(i.app_main_init) refers to app_t5l_ctrl.o(i.t5lDisPlayDataClear) for t5lDisPlayDataClear
    app_main_task.o(i.app_main_init) refers to app_main_task.o(.data) for removeWeight
    app_main_task.o(i.app_main_task) refers to app_main_task.o(i.app_main_init) for app_main_init
    app_main_task.o(i.app_main_task) refers to app_key_ctrl.o(i.key_MainFunction) for key_MainFunction
    app_main_task.o(i.app_main_task) refers to app_hx711_ctrl.o(i.hx711_MainFunction) for hx711_MainFunction
    app_main_task.o(i.app_main_task) refers to app_modbus_rtu_ctrl.o(i.ModbusRtu_MainFunction) for ModbusRtu_MainFunction
    app_main_task.o(i.app_main_task) refers to app_t5l_ctrl.o(i.sreenT5L_MainFunction) for sreenT5L_MainFunction
    app_main_task.o(i.app_main_task) refers to app_led_ctrl.o(i.led_MainFunction) for led_MainFunction
    app_main_task.o(i.app_main_task) refers to app_main_task.o(.data) for g_sys_ms_tick
    app_led_ctrl.o(i.LedCtrlSendPulse) refers to hal_gpio.o(i.hal_gpio_set_do_low) for hal_gpio_set_do_low
    app_led_ctrl.o(i.LedCtrlSendPulse) refers to app_led_ctrl.o(i.Led_delay) for Led_delay
    app_led_ctrl.o(i.LedCtrlSendPulse) refers to hal_gpio.o(i.hal_gpio_set_do_high) for hal_gpio_set_do_high
    app_led_ctrl.o(i.LedDataSet) refers to app_led_ctrl.o(.data) for g_led_ctrl_data
    app_led_ctrl.o(i.balaningColorClear) refers to app_led_ctrl.o(i.LedDataSet) for LedDataSet
    app_led_ctrl.o(i.led_MainFunction) refers to hal_gpio.o(i.hal_gpio_set_do_high) for hal_gpio_set_do_high
    app_led_ctrl.o(i.led_MainFunction) refers to hal_gpio.o(i.hal_gpio_set_do_low) for hal_gpio_set_do_low
    app_led_ctrl.o(i.led_MainFunction) refers to app_led_ctrl.o(i.LedCtrlSendPulse) for LedCtrlSendPulse
    app_led_ctrl.o(i.led_MainFunction) refers to app_led_ctrl.o(.data) for g_led_ctrl_data
    app_led_ctrl.o(i.led_MainFunction) refers to app_syspara.o(.data) for gSystemPara
    app_led_ctrl.o(i.led_init) refers to hal_gpio.o(i.hal_gpio_set_do_high) for hal_gpio_set_do_high
    app_led_ctrl.o(i.led_init) refers to hal_gpio.o(i.hal_gpio_set_do_low) for hal_gpio_set_do_low
    app_led_ctrl.o(i.led_init) refers to app_led_ctrl.o(i.LedCtrlSendPulse) for LedCtrlSendPulse
    app_led_ctrl.o(i.useWeightUpdataOutColor) refers to rt_memclr_w.o(.text) for __aeabi_memclr4
    app_led_ctrl.o(i.useWeightUpdataOutColor) refers to app_hx711_ctrl.o(i.hx711_getWeight) for hx711_getWeight
    app_led_ctrl.o(i.useWeightUpdataOutColor) refers to app_led_ctrl.o(i.LedDataSet) for LedDataSet
    app_led_ctrl.o(i.useWeightUpdataOutColor) refers to app_t5l_ctrl.o(i.sdweSetWeightBackColor) for sdweSetWeightBackColor
    app_led_ctrl.o(i.useWeightUpdataOutColor) refers to app_crc.o(i.BubbleSort) for BubbleSort
    app_led_ctrl.o(i.useWeightUpdataOutColor) refers to app_led_ctrl.o(.bss) for chanelCompareInfo
    app_led_ctrl.o(i.useWeightUpdataOutColor) refers to app_syspara.o(.data) for gSystemPara
    app_led_ctrl.o(i.useWeightUpdataOutColor) refers to app_led_ctrl.o(.data) for colorLock
    app_led_ctrl.o(i.useWeightUpdataOutColor_3030) refers to rt_memclr_w.o(.text) for __aeabi_memclr4
    app_led_ctrl.o(i.useWeightUpdataOutColor_3030) refers to app_hx711_ctrl.o(i.hx711_getWeight) for hx711_getWeight
[...]
    i.masterCaculateHelpData                 0x08004234   Section        0  app_t5l_ctrl.o(i.masterCaculateHelpData)
    i.pointSampleTrigerDataSet               0x080043d8   Section        0  app_t5l_ctrl.o(i.pointSampleTrigerDataSet)
    i.pointTrigerDataSet                     0x080043fc   Section        0  app_t5l_ctrl.o(i.pointTrigerDataSet)
    i.pointTrigerDeal                        0x08004440   Section        0  app_t5l_ctrl.o(i.pointTrigerDeal)
    i.pointWeightTrigerDataSet               0x08004588   Section        0  app_t5l_ctrl.o(i.pointWeightTrigerDataSet)
    i.preColorDataAndJudgeIfNeedSend         0x080045ac   Section        0  app_t5l_ctrl.o(i.preColorDataAndJudgeIfNeedSend)
    i.preWeightDataAndJudgeIfNeedSend        0x080048f0   Section        0  app_t5l_ctrl.o(i.preWeightDataAndJudgeIfNeedSend)
    i.readColorDataFromSys                   0x080049ec   Section        0  app_t5l_ctrl.o(i.readColorDataFromSys)
    i.readHelpDataFromSys                    0x08004a24   Section        0  app_t5l_ctrl.o(i.readHelpDataFromSys)
    i.readSysDataFromFlash                   0x08004a5c   Section        0  app_syspara.o(i.readSysDataFromFlash)
    i.readSysDataFromFlash_3030              0x08004bdc   Section        0  app_syspara.o(i.readSysDataFromFlash_3030)
    i.readWeightDataFromSys                  0x08004cec   Section        0  app_t5l_ctrl.o(i.readWeightDataFromSys)
    i.releaseSysColor                        0x08004d24   Section        0  app_t5l_ctrl.o(i.releaseSysColor)
    i.removeWeightTrigerDeal                 0x08004d54   Section        0  app_t5l_ctrl.o(i.removeWeightTrigerDeal)
    i.resetCalibrationTrigerDeal             0x08004e6c   Section        0  app_t5l_ctrl.o(i.resetCalibrationTrigerDeal)
    i.sampleDataPush                         0x08004fb4   Section        0  app_hx711_ctrl.o(i.sampleDataPush)
    i.screenT5L_HelpDataMainFunction         0x08004ff0   Section        0  app_t5l_ctrl.o(i.screenT5L_HelpDataMainFunction)
    i.screenT5L_Init                         0x08005028   Section        0  app_t5l_ctrl.o(i.screenT5L_Init)
    i.screenT5L_OutputVoice                  0x080050dc   Section        0  app_t5l_ctrl.o(i.screenT5L_OutputVoice)
    i.screenT5L_RxFunction                   0x0800515c   Section        0  app_t5l_ctrl.o(i.screenT5L_RxFunction)
    i.screenT5L_TxFunction                   0x080052b8   Section        0  app_t5l_ctrl.o(i.screenT5L_TxFunction)
    i.screenT5L_VoicePrintfMainfunction      0x08005454   Section        0  app_t5l_ctrl.o(i.screenT5L_VoicePrintfMainfunction)
    i.sdweAskRegData                         0x08005594   Section        0  app_t5l_ctrl.o(i.sdweAskRegData)
    i.sdweAskVaribleData                     0x080055ac   Section        0  app_t5l_ctrl.o(i.sdweAskVaribleData)
    i.sdwe_VoicePrintfPop                    0x08005998   Section        0  app_t5l_ctrl.o(i.sdwe_VoicePrintfPop)
    i.sdwe_VoicePrintfPush                   0x08005a4c   Section        0  app_t5l_ctrl.o(i.sdwe_VoicePrintfPush)
    i.sendBalancingWeightAndColor619         0x08005aa8   Section        0  app_t5l_ctrl.o(i.sendBalancingWeightAndColor619)
    i.sendBalancingWeightAndColor6192        0x08005b54   Section        0  app_t5l_ctrl.o(i.sendBalancingWeightAndColor6192)
    i.sendHelpDataDiff                       0x08005c30   Section        0  app_t5l_ctrl.o(i.sendHelpDataDiff)
    i.sendHelpDataDiff_AtSlave1Device        0x08005e24   Section        0  app_t5l_ctrl.o(i.sendHelpDataDiff_AtSlave1Device)
    i.sendSysParaDataToDiwen                 0x08005e84   Section        0  app_t5l_ctrl.o(i.sendSysParaDataToDiwen)
    i.setModbusOtherRemoveFlag               0x080063bc   Section        0  app_modbus_rtu_ctrl.o(i.setModbusOtherRemoveFlag)
    i.setModbusSelfRemoveFlag                0x080063c8   Section        0  app_modbus_rtu_ctrl.o(i.setModbusSelfRemoveFlag)
    i.setSampleWeightValue                   0x080063d4   Section        0  app_hx711_ctrl.o(i.setSampleWeightValue)
    i.sreenT5L_MainFunction                  0x080063fc   Section        0  app_t5l_ctrl.o(i.sreenT5L_MainFunction)
    i.storeSysDataToFlash                    0x08006428   Section        0  app_syspara.o(i.storeSysDataToFlash)
    i.storeSysDataToFlash_3030               0x0800658c   Section        0  app_syspara.o(i.storeSysDataToFlash_3030)
    i.system_init                            0x08006744   Section        0  app_main.o(i.system_init)
    i.t5lDisPlayDataClear                    0x0800676c   Section        0  app_t5l_ctrl.o(i.t5lDisPlayDataClear)
    i.t5lWriteData                           0x080067d4   Section        0  app_t5l_ctrl.o(i.t5lWriteData)
    i.t5lWriteVarible                        0x08006908   Section        0  app_t5l_ctrl.o(i.t5lWriteVarible)
    i.trigerCalcKB                           0x080069fc   Section        0  app_hx711_ctrl.o(i.trigerCalcKB)
    i.wm_hal_gpio_init                       0x08006bfc   Section        0  hal_gpio.o(i.wm_hal_gpio_init)
    i.writeColorDataFromCom                  0x08006c6c   Section        0  app_t5l_ctrl.o(i.writeColorDataFromCom)
    i.writeHelpDataFromCom                   0x08006ccc   Section        0  app_t5l_ctrl.o(i.writeHelpDataFromCom)
    i.writeWeightDataFromCom                 0x08006d2c   Section        0  app_t5l_ctrl.o(i.writeWeightDataFromCom)
    x$fpl$d2f                                0x08006d8c   Section       98  d2f.o(x$fpl$d2f)
    $v0                                      0x08006d8c   Number         0  d2f.o(x$fpl$d2f)
    x$fpl$dflt                               0x08006dee   Section       46  dflt_clz.o(x$fpl$dflt)
    $v0                                      0x08006dee   Number         0  dflt_clz.o(x$fpl$dflt)
    x$fpl$dmul                               0x08006e1c   Section      340  dmul.o(x$fpl$dmul)
    $v0                                      0x08006e1c   Number         0  dmul.o(x$fpl$dmul)
    x$fpl$dnaninf                            0x08006f70   Section      156  dnaninf.o(x$fpl$dnaninf)
    $v0                                      0x08006f70   Number         0  dnaninf.o(x$fpl$dnaninf)
    x$fpl$dretinf                            0x0800700c   Section       12  dretinf.o(x$fpl$dretinf)
    $v0                                      0x0800700c   Number         0  dretinf.o(x$fpl$dretinf)
    x$fpl$fpinit                             0x08007018   Section       10  fpinit.o(x$fpl$fpinit)
    $v0                                      0x08007018   Number         0  fpinit.o(x$fpl$fpinit)
    x$fpl$fretinf                            0x08007022   Section       10  fretinf.o(x$fpl$fretinf)
    $v0                                      0x08007022   Number         0  fretinf.o(x$fpl$fretinf)
    .constdata                               0x0800702c   Section       40  app_hx711_ctrl.o(.constdata)
    x$fpl$usenofp                            0x0800702c   Section        0  usenofp.o(x$fpl$usenofp)
    .constdata                               0x08007054   Section      512  app_crc.o(.constdata)
    .constdata                               0x08007254   Section       36  app_t5l_ctrl.o(.constdata)
    .constdata                               0x08007278   Section      164  hal_gpio.o(.constdata)
    .constdata                               0x0800731c   Section      124  hal_uart.o(.constdata)
    .data                                    0x20000000   Section        5  app_main_task.o(.data)
    removeWeight                             0x20000004   Data           1  app_main_task.o(.data)
    .data                                    0x20000005   Section       11  app_led_ctrl.o(.data)
    colorLock                                0x20000008   Data           5  app_led_ctrl.o(.data)
    led_data                                 0x2000000d   Data           3  app_led_ctrl.o(.data)
    .data                                    0x20000010   Section        2  app_hx711_ctrl.o(.data)
    status                                   0x20000010   Data           1  app_hx711_ctrl.o(.data)
    l_max_wait_time                          0x20000011   Data           1  app_hx711_ctrl.o(.data)
    .data                                    0x20000012   Section        3  app_key_ctrl.o(.data)
    preRemoveKey                             0x20000012   Data           1  app_key_ctrl.o(.data)
    preHomeAndCalibrateKey                   0x20000013   Data           1  app_key_ctrl.o(.data)
    preHomeAndCalibrateStatus                0x20000014   Data           1  app_key_ctrl.o(.data)
    .data                                    0x20000018   Section      852  app_modbus_rtu_ctrl.o(.data)
    .data                                    0x2000036c   Section       52  app_password.o(.data)
    .data                                    0x200003a0   Section       68  app_syspara.o(.data)
    storeTick                                0x200003e0   Data           2  app_syspara.o(.data)
    storeTick                                0x200003e2   Data           2  app_syspara.o(.data)
    .data                                    0x200003e4   Section      636  app_t5l_ctrl.o(.data)
    inerStatus                               0x2000064b   Data           1  app_t5l_ctrl.o(.data)
    localChanel                              0x2000064c   Data           1  app_t5l_ctrl.o(.data)
    inerStatus                               0x2000064d   Data           1  app_t5l_ctrl.o(.data)
    localChanel                              0x2000064e   Data           1  app_t5l_ctrl.o(.data)
    inerStatus                               0x2000064f   Data           1  app_t5l_ctrl.o(.data)
    localChanel                              0x20000650   Data           1  app_t5l_ctrl.o(.data)
    inerStatus                               0x20000651   Data           1  app_t5l_ctrl.o(.data)
    needSend                                 0x20000652   Data           1  app_t5l_ctrl.o(.data)
    needSend                                 0x20000653   Data           1  app_t5l_ctrl.o(.data)
    dataSendFlag                             0x20000654   Data           1  app_t5l_ctrl.o(.data)
    colorSendFlag                            0x20000655   Data           1  app_t5l_ctrl.o(.data)
    dataSendFlag                             0x20000656   Data           1  app_t5l_ctrl.o(.data)
    colorSendFlag                            0x20000657   Data           1  app_t5l_ctrl.o(.data)
    inerStatus                               0x20000658   Data           1  app_t5l_ctrl.o(.data)
    u8Vstatus                                0x20000659   Data           1  app_t5l_ctrl.o(.data)
    u8Voice1                                 0x2000065a   Data           1  app_t5l_ctrl.o(.data)
    u8Voice2                                 0x2000065b   Data           1  app_t5l_ctrl.o(.data)
    u8Voice3                                 0x2000065c   Data           1  app_t5l_ctrl.o(.data)
    u16Ticks                                 0x2000065e   Data           2  app_t5l_ctrl.o(.data)
    .data                                    0x20000660   Section        4  drv_delay.o(.data)
    g_DelayUsFac                             0x20000660   Data           2  drv_delay.o(.data)
    g_DelayMsFac                             0x20000662   Data           2  drv_delay.o(.data)
    .data                                    0x20000664   Section      108  hal_gpio.o(.data)
    .data                                    0x200006d0   Section      176  hal_uart.o(.data)
    .data                                    0x20000780   Section       28  drv_rcc.o(.data)
    l_AhbPrescTable                          0x20000780   Data          16  drv_rcc.o(.data)
    l_ApbPrescTable                          0x20000790   Data           8  drv_rcc.o(.data)
    .bss                                     0x2000079c   Section     1368  app_hx711_ctrl.o(.bss)
    .bss                                     0x20000cf4   Section       12  app_key_ctrl.o(.bss)
    .bss                                     0x20000d00   Section       12  app_password.o(.bss)
    .bss                                     0x20000d0c   Section     1124  app_syspara.o(.bss)
    .bss                                     0x20001170   Section      964  app_t5l_ctrl.o(.bss)
    g_t5l_triger_data                        0x200011a0   Data         560  app_t5l_ctrl.o(.bss)
    .bss                                     0x20001534   Section       36  drv_rcc.o(.bss)
    .bss                                     0x20001558   Section       96  libspace.o(.bss)
    HEAP                                     0x200015b8   Section     3072  startup_stm32f30x.o(HEAP)
    Heap_Mem                                 0x200015b8   Data        3072  startup_stm32f30x.o(HEAP)
    STACK                                    0x200021b8   Section     3072  startup_stm32f30x.o(STACK)
    Stack_Mem                                0x200021b8   Data        3072  startup_stm32f30x.o(STACK)
    __initial_sp                             0x20002db8   Data           0  startup_stm32f30x.o(STACK)

    Global Symbols

    Symbol Name                              Value     Ov Type        Size  Object(Section)

    BuildAttributes$$THM_ISAv4$E$P$D$K$B$S$7EM$VFPi3$EXTD16$VFPS$VFMA$PE$A:L22UL41UL21$X:L11$S22US41US21$IEEE1$IW$USESV6$~STKCKD$USESV7$~SHL$OSPACE$ROPI$EBA8$UX$STANDARDLIB$REQ8$PRES8$EABIv2 0x00000000   Number         0  anon$$obj.o ABSOLUTE
    __ARM_use_no_argv                        0x00000000   Number         0  app_main.o ABSOLUTE
    __ARM_exceptions_init                     - Undefined Weak Reference
    __alloca_initialize                       - Undefined Weak Reference
    __arm_preinit_                            - Undefined Weak Reference
    __cpp_initialize__aeabi_                  - Undefined Weak Reference
    __cxa_finalize                            - Undefined Weak Reference
    __rt_locale                               - Undefined Weak Reference
    __sigvec_lookup                           - Undefined Weak Reference
    _atexit_init                              - Undefined Weak Reference
    _call_atexit_fns                          - Undefined Weak Reference
    _clock_init                               - Undefined Weak Reference
    _fp_trap_init                             - Undefined Weak Reference
    _fp_trap_shutdown                         - Undefined Weak Reference
    _get_lc_collate                           - Undefined Weak Reference
    _get_lc_ctype                             - Undefined Weak Reference
    _get_lc_monetary                          - Undefined Weak Reference
    _get_lc_numeric                           - Undefined Weak Reference
    _get_lc_time                              - Undefined Weak Reference
    _getenv_init                              - Undefined Weak Reference
    _handle_redirection                       - Undefined Weak Reference
    _init_alloc                               - Undefined Weak Reference
    _init_user_alloc                          - Undefined Weak Reference
    _initio                                   - Undefined Weak Reference
    _rand_init                                - Undefined Weak Reference
    _signal_finish                            - Undefined Weak Reference
    _signal_init                              - Undefined Weak Reference
    _terminate_alloc                          - Undefined Weak Reference
    _terminate_user_alloc                     - Undefined Weak Reference
    _terminateio                              - Undefined Weak Reference
    __Vectors_Size                           0x00000188   Number         0  startup_stm32f30x.o ABSOLUTE
    __Vectors                                0x08000000   Data           4  startup_stm32f30x.o(RESET)
    __Vectors_End                            0x08000188   Data           0  startup_stm32f30x.o(RESET)
    __main                                   0x08000189   Thumb Code     8  __main.o(!!!main)
    __scatterload                            0x08000191   Thumb Code     0  __scatter.o(!!!scatter)
    __scatterload_rt2                        0x08000191   Thumb Code    44  __scatter.o(!!!scatter)
    __scatterload_rt2_thumb_only             0x08000191   Thumb Code     0  __scatter.o(!!!scatter)
    __scatterload_null                       0x0800019f   Thumb Code     0  __scatter.o(!!!scatter)
    __decompress                             0x080001c5   Thumb Code    90  __dczerorl2.o(!!dczerorl2)
    __decompress1                            0x080001c5   Thumb Code     0  __dczerorl2.o(!!dczerorl2)
    __scatterload_zeroinit                   0x08000221   Thumb Code    28  __scatter_zi.o(!!handler_zi)
    __rt_lib_init                            0x0800023d   Thumb Code     0  libinit.o(.ARM.Collect$$libinit$$00000000)
    __rt_lib_init_fp_1                       0x0800023f   Thumb Code     0  libinit2.o(.ARM.Collect$$libinit$$00000001)
    __rt_lib_init_alloca_1                   0x08000243   Thumb Code     0  libinit2.o(.ARM.Collect$$libinit$$0000002E)
    __rt_lib_init_argv_1                     0x08000243   Thumb Code     0  libinit2.o(.ARM.Collect$$libinit$$0000002C)
    __rt_lib_init_atexit_1                   0x08000243   Thumb Code     0  libinit2.o(.ARM.Collect$$libinit$$0000001B)
    __rt_lib_init_clock_1                    0x08000243   Thumb Code     0  libinit2.o(.ARM.Collect$$libinit$$00000021)
    __rt_lib_init_cpp_1                      0x08000243   Thumb Code     0  libinit2.o(.ARM.Collect$$libinit$$00000032)
    __rt_lib_init_exceptions_1               0x08000243   Thumb Code     0  libinit2.o(.ARM.Collect$$libinit$$00000030)
    __rt_lib_init_fp_trap_1                  0x08000243   Thumb Code     0  libinit2.o(.ARM.Collect$$libinit$$0000001F)
    __rt_lib_init_getenv_1                   0x08000243   Thumb Code     0  libinit2.o(.ARM.Collect$$libinit$$00000023)
    __rt_lib_init_heap_1                     0x08000243   Thumb Code     0  libinit2.o(.ARM.Collect$$libinit$$0000000A)
    __rt_lib_init_lc_collate_1               0x08000243   Thumb Code     0  libinit2.o(.ARM.Collect$$libinit$$00000011)
    __rt_lib_init_lc_ctype_1                 0x08000243   Thumb Code     0  libinit2.o(.ARM.Collect$$libinit$$00000013)
    __rt_lib_init_lc_monetary_1              0x08000243   Thumb Code     0  libinit2.o(.ARM.Collect$$libinit$$00000015)
    __rt_lib_init_lc_numeric_1               0x08000243   Thumb Code     0  libinit2.o(.ARM.Collect$$libinit$$00000017)
    __rt_lib_init_lc_time_1                  0x08000243   Thumb Code     0  libinit2.o(.ARM.Collect$$libinit$$00000019)
    __rt_lib_init_preinit_1                  0x08000243   Thumb Code     0  libinit2.o(.ARM.Collect$$libinit$$00000004)
    __rt_lib_init_rand_1                     0x08000243   Thumb Code     0  libinit2.o(.ARM.Collect$$libinit$$0000000E)
    __rt_lib_init_return                     0x08000243   Thumb Code     0  libinit2.o(.ARM.Collect$$libinit$$00000033)
    __rt_lib_init_signal_1                   0x08000243   Thumb Code     0  libinit2.o(.ARM.Collect$$libinit$$0000001D)
    __rt_lib_init_stdio_1                    0x08000243   Thumb Code     0  libinit2.o(.ARM.Collect$$libinit$$00000025)
    __rt_lib_init_user_alloc_1               0x08000243   Thumb Code     0  libinit2.o(.ARM.Collect$$libinit$$0000000C)
    __rt_lib_shutdown                        0x08000245   Thumb Code     0  libshutdown.o(.ARM.Collect$$libshutdown$$00000000)
    __rt_lib_shutdown_cpp_1                  0x08000247   Thumb Code     0  libshutdown2.o(.ARM.Collect$$libshutdown$$00000002)
    __rt_lib_shutdown_fp_trap_1              0x08000247   Thumb Code     0  libshutdown2.o(.ARM.Collect$$libshutdown$$00000007)
    __rt_lib_shutdown_heap_1                 0x08000247   Thumb Code     0  libshutdown2.o(.ARM.Collect$$libshutdown$$0000000F)
    __rt_lib_shutdown_return                 0x08000247   Thumb Code     0  libshutdown2.o(.ARM.Collect$$libshutdown$$00000010)
    __rt_lib_shutdown_signal_1               0x08000247   Thumb Code     0  libshutdown2.o(.ARM.Collect$$libshutdown$$0000000A)
    __rt_lib_shutdown_stdio_1                0x08000247   Thumb Code     0  libshutdown2.o(.ARM.Collect$$libshutdown$$00000004)
    __rt_lib_shutdown_user_alloc_1           0x08000247   Thumb Code     0  libshutdown2.o(.ARM.Collect$$libshutdown$$0000000C)
    __rt_entry                               0x08000249   Thumb Code     0  __rtentry.o(.ARM.Collect$$rtentry$$00000000)
    __rt_entry_presh_1                       0x08000249   Thumb Code     0  __rtentry2.o(.ARM.Collect$$rtentry$$00000002)
    __rt_entry_sh                            0x08000249   Thumb Code     0  __rtentry4.o(.ARM.Collect$$rtentry$$00000004)
    __rt_entry_li                            0x0800024f   Thumb Code     0  __rtentry2.o(.ARM.Collect$$rtentry$$0000000A)
    __rt_entry_postsh_1                      0x0800024f   Thumb Code     0  __rtentry2.o(.ARM.Collect$$rtentry$$00000009)
    __rt_entry_main                          0x08000253   Thumb Code     0  __rtentry2.o(.ARM.Collect$$rtentry$$0000000D)
    __rt_entry_postli_1                      0x08000253   Thumb Code     0  __rtentry2.o(.ARM.Collect$$rtentry$$0000000C)
    __rt_exit                                0x0800025b   Thumb Code     0  rtexit.o(.ARM.Collect$$rtexit$$00000000)
    __rt_exit_ls                             0x0800025d   Thumb Code     0  rtexit2.o(.ARM.Collect$$rtexit$$00000003)
    __rt_exit_prels_1                        0x0800025d   Thumb Code     0  rtexit2.o(.ARM.Collect$$rtexit$$00000002)
    __rt_exit_exit                           0x08000261   Thumb Code     0  rtexit2.o(.ARM.Collect$$rtexit$$00000004)
    Reset_Handler                            0x08000269   Thumb Code    14  startup_stm32f30x.o(.text)
    NMI_Handler                              0x08000277   Thumb Code     2  startup_stm32f30x.o(.text)
    HardFault_Handler                        0x08000279   Thumb Code     2  startup_stm32f30x.o(.text)
    MemManage_Handler                        0x0800027b   Thumb Code     2  startup_stm32f30x.o(.text)
    BusFault_Handler                         0x0800027d   Thumb Code     2  startup_stm32f30x.o(.text)
    UsageFault_Handler                       0x0800027f   Thumb Code     2  startup_stm32f30x.o(.text)
    SVC_Handler                              0x08000281   Thumb Code     2  startup_stm32f30x.o(.text)
    DebugMon_Handler                         0x08000283   Thumb Code     2  startup_stm32f30x.o(.text)
    PendSV_Handler                           0x08000285   Thumb Code     2  startup_stm32f30x.o(.text)
    SysTick_Handler                          0x08000287   Thumb Code     2  startup_stm32f30x.o(.text)
    ADC1_2_IRQHandler                        0x08000289   Thumb Code     0  startup_stm32f30x.o(.text)
    ADC3_IRQHandler                          0x08000289   Thumb Code     0  startup_stm32f30x.o(.text)
    ADC4_IRQHandler                          0x08000289   Thumb Code     0  startup_stm32f30x.o(.text)
    CAN1_RX1_IRQHandler                      0x08000289   Thumb Code     0  startup_stm32f30x.o(.text)
    CAN1_SCE_IRQHandler                      0x08000289   Thumb Code     0  startup_stm32f30x.o(.text)
    COMP1_2_3_IRQHandler                     0x08000289   Thumb Code     0  startup_stm32f30x.o(.text)
    COMP4_5_6_IRQHandler                     0x08000289   Thumb Code     0  startup_stm32f30x.o(.text)
    COMP7_IRQHandler                         0x08000289   Thumb Code     0  startup_stm32f30x.o(.text)
    DMA1_Channel1_IRQHandler                 0x08000289   Thumb Code     0  startup_stm32f30x.o(.text)
    DMA1_Channel3_IRQHandler                 0x08000289   Thumb Code     0  startup_stm32f30x.o(.text)
    DMA1_Channel4_IRQHandler                 0x08000289   Thumb Code     0  startup_stm32f30x.o(.text)
    DMA1_Channel5_IRQHandler                 0x08000289   Thumb Code     0  startup_stm32f30x.o(.text)
    DMA1_Channel6_IRQHandler                 0x08000289   Thumb Code     0  startup_stm32f30x.o(.text)
    DMA2_Channel1_IRQHandler                 0x08000289   Thumb Code     0  startup_stm32f30x.o(.text)
    DMA2_Channel2_IRQHandler                 0x08000289   Thumb Code     0  startup_stm32f30x.o(.text)
    DMA2_Channel3_IRQHandler                 0x08000289   Thumb Code     0  startup_stm32f30x.o(.text)
    DMA2_Channel4_IRQHandler                 0x08000289   Thumb Code     0  startup_stm32f30x.o(.text)
    DMA2_Channel5_IRQHandler                 0x08000289   Thumb Code     0  startup_stm32f30x.o(.text)
    EXTI0_IRQHandler                         0x08000289   Thumb Code     0  startup_stm32f30x.o(.text)
    EXTI15_10_IRQHandler                     0x08000289   Thumb Code     0  startup_stm32f30x.o(.text)
    EXTI1_IRQHandler                         0x08000289   Thumb Code     0  startup_stm32f30x.o(.text)
    EXTI2_TS_IRQHandler                      0x08000289   Thumb Code     0  startup_stm32f30x.o(.text)
    EXTI3_IRQHandler                         0x08000289   Thumb Code     0  startup_stm32f30x.o(.text)
    EXTI4_IRQHandler                         0x08000289   Thumb Code     0  startup_stm32f30x.o(.text)
    EXTI9_5_IRQHandler                       0x08000289   Thumb Code     0  startup_stm32f30x.o(.text)
    FLASH_IRQHandler                         0x08000289   Thumb Code     0  startup_stm32f30x.o(.text)
    FPU_IRQHandler                           0x08000289   Thumb Code     0  startup_stm32f30x.o(.text)
    I2C1_ER_IRQHandler                       0x08000289   Thumb Code     0  startup_stm32f30x.o(.text)
    I2C1_EV_IRQHandler                       0x08000289   Thumb Code     0  startup_stm32f30x.o(.text)
    I2C2_ER_IRQHandler                       0x08000289   Thumb Code     0  startup_stm32f30x.o(.text)
    I2C2_EV_IRQHandler                       0x08000289   Thumb Code     0  startup_stm32f30x.o(.text)
    PVD_IRQHandler                           0x08000289   Thumb Code     0  startup_stm32f30x.o(.text)
    RCC_IRQHandler                           0x08000289   Thumb Code     0  startup_stm32f30x.o(.text)
    RTC_Alarm_IRQHandler                     0x08000289   Thumb Code     0  startup_stm32f30x.o(.text)
    RTC_WKUP_IRQHandler                      0x08000289   Thumb Code     0  startup_stm32f30x.o(.text)
    SPI1_IRQHandler                          0x08000289   Thumb Code     0  startup_stm32f30x.o(.text)
    SPI2_IRQHandler                          0x08000289   Thumb Code     0  startup_stm32f30x.o(.text)
    SPI3_IRQHandler                          0x08000289   Thumb Code     0  startup_stm32f30x.o(.text)
    TAMPER_STAMP_IRQHandler                  0x08000289   Thumb Code     0  startup_stm32f30x.o(.text)
    TIM1_BRK_TIM15_IRQHandler                0x08000289   Thumb Code     0  startup_stm32f30x.o(.text)
    TIM1_CC_IRQHandler                       0x08000289   Thumb Code     0  startup_stm32f30x.o(.text)
    TIM1_TRG_COM_TIM17_IRQHandler            0x08000289   Thumb Code     0  startup_stm32f30x.o(.text)
    TIM1_UP_TIM16_IRQHandler                 0x08000289   Thumb Code     0  startup_stm32f30x.o(.text)
    TIM2_IRQHandler                          0x08000289   Thumb Code     0  startup_stm32f30x.o(.text)
    TIM3_IRQHandler                          0x08000289   Thumb Code     0  startup_stm32f30x.o(.text)
    TIM4_IRQHandler                          0x08000289   Thumb Code     0  startup_stm32f30x.o(.text)
    TIM7_IRQHandler                          0x08000289   Thumb Code     0  startup_stm32f30x.o(.text)
    TIM8_BRK_IRQHandler                      0x08000289   Thumb Code     0  startup_stm32f30x.o(.text)
    TIM8_CC_IRQHandler                       0x08000289   Thumb Code     0  startup_stm32f30x.o(.text)
    TIM8_TRG_COM_IRQHandler                  0x08000289   Thumb Code     0  startup_stm32f30x.o(.text)
    TIM8_UP_IRQHandler                       0x08000289   Thumb Code     0  startup_stm32f30x.o(.text)
    UART4_IRQHandler                         0x08000289   Thumb Code     0  startup_stm32f30x.o(.text)
    UART5_IRQHandler                         0x08000289   Thumb Code     0  startup_stm32f30x.o(.text)
    USART1_IRQHandler                        0x08000289   Thumb Code     0  startup_stm32f30x.o(.text)
    USBWakeUp_IRQHandler                     0x08000289   Thumb Code     0  startup_stm32f30x.o(.text)
    USBWakeUp_RMP_IRQHandler                 0x08000289   Thumb Code     0  startup_stm32f30x.o(.text)
    USB_HP_CAN1_TX_IRQHandler                0x08000289   Thumb Code     0  startup_stm32f30x.o(.text)
    USB_HP_IRQHandler                        0x08000289   Thumb Code     0  startup_stm32f30x.o(.text)
    USB_LP_CAN1_RX0_IRQHandler               0x08000289   Thumb Code     0  startup_stm32f30x.o(.text)
    USB_LP_IRQHandler                        0x08000289   Thumb Code     0  startup_stm32f30x.o(.text)
    WWDG_IRQHandler                          0x08000289   Thumb Code     0  startup_stm32f30x.o(.text)
    __user_initial_stackheap                 0x0800028d   Thumb Code     0  startup_stm32f30x.o(.text)
    __aeabi_memclr4                          0x080002b1   Thumb Code     0  rt_memclr_w.o(.text)
    __aeabi_memclr8                          0x080002b1   Thumb Code     0  rt_memclr_w.o(.text)
    __rt_memclr_w                            0x080002b1   Thumb Code    78  rt_memclr_w.o(.text)
    _memset_w                                0x080002b5   Thumb Code     0  rt_memclr_w.o(.text)
    __use_two_region_memory                  0x080002ff   Thumb Code     2  heapauxi.o(.text)
    __rt_heap_escrow$2region                 0x08000301   Thumb Code     2  heapauxi.o(.text)
    __rt_heap_expand$2region                 0x08000303   Thumb Code     2  heapauxi.o(.text)
    __user_setup_stackheap                   0x08000305   Thumb Code    74  sys_stackheap_outer.o(.text)
    exit                                     0x0800034f   Thumb Code    18  exit.o(.text)
    __user_libspace                          0x08000361   Thumb Code     8  libspace.o(.text)
    __user_perproc_libspace                  0x08000361   Thumb Code     0  libspace.o(.text)
    __user_perthread_libspace                0x08000361   Thumb Code     0  libspace.o(.text)
    _sys_exit                                0x08000369   Thumb Code     8  sys_exit.o(.text)
    __I$use$semihosting                      0x08000375   Thumb Code     0  use_no_semi.o(.text)
    __use_no_semihosting_swi                 0x08000375   Thumb Code     2  use_no_semi.o(.text)
    __semihosting_library_function           0x08000377   Thumb Code     0  indicate_semi.o(.text)
    BubbleSort                               0x08000379   Thumb Code   144  app_crc.o(i.BubbleSort)
    DMA1_Channel2_IRQHandler                 0x0800040d   Thumb Code    44  hal_uart.o(i.DMA1_Channel2_IRQHandler)
    DMA1_Channel7_IRQHandler                 0x08000449   Thumb Code    44  hal_uart.o(i.DMA1_Channel7_IRQHandler)
    GetFloatBalancingModelData               0x08000485   Thumb Code    52  app_t5l_ctrl.o(i.GetFloatBalancingModelData)
    LedCtrlSendPulse                         0x080004c1   Thumb Code    88  app_led_ctrl.o(i.LedCtrlSendPulse)
    LedDataSet                               0x08000519   Thumb Code   132  app_led_ctrl.o(i.LedDataSet)
    Led_delay                                0x080005a1   Thumb Code    10  app_led_ctrl.o(i.Led_delay)
    ModbusRtu_MainFunction                   0x080005ad   Thumb Code    60  app_modbus_rtu_ctrl.o(i.ModbusRtu_MainFunction)
    ModbusRtu_MasterCycleReadWeightScan      0x080005f1   Thumb Code    52  app_modbus_rtu_ctrl.o(i.ModbusRtu_MasterCycleReadWeightScan)
    ModbusRtu_MasterMainFunction             0x08000625   Thumb Code    28  app_modbus_rtu_ctrl.o(i.ModbusRtu_MasterMainFunction)
    ModbusRtu_MasterMaskDeal                 0x08000641   Thumb Code   690  app_modbus_rtu_ctrl.o(i.ModbusRtu_MasterMaskDeal)
    ModbusRtu_MasterRxMainFunction           0x080008f5   Thumb Code   964  app_modbus_rtu_ctrl.o(i.ModbusRtu_MasterRxMainFunction)
    ModbusRtu_MasterTxMainFunction           0x08000cbd   Thumb Code   138  app_modbus_rtu_ctrl.o(i.ModbusRtu_MasterTxMainFunction)
    ModbusRtu_RxMainFunction                 0x08000d47   Thumb Code   130  app_modbus_rtu_ctrl.o(i.ModbusRtu_RxMainFunction)
    ModbusRtu_SlaveMainFunction              0x08000dc9   Thumb Code    28  app_modbus_rtu_ctrl.o(i.ModbusRtu_SlaveMainFunction)
    ModbusRtu_SlaveRxMainFunction            0x08000de5   Thumb Code   282  app_modbus_rtu_ctrl.o(i.ModbusRtu_SlaveRxMainFunction)
    ModbusRtu_SlaveTxMainFunction            0x08000f05   Thumb Code    86  app_modbus_rtu_ctrl.o(i.ModbusRtu_SlaveTxMainFunction)
    ModbusRtu_SlaveTxMaskDeal                0x08000f5d   Thumb Code  1560  app_modbus_rtu_ctrl.o(i.ModbusRtu_SlaveTxMaskDeal)
    ModbusRtu_init                           0x08001579   Thumb Code    68  app_modbus_rtu_ctrl.o(i.ModbusRtu_init)
    STM32CheckPassWord                       0x080015c5   Thumb Code    58  app_password.o(i.STM32CheckPassWord)
    STM32MCUIDGet                            0x08001611   Thumb Code    34  app_password.o(i.STM32MCUIDGet)
    TIM6_DAC_IRQHandler                      0x08001639   Thumb Code    16  hal_timer.o(i.TIM6_DAC_IRQHandler)
    USART2_IRQHandler                        0x0800164d   Thumb Code   226  hal_uart.o(i.USART2_IRQHandler)
    USART3_IRQHandler                        0x08001745   Thumb Code   348  hal_uart.o(i.USART3_IRQHandler)
    app_main_init                            0x080018bd   Thumb Code    38  app_main_task.o(i.app_main_init)
    app_main_task                            0x080018ed   Thumb Code    54  app_main_task.o(i.app_main_task)
    app_uart_extern_msg_packet_process       0x0800192d   Thumb Code     2  app_t5l_ctrl.o(i.app_uart_extern_msg_packet_process)
    balaningColorClear                       0x0800192f   Thumb Code    26  app_led_ctrl.o(i.balaningColorClear)
    cal_crc16                                0x08001949   Thumb Code    62  app_crc.o(i.cal_crc16)
    chanelChangedTrigerDeal                  0x08001991   Thumb Code   530  app_t5l_ctrl.o(i.chanelChangedTrigerDeal)
    clearLocalCalibrationKAndBAndSample      0x08001bb9   Thumb Code   188  app_t5l_ctrl.o(i.clearLocalCalibrationKAndBAndSample)
    clearLocalCalibrationRecordData          0x08001c79   Thumb Code   122  app_t5l_ctrl.o(i.clearLocalCalibrationRecordData)
    color_clearAllColor                      0x08001cf9   Thumb Code    26  app_t5l_ctrl.o(i.color_clearAllColor)
    drv_debug_apb1_stop                      0x08001d19   Thumb Code    12  drv_dbgmcu.o(i.drv_debug_apb1_stop)
    drv_delay_init                           0x08001d29   Thumb Code    60  drv_delay.o(i.drv_delay_init)
    drv_delay_ms                             0x08001d75   Thumb Code    64  drv_delay.o(i.drv_delay_ms)
    drv_delay_us                             0x08001db9   Thumb Code    64  drv_delay.o(i.drv_delay_us)
    drv_dma_set_mem_addr_length              0x08001dfd   Thumb Code    12  drv_dma.o(i.drv_dma_set_mem_addr_length)
    drv_dma_stream_clear_flag_status         0x08001e09   Thumb Code    30  drv_dma.o(i.drv_dma_stream_clear_flag_status)
    drv_dma_stream_clear_it_pending_bit      0x08001e31   Thumb Code    18  drv_dma.o(i.drv_dma_stream_clear_it_pending_bit)
    drv_dma_stream_deinit                    0x08001e4d   Thumb Code   252  drv_dma.o(i.drv_dma_stream_deinit)
    drv_dma_stream_disable                   0x08001f51   Thumb Code    10  drv_dma.o(i.drv_dma_stream_disable)
    drv_dma_stream_enable                    0x08001f5b   Thumb Code    12  drv_dma.o(i.drv_dma_stream_enable)
    drv_dma_stream_get_it_status             0x08001f69   Thumb Code    90  drv_dma.o(i.drv_dma_stream_get_it_status)
    drv_dma_stream_get_left_length           0x08001fcd   Thumb Code    14  drv_dma.o(i.drv_dma_stream_get_left_length)
    drv_dma_stream_init                      0x08001fdb   Thumb Code   108  drv_dma.o(i.drv_dma_stream_init)
    drv_dma_stream_it_enable                 0x08002047   Thumb Code     8  drv_dma.o(i.drv_dma_stream_it_enable)
    drv_dma_stream_start_mem_to_periph       0x0800204f   Thumb Code    52  drv_dma.o(i.drv_dma_stream_start_mem_to_periph)
    drv_dma_stream_start_periph_to_mem       0x08002083   Thumb Code    52  drv_dma.o(i.drv_dma_stream_start_periph_to_mem)
    drv_flash_erase_sector                   0x080020b9   Thumb Code    66  drv_flash.o(i.drv_flash_erase_sector)
    drv_flash_get_status                     0x08002101   Thumb Code    40  drv_flash.o(i.drv_flash_get_status)
    drv_flash_lock                           0x0800212d   Thumb Code    16  drv_flash.o(i.drv_flash_lock)
    drv_flash_read_words                     0x08002141   Thumb Code    32  drv_flash.o(i.drv_flash_read_words)
    drv_flash_unlock                         0x08002161   Thumb Code    22  drv_flash.o(i.drv_flash_unlock)
    drv_flash_wait_last_operation            0x08002185   Thumb Code    40  drv_flash.o(i.drv_flash_wait_last_operation)
    drv_flash_write_words                    0x080021ad   Thumb Code   122  drv_flash.o(i.drv_flash_write_words)
    drv_gpio_alternate_function_connect      0x0800222d   Thumb Code    66  drv_gpio.o(i.drv_gpio_alternate_function_connect)
    drv_gpio_alternate_function_init         0x0800226f   Thumb Code   220  drv_gpio.o(i.drv_gpio_alternate_function_init)
    drv_gpio_input_init                      0x0800234b   Thumb Code    96  drv_gpio.o(i.drv_gpio_input_init)
    drv_gpio_output_init                     0x080023ab   Thumb Code   220  drv_gpio.o(i.drv_gpio_output_init)
    drv_gpio_set_pins_high                   0x08002487   Thumb Code     8  hal_uart.o(i.drv_gpio_set_pins_high)
    drv_iwdg_init                            0x08002491   Thumb Code    32  drv_iwdg.o(i.drv_iwdg_init)
    drv_nvic_enable                          0x080024b5   Thumb Code    22  drv_nvic.o(i.drv_nvic_enable)
    drv_nvic_init                            0x080024cd   Thumb Code    56  drv_nvic.o(i.drv_nvic_init)
    drv_rcc_ahb1_clk_enable                  0x0800250d   Thumb Code    12  drv_rcc.o(i.drv_rcc_ahb1_clk_enable)
    drv_rcc_apb1_clk_enable                  0x0800251d   Thumb Code    12  drv_rcc.o(i.drv_rcc_apb1_clk_enable)
    drv_rcc_apb1_periph_reset_disable        0x0800252d   Thumb Code    12  drv_rcc.o(i.drv_rcc_apb1_periph_reset_disable)
    drv_rcc_apb1_periph_reset_enable         0x0800253d   Thumb Code    12  drv_rcc.o(i.drv_rcc_apb1_periph_reset_enable)
    drv_rcc_apb2_clk_enable                  0x0800254d   Thumb Code    12  drv_rcc.o(i.drv_rcc_apb2_clk_enable)
    drv_rcc_apb2_periph_reset_disable        0x0800255d   Thumb Code    12  drv_rcc.o(i.drv_rcc_apb2_periph_reset_disable)
    drv_rcc_apb2_periph_reset_enable         0x0800256d   Thumb Code    12  drv_rcc.o(i.drv_rcc_apb2_periph_reset_enable)
    drv_rcc_get_clocks_freq                  0x0800257d   Thumb Code   238  drv_rcc.o(i.drv_rcc_get_clocks_freq)
    drv_rcc_init                             0x08002681   Thumb Code   694  drv_rcc.o(i.drv_rcc_init)
    drv_timer_base_init                      0x08002961   Thumb Code   104  drv_timer.o(i.drv_timer_base_init)
    drv_timer_clear_it_pending_bit           0x080029e1   Thumb Code     8  drv_timer.o(i.drv_timer_clear_it_pending_bit)
    drv_timer_deinit                         0x080029e9   Thumb Code   216  drv_timer.o(i.drv_timer_deinit)
    drv_timer_enable                         0x08002ae5   Thumb Code    12  drv_timer.o(i.drv_timer_enable)
    drv_timer_it_enable                      0x08002af1   Thumb Code     8  drv_timer.o(i.drv_timer_it_enable)
    drv_uart_clear_flag_status               0x08002af9   Thumb Code     4  drv_uart.o(i.drv_uart_clear_flag_status)
    drv_uart_clear_it_pending_bit            0x08002afd   Thumb Code    18  drv_uart.o(i.drv_uart_clear_it_pending_bit)
    drv_uart_deinit                          0x08002b11   Thumb Code   124  drv_uart.o(i.drv_uart_deinit)
    drv_uart_dma_rx_enable                   0x08002ba1   Thumb Code    12  drv_uart.o(i.drv_uart_dma_rx_enable)
    drv_uart_dma_tx_enable                   0x08002bad   Thumb Code    12  drv_uart.o(i.drv_uart_dma_tx_enable)
    drv_uart_get_flag_status                 0x08002bb9   Thumb Code    16  drv_uart.o(i.drv_uart_get_flag_status)
    drv_uart_init                            0x08002bc9   Thumb Code   190  drv_uart.o(i.drv_uart_init)
    drv_uart_it_disable                      0x08002c87   Thumb Code    52  drv_uart.o(i.drv_uart_it_disable)
    drv_uart_it_enable                       0x08002cbb   Thumb Code    52  drv_uart.o(i.drv_uart_it_enable)
    drv_uart_put_bytes                       0x08002cef   Thumb Code    32  drv_uart.o(i.drv_uart_put_bytes)
    drv_uart_set_baudrate                    0x08002d11   Thumb Code   116  drv_uart.o(i.drv_uart_set_baudrate)
    getChanelStruct                          0x08002d8d   Thumb Code    24  app_hx711_ctrl.o(i.getChanelStruct)
    getModbusOtherRemoveFlag                 0x08002da9   Thumb Code     8  app_modbus_rtu_ctrl.o(i.getModbusOtherRemoveFlag)
    getSysColorWhichUsable                   0x08002db5   Thumb Code    48  app_t5l_ctrl.o(i.getSysColorWhichUsable)
    hal_clock_init                           0x08002de9   Thumb Code    24  hal_clock.o(i.hal_clock_init)
    hal_delay_init                           0x08002e01   Thumb Code     8  hal_delay.o(i.hal_delay_init)
    hal_delay_us                             0x08002e09   Thumb Code    12  app_hx711_ctrl.o(i.hal_delay_us)
    hal_di_get                               0x08002e15   Thumb Code    36  hal_gpio.o(i.hal_di_get)
    hal_gpio_set_do_high                     0x08002e41   Thumb Code    22  hal_gpio.o(i.hal_gpio_set_do_high)
    hal_gpio_set_do_low                      0x08002e61   Thumb Code    22  hal_gpio.o(i.hal_gpio_set_do_low)
    hal_timer_init                           0x08002e81   Thumb Code    66  hal_timer.o(i.hal_timer_init)
    hal_uart_dma_rx_start                    0x08002ecd   Thumb Code    70  hal_uart.o(i.hal_uart_dma_rx_start)
    hal_uart_gpio_init                       0x08002f25   Thumb Code   806  hal_uart.o(i.hal_uart_gpio_init)
    hal_uart_port_init                       0x0800327d   Thumb Code   560  hal_uart.o(i.hal_uart_port_init)
    hal_uart_rx_irq_disable                  0x080034e5   Thumb Code    48  hal_uart.o(i.hal_uart_rx_irq_disable)
    hal_uart_rx_irq_enable                   0x08003521   Thumb Code    48  hal_uart.o(i.hal_uart_rx_irq_enable)
    hal_uart_set_braudrate                   0x0800355d   Thumb Code    34  hal_uart.o(i.hal_uart_set_braudrate)
    hal_uart_set_rx_mode                     0x08003589   Thumb Code    26  hal_uart.o(i.hal_uart_set_rx_mode)
    hal_uart_set_timeout                     0x080035ad   Thumb Code     2  hal_uart.o(i.hal_uart_set_timeout)
    hal_uart_set_tx_mode                     0x080035b1   Thumb Code    24  hal_uart.o(i.hal_uart_set_tx_mode)
    hal_uart_tx_bytes                        0x080035d1   Thumb Code   246  hal_uart.o(i.hal_uart_tx_bytes)
    hx711_AllChanelSample                    0x080036d9   Thumb Code   216  app_hx711_ctrl.o(i.hx711_AllChanelSample)
    hx711_DataSampleCtrl                     0x080037b5   Thumb Code    40  app_hx711_ctrl.o(i.hx711_DataSampleCtrl)
    hx711_MainFunction                       0x080037e1   Thumb Code   212  app_hx711_ctrl.o(i.hx711_MainFunction)
    hx711_SigChanelAvrgAndWeightCalc         0x080038bd   Thumb Code   220  app_hx711_ctrl.o(i.hx711_SigChanelAvrgAndWeightCalc)
    hx711_getAvgSample                       0x0800399d   Thumb Code    26  app_hx711_ctrl.o(i.hx711_getAvgSample)
    hx711_getWeight                          0x080039bd   Thumb Code   118  app_hx711_ctrl.o(i.hx711_getWeight)
    hx711_init                               0x08003a49   Thumb Code   340  app_hx711_ctrl.o(i.hx711_init)
    hx711_setAllRemoveWeight                 0x08003bb1   Thumb Code    82  app_hx711_ctrl.o(i.hx711_setAllRemoveWeight)
    jumpToActivePage                         0x08003c0d   Thumb Code    96  app_t5l_ctrl.o(i.jumpToActivePage)
    jumpToBalancingCleanPage                 0x08003c75   Thumb Code   110  app_t5l_ctrl.o(i.jumpToBalancingCleanPage)
    jumpToBalancingHomePage                  0x08003cf1   Thumb Code   116  app_t5l_ctrl.o(i.jumpToBalancingHomePage)
    jumpToBalancingPage                      0x08003d71   Thumb Code   130  app_t5l_ctrl.o(i.jumpToBalancingPage)
    jumpToBanlingPage                        0x08003e01   Thumb Code   130  app_t5l_ctrl.o(i.jumpToBanlingPage)
    jumpToCalibrationPage                    0x08003e91   Thumb Code    96  app_t5l_ctrl.o(i.jumpToCalibrationPage)
    jumpToHomePage                           0x08003ef9   Thumb Code    96  app_t5l_ctrl.o(i.jumpToHomePage)
    key_FilterGet                            0x08003f61   Thumb Code    30  app_key_ctrl.o(i.key_FilterGet)
    key_MainFunction                         0x08003f85   Thumb Code   142  app_key_ctrl.o(i.key_MainFunction)
    key_filter                               0x08004025   Thumb Code   168  app_key_ctrl.o(i.key_filter)
    key_init                                 0x080040d1   Thumb Code    84  app_key_ctrl.o(i.key_init)
    led_MainFunction                         0x08004129   Thumb Code   130  app_led_ctrl.o(i.led_MainFunction)
    led_init                                 0x080041b9   Thumb Code    62  app_led_ctrl.o(i.led_init)
    main                                     0x080041f9   Thumb Code    52  app_main.o(i.main)
    masterCaculateHelpData                   0x08004235   Thumb Code   394  app_t5l_ctrl.o(i.masterCaculateHelpData)
    pointSampleTrigerDataSet                 0x080043d9   Thumb Code    32  app_t5l_ctrl.o(i.pointSampleTrigerDataSet)
    pointTrigerDataSet                       0x080043fd   Thumb Code    62  app_t5l_ctrl.o(i.pointTrigerDataSet)
    pointTrigerDeal                          0x08004441   Thumb Code   312  app_t5l_ctrl.o(i.pointTrigerDeal)
    pointWeightTrigerDataSet                 0x08004589   Thumb Code    32  app_t5l_ctrl.o(i.pointWeightTrigerDataSet)
    preColorDataAndJudgeIfNeedSend           0x080045ad   Thumb Code   824  app_t5l_ctrl.o(i.preColorDataAndJudgeIfNeedSend)
    preWeightDataAndJudgeIfNeedSend          0x080048f1   Thumb Code   248  app_t5l_ctrl.o(i.preWeightDataAndJudgeIfNeedSend)
    readColorDataFromSys                     0x080049ed   Thumb Code    50  app_t5l_ctrl.o(i.readColorDataFromSys)
    readHelpDataFromSys                      0x08004a25   Thumb Code    50  app_t5l_ctrl.o(i.readHelpDataFromSys)
    readSysDataFromFlash                     0x08004a5d   Thumb Code   378  app_syspara.o(i.readSysDataFromFlash)
    readSysDataFromFlash_3030                0x08004bdd   Thumb Code   258  app_syspara.o(i.readSysDataFromFlash_3030)
    readWeightDataFromSys                    0x08004ced   Thumb Code    50  app_t5l_ctrl.o(i.readWeightDataFromSys)
    releaseSysColor                          0x08004d25   Thumb Code    42  app_t5l_ctrl.o(i.releaseSysColor)
    removeWeightTrigerDeal                   0x08004d55   Thumb Code   268  app_t5l_ctrl.o(i.removeWeightTrigerDeal)
    resetCalibrationTrigerDeal               0x08004e6d   Thumb Code   310  app_t5l_ctrl.o(i.resetCalibrationTrigerDeal)
    sampleDataPush                           0x08004fb5   Thumb Code    58  app_hx711_ctrl.o(i.sampleDataPush)
    screenT5L_HelpDataMainFunction           0x08004ff1   Thumb Code    48  app_t5l_ctrl.o(i.screenT5L_HelpDataMainFunction)
    screenT5L_Init                           0x08005029   Thumb Code   158  app_t5l_ctrl.o(i.screenT5L_Init)
    screenT5L_OutputVoice                    0x080050dd   Thumb Code   120  app_t5l_ctrl.o(i.screenT5L_OutputVoice)
    screenT5L_RxFunction                     0x0800515d   Thumb Code   344  app_t5l_ctrl.o(i.screenT5L_RxFunction)
    screenT5L_TxFunction                     0x080052b9   Thumb Code   400  app_t5l_ctrl.o(i.screenT5L_TxFunction)
    screenT5L_VoicePrintfMainfunction        0x08005455   Thumb Code   300  app_t5l_ctrl.o(i.screenT5L_VoicePrintfMainfunction)
    sdweAskRegData                           0x08005595   Thumb Code    18  app_t5l_ctrl.o(i.sdweAskRegData)
    sdweAskVaribleData                       0x080055ad   Thumb Code   994  app_t5l_ctrl.o(i.sdweAskVaribleData)
    sdwe_VoicePrintfPop                      0x08005999   Thumb Code   166  app_t5l_ctrl.o(i.sdwe_VoicePrintfPop)
    sdwe_VoicePrintfPush                     0x08005a4d   Thumb Code    80  app_t5l_ctrl.o(i.sdwe_VoicePrintfPush)
    sendBalancingWeightAndColor619           0x08005aa9   Thumb Code   140  app_t5l_ctrl.o(i.sendBalancingWeightAndColor619)
    sendBalancingWeightAndColor6192          0x08005b55   Thumb Code   194  app_t5l_ctrl.o(i.sendBalancingWeightAndColor6192)
    sendHelpDataDiff                         0x08005c31   Thumb Code   468  app_t5l_ctrl.o(i.sendHelpDataDiff)
    sendHelpDataDiff_AtSlave1Device          0x08005e25   Thumb Code    84  app_t5l_ctrl.o(i.sendHelpDataDiff_AtSlave1Device)
    sendSysParaDataToDiwen                   0x08005e85   Thumb Code  1326  app_t5l_ctrl.o(i.sendSysParaDataToDiwen)
    setModbusOtherRemoveFlag                 0x080063bd   Thumb Code     8  app_modbus_rtu_ctrl.o(i.setModbusOtherRemoveFlag)
    setModbusSelfRemoveFlag                  0x080063c9   Thumb Code     8  app_modbus_rtu_ctrl.o(i.setModbusSelfRemoveFlag)
    setSampleWeightValue                     0x080063d5   Thumb Code    36  app_hx711_ctrl.o(i.setSampleWeightValue)
    sreenT5L_MainFunction                    0x080063fd   Thumb Code    40  app_t5l_ctrl.o(i.sreenT5L_MainFunction)
    storeSysDataToFlash                      0x08006429   Thumb Code   342  app_syspara.o(i.storeSysDataToFlash)
    storeSysDataToFlash_3030                 0x0800658d   Thumb Code   418  app_syspara.o(i.storeSysDataToFlash_3030)
    system_init                              0x08006745   Thumb Code    40  app_main.o(i.system_init)
    t5lDisPlayDataClear                      0x0800676d   Thumb Code    74  app_t5l_ctrl.o(i.t5lDisPlayDataClear)
    t5lWriteData                             0x080067d5   Thumb Code   300  app_t5l_ctrl.o(i.t5lWriteData)
    t5lWriteVarible                          0x08006909   Thumb Code   236  app_t5l_ctrl.o(i.t5lWriteVarible)
    trigerCalcKB                             0x080069fd   Thumb Code   502  app_hx711_ctrl.o(i.trigerCalcKB)
    wm_hal_gpio_init                         0x08006bfd   Thumb Code    86  hal_gpio.o(i.wm_hal_gpio_init)
    writeColorDataFromCom                    0x08006c6d   Thumb Code    92  app_t5l_ctrl.o(i.writeColorDataFromCom)
    writeHelpDataFromCom                     0x08006ccd   Thumb Code    92  app_t5l_ctrl.o(i.writeHelpDataFromCom)
    writeWeightDataFromCom                   0x08006d2d   Thumb Code    92  app_t5l_ctrl.o(i.writeWeightDataFromCom)
    __aeabi_d2f                              0x08006d8d   Thumb Code     0  d2f.o(x$fpl$d2f)
    _d2f                                     0x08006d8d   Thumb Code    98  d2f.o(x$fpl$d2f)
    __aeabi_i2d                              0x08006def   Thumb Code     0  dflt_clz.o(x$fpl$dflt)
    _dflt                                    0x08006def   Thumb Code    46  dflt_clz.o(x$fpl$dflt)
    __aeabi_dmul                             0x08006e1d   Thumb Code     0  dmul.o(x$fpl$dmul)
    _dmul                                    0x08006e1d   Thumb Code   332  dmul.o(x$fpl$dmul)
    __fpl_dnaninf                            0x08006f71   Thumb Code   156  dnaninf.o(x$fpl$dnaninf)
    __fpl_dretinf                            0x0800700d   Thumb Code    12  dretinf.o(x$fpl$dretinf)
    _fp_init                                 0x08007019   Thumb Code    10  fpinit.o(x$fpl$fpinit)
    __fplib_config_fpu_vfp                   0x08007021   Thumb Code     0  fpinit.o(x$fpl$fpinit)
    __fplib_config_pureend_doubles           0x08007021   Thumb Code     0  fpinit.o(x$fpl$fpinit)
    __fpl_fretinf                            0x08007023   Thumb Code    10  fretinf.o(x$fpl$fretinf)
    __I$use$fp                               0x0800702c   Number         0  usenofp.o(x$fpl$usenofp)
    defaultChanelSamplePoint                 0x0800702c   Data          40  app_hx711_ctrl.o(.constdata)
    g_CrcHTable                              0x08007054   Data         256  app_crc.o(.constdata)
    g_CrcLTable                              0x08007154   Data         256  app_crc.o(.constdata)
    DO_GPIO_CLK                              0x08007278   Data          52  hal_gpio.o(.constdata)
    DO_GPIO_PIN                              0x080072ac   Data          26  hal_gpio.o(.constdata)
    DI_GPIO_CLK                              0x080072c8   Data          56  hal_gpio.o(.constdata)
    DI_GPIO_PIN                              0x08007300   Data          28  hal_gpio.o(.constdata)
    UART_PORT_CLK                            0x0800731c   Data           8  hal_uart.o(.constdata)
    UART_PORT_IRQn                           0x08007324   Data           2  hal_uart.o(.constdata)
    UART_PORT_GPIO_AF                        0x08007326   Data           2  hal_uart.o(.constdata)
    UART_TX_GPIO_CLK                         0x08007328   Data           8  hal_uart.o(.constdata)
    UART_TX_GPIO_PIN                         0x08007330   Data           4  hal_uart.o(.constdata)
    UART_TX_PIN_SOURCE                       0x08007334   Data           4  hal_uart.o(.constdata)
    UART_RX_GPIO_CLK                         0x08007338   Data           8  hal_uart.o(.constdata)
    UART_RX_GPIO_PIN                         0x08007340   Data           4  hal_uart.o(.constdata)
    UART_RX_PIN_SOURCE                       0x08007344   Data           4  hal_uart.o(.constdata)
    UART_DEA_GPIO_CLK                        0x08007348   Data           8  hal_uart.o(.constdata)
    UART_DEA_GPIO_PIN                        0x08007350   Data           4  hal_uart.o(.constdata)
    UART_TX_DMA_CLK                          0x08007354   Data           8  hal_uart.o(.constdata)
    UART_TX_DMA_IRQn                         0x0800735c   Data           2  hal_uart.o(.constdata)
    UART_TX_DMA_IT_TCIF                      0x08007360   Data           8  hal_uart.o(.constdata)
    UART_RX_DMA_CLK                          0x08007368   Data           8  hal_uart.o(.constdata)
    g_UartBaudTab                            0x08007370   Data          40  hal_uart.o(.constdata)
    Region$$Table$$Base                      0x08007398   Number         0  anon$$obj.o(Region$$Table)
    Region$$Table$$Limit                     0x080073b8   Number         0  anon$$obj.o(Region$$Table)
    g_sys_ms_tick                            0x20000000   Data           4  app_main_task.o(.data)
    g_led_ctrl_data                          0x20000005   Data           3  app_led_ctrl.o(.data)
    g_ModbusRtu                              0x20000018   Data         852  app_modbus_rtu_ctrl.o(.data)
    g_passWordId                             0x2000036c   Data           4  app_password.o(.data)
    g_passWordStore                          0x20000370   Data           4  app_password.o(.data)
    g_sysLocked                              0x20000374   Data           4  app_password.o(.data)
    idAddr                                   0x20000378   Data          40  app_password.o(.data)
    gSystemPara                              0x200003a0   Data          64  app_syspara.o(.data)
    g_T5L                                    0x200003e4   Data         612  app_t5l_ctrl.o(.data)
    u8T5LVoiceBuffPush_i                     0x20000648   Data           1  app_t5l_ctrl.o(.data)
    u8T5LVoiceBuffPop_i                      0x20000649   Data           1  app_t5l_ctrl.o(.data)
    u8T5LVoiceBuffStoreNum                   0x2000064a   Data           1  app_t5l_ctrl.o(.data)
    DO_GPIO_PORT                             0x20000664   Data          52  hal_gpio.o(.data)
    DI_GPIO_PORT                             0x20000698   Data          56  hal_gpio.o(.data)
    UART_PORT                                0x200006d0   Data           8  hal_uart.o(.data)
    UART_TX_GPIO_PORT                        0x200006d8   Data           8  hal_uart.o(.data)
    UART_RX_GPIO_PORT                        0x200006e0   Data           8  hal_uart.o(.data)
    UART_DEA_GPIO_PORT                       0x200006e8   Data           8  hal_uart.o(.data)
    UART_TX_DMA                              0x200006f0   Data           8  hal_uart.o(.data)
    UART_TX_DMA_CHANNEL                      0x200006f8   Data           8  hal_uart.o(.data)
    UART_RX_DMA                              0x20000700   Data           8  hal_uart.o(.data)
    UART_RX_DMA_CHANNEL                      0x20000708   Data           8  hal_uart.o(.data)
    g_UartDevice                             0x20000710   Data         112  hal_uart.o(.data)
    l_RccWiteTimeOut                         0x20000798   Data           4  drv_rcc.o(.data)
    HX711Chanel                              0x2000079c   Data        1368  app_hx711_ctrl.o(.bss)
    SysKey                                   0x20000cf4   Data          12  app_key_ctrl.o(.bss)
    STM32McuId                               0x20000d00   Data          12  app_password.o(.bss)
    flashStoreDataBuf                        0x20000d0c   Data        1060  app_syspara.o(.bss)
    flashStoreDataBuf_3030                   0x20001130   Data          64  app_syspara.o(.bss)
    g_t5l_dis_data                           0x20001170   Data          24  app_t5l_ctrl.o(.bss)
    g_t5l_dis_data_buff                      0x20001188   Data          24  app_t5l_ctrl.o(.bss)
    g_T5L_VoiceBuff                          0x200013d0   Data          18  app_t5l_ctrl.o(.bss)
    g_i16DataBuff                            0x200013e2   Data          24  app_t5l_ctrl.o(.bss)
    g_i16DataBuffPre                         0x200013fa   Data          24  app_t5l_ctrl.o(.bss)
    g_i16ColorBuff                           0x20001412   Data          24  app_t5l_ctrl.o(.bss)
    g_i16ColorBuffPre                        0x2000142a   Data          24  app_t5l_ctrl.o(.bss)
    g_i16ColorOtherChanel                    0x20001442   Data          24  app_t5l_ctrl.o(.bss)
    g_fDataBuffCaculate                      0x2000145c   Data          48  app_t5l_ctrl.o(.bss)
    g_i16OtherChanelCaculate                 0x2000148c   Data          24  app_t5l_ctrl.o(.bss)
    g_i16HelpDataBuff                        0x200014a4   Data          36  app_t5l_ctrl.o(.bss)
    g_i16HelpDataBuffPre                     0x200014c8   Data          36  app_t5l_ctrl.o(.bss)
    g_i16HelpDataSort                        0x200014ec   Data          48  app_t5l_ctrl.o(.bss)
    g_i16HelpDataChnSort                     0x2000151c   Data          24  app_t5l_ctrl.o(.bss)
    g_ClockFrequency                         0x20001534   Data          36  drv_rcc.o(.bss)
    __libspace_start                         0x20001558   Data          96  libspace.o(.bss)
    __temporary_stack_top$libspace           0x200015b8   Data           0  libspace.o(.bss)



==============================================================================

Memory Map of the image

  Image Entry point : 0x08000189

  Load Region LR_IROM1 (Base: 0x08000000, Size: 0x00007b54, Max: 0x00030000, ABSOLUTE, COMPRESSED[0x00007470])

    Execution Region ER_IROM1 (Base: 0x08000000, Size: 0x000073b8, Max: 0x00030000, ABSOLUTE)

    Base Addr    Size         Type   Attr      Idx    E Section Name        Object

    0x08000000   0x00000188   Data   RO          948    RESET               startup_stm32f30x.o
    0x08000188   0x00000008   Code   RO         2651  * !!!main             c_w.l(__main.o)
    0x08000190   0x00000034   Code   RO         2827    !!!scatter          c_w.l(__scatter.o)
    0x080001c4   0x0000005a   Code   RO         2825    !!dczerorl2         c_w.l(__dczerorl2.o)
    0x0800021e   0x00000002   PAD
    0x08000220   0x0000001c   Code   RO         2829    !!handler_zi        c_w.l(__scatter_zi.o)
    0x0800023c   0x00000002   Code   RO         2695    .ARM.Collect$$libinit$$00000000  c_w.l(libinit.o)
    0x0800023e   0x00000004   Code   RO         2701    .ARM.Collect$$libinit$$00000001  c_w.l(libinit2.o)
    0x08000242   0x00000000   Code   RO         2704    .ARM.Collect$$libinit$$00000004  c_w.l(libinit2.o)
    0x08000242   0x00000000   Code   RO         2707    .ARM.Collect$$libinit$$0000000A  c_w.l(libinit2.o)
    0x08000242   0x00000000   Code   RO         2709    .ARM.Collect$$libinit$$0000000C  c_w.l(libinit2.o)
    0x08000242   0x00000000   Code   RO         2711    .ARM.Collect$$libinit$$0000000E  c_w.l(libinit2.o)
    0x08000242   0x00000000   Code   RO         2714    .ARM.Collect$$libinit$$00000011  c_w.l(libinit2.o)
    0x08000242   0x00000000   Code   RO         2716    .ARM.Collect$$libinit$$00000013  c_w.l(libinit2.o)
    0x08000242   0x00000000   Code   RO         2718    .ARM.Collect$$libinit$$00000015  c_w.l(libinit2.o)
    0x08000242   0x00000000   Code   RO         2720    .ARM.Collect$$libinit$$00000017  c_w.l(libinit2.o)
    0x08000242   0x00000000   Code   RO         2722    .ARM.Collect$$libinit$$00000019  c_w.l(libinit2.o)
    0x08000242   0x00000000   Code   RO         2724    .ARM.Collect$$libinit$$0000001B  c_w.l(libinit2.o)
    0x08000242   0x00000000   Code   RO         2726    .ARM.Collect$$libinit$$0000001D  c_w.l(libinit2.o)
    0x08000242   0x00000000   Code   RO         2728    .ARM.Collect$$libinit$$0000001F  c_w.l(libinit2.o)
    0x08000242   0x00000000   Code   RO         2730    .ARM.Collect$$libinit$$00000021  c_w.l(libinit2.o)
    0x08000242   0x00000000   Code   RO         2732    .ARM.Collect$$libinit$$00000023  c_w.l(libinit2.o)
    0x08000242   0x00000000   Code   RO         2734    .ARM.Collect$$libinit$$00000025  c_w.l(libinit2.o)
    0x08000242   0x00000000   Code   RO         2738    .ARM.Collect$$libinit$$0000002C  c_w.l(libinit2.o)
    0x08000242   0x00000000   Code   RO         2740    .ARM.Collect$$libinit$$0000002E  c_w.l(libinit2.o)
    0x08000242   0x00000000   Code   RO         2742    .ARM.Collect$$libinit$$00000030  c_w.l(libinit2.o)
    0x08000242   0x00000000   Code   RO         2744    .ARM.Collect$$libinit$$00000032  c_w.l(libinit2.o)
    0x08000242   0x00000002   Code   RO         2745    .ARM.Collect$$libinit$$00000033  c_w.l(libinit2.o)
    0x08000244   0x00000002   Code   RO         2765    .ARM.Collect$$libshutdown$$00000000  c_w.l(libshutdown.o)
    0x08000246   0x00000000   Code   RO         2778    .ARM.Collect$$libshutdown$$00000002  c_w.l(libshutdown2.o)
    0x08000246   0x00000000   Code   RO         2780    .ARM.Collect$$libshutdown$$00000004  c_w.l(libshutdown2.o)
    0x08000246   0x00000000   Code   RO         2783    .ARM.Collect$$libshutdown$$00000007  c_w.l(libshutdown2.o)
    0x08000246   0x00000000   Code   RO         2786    .ARM.Collect$$libshutdown$$0000000A  c_w.l(libshutdown2.o)
    0x08000246   0x00000000   Code   RO         2788    .ARM.Collect$$libshutdown$$0000000C  c_w.l(libshutdown2.o)
    0x08000246   0x00000000   Code   RO         2791    .ARM.Collect$$libshutdown$$0000000F  c_w.l(libshutdown2.o)
    0x08000246   0x00000002   Code   RO         2792    .ARM.Collect$$libshutdown$$00000010  c_w.l(libshutdown2.o)
    0x08000248   0x00000000   Code   RO         2663    .ARM.Collect$$rtentry$$00000000  c_w.l(__rtentry.o)
    0x08000248   0x00000000   Code   RO         2672    .ARM.Collect$$rtentry$$00000002  c_w.l(__rtentry2.o)
    0x08000248   0x00000006   Code   RO         2684    .ARM.Collect$$rtentry$$00000004  c_w.l(__rtentry4.o)
    0x0800024e   0x00000000   Code   RO         2674    .ARM.Collect$$rtentry$$00000009  c_w.l(__rtentry2.o)
    0x0800024e   0x00000004   Code   RO         2675    .ARM.Collect$$rtentry$$0000000A  c_w.l(__rtentry2.o)
    0x08000252   0x00000000   Code   RO         2677    .ARM.Collect$$rtentry$$0000000C  c_w.l(__rtentry2.o)
    0x08000252   0x00000008   Code   RO         2678    .ARM.Collect$$rtentry$$0000000D  c_w.l(__rtentry2.o)
    0x0800025a   0x00000002   Code   RO         2699    .ARM.Collect$$rtexit$$00000000  c_w.l(rtexit.o)
    0x0800025c   0x00000000   Code   RO         2747    .ARM.Collect$$rtexit$$00000002  c_w.l(rtexit2.o)
    0x0800025c   0x00000004   Code   RO         2748    .ARM.Collect$$rtexit$$00000003  c_w.l(rtexit2.o)
    0x08000260   0x00000006   Code   RO         2749    .ARM.Collect$$rtexit$$00000004  c_w.l(rtexit2.o)
    0x08000266   0x00000002   PAD
    0x08000268   0x00000048   Code   RO          949    .text               startup_stm32f30x.o
    0x080002b0   0x0000004e   Code   RO         2647    .text               c_w.l(rt_memclr_w.o)
    0x080002fe   0x00000006   Code   RO         2649    .text               c_w.l(heapauxi.o)
    0x08000304   0x0000004a   Code   RO         2686    .text               c_w.l(sys_stackheap_outer.o)
    0x0800034e   0x00000012   Code   RO         2688    .text               c_w.l(exit.o)
    0x08000360   0x00000008   Code   RO         2696    .text               c_w.l(libspace.o)
    0x08000368   0x0000000c   Code   RO         2757    .text               c_w.l(sys_exit.o)
    0x08000374   0x00000002   Code   RO         2768    .text               c_w.l(use_no_semi.o)
    0x08000376   0x00000000   Code   RO         2770    .text               c_w.l(indicate_semi.o)
    0x08000376   0x00000002   PAD
    0x08000378   0x00000094   Code   RO          404    i.BubbleSort        app_crc.o
    0x0800040c   0x0000003c   Code   RO         1335    i.DMA1_Channel2_IRQHandler  firmware_wm_00_hal.lib(hal_uart.o)
    0x08000448   0x0000003c   Code   RO         1336    i.DMA1_Channel7_IRQHandler  firmware_wm_00_hal.lib(hal_uart.o)
    0x08000484   0x0000003c   Code   RO          607    i.GetFloatBalancingModelData  app_t5l_ctrl.o
    0x080004c0   0x00000058   Code   RO          172    i.LedCtrlSendPulse  app_led_ctrl.o
    0x08000518   0x00000088   Code   RO          173    i.LedDataSet        app_led_ctrl.o
    0x080005a0   0x0000000a   Code   RO          174    i.Led_delay         app_led_ctrl.o
    0x080005aa   0x00000002   PAD
    0x080005ac   0x00000044   Code   RO          425    i.ModbusRtu_MainFunction  app_modbus_rtu_ctrl.o
    0x080005f0   0x00000034   Code   RO          426    i.ModbusRtu_MasterCycleReadWeightScan  app_modbus_rtu_ctrl.o
    0x08000624   0x0000001c   Code   RO          427    i.ModbusRtu_MasterMainFunction  app_modbus_rtu_ctrl.o
    0x08000640   0x000002b2   Code   RO          428    i.ModbusRtu_MasterMaskDeal  app_modbus_rtu_ctrl.o
    0x080008f2   0x00000002   PAD
    0x080008f4   0x000003c8   Code   RO          429    i.ModbusRtu_MasterRxMainFunction  app_modbus_rtu_ctrl.o
    0x08000cbc   0x0000008a   Code   RO          430    i.ModbusRtu_MasterTxMainFunction  app_modbus_rtu_ctrl.o
    0x08000d46   0x00000082   Code   RO          431    i.ModbusRtu_RxMainFunction  app_modbus_rtu_ctrl.o
    0x08000dc8   0x0000001c   Code   RO          432    i.ModbusRtu_SlaveMainFunction  app_modbus_rtu_ctrl.o
    0x08000de4   0x00000120   Code   RO          433    i.ModbusRtu_SlaveRxMainFunction  app_modbus_rtu_ctrl.o
    0x08000f04   0x00000056   Code   RO          434    i.ModbusRtu_SlaveTxMainFunction  app_modbus_rtu_ctrl.o
    0x08000f5a   0x00000002   PAD
    0x08000f5c   0x0000061c   Code   RO          435    i.ModbusRtu_SlaveTxMaskDeal  app_modbus_rtu_ctrl.o
    0x08001578   0x0000004c   Code   RO          436    i.ModbusRtu_init    app_modbus_rtu_ctrl.o
    0x080015c4   0x0000004c   Code   RO          536    i.STM32CheckPassWord  app_password.o
    0x08001610   0x00000028   Code   RO          537    i.STM32MCUIDGet     app_password.o
    0x08001638   0x00000014   Code   RO         1250    i.TIM6_DAC_IRQHandler  firmware_wm_00_hal.lib(hal_timer.o)
    0x0800164c   0x000000f8   Code   RO         1337    i.USART2_IRQHandler  firmware_wm_00_hal.lib(hal_uart.o)
    0x08001744   0x00000178   Code   RO         1338    i.USART3_IRQHandler  firmware_wm_00_hal.lib(hal_uart.o)
    0x080018bc   0x00000030   Code   RO          145    i.app_main_init     app_main_task.o
    0x080018ec   0x00000040   Code   RO          146    i.app_main_task     app_main_task.o
    0x0800192c   0x00000002   Code   RO          608    i.app_uart_extern_msg_packet_process  app_t5l_ctrl.o
    0x0800192e   0x0000001a   Code   RO          175    i.balaningColorClear  app_led_ctrl.o
    0x08001948   0x00000048   Code   RO          405    i.cal_crc16         app_crc.o
    0x08001990   0x00000228   Code   RO          609    i.chanelChangedTrigerDeal  app_t5l_ctrl.o
    0x08001bb8   0x000000c0   Code   RO          610    i.clearLocalCalibrationKAndBAndSample  app_t5l_ctrl.o
    0x08001c78   0x00000080   Code   RO          611    i.clearLocalCalibrationRecordData  app_t5l_ctrl.o
    0x08001cf8   0x00000020   Code   RO          612    i.color_clearAllColor  app_t5l_ctrl.o
    0x08001d18   0x00000010   Code   RO         1463    i.drv_debug_apb1_stop  STM32F303DriverLib.lib(drv_dbgmcu.o)
    0x08001d28   0x0000004c   Code   RO          955    i.drv_delay_init    STM32F303DriverLib.lib(drv_delay.o)
    0x08001d74   0x00000044   Code   RO          956    i.drv_delay_ms      STM32F303DriverLib.lib(drv_delay.o)
    0x08001db8   0x00000044   Code   RO          957    i.drv_delay_us      STM32F303DriverLib.lib(drv_delay.o)
    0x08001dfc   0x0000000c   Code   RO         1498    i.drv_dma_set_mem_addr_length  STM32F303DriverLib.lib(drv_dma.o)
    0x08001e08   0x00000028   Code   RO         1499    i.drv_dma_stream_clear_flag_status  STM32F303DriverLib.lib(drv_dma.o)
    0x08001e30   0x0000001c   Code   RO         1500    i.drv_dma_stream_clear_it_pending_bit  STM32F303DriverLib.lib(drv_dma.o)
    0x08001e4c   0x00000104   Code   RO         1501    i.drv_dma_stream_deinit  STM32F303DriverLib.lib(drv_dma.o)
    0x08001f50   0x0000000a   Code   RO         1502    i.drv_dma_stream_disable  STM32F303DriverLib.lib(drv_dma.o)
    0x08001f5a   0x0000000c   Code   RO         1503    i.drv_dma_stream_enable  STM32F303DriverLib.lib(drv_dma.o)
    0x08001f66   0x00000002   PAD
    0x08001f68   0x00000064   Code   RO         1506    i.drv_dma_stream_get_it_status  STM32F303DriverLib.lib(drv_dma.o)
    0x08001fcc   0x0000000e   Code   RO         1507    i.drv_dma_stream_get_left_length  STM32F303DriverLib.lib(drv_dma.o)
    0x08001fda   0x0000006c   Code   RO         1508    i.drv_dma_stream_init  STM32F303DriverLib.lib(drv_dma.o)
    0x08002046   0x00000008   Code   RO         1510    i.drv_dma_stream_it_enable  STM32F303DriverLib.lib(drv_dma.o)
    0x0800204e   0x00000034   Code   RO         1511    i.drv_dma_stream_start_mem_to_periph  STM32F303DriverLib.lib(drv_dma.o)
    0x08002082   0x00000034   Code   RO         1512    i.drv_dma_stream_start_periph_to_mem  STM32F303DriverLib.lib(drv_dma.o)
    0x080020b6   0x00000002   PAD
    0x080020b8   0x00000048   Code   RO         1010    i.drv_flash_erase_sector  STM32F303DriverLib.lib(drv_flash.o)
    0x08002100   0x0000002c   Code   RO         1012    i.drv_flash_get_status  STM32F303DriverLib.lib(drv_flash.o)
    0x0800212c   0x00000014   Code   RO         1013    i.drv_flash_lock    STM32F303DriverLib.lib(drv_flash.o)
    0x08002140   0x00000020   Code   RO         1015    i.drv_flash_read_words  STM32F303DriverLib.lib(drv_flash.o)
    0x08002160   0x00000024   Code   RO         1016    i.drv_flash_unlock  STM32F303DriverLib.lib(drv_flash.o)
    0x08002184   0x00000028   Code   RO         1017    i.drv_flash_wait_last_operation  STM32F303DriverLib.lib(drv_flash.o)
    0x080021ac   0x00000080   Code   RO         1021    i.drv_flash_write_words  STM32F303DriverLib.lib(drv_flash.o)
    0x0800222c   0x00000042   Code   RO         1606    i.drv_gpio_alternate_function_connect  STM32F303DriverLib.lib(drv_gpio.o)
    0x0800226e   0x000000dc   Code   RO         1607    i.drv_gpio_alternate_function_init  STM32F303DriverLib.lib(drv_gpio.o)
    0x0800234a   0x00000060   Code   RO         1610    i.drv_gpio_input_init  STM32F303DriverLib.lib(drv_gpio.o)
    0x080023aa   0x000000dc   Code   RO         1611    i.drv_gpio_output_init  STM32F303DriverLib.lib(drv_gpio.o)
    0x08002486   0x00000008   Code   RO         1420    i.drv_gpio_set_pins_high  firmware_wm_00_hal.lib(hal_uart.o)
    0x0800248e   0x00000002   PAD
    0x08002490   0x00000024   Code   RO         1101    i.drv_iwdg_init     STM32F303DriverLib.lib(drv_iwdg.o)
    0x080024b4   0x00000016   Code   RO         1656    i.drv_nvic_enable   STM32F303DriverLib.lib(drv_nvic.o)
    0x080024ca   0x00000002   PAD
    0x080024cc   0x00000040   Code   RO         1657    i.drv_nvic_init     STM32F303DriverLib.lib(drv_nvic.o)
    0x0800250c   0x00000010   Code   RO         1691    i.drv_rcc_ahb1_clk_enable  STM32F303DriverLib.lib(drv_rcc.o)
    0x0800251c   0x00000010   Code   RO         1695    i.drv_rcc_apb1_clk_enable  STM32F303DriverLib.lib(drv_rcc.o)
    0x0800252c   0x00000010   Code   RO         1696    i.drv_rcc_apb1_periph_reset_disable  STM32F303DriverLib.lib(drv_rcc.o)
    0x0800253c   0x00000010   Code   RO         1697    i.drv_rcc_apb1_periph_reset_enable  STM32F303DriverLib.lib(drv_rcc.o)
    0x0800254c   0x00000010   Code   RO         1699    i.drv_rcc_apb2_clk_enable  STM32F303DriverLib.lib(drv_rcc.o)
    0x0800255c   0x00000010   Code   RO         1700    i.drv_rcc_apb2_periph_reset_disable  STM32F303DriverLib.lib(drv_rcc.o)
    0x0800256c   0x00000010   Code   RO         1701    i.drv_rcc_apb2_periph_reset_enable  STM32F303DriverLib.lib(drv_rcc.o)
    0x0800257c   0x00000104   Code   RO         1702    i.drv_rcc_get_clocks_freq  STM32F303DriverLib.lib(drv_rcc.o)
    0x08002680   0x000002e0   Code   RO         1703    i.drv_rcc_init      STM32F303DriverLib.lib(drv_rcc.o)
    0x08002960   0x00000080   Code   RO         1800    i.drv_timer_base_init  STM32F303DriverLib.lib(drv_timer.o)
    0x080029e0   0x00000008   Code   RO         1824    i.drv_timer_clear_it_pending_bit  STM32F303DriverLib.lib(drv_timer.o)
    0x080029e8   0x000000fc   Code   RO         1825    i.drv_timer_deinit  STM32F303DriverLib.lib(drv_timer.o)
    0x08002ae4   0x0000000c   Code   RO         1827    i.drv_timer_enable  STM32F303DriverLib.lib(drv_timer.o)
    0x08002af0   0x00000008   Code   RO         1855    i.drv_timer_it_enable  STM32F303DriverLib.lib(drv_timer.o)
    0x08002af8   0x00000004   Code   RO         2488    i.drv_uart_clear_flag_status  STM32F303DriverLib.lib(drv_uart.o)
    0x08002afc   0x00000012   Code   RO         2489    i.drv_uart_clear_it_pending_bit  STM32F303DriverLib.lib(drv_uart.o)
    0x08002b0e   0x00000002   PAD
    0x08002b10   0x00000090   Code   RO         2490    i.drv_uart_deinit   STM32F303DriverLib.lib(drv_uart.o)
    0x08002ba0   0x0000000c   Code   RO         2493    i.drv_uart_dma_rx_enable  STM32F303DriverLib.lib(drv_uart.o)
    0x08002bac   0x0000000c   Code   RO         2495    i.drv_uart_dma_tx_enable  STM32F303DriverLib.lib(drv_uart.o)
    0x08002bb8   0x00000010   Code   RO         2500    i.drv_uart_get_flag_status  STM32F303DriverLib.lib(drv_uart.o)
    0x08002bc8   0x000000be   Code   RO         2502    i.drv_uart_init     STM32F303DriverLib.lib(drv_uart.o)
    0x08002c86   0x00000034   Code   RO         2503    i.drv_uart_it_disable  STM32F303DriverLib.lib(drv_uart.o)
    0x08002cba   0x00000034   Code   RO         2504    i.drv_uart_it_enable  STM32F303DriverLib.lib(drv_uart.o)
    0x08002cee   0x00000020   Code   RO         2505    i.drv_uart_put_bytes  STM32F303DriverLib.lib(drv_uart.o)
    0x08002d0e   0x00000002   PAD
    0x08002d10   0x0000007c   Code   RO         2509    i.drv_uart_set_baudrate  STM32F303DriverLib.lib(drv_uart.o)
    0x08002d8c   0x0000001c   Code   RO          239    i.getChanelStruct   app_hx711_ctrl.o
    0x08002da8   0x0000000c   Code   RO          437    i.getModbusOtherRemoveFlag  app_modbus_rtu_ctrl.o
    0x08002db4   0x00000034   Code   RO          613    i.getSysColorWhichUsable  app_t5l_ctrl.o
    0x08002de8   0x00000018   Code   RO         1120    i.hal_clock_init    firmware_wm_00_hal.lib(hal_clock.o)
    0x08002e00   0x00000008   Code   RO         1151    i.hal_delay_init    firmware_wm_00_hal.lib(hal_delay.o)
    0x08002e08   0x0000000c   Code   RO          349    i.hal_delay_us      app_hx711_ctrl.o
    0x08002e14   0x0000002c   Code   RO         1173    i.hal_di_get        firmware_wm_00_hal.lib(hal_gpio.o)
    0x08002e40   0x00000020   Code   RO         1174    i.hal_gpio_set_do_high  firmware_wm_00_hal.lib(hal_gpio.o)
    0x08002e60   0x00000020   Code   RO         1175    i.hal_gpio_set_do_low  firmware_wm_00_hal.lib(hal_gpio.o)
    0x08002e80   0x0000004c   Code   RO         1254    i.hal_timer_init    firmware_wm_00_hal.lib(hal_timer.o)
    0x08002ecc   0x00000058   Code   RO         1339    i.hal_uart_dma_rx_start  firmware_wm_00_hal.lib(hal_uart.o)
    0x08002f24   0x00000358   Code   RO         1340    i.hal_uart_gpio_init  firmware_wm_00_hal.lib(hal_uart.o)
    0x0800327c   0x00000268   Code   RO         1341    i.hal_uart_port_init  firmware_wm_00_hal.lib(hal_uart.o)
    0x080034e4   0x0000003c   Code   RO         1342    i.hal_uart_rx_irq_disable  firmware_wm_00_hal.lib(hal_uart.o)
    0x08003520   0x0000003c   Code   RO         1343    i.hal_uart_rx_irq_enable  firmware_wm_00_hal.lib(hal_uart.o)
    0x0800355c   0x0000002c   Code   RO         1344    i.hal_uart_set_braudrate  firmware_wm_00_hal.lib(hal_uart.o)
    0x08003588   0x00000024   Code   RO         1414    i.hal_uart_set_rx_mode  firmware_wm_00_hal.lib(hal_uart.o)
    0x080035ac   0x00000002   Code   RO         1345    i.hal_uart_set_timeout  firmware_wm_00_hal.lib(hal_uart.o)
    0x080035ae   0x00000002   PAD
    0x080035b0   0x00000020   Code   RO         1425    i.hal_uart_set_tx_mode  firmware_wm_00_hal.lib(hal_uart.o)
    0x080035d0   0x00000108   Code   RO         1346    i.hal_uart_tx_bytes  firmware_wm_00_hal.lib(hal_uart.o)
    0x080036d8   0x000000dc   Code   RO          241    i.hx711_AllChanelSample  app_hx711_ctrl.o
    0x080037b4   0x0000002c   Code   RO          242    i.hx711_DataSampleCtrl  app_hx711_ctrl.o
    0x080037e0   0x000000dc   Code   RO          243    i.hx711_MainFunction  app_hx711_ctrl.o
    0x080038bc   0x000000e0   Code   RO          246    i.hx711_SigChanelAvrgAndWeightCalc  app_hx711_ctrl.o
    0x0800399c   0x00000020   Code   RO          247    i.hx711_getAvgSample  app_hx711_ctrl.o
    0x080039bc   0x0000008c   Code   RO          248    i.hx711_getWeight   app_hx711_ctrl.o
    0x08003a48   0x00000168   Code   RO          249    i.hx711_init        app_hx711_ctrl.o
    0x08003bb0   0x0000005c   Code   RO          250    i.hx711_setAllRemoveWeight  app_hx711_ctrl.o
    0x08003c0c   0x00000068   Code   RO          615    i.jumpToActivePage  app_t5l_ctrl.o
    0x08003c74   0x0000007c   Code   RO          616    i.jumpToBalancingCleanPage  app_t5l_ctrl.o
    0x08003cf0   0x00000080   Code   RO          617    i.jumpToBalancingHomePage  app_t5l_ctrl.o
    0x08003d70   0x00000090   Code   RO          618    i.jumpToBalancingPage  app_t5l_ctrl.o
    0x08003e00   0x00000090   Code   RO          619    i.jumpToBanlingPage  app_t5l_ctrl.o
    0x08003e90   0x00000068   Code   RO          620    i.jumpToCalibrationPage  app_t5l_ctrl.o
    0x08003ef8   0x00000068   Code   RO          621    i.jumpToHomePage    app_t5l_ctrl.o
    0x08003f60   0x00000024   Code   RO          370    i.key_FilterGet     app_key_ctrl.o
    0x08003f84   0x000000a0   Code   RO          371    i.key_MainFunction  app_key_ctrl.o
    0x08004024   0x000000ac   Code   RO          372    i.key_filter        app_key_ctrl.o
    0x080040d0   0x00000058   Code   RO          373    i.key_init          app_key_ctrl.o
    0x08004128   0x00000090   Code   RO          176    i.led_MainFunction  app_led_ctrl.o
    0x080041b8   0x0000003e   Code   RO          177    i.led_init          app_led_ctrl.o
    0x080041f6   0x00000002   PAD
    0x080041f8   0x0000003c   Code   RO            1    i.main              app_main.o
    0x08004234   0x000001a4   Code   RO          622    i.masterCaculateHelpData  app_t5l_ctrl.o
    0x080043d8   0x00000024   Code   RO          623    i.pointSampleTrigerDataSet  app_t5l_ctrl.o
    0x080043fc   0x00000044   Code   RO          624    i.pointTrigerDataSet  app_t5l_ctrl.o
    0x08004440   0x00000148   Code   RO          625    i.pointTrigerDeal   app_t5l_ctrl.o
    0x08004588   0x00000024   Code   RO          626    i.pointWeightTrigerDataSet  app_t5l_ctrl.o
    0x080045ac   0x00000344   Code   RO          627    i.preColorDataAndJudgeIfNeedSend  app_t5l_ctrl.o
    0x080048f0   0x000000fc   Code   RO          628    i.preWeightDataAndJudgeIfNeedSend  app_t5l_ctrl.o
    0x080049ec   0x00000038   Code   RO          629    i.readColorDataFromSys  app_t5l_ctrl.o
    0x08004a24   0x00000038   Code   RO          630    i.readHelpDataFromSys  app_t5l_ctrl.o
    0x08004a5c   0x00000180   Code   RO          561    i.readSysDataFromFlash  app_syspara.o
    0x08004bdc   0x00000110   Code   RO          562    i.readSysDataFromFlash_3030  app_syspara.o
    0x08004cec   0x00000038   Code   RO          631    i.readWeightDataFromSys  app_t5l_ctrl.o
    0x08004d24   0x00000030   Code   RO          632    i.releaseSysColor   app_t5l_ctrl.o
    0x08004d54   0x00000118   Code   RO          633    i.removeWeightTrigerDeal  app_t5l_ctrl.o
    0x08004e6c   0x00000148   Code   RO          634    i.resetCalibrationTrigerDeal  app_t5l_ctrl.o
    0x08004fb4   0x0000003a   Code   RO          252    i.sampleDataPush    app_hx711_ctrl.o
    0x08004fee   0x00000002   PAD
    0x08004ff0   0x00000038   Code   RO          635    i.screenT5L_HelpDataMainFunction  app_t5l_ctrl.o
    0x08005028   0x000000b4   Code   RO          636    i.screenT5L_Init    app_t5l_ctrl.o
    0x080050dc   0x00000080   Code   RO          637    i.screenT5L_OutputVoice  app_t5l_ctrl.o
    0x0800515c   0x0000015c   Code   RO          638    i.screenT5L_RxFunction  app_t5l_ctrl.o
    0x080052b8   0x0000019c   Code   RO          639    i.screenT5L_TxFunction  app_t5l_ctrl.o
    0x08005454   0x00000140   Code   RO          640    i.screenT5L_VoicePrintfMainfunction  app_t5l_ctrl.o
    0x08005594   0x00000018   Code   RO          641    i.sdweAskRegData    app_t5l_ctrl.o
    0x080055ac   0x000003ec   Code   RO          642    i.sdweAskVaribleData  app_t5l_ctrl.o
    0x08005998   0x000000b4   Code   RO          644    i.sdwe_VoicePrintfPop  app_t5l_ctrl.o
    0x08005a4c   0x0000005c   Code   RO          645    i.sdwe_VoicePrintfPush  app_t5l_ctrl.o
    0x08005aa8   0x000000ac   Code   RO          646    i.sendBalancingWeightAndColor619  app_t5l_ctrl.o
    0x08005b54   0x000000dc   Code   RO          647    i.sendBalancingWeightAndColor6192  app_t5l_ctrl.o
    0x08005c30   0x000001f4   Code   RO          648    i.sendHelpDataDiff  app_t5l_ctrl.o
    0x08005e24   0x00000060   Code   RO          649    i.sendHelpDataDiff_AtSlave1Device  app_t5l_ctrl.o
    0x08005e84   0x00000538   Code   RO          650    i.sendSysParaDataToDiwen  app_t5l_ctrl.o
    0x080063bc   0x0000000c   Code   RO          439    i.setModbusOtherRemoveFlag  app_modbus_rtu_ctrl.o
    0x080063c8   0x0000000c   Code   RO          440    i.setModbusSelfRemoveFlag  app_modbus_rtu_ctrl.o
    0x080063d4   0x00000028   Code   RO          254    i.setSampleWeightValue  app_hx711_ctrl.o
    0x080063fc   0x0000002c   Code   RO          651    i.sreenT5L_MainFunction  app_t5l_ctrl.o
    0x08006428   0x00000164   Code   RO          563    i.storeSysDataToFlash  app_syspara.o
    0x0800658c   0x000001b8   Code   RO          564    i.storeSysDataToFlash_3030  app_syspara.o
    0x08006744   0x00000028   Code   RO            2    i.system_init       app_main.o
    0x0800676c   0x00000068   Code   RO          653    i.t5lDisPlayDataClear  app_t5l_ctrl.o
    0x080067d4   0x00000134   Code   RO          654    i.t5lWriteData      app_t5l_ctrl.o
    0x08006908   0x000000f4   Code   RO          655    i.t5lWriteVarible   app_t5l_ctrl.o
    0x080069fc   0x00000200   Code   RO          255    i.trigerCalcKB      app_hx711_ctrl.o
    0x08006bfc   0x00000070   Code   RO         1176    i.wm_hal_gpio_init  firmware_wm_00_hal.lib(hal_gpio.o)
    0x08006c6c   0x00000060   Code   RO          657    i.writeColorDataFromCom  app_t5l_ctrl.o
    0x08006ccc   0x00000060   Code   RO          658    i.writeHelpDataFromCom  app_t5l_ctrl.o
    0x08006d2c   0x00000060   Code   RO          659    i.writeWeightDataFromCom  app_t5l_ctrl.o
    0x08006d8c   0x00000062   Code   RO         2653    x$fpl$d2f           fz_wm.l(d2f.o)
    0x08006dee   0x0000002e   Code   RO         2656    x$fpl$dflt          fz_wm.l(dflt_clz.o)
    0x08006e1c   0x00000154   Code   RO         2661    x$fpl$dmul          fz_wm.l(dmul.o)
    0x08006f70   0x0000009c   Code   RO         2664    x$fpl$dnaninf       fz_wm.l(dnaninf.o)
    0x0800700c   0x0000000c   Code   RO         2666    x$fpl$dretinf       fz_wm.l(dretinf.o)
    0x08007018   0x0000000a   Code   RO         2755    x$fpl$fpinit        fz_wm.l(fpinit.o)
    0x08007022   0x0000000a   Code   RO         2668    x$fpl$fretinf       fz_wm.l(fretinf.o)
    0x0800702c   0x00000000   Code   RO         2670    x$fpl$usenofp       fz_wm.l(usenofp.o)
    0x0800702c   0x00000028   Data   RO          257    .constdata          app_hx711_ctrl.o
    0x08007054   0x00000200   Data   RO          406    .constdata          app_crc.o
    0x08007254   0x00000024   Data   RO          661    .constdata          app_t5l_ctrl.o
    0x08007278   0x000000a4   Data   RO         1177    .constdata          firmware_wm_00_hal.lib(hal_gpio.o)
    0x0800731c   0x0000007c   Data   RO         1347    .constdata          firmware_wm_00_hal.lib(hal_uart.o)
    0x08007398   0x00000020   Data   RO         2823    Region$$Table       anon$$obj.o


    Execution Region RW_IRAM1 (Base: 0x20000000, Size: 0x00002db8, Max: 0x0000c000, ABSOLUTE, COMPRESSED[0x000000b8])

    Base Addr    Size         Type   Attr      Idx    E Section Name        Object

    0x20000000   0x00000005   Data   RW          147    .data               app_main_task.o
    0x20000005   0x0000000b   Data   RW          182    .data               app_led_ctrl.o
    0x20000010   0x00000002   Data   RW          258    .data               app_hx711_ctrl.o
    0x20000012   0x00000003   Data   RW          375    .data               app_key_ctrl.o
    0x20000015   0x00000003   PAD
    0x20000018   0x00000354   Data   RW          441    .data               app_modbus_rtu_ctrl.o
    0x2000036c   0x00000034   Data   RW          539    .data               app_password.o
    0x200003a0   0x00000044   Data   RW          566    .data               app_syspara.o
    0x200003e4   0x0000027c   Data   RW          662    .data               app_t5l_ctrl.o
    0x20000660   0x00000004   Data   RW          958    .data               STM32F303DriverLib.lib(drv_delay.o)
    0x20000664   0x0000006c   Data   RW         1178    .data               firmware_wm_00_hal.lib(hal_gpio.o)
    0x200006d0   0x000000b0   Data   RW         1348    .data               firmware_wm_00_hal.lib(hal_uart.o)
    0x20000780   0x0000001c   Data   RW         1705    .data               STM32F303DriverLib.lib(drv_rcc.o)
    0x2000079c   0x00000558   Zero   RW          256    .bss                app_hx711_ctrl.o
    0x20000cf4   0x0000000c   Zero   RW          374    .bss                app_key_ctrl.o
    0x20000d00   0x0000000c   Zero   RW          538    .bss                app_password.o
    0x20000d0c   0x00000464   Zero   RW          565    .bss                app_syspara.o
    0x20001170   0x000003c4   Zero   RW          660    .bss                app_t5l_ctrl.o
    0x20001534   0x00000024   Zero   RW         1704    .bss                STM32F303DriverLib.lib(drv_rcc.o)
    0x20001558   0x00000060   Zero   RW         2697    .bss                c_w.l(libspace.o)
    0x200015b8   0x00000c00   Zero   RW          947    HEAP                startup_stm32f30x.o
    0x200021b8   0x00000c00   Zero   RW          946    STACK               startup_stm32f30x.o


==============================================================================

Image component sizes


      Code (inc. data)   RO Data    RW Data    ZI Data      Debug   Object Name

       220         14        512          0          0       2267   app_crc.o
      1982        102         40          2       1368      12233   app_hx711_ctrl.o
       456         32          0          3         12       3108   app_key_ctrl.o
       466         18          0         11          0       6603   app_led_ctrl.o
       100          8          0          0          0      30361   app_main.o
       112         20          0          5          0       1788   app_main_task.o
      4152         58          0        852          0      15327   app_modbus_rtu_ctrl.o
       116         24          0         52         12       2534   app_password.o
      1452         56          0         68       1124       8575   app_syspara.o
     10726        584         36        636        964      45474   app_t5l_ctrl.o
        72         28        392          0       6144        908   startup_stm32f30x.o

    ----------------------------------------------------------------------
     19864        944       1012       1632       9624     129178   Object Totals
         0          0         32          0          0          0   (incl. Generated)
        10          0          0          3          0          0   (incl. Padding)

    ----------------------------------------------------------------------

      Code (inc. data)   RO Data    RW Data    ZI Data      Debug   Library Member Name

        16          4          0          0          0        526   drv_dbgmcu.o
       212         24          0          4          0       3903   drv_delay.o
       696         38          0          0          0      16063   drv_dma.o
       372         34          0          0          0       5583   drv_flash.o
       602          0          0          0          0      14317   drv_gpio.o
        36          4          0          0          0        520   drv_iwdg.o
        86          8          0          0          0       1230   drv_nvic.o
      1108         92          0         28         36      12653   drv_rcc.o
       408         60          0          0          0      13269   drv_timer.o
       656         28          0          0          0      13372   drv_uart.o
        90          0          0          0          0          0   __dczerorl2.o
         8          0          0          0          0         68   __main.o
         0          0          0          0          0          0   __rtentry.o
        12          0          0          0          0          0   __rtentry2.o
         6          0          0          0          0          0   __rtentry4.o
        52          8          0          0          0          0   __scatter.o
        28          0          0          0          0          0   __scatter_zi.o
        18          0          0          0          0         80   exit.o
         6          0          0          0          0        152   heapauxi.o
         0          0          0          0          0          0   indicate_semi.o
         2          0          0          0          0          0   libinit.o
         6          0          0          0          0          0   libinit2.o
         2          0          0          0          0          0   libshutdown.o
         2          0          0          0          0          0   libshutdown2.o
         8          4          0          0         96         68   libspace.o
        78          0          0          0          0         80   rt_memclr_w.o
         2          0          0          0          0          0   rtexit.o
        10          0          0          0          0          0   rtexit2.o
        12          4          0          0          0         68   sys_exit.o
        74          0          0          0          0         80   sys_stackheap_outer.o
         2          0          0          0          0         68   use_no_semi.o
        24          0          0          0          0       2641   hal_clock.o
         8          0          0          0          0        493   hal_delay.o
       220         54        164        108          0      18870   hal_gpio.o
        96         14          0          0          0       7631   hal_timer.o
      2810        284        124        176          0      25969   hal_uart.o
        98          4          0          0          0        140   d2f.o
        46          0          0          0          0        116   dflt_clz.o
       340         12          0          0          0        152   dmul.o
       156          4          0          0          0        140   dnaninf.o
        12          0          0          0          0        116   dretinf.o
        10          0          0          0          0        116   fpinit.o
        10          0          0          0          0        116   fretinf.o
         0          0          0          0          0          0   usenofp.o

    ----------------------------------------------------------------------
      8460        680        288        316        132     138600   Library Totals
        20          0          0          0          0          0   (incl. Padding)

    ----------------------------------------------------------------------

      Code (inc. data)   RO Data    RW Data    ZI Data      Debug   Library Name

      4192        292          0         32         36      81436   STM32F303DriverLib.lib
       418         16          0          0         96        664   c_w.l
      3158        352        288        284          0      55604   firmware_wm_00_hal.lib
       672         20          0          0          0        896   fz_wm.l

    ----------------------------------------------------------------------
      8460        680        288        316        132     138600   Library Totals

    ----------------------------------------------------------------------

==============================================================================


      Code (inc. data)   RO Data    RW Data    ZI Data      Debug   

     28324       1624       1300       1948       9756     250170   Grand Totals
     28324       1624       1300        184       9756     250170   ELF Image Totals (compressed)
     28324       1624       1300        184          0          0   ROM Totals

==============================================================================

    Total RO  Size (Code + RO Data)                29624 (  28.93kB)
    Total RW  Size (RW Data + ZI Data)             11704 (  11.43kB)
    Total ROM Size (Code + RO Data + RW Data)      29808 (  29.11kB)

==============================================================================

