Component: ARM Compiler 5.06 (build 20) Tool: armlink [4d35a3]

==============================================================================

Section Cross References

    app_main.o(i.main) refers to app_main.o(i.system_init) for system_init
    app_main.o(i.main) refers to app_key_ctrl.o(i.key_init) for key_init
    app_main.o(i.main) refers to app_led_ctrl.o(i.led_init) for led_init
    app_main.o(i.main) refers to app_hx711_ctrl.o(i.hx711_init) for hx711_init
    app_main.o(i.main) refers to app_modbus_rtu_ctrl.o(i.ModbusRtu_init) for ModbusRtu_init
    app_main.o(i.main) refers to app_syspara.o(i.readSysDataFromFlash) for readSysDataFromFlash
    app_main.o(i.main) refers to app_syspara.o(i.readSysDataFromFlash_3030) for readSysDataFromFlash_3030
    app_main.o(i.main) refers to app_password.o(i.STM32MCUIDGet) for STM32MCUIDGet
    app_main.o(i.main) refers to app_password.o(i.STM32CheckPassWord) for STM32CheckPassWord
    app_main.o(i.main) refers to app_t5l_ctrl.o(i.screenT5L_Init) for screenT5L_Init
    app_main.o(i.main) refers to app_password.o(.bss) for STM32McuId
    app_main.o(i.main) refers to app_password.o(.data) for g_passWordStore
    app_main.o(i.system_init) refers to hal_clock.o(i.hal_clock_init) for hal_clock_init
    app_main.o(i.system_init) refers to hal_delay.o(i.hal_delay_init) for hal_delay_init
    app_main.o(i.system_init) refers to hal_gpio.o(i.wm_hal_gpio_init) for wm_hal_gpio_init
    app_main.o(i.system_init) refers to hal_timer.o(i.hal_timer_init) for hal_timer_init
    app_main.o(i.system_init) refers to drv_iwdg.o(i.drv_iwdg_init) for drv_iwdg_init
    app_main_task.o(i.app_main_init) refers to app_hx711_ctrl.o(i.hx711_setAllRemoveWeight) for hx711_setAllRemoveWeight
    app_main_task.o(i.app_main_init) refers to app_t5l_ctrl.o(i.t5lDisPlayDataClear) for t5lDisPlayDataClear
    app_main_task.o(i.app_main_init) refers to app_main_task.o(.data) for removeWeight
    app_main_task.o(i.app_main_task) refers to app_main_task.o(i.app_main_init) for app_main_init
    app_main_task.o(i.app_main_task) refers to app_key_ctrl.o(i.key_MainFunction) for key_MainFunction
    app_main_task.o(i.app_main_task) refers to app_hx711_ctrl.o(i.hx711_SenserCheck) for hx711_SenserCheck
    app_main_task.o(i.app_main_task) refers to app_hx711_ctrl.o(i.hx711_MainFunction) for hx711_MainFunction
    app_main_task.o(i.app_main_task) refers to app_modbus_rtu_ctrl.o(i.ModbusRtu_MainFunction) for ModbusRtu_MainFunction
    app_main_task.o(i.app_main_task) refers to app_t5l_ctrl.o(i.sreenT5L_MainFunction) for sreenT5L_MainFunction
    app_main_task.o(i.app_main_task) refers to app_led_ctrl.o(i.led_MainFunction) for led_MainFunction
    app_main_task.o(i.app_main_task) refers to app_main_task.o(.data) for g_sys_ms_tick
    app_led_ctrl.o(i.LedCtrlSendPulse) refers to hal_gpio.o(i.hal_gpio_set_do_low) for hal_gpio_set_do_low
    app_led_ctrl.o(i.LedCtrlSendPulse) refers to app_led_ctrl.o(i.Led_delay) for Led_delay
    app_led_ctrl.o(i.LedCtrlSendPulse) refers to hal_gpio.o(i.hal_gpio_set_do_high) for hal_gpio_set_do_high
    app_led_ctrl.o(i.LedDataSet) refers to app_led_ctrl.o(.data) for g_led_ctrl_data
    app_led_ctrl.o(i.balaningColorClear) refers to app_led_ctrl.o(i.LedDataSet) for LedDataSet
    app_led_ctrl.o(i.led_MainFunction) refers to hal_gpio.o(i.hal_gpio_set_do_high) for hal_gpio_set_do_high
    app_led_ctrl.o(i.led_MainFunction) refers to hal_gpio.o(i.hal_gpio_set_do_low) for hal_gpio_set_do_low
    app_led_ctrl.o(i.led_MainFunction) refers to app_led_ctrl.o(i.LedCtrlSendPulse) for LedCtrlSendPulse
    app_led_ctrl.o(i.led_MainFunction) refers to app_led_ctrl.o(.data) for g_led_ctrl_data
    app_led_ctrl.o(i.led_MainFunction) refers to app_syspara.o(.data) for gSystemPara
    app_led_ctrl.o(i.led_init) refers to hal_gpio.o(i.hal_gpio_set_do_high) for hal_gpio_set_do_high
    app_led_ctrl.o(i.led_init) refers to hal_gpio.o(i.hal_gpio_set_do_low) for hal_gpio_set_do_low
    app_led_ctrl.o(i.led_init) refers to app_led_ctrl.o(i.LedCtrlSendPulse) for LedCtrlSendPulse
    app_led_ctrl.o(i.useWeightUpdataOutColor) refers to rt_memclr_w.o(.text) for __aeabi_memclr4
    app_led_ctrl.o(i.useWeightUpdataOutColor) refers to app_hx711_ctrl.o(i.hx711_getWeight) for hx711_getWeight
    app_led_ctrl.o(i.useWeightUpdataOutColor) refers to app_led_ctrl.o(i.LedDataSet) for LedDataSet
    app_led_ctrl.o(i.useWeightUpdataOutColor) refers to app_t5l_ctrl.o(i.sdweSetWeightBackColor) for sdweSetWeightBackColor
    app_led_ctrl.o(i.useWeightUpdataOutColor) refers to app_crc.o(i.BubbleSort) for BubbleSort
    app_led_ctrl.o(i.useWeightUpdataOutColor) refers to app_led_ctrl.o(.bss) for chanelCompareInfo
    app_led_ctrl.o(i.useWeightUpdataOutColor) refers to app_syspara.o(.data) for gSystemPara
    app_led_ctrl.o(i.useWeightUpdataOutColor) refers to app_led_ctrl.o(.data) for colorLock
    app_led_ctrl.o(i.useWeightUpdataOutColor_3030) refers to rt_memclr_w.o(.text) for __aeabi_memclr4
[...]
    l_AhbPrescTable                          0x20001214   Data          16  drv_rcc.o(.data)
    l_ApbPrescTable                          0x20001224   Data           8  drv_rcc.o(.data)
    .bss                                     0x20001230   Section     1446  app_hx711_ctrl.o(.bss)
    u32OnLineNormalCnt                       0x200017b8   Data          12  app_hx711_ctrl.o(.bss)
    u8HX711CheckPassStatus                   0x200017c4   Data          18  app_hx711_ctrl.o(.bss)
    .bss                                     0x200017d6   Section       12  app_key_ctrl.o(.bss)
    .bss                                     0x200017e4   Section       12  app_password.o(.bss)
    .bss                                     0x200017f0   Section     1148  app_syspara.o(.bss)
    .bss                                     0x20001c6c   Section     1108  app_t5l_ctrl.o(.bss)
    g_t5l_triger_data                        0x20001c9c   Data         560  app_t5l_ctrl.o(.bss)
    .bss                                     0x200020c0   Section       36  drv_rcc.o(.bss)
    .bss                                     0x200020e4   Section       96  libspace.o(.bss)
    HEAP                                     0x20002148   Section     3072  startup_stm32f30x.o(HEAP)
    Heap_Mem                                 0x20002148   Data        3072  startup_stm32f30x.o(HEAP)
    STACK                                    0x20002d48   Section     3072  startup_stm32f30x.o(STACK)
    Stack_Mem                                0x20002d48   Data        3072  startup_stm32f30x.o(STACK)
    __initial_sp                             0x20003948   Data           0  startup_stm32f30x.o(STACK)

    Global Symbols

    Symbol Name                              Value     Ov Type        Size  Object(Section)

    BuildAttributes$$THM_ISAv4$E$P$D$K$B$S$7EM$VFPi3$EXTD16$VFPS$VFMA$PE$A:L22UL41UL21$X:L11$S22US41US21$IEEE1$IW$USESV6$~STKCKD$USESV7$~SHL$OSPACE$ROPI$EBA8$UX$STANDARDLIB$REQ8$PRES8$EABIv2 0x00000000   Number         0  anon$$obj.o ABSOLUTE
    __ARM_use_no_argv                        0x00000000   Number         0  app_main.o ABSOLUTE
    __ARM_exceptions_init                     - Undefined Weak Reference
    __alloca_initialize                       - Undefined Weak Reference
    __arm_preinit_                            - Undefined Weak Reference
    __cpp_initialize__aeabi_                  - Undefined Weak Reference
    __cxa_finalize                            - Undefined Weak Reference
    __rt_locale                               - Undefined Weak Reference
    __sigvec_lookup                           - Undefined Weak Reference
    _atexit_init                              - Undefined Weak Reference
    _call_atexit_fns                          - Undefined Weak Reference
    _clock_init                               - Undefined Weak Reference
    _fp_trap_init                             - Undefined Weak Reference
    _fp_trap_shutdown                         - Undefined Weak Reference
    _get_lc_collate                           - Undefined Weak Reference
    _get_lc_ctype                             - Undefined Weak Reference
    _get_lc_monetary                          - Undefined Weak Reference
    _get_lc_numeric                           - Undefined Weak Reference
    _get_lc_time                              - Undefined Weak Reference
    _getenv_init                              - Undefined Weak Reference
    _handle_redirection                       - Undefined Weak Reference
    _init_alloc                               - Undefined Weak Reference
    _init_user_alloc                          - Undefined Weak Reference
    _initio                                   - Undefined Weak Reference
    _rand_init                                - Undefined Weak Reference
    _signal_finish                            - Undefined Weak Reference
    _signal_init                              - Undefined Weak Reference
    _terminate_alloc                          - Undefined Weak Reference
    _terminate_user_alloc                     - Undefined Weak Reference
    _terminateio                              - Undefined Weak Reference
    __Vectors_Size                           0x00000188   Number         0  startup_stm32f30x.o ABSOLUTE
    __Vectors                                0x08000000   Data           4  startup_stm32f30x.o(RESET)
    __Vectors_End                            0x08000188   Data           0  startup_stm32f30x.o(RESET)
    __main                                   0x08000189   Thumb Code     8  __main.o(!!!main)
    __scatterload                            0x08000191   Thumb Code     0  __scatter.o(!!!scatter)
    __scatterload_rt2                        0x08000191   Thumb Code    44  __scatter.o(!!!scatter)
    __scatterload_rt2_thumb_only             0x08000191   Thumb Code     0  __scatter.o(!!!scatter)
    __scatterload_null                       0x0800019f   Thumb Code     0  __scatter.o(!!!scatter)
    __decompress                             0x080001c5   Thumb Code   100  __dclz77c.o(!!dclz77c)
    __decompress2                            0x080001c5   Thumb Code     0  __dclz77c.o(!!dclz77c)
    __scatterload_zeroinit                   0x08000229   Thumb Code    28  __scatter_zi.o(!!handler_zi)
    __rt_lib_init                            0x08000245   Thumb Code     0  libinit.o(.ARM.Collect$$libinit$$00000000)
    __rt_lib_init_fp_1                       0x08000247   Thumb Code     0  libinit2.o(.ARM.Collect$$libinit$$00000001)
    __rt_lib_init_alloca_1                   0x0800024b   Thumb Code     0  libinit2.o(.ARM.Collect$$libinit$$0000002E)
    __rt_lib_init_argv_1                     0x0800024b   Thumb Code     0  libinit2.o(.ARM.Collect$$libinit$$0000002C)
    __rt_lib_init_atexit_1                   0x0800024b   Thumb Code     0  libinit2.o(.ARM.Collect$$libinit$$0000001B)
    __rt_lib_init_clock_1                    0x0800024b   Thumb Code     0  libinit2.o(.ARM.Collect$$libinit$$00000021)
    __rt_lib_init_cpp_1                      0x0800024b   Thumb Code     0  libinit2.o(.ARM.Collect$$libinit$$00000032)
    __rt_lib_init_exceptions_1               0x0800024b   Thumb Code     0  libinit2.o(.ARM.Collect$$libinit$$00000030)
    __rt_lib_init_fp_trap_1                  0x0800024b   Thumb Code     0  libinit2.o(.ARM.Collect$$libinit$$0000001F)
    __rt_lib_init_getenv_1                   0x0800024b   Thumb Code     0  libinit2.o(.ARM.Collect$$libinit$$00000023)
    __rt_lib_init_heap_1                     0x0800024b   Thumb Code     0  libinit2.o(.ARM.Collect$$libinit$$0000000A)
    __rt_lib_init_lc_collate_1               0x0800024b   Thumb Code     0  libinit2.o(.ARM.Collect$$libinit$$00000011)
    __rt_lib_init_lc_ctype_1                 0x0800024b   Thumb Code     0  libinit2.o(.ARM.Collect$$libinit$$00000013)
    __rt_lib_init_lc_monetary_1              0x0800024b   Thumb Code     0  libinit2.o(.ARM.Collect$$libinit$$00000015)
    __rt_lib_init_lc_numeric_1               0x0800024b   Thumb Code     0  libinit2.o(.ARM.Collect$$libinit$$00000017)
    __rt_lib_init_lc_time_1                  0x0800024b   Thumb Code     0  libinit2.o(.ARM.Collect$$libinit$$00000019)
    __rt_lib_init_preinit_1                  0x0800024b   Thumb Code     0  libinit2.o(.ARM.Collect$$libinit$$00000004)
    __rt_lib_init_rand_1                     0x0800024b   Thumb Code     0  libinit2.o(.ARM.Collect$$libinit$$0000000E)
    __rt_lib_init_return                     0x0800024b   Thumb Code     0  libinit2.o(.ARM.Collect$$libinit$$00000033)
    __rt_lib_init_signal_1                   0x0800024b   Thumb Code     0  libinit2.o(.ARM.Collect$$libinit$$0000001D)
    __rt_lib_init_stdio_1                    0x0800024b   Thumb Code     0  libinit2.o(.ARM.Collect$$libinit$$00000025)
    __rt_lib_init_user_alloc_1               0x0800024b   Thumb Code     0  libinit2.o(.ARM.Collect$$libinit$$0000000C)
    __rt_lib_shutdown                        0x0800024d   Thumb Code     0  libshutdown.o(.ARM.Collect$$libshutdown$$00000000)
    __rt_lib_shutdown_cpp_1                  0x0800024f   Thumb Code     0  libshutdown2.o(.ARM.Collect$$libshutdown$$00000002)
    __rt_lib_shutdown_fp_trap_1              0x0800024f   Thumb Code     0  libshutdown2.o(.ARM.Collect$$libshutdown$$00000007)
    __rt_lib_shutdown_heap_1                 0x0800024f   Thumb Code     0  libshutdown2.o(.ARM.Collect$$libshutdown$$0000000F)
    __rt_lib_shutdown_return                 0x0800024f   Thumb Code     0  libshutdown2.o(.ARM.Collect$$libshutdown$$00000010)
    __rt_lib_shutdown_signal_1               0x0800024f   Thumb Code     0  libshutdown2.o(.ARM.Collect$$libshutdown$$0000000A)
    __rt_lib_shutdown_stdio_1                0x0800024f   Thumb Code     0  libshutdown2.o(.ARM.Collect$$libshutdown$$00000004)
    __rt_lib_shutdown_user_alloc_1           0x0800024f   Thumb Code     0  libshutdown2.o(.ARM.Collect$$libshutdown$$0000000C)
    __rt_entry                               0x08000251   Thumb Code     0  __rtentry.o(.ARM.Collect$$rtentry$$00000000)
    __rt_entry_presh_1                       0x08000251   Thumb Code     0  __rtentry2.o(.ARM.Collect$$rtentry$$00000002)
    __rt_entry_sh                            0x08000251   Thumb Code     0  __rtentry4.o(.ARM.Collect$$rtentry$$00000004)
    __rt_entry_li                            0x08000257   Thumb Code     0  __rtentry2.o(.ARM.Collect$$rtentry$$0000000A)
    __rt_entry_postsh_1                      0x08000257   Thumb Code     0  __rtentry2.o(.ARM.Collect$$rtentry$$00000009)
    __rt_entry_main                          0x0800025b   Thumb Code     0  __rtentry2.o(.ARM.Collect$$rtentry$$0000000D)
    __rt_entry_postli_1                      0x0800025b   Thumb Code     0  __rtentry2.o(.ARM.Collect$$rtentry$$0000000C)
    __rt_exit                                0x08000263   Thumb Code     0  rtexit.o(.ARM.Collect$$rtexit$$00000000)
    __rt_exit_ls                             0x08000265   Thumb Code     0  rtexit2.o(.ARM.Collect$$rtexit$$00000003)
    __rt_exit_prels_1                        0x08000265   Thumb Code     0  rtexit2.o(.ARM.Collect$$rtexit$$00000002)
    __rt_exit_exit                           0x08000269   Thumb Code     0  rtexit2.o(.ARM.Collect$$rtexit$$00000004)
    Reset_Handler                            0x08000271   Thumb Code    14  startup_stm32f30x.o(.text)
    NMI_Handler                              0x0800027f   Thumb Code     2  startup_stm32f30x.o(.text)
    HardFault_Handler                        0x08000281   Thumb Code     2  startup_stm32f30x.o(.text)
    MemManage_Handler                        0x08000283   Thumb Code     2  startup_stm32f30x.o(.text)
    BusFault_Handler                         0x08000285   Thumb Code     2  startup_stm32f30x.o(.text)
    UsageFault_Handler                       0x08000287   Thumb Code     2  startup_stm32f30x.o(.text)
    SVC_Handler                              0x08000289   Thumb Code     2  startup_stm32f30x.o(.text)
    DebugMon_Handler                         0x0800028b   Thumb Code     2  startup_stm32f30x.o(.text)
    PendSV_Handler                           0x0800028d   Thumb Code     2  startup_stm32f30x.o(.text)
    SysTick_Handler                          0x0800028f   Thumb Code     2  startup_stm32f30x.o(.text)
    ADC1_2_IRQHandler                        0x08000291   Thumb Code     0  startup_stm32f30x.o(.text)
    ADC3_IRQHandler                          0x08000291   Thumb Code     0  startup_stm32f30x.o(.text)
    ADC4_IRQHandler                          0x08000291   Thumb Code     0  startup_stm32f30x.o(.text)
    CAN1_RX1_IRQHandler                      0x08000291   Thumb Code     0  startup_stm32f30x.o(.text)
    CAN1_SCE_IRQHandler                      0x08000291   Thumb Code     0  startup_stm32f30x.o(.text)
    COMP1_2_3_IRQHandler                     0x08000291   Thumb Code     0  startup_stm32f30x.o(.text)
    COMP4_5_6_IRQHandler                     0x08000291   Thumb Code     0  startup_stm32f30x.o(.text)
    COMP7_IRQHandler                         0x08000291   Thumb Code     0  startup_stm32f30x.o(.text)
    DMA1_Channel1_IRQHandler                 0x08000291   Thumb Code     0  startup_stm32f30x.o(.text)
    DMA1_Channel3_IRQHandler                 0x08000291   Thumb Code     0  startup_stm32f30x.o(.text)
    DMA1_Channel4_IRQHandler                 0x08000291   Thumb Code     0  startup_stm32f30x.o(.text)
    DMA1_Channel5_IRQHandler                 0x08000291   Thumb Code     0  startup_stm32f30x.o(.text)
    DMA1_Channel6_IRQHandler                 0x08000291   Thumb Code     0  startup_stm32f30x.o(.text)
    DMA2_Channel1_IRQHandler                 0x08000291   Thumb Code     0  startup_stm32f30x.o(.text)
    DMA2_Channel2_IRQHandler                 0x08000291   Thumb Code     0  startup_stm32f30x.o(.text)
    DMA2_Channel3_IRQHandler                 0x08000291   Thumb Code     0  startup_stm32f30x.o(.text)
    DMA2_Channel4_IRQHandler                 0x08000291   Thumb Code     0  startup_stm32f30x.o(.text)
    DMA2_Channel5_IRQHandler                 0x08000291   Thumb Code     0  startup_stm32f30x.o(.text)
    EXTI0_IRQHandler                         0x08000291   Thumb Code     0  startup_stm32f30x.o(.text)
    EXTI15_10_IRQHandler                     0x08000291   Thumb Code     0  startup_stm32f30x.o(.text)
    EXTI1_IRQHandler                         0x08000291   Thumb Code     0  startup_stm32f30x.o(.text)
    EXTI2_TS_IRQHandler                      0x08000291   Thumb Code     0  startup_stm32f30x.o(.text)
    EXTI3_IRQHandler                         0x08000291   Thumb Code     0  startup_stm32f30x.o(.text)
    EXTI4_IRQHandler                         0x08000291   Thumb Code     0  startup_stm32f30x.o(.text)
    EXTI9_5_IRQHandler                       0x08000291   Thumb Code     0  startup_stm32f30x.o(.text)
    FLASH_IRQHandler                         0x08000291   Thumb Code     0  startup_stm32f30x.o(.text)
    FPU_IRQHandler                           0x08000291   Thumb Code     0  startup_stm32f30x.o(.text)
    I2C1_ER_IRQHandler                       0x08000291   Thumb Code     0  startup_stm32f30x.o(.text)
    I2C1_EV_IRQHandler                       0x08000291   Thumb Code     0  startup_stm32f30x.o(.text)
    I2C2_ER_IRQHandler                       0x08000291   Thumb Code     0  startup_stm32f30x.o(.text)
    I2C2_EV_IRQHandler                       0x08000291   Thumb Code     0  startup_stm32f30x.o(.text)
    PVD_IRQHandler                           0x08000291   Thumb Code     0  startup_stm32f30x.o(.text)
    RCC_IRQHandler                           0x08000291   Thumb Code     0  startup_stm32f30x.o(.text)
    RTC_Alarm_IRQHandler                     0x08000291   Thumb Code     0  startup_stm32f30x.o(.text)
    RTC_WKUP_IRQHandler                      0x08000291   Thumb Code     0  startup_stm32f30x.o(.text)
    SPI1_IRQHandler                          0x08000291   Thumb Code     0  startup_stm32f30x.o(.text)
    SPI2_IRQHandler                          0x08000291   Thumb Code     0  startup_stm32f30x.o(.text)
    SPI3_IRQHandler                          0x08000291   Thumb Code     0  startup_stm32f30x.o(.text)
    TAMPER_STAMP_IRQHandler                  0x08000291   Thumb Code     0  startup_stm32f30x.o(.text)
    TIM1_BRK_TIM15_IRQHandler                0x08000291   Thumb Code     0  startup_stm32f30x.o(.text)
    TIM1_CC_IRQHandler                       0x08000291   Thumb Code     0  startup_stm32f30x.o(.text)
    TIM1_TRG_COM_TIM17_IRQHandler            0x08000291   Thumb Code     0  startup_stm32f30x.o(.text)
    TIM1_UP_TIM16_IRQHandler                 0x08000291   Thumb Code     0  startup_stm32f30x.o(.text)
    TIM2_IRQHandler                          0x08000291   Thumb Code     0  startup_stm32f30x.o(.text)
    TIM3_IRQHandler                          0x08000291   Thumb Code     0  startup_stm32f30x.o(.text)
    TIM4_IRQHandler                          0x08000291   Thumb Code     0  startup_stm32f30x.o(.text)
    TIM7_IRQHandler                          0x08000291   Thumb Code     0  startup_stm32f30x.o(.text)
    TIM8_BRK_IRQHandler                      0x08000291   Thumb Code     0  startup_stm32f30x.o(.text)
    TIM8_CC_IRQHandler                       0x08000291   Thumb Code     0  startup_stm32f30x.o(.text)
    TIM8_TRG_COM_IRQHandler                  0x08000291   Thumb Code     0  startup_stm32f30x.o(.text)
    TIM8_UP_IRQHandler                       0x08000291   Thumb Code     0  startup_stm32f30x.o(.text)
    UART4_IRQHandler                         0x08000291   Thumb Code     0  startup_stm32f30x.o(.text)
    UART5_IRQHandler                         0x08000291   Thumb Code     0  startup_stm32f30x.o(.text)
    USART1_IRQHandler                        0x08000291   Thumb Code     0  startup_stm32f30x.o(.text)
    USBWakeUp_IRQHandler                     0x08000291   Thumb Code     0  startup_stm32f30x.o(.text)
    USBWakeUp_RMP_IRQHandler                 0x08000291   Thumb Code     0  startup_stm32f30x.o(.text)
    USB_HP_CAN1_TX_IRQHandler                0x08000291   Thumb Code     0  startup_stm32f30x.o(.text)
    USB_HP_IRQHandler                        0x08000291   Thumb Code     0  startup_stm32f30x.o(.text)
    USB_LP_CAN1_RX0_IRQHandler               0x08000291   Thumb Code     0  startup_stm32f30x.o(.text)
    USB_LP_IRQHandler                        0x08000291   Thumb Code     0  startup_stm32f30x.o(.text)
    WWDG_IRQHandler                          0x08000291   Thumb Code     0  startup_stm32f30x.o(.text)
    __user_initial_stackheap                 0x08000295   Thumb Code     0  startup_stm32f30x.o(.text)
    __aeabi_memclr4                          0x080002b9   Thumb Code     0  rt_memclr_w.o(.text)
    __aeabi_memclr8                          0x080002b9   Thumb Code     0  rt_memclr_w.o(.text)
    __rt_memclr_w                            0x080002b9   Thumb Code    78  rt_memclr_w.o(.text)
    _memset_w                                0x080002bd   Thumb Code     0  rt_memclr_w.o(.text)
    __use_two_region_memory                  0x08000307   Thumb Code     2  heapauxi.o(.text)
    __rt_heap_escrow$2region                 0x08000309   Thumb Code     2  heapauxi.o(.text)
    __rt_heap_expand$2region                 0x0800030b   Thumb Code     2  heapauxi.o(.text)
    __user_setup_stackheap                   0x0800030d   Thumb Code    74  sys_stackheap_outer.o(.text)
    exit                                     0x08000357   Thumb Code    18  exit.o(.text)
    __user_libspace                          0x08000369   Thumb Code     8  libspace.o(.text)
    __user_perproc_libspace                  0x08000369   Thumb Code     0  libspace.o(.text)
    __user_perthread_libspace                0x08000369   Thumb Code     0  libspace.o(.text)
    _sys_exit                                0x08000371   Thumb Code     8  sys_exit.o(.text)
    __I$use$semihosting                      0x0800037d   Thumb Code     0  use_no_semi.o(.text)
    __use_no_semihosting_swi                 0x0800037d   Thumb Code     2  use_no_semi.o(.text)
    __semihosting_library_function           0x0800037f   Thumb Code     0  indicate_semi.o(.text)
    BubbleSort                               0x08000381   Thumb Code   144  app_crc.o(i.BubbleSort)
    BubbleSortINT32                          0x08000415   Thumb Code    82  app_crc.o(i.BubbleSortINT32)
    DMA1_Channel2_IRQHandler                 0x08000469   Thumb Code    44  hal_uart.o(i.DMA1_Channel2_IRQHandler)
    DMA1_Channel7_IRQHandler                 0x080004a5   Thumb Code    44  hal_uart.o(i.DMA1_Channel7_IRQHandler)
    GetFloatBalancingModelData               0x080004e1   Thumb Code    52  app_t5l_ctrl.o(i.GetFloatBalancingModelData)
    LedCtrlSendPulse                         0x0800051d   Thumb Code    88  app_led_ctrl.o(i.LedCtrlSendPulse)
    LedDataSet                               0x08000575   Thumb Code   132  app_led_ctrl.o(i.LedDataSet)
    Led_delay                                0x080005fd   Thumb Code    10  app_led_ctrl.o(i.Led_delay)
    ModbusRtu_MainFunction                   0x08000609   Thumb Code    68  app_modbus_rtu_ctrl.o(i.ModbusRtu_MainFunction)
    ModbusRtu_MasterCycleReadWeightScan      0x08000655   Thumb Code    64  app_modbus_rtu_ctrl.o(i.ModbusRtu_MasterCycleReadWeightScan)
    ModbusRtu_MasterMainFunction             0x08000699   Thumb Code    44  app_modbus_rtu_ctrl.o(i.ModbusRtu_MasterMainFunction)
    ModbusRtu_MasterMaskDeal                 0x080006c5   Thumb Code   222  app_modbus_rtu_ctrl.o(i.ModbusRtu_MasterMaskDeal)
    ModbusRtu_MasterRxMainFunction           0x080007a9   Thumb Code   364  app_modbus_rtu_ctrl.o(i.ModbusRtu_MasterRxMainFunction)
    ModbusRtu_MasterTxMainFunction           0x08000919   Thumb Code   138  app_modbus_rtu_ctrl.o(i.ModbusRtu_MasterTxMainFunction)
    ModbusRtu_RxMainFunction                 0x080009a3   Thumb Code   130  app_modbus_rtu_ctrl.o(i.ModbusRtu_RxMainFunction)
    ModbusRtu_SlaveMainFunction              0x08000a25   Thumb Code    28  app_modbus_rtu_ctrl.o(i.ModbusRtu_SlaveMainFunction)
    ModbusRtu_SlaveRxMainFunction            0x08000a41   Thumb Code   240  app_modbus_rtu_ctrl.o(i.ModbusRtu_SlaveRxMainFunction)
    ModbusRtu_SlaveTxMainFunction            0x08000b35   Thumb Code    86  app_modbus_rtu_ctrl.o(i.ModbusRtu_SlaveTxMainFunction)
    ModbusRtu_SlaveTxMaskDeal                0x08000b8d   Thumb Code   386  app_modbus_rtu_ctrl.o(i.ModbusRtu_SlaveTxMaskDeal)
    ModbusRtu_init                           0x08000d15   Thumb Code    68  app_modbus_rtu_ctrl.o(i.ModbusRtu_init)
    STM32CheckPassWord                       0x08000d61   Thumb Code    58  app_password.o(i.STM32CheckPassWord)
    STM32MCUIDGet                            0x08000dad   Thumb Code    34  app_password.o(i.STM32MCUIDGet)
    TIM6_DAC_IRQHandler                      0x08000dd5   Thumb Code    16  hal_timer.o(i.TIM6_DAC_IRQHandler)
    USART2_IRQHandler                        0x08000de9   Thumb Code   226  hal_uart.o(i.USART2_IRQHandler)
    USART3_IRQHandler                        0x08000ee1   Thumb Code   348  hal_uart.o(i.USART3_IRQHandler)
    appScreenCfgIndexGet                     0x08001059   Thumb Code    30  app_t5l_cfg.o(i.appScreenCfgIndexGet)
    app_main_init                            0x0800107d   Thumb Code    38  app_main_task.o(i.app_main_init)
    app_main_task                            0x080010ad   Thumb Code    62  app_main_task.o(i.app_main_task)
    app_uart_extern_msg_packet_process       0x080010f5   Thumb Code     2  app_t5l_ctrl.o(i.app_uart_extern_msg_packet_process)
    balaningColorClear                       0x080010f7   Thumb Code    26  app_led_ctrl.o(i.balaningColorClear)
    cal_crc16                                0x08001111   Thumb Code    62  app_crc.o(i.cal_crc16)
    chanelChangedTrigerDeal                  0x08001159   Thumb Code   530  app_t5l_ctrl.o(i.chanelChangedTrigerDeal)
    clearLocalCalibrationKAndBAndSample      0x08001381   Thumb Code   188  app_t5l_ctrl.o(i.clearLocalCalibrationKAndBAndSample)
    clearLocalCalibrationRecordData          0x08001441   Thumb Code   122  app_t5l_ctrl.o(i.clearLocalCalibrationRecordData)
    color_clearAllColor                      0x080014c1   Thumb Code    26  app_t5l_ctrl.o(i.color_clearAllColor)
    drv_debug_apb1_stop                      0x080014e1   Thumb Code    12  drv_dbgmcu.o(i.drv_debug_apb1_stop)
    drv_delay_init                           0x080014f1   Thumb Code    60  drv_delay.o(i.drv_delay_init)
    drv_delay_ms                             0x0800153d   Thumb Code    64  drv_delay.o(i.drv_delay_ms)
    drv_delay_us                             0x08001581   Thumb Code    64  drv_delay.o(i.drv_delay_us)
    drv_dma_set_mem_addr_length              0x080015c5   Thumb Code    12  drv_dma.o(i.drv_dma_set_mem_addr_length)
    drv_dma_stream_clear_flag_status         0x080015d1   Thumb Code    30  drv_dma.o(i.drv_dma_stream_clear_flag_status)
    drv_dma_stream_clear_it_pending_bit      0x080015f9   Thumb Code    18  drv_dma.o(i.drv_dma_stream_clear_it_pending_bit)
    drv_dma_stream_deinit                    0x08001615   Thumb Code   252  drv_dma.o(i.drv_dma_stream_deinit)
    drv_dma_stream_disable                   0x08001719   Thumb Code    10  drv_dma.o(i.drv_dma_stream_disable)
    drv_dma_stream_enable                    0x08001723   Thumb Code    12  drv_dma.o(i.drv_dma_stream_enable)
    drv_dma_stream_get_it_status             0x08001731   Thumb Code    90  drv_dma.o(i.drv_dma_stream_get_it_status)
    drv_dma_stream_get_left_length           0x08001795   Thumb Code    14  drv_dma.o(i.drv_dma_stream_get_left_length)
    drv_dma_stream_init                      0x080017a3   Thumb Code   108  drv_dma.o(i.drv_dma_stream_init)
    drv_dma_stream_it_enable                 0x0800180f   Thumb Code     8  drv_dma.o(i.drv_dma_stream_it_enable)
    drv_dma_stream_start_mem_to_periph       0x08001817   Thumb Code    52  drv_dma.o(i.drv_dma_stream_start_mem_to_periph)
    drv_dma_stream_start_periph_to_mem       0x0800184b   Thumb Code    52  drv_dma.o(i.drv_dma_stream_start_periph_to_mem)
    drv_flash_erase_sector                   0x08001881   Thumb Code    66  drv_flash.o(i.drv_flash_erase_sector)
    drv_flash_get_status                     0x080018c9   Thumb Code    40  drv_flash.o(i.drv_flash_get_status)
    drv_flash_lock                           0x080018f5   Thumb Code    16  drv_flash.o(i.drv_flash_lock)
    drv_flash_read_words                     0x08001909   Thumb Code    32  drv_flash.o(i.drv_flash_read_words)
    drv_flash_unlock                         0x08001929   Thumb Code    22  drv_flash.o(i.drv_flash_unlock)
    drv_flash_wait_last_operation            0x0800194d   Thumb Code    40  drv_flash.o(i.drv_flash_wait_last_operation)
    drv_flash_write_words                    0x08001975   Thumb Code   122  drv_flash.o(i.drv_flash_write_words)
    drv_gpio_alternate_function_connect      0x080019f5   Thumb Code    66  drv_gpio.o(i.drv_gpio_alternate_function_connect)
    drv_gpio_alternate_function_init         0x08001a37   Thumb Code   220  drv_gpio.o(i.drv_gpio_alternate_function_init)
    drv_gpio_input_init                      0x08001b13   Thumb Code    96  drv_gpio.o(i.drv_gpio_input_init)
    drv_gpio_output_init                     0x08001b73   Thumb Code   220  drv_gpio.o(i.drv_gpio_output_init)
    drv_gpio_set_pins_high                   0x08001c4f   Thumb Code     8  hal_uart.o(i.drv_gpio_set_pins_high)
    drv_iwdg_init                            0x08001c59   Thumb Code    32  drv_iwdg.o(i.drv_iwdg_init)
    drv_nvic_enable                          0x08001c7d   Thumb Code    22  drv_nvic.o(i.drv_nvic_enable)
    drv_nvic_init                            0x08001c95   Thumb Code    56  drv_nvic.o(i.drv_nvic_init)
    drv_rcc_ahb1_clk_enable                  0x08001cd5   Thumb Code    12  drv_rcc.o(i.drv_rcc_ahb1_clk_enable)
    drv_rcc_apb1_clk_enable                  0x08001ce5   Thumb Code    12  drv_rcc.o(i.drv_rcc_apb1_clk_enable)
    drv_rcc_apb1_periph_reset_disable        0x08001cf5   Thumb Code    12  drv_rcc.o(i.drv_rcc_apb1_periph_reset_disable)
    drv_rcc_apb1_periph_reset_enable         0x08001d05   Thumb Code    12  drv_rcc.o(i.drv_rcc_apb1_periph_reset_enable)
    drv_rcc_apb2_clk_enable                  0x08001d15   Thumb Code    12  drv_rcc.o(i.drv_rcc_apb2_clk_enable)
    drv_rcc_apb2_periph_reset_disable        0x08001d25   Thumb Code    12  drv_rcc.o(i.drv_rcc_apb2_periph_reset_disable)
    drv_rcc_apb2_periph_reset_enable         0x08001d35   Thumb Code    12  drv_rcc.o(i.drv_rcc_apb2_periph_reset_enable)
    drv_rcc_get_clocks_freq                  0x08001d45   Thumb Code   238  drv_rcc.o(i.drv_rcc_get_clocks_freq)
    drv_rcc_init                             0x08001e49   Thumb Code   694  drv_rcc.o(i.drv_rcc_init)
    drv_timer_base_init                      0x08002129   Thumb Code   104  drv_timer.o(i.drv_timer_base_init)
    drv_timer_clear_it_pending_bit           0x080021a9   Thumb Code     8  drv_timer.o(i.drv_timer_clear_it_pending_bit)
    drv_timer_deinit                         0x080021b1   Thumb Code   216  drv_timer.o(i.drv_timer_deinit)
    drv_timer_enable                         0x080022ad   Thumb Code    12  drv_timer.o(i.drv_timer_enable)
    drv_timer_it_enable                      0x080022b9   Thumb Code     8  drv_timer.o(i.drv_timer_it_enable)
    drv_uart_clear_flag_status               0x080022c1   Thumb Code     4  drv_uart.o(i.drv_uart_clear_flag_status)
    drv_uart_clear_it_pending_bit            0x080022c5   Thumb Code    18  drv_uart.o(i.drv_uart_clear_it_pending_bit)
    drv_uart_deinit                          0x080022d9   Thumb Code   124  drv_uart.o(i.drv_uart_deinit)
    drv_uart_dma_rx_enable                   0x08002369   Thumb Code    12  drv_uart.o(i.drv_uart_dma_rx_enable)
    drv_uart_dma_tx_enable                   0x08002375   Thumb Code    12  drv_uart.o(i.drv_uart_dma_tx_enable)
    drv_uart_get_flag_status                 0x08002381   Thumb Code    16  drv_uart.o(i.drv_uart_get_flag_status)
    drv_uart_init                            0x08002391   Thumb Code   190  drv_uart.o(i.drv_uart_init)
    drv_uart_it_disable                      0x0800244f   Thumb Code    52  drv_uart.o(i.drv_uart_it_disable)
    drv_uart_it_enable                       0x08002483   Thumb Code    52  drv_uart.o(i.drv_uart_it_enable)
    drv_uart_put_bytes                       0x080024b7   Thumb Code    32  drv_uart.o(i.drv_uart_put_bytes)
    drv_uart_set_baudrate                    0x080024d9   Thumb Code   116  drv_uart.o(i.drv_uart_set_baudrate)
    getChanelStruct                          0x08002555   Thumb Code    24  app_hx711_ctrl.o(i.getChanelStruct)
    getModbusOtherRemoveFlag                 0x08002571   Thumb Code     8  app_modbus_rtu_ctrl.o(i.getModbusOtherRemoveFlag)
    getSysColorWhichUsable                   0x0800257d   Thumb Code    48  app_t5l_ctrl.o(i.getSysColorWhichUsable)
    hal_clock_init                           0x080025b1   Thumb Code    24  hal_clock.o(i.hal_clock_init)
    hal_delay_init                           0x080025c9   Thumb Code     8  hal_delay.o(i.hal_delay_init)
    hal_delay_ms                             0x080025d1   Thumb Code    12  app_t5l_ctrl.o(i.hal_delay_ms)
    hal_delay_us                             0x080025dd   Thumb Code    12  app_hx711_ctrl.o(i.hal_delay_us)
    hal_di_get                               0x080025e9   Thumb Code    36  hal_gpio.o(i.hal_di_get)
    hal_gpio_set_do_high                     0x08002615   Thumb Code    22  hal_gpio.o(i.hal_gpio_set_do_high)
    hal_gpio_set_do_low                      0x08002635   Thumb Code    22  hal_gpio.o(i.hal_gpio_set_do_low)
    hal_timer_init                           0x08002655   Thumb Code    66  hal_timer.o(i.hal_timer_init)
    hal_uart_dma_rx_start                    0x080026a1   Thumb Code    70  hal_uart.o(i.hal_uart_dma_rx_start)
    hal_uart_gpio_init                       0x080026f9   Thumb Code   806  hal_uart.o(i.hal_uart_gpio_init)
    hal_uart_port_init                       0x08002a51   Thumb Code   560  hal_uart.o(i.hal_uart_port_init)
    hal_uart_rx_irq_disable                  0x08002cb9   Thumb Code    48  hal_uart.o(i.hal_uart_rx_irq_disable)
    hal_uart_rx_irq_enable                   0x08002cf5   Thumb Code    48  hal_uart.o(i.hal_uart_rx_irq_enable)
    hal_uart_set_braudrate                   0x08002d31   Thumb Code    34  hal_uart.o(i.hal_uart_set_braudrate)
    hal_uart_set_rx_mode                     0x08002d5d   Thumb Code    26  hal_uart.o(i.hal_uart_set_rx_mode)
    hal_uart_set_timeout                     0x08002d81   Thumb Code     2  hal_uart.o(i.hal_uart_set_timeout)
    hal_uart_set_tx_mode                     0x08002d85   Thumb Code    24  hal_uart.o(i.hal_uart_set_tx_mode)
    hal_uart_tx_bytes                        0x08002da5   Thumb Code   246  hal_uart.o(i.hal_uart_tx_bytes)
    hx711_AllChanelSample                    0x08002ead   Thumb Code   216  app_hx711_ctrl.o(i.hx711_AllChanelSample)
    hx711_DataSampleCtrl                     0x08002f89   Thumb Code    40  app_hx711_ctrl.o(i.hx711_DataSampleCtrl)
    hx711_MainFunction                       0x08002fb5   Thumb Code   294  app_hx711_ctrl.o(i.hx711_MainFunction)
    hx711_SenserCheck                        0x080030f5   Thumb Code   440  app_hx711_ctrl.o(i.hx711_SenserCheck)
    hx711_SigChanelAvrgAndWeightCalc         0x080032d5   Thumb Code   216  app_hx711_ctrl.o(i.hx711_SigChanelAvrgAndWeightCalc)
    hx711_getAvgSample                       0x080033b1   Thumb Code    26  app_hx711_ctrl.o(i.hx711_getAvgSample)
    hx711_getWeight                          0x080033d1   Thumb Code   132  app_hx711_ctrl.o(i.hx711_getWeight)
    hx711_init                               0x0800346d   Thumb Code   340  app_hx711_ctrl.o(i.hx711_init)
    hx711_setAllRemoveWeight                 0x080035d5   Thumb Code    82  app_hx711_ctrl.o(i.hx711_setAllRemoveWeight)
    jumpToActivePage                         0x08003631   Thumb Code    96  app_t5l_ctrl.o(i.jumpToActivePage)
    jumpToBalancingCleanPage                 0x08003699   Thumb Code   110  app_t5l_ctrl.o(i.jumpToBalancingCleanPage)
    jumpToBalancingHomePage                  0x08003715   Thumb Code   150  app_t5l_ctrl.o(i.jumpToBalancingHomePage)
    jumpToBalancingPage                      0x080037b9   Thumb Code   164  app_t5l_ctrl.o(i.jumpToBalancingPage)
    jumpToBanlingPage                        0x08003869   Thumb Code   164  app_t5l_ctrl.o(i.jumpToBanlingPage)
    jumpToCalibrationPage                    0x08003919   Thumb Code    96  app_t5l_ctrl.o(i.jumpToCalibrationPage)
    jumpToHomePage                           0x08003981   Thumb Code    96  app_t5l_ctrl.o(i.jumpToHomePage)
    jumpToStartUpPage                        0x080039e9   Thumb Code   102  app_t5l_ctrl.o(i.jumpToStartUpPage)
    jumpToSysparaPage                        0x08003a59   Thumb Code    96  app_t5l_ctrl.o(i.jumpToSysparaPage)
    key_FilterGet                            0x08003ac1   Thumb Code    30  app_key_ctrl.o(i.key_FilterGet)
    key_MainFunction                         0x08003ae5   Thumb Code   142  app_key_ctrl.o(i.key_MainFunction)
    key_filter                               0x08003b85   Thumb Code   168  app_key_ctrl.o(i.key_filter)
    key_init                                 0x08003c31   Thumb Code    84  app_key_ctrl.o(i.key_init)
    led_MainFunction                         0x08003c89   Thumb Code   130  app_led_ctrl.o(i.led_MainFunction)
    led_init                                 0x08003d19   Thumb Code    62  app_led_ctrl.o(i.led_init)
    main                                     0x08003d59   Thumb Code    52  app_main.o(i.main)
    masterCaculateHelpData                   0x08003d95   Thumb Code   546  app_t5l_ctrl.o(i.masterCaculateHelpData)
    pointSampleTrigerDataSet                 0x08003fd5   Thumb Code    32  app_t5l_ctrl.o(i.pointSampleTrigerDataSet)
    pointTrigerDataSet                       0x08003ff9   Thumb Code    62  app_t5l_ctrl.o(i.pointTrigerDataSet)
    pointTrigerDeal                          0x0800403d   Thumb Code   312  app_t5l_ctrl.o(i.pointTrigerDeal)
    pointWeightTrigerDataSet                 0x08004185   Thumb Code    32  app_t5l_ctrl.o(i.pointWeightTrigerDataSet)
    preColorDataAndJudgeIfNeedSend           0x080041a9   Thumb Code   638  app_t5l_ctrl.o(i.preColorDataAndJudgeIfNeedSend)
    preWeightDataAndJudgeIfNeedSend          0x08004435   Thumb Code   448  app_t5l_ctrl.o(i.preWeightDataAndJudgeIfNeedSend)
    preWeightDataAndJudgeIfNeedSend_FuncA_Master 0x080045fd   Thumb Code   308  app_t5l_ctrl.o(i.preWeightDataAndJudgeIfNeedSend_FuncA_Master)
    readColorDataFromSys                     0x08004739   Thumb Code    50  app_t5l_ctrl.o(i.readColorDataFromSys)
    readHelpDataFromSys                      0x08004771   Thumb Code    50  app_t5l_ctrl.o(i.readHelpDataFromSys)
    readSysDataFromFlash                     0x080047a9   Thumb Code   378  app_syspara.o(i.readSysDataFromFlash)
    readSysDataFromFlash_3030                0x08004929   Thumb Code   358  app_syspara.o(i.readSysDataFromFlash_3030)
    readWeightDataFromSys                    0x08004a9d   Thumb Code    80  app_t5l_ctrl.o(i.readWeightDataFromSys)
    releaseSysColor                          0x08004af1   Thumb Code    42  app_t5l_ctrl.o(i.releaseSysColor)
    removeWeightTrigerDeal                   0x08004b21   Thumb Code   268  app_t5l_ctrl.o(i.removeWeightTrigerDeal)
    resetCalibrationTrigerDeal               0x08004c39   Thumb Code   310  app_t5l_ctrl.o(i.resetCalibrationTrigerDeal)
    sampleDataPush                           0x08004d81   Thumb Code    58  app_hx711_ctrl.o(i.sampleDataPush)
    screenPublic_FreshDisplayPosition_Of_HelpVlu 0x08004dbd   Thumb Code   206  app_t5l_ctrl.o(i.screenPublic_FreshDisplayPosition_Of_HelpVlu)
    screenPublic_FreshDisplayPosition_Of_WeightVlu 0x08004e95   Thumb Code   204  app_t5l_ctrl.o(i.screenPublic_FreshDisplayPosition_Of_WeightVlu)
    screenT5L_HelpDataMainFunction           0x08004f69   Thumb Code    88  app_t5l_ctrl.o(i.screenT5L_HelpDataMainFunction)
    screenT5L_Init                           0x08004fc9   Thumb Code   386  app_t5l_ctrl.o(i.screenT5L_Init)
    screenT5L_OutputVoice                    0x0800519d   Thumb Code   212  app_t5l_ctrl.o(i.screenT5L_OutputVoice)
    screenT5L_RxFunction                     0x0800527d   Thumb Code   364  app_t5l_ctrl.o(i.screenT5L_RxFunction)
    screenT5L_TxFunction                     0x080053ed   Thumb Code   518  app_t5l_ctrl.o(i.screenT5L_TxFunction)
    screenT5L_VersionGet                     0x080055fd   Thumb Code    14  app_t5l_ctrl.o(i.screenT5L_VersionGet)
    screenT5L_VoicePrintfMainfunction        0x0800560d   Thumb Code   304  app_t5l_ctrl.o(i.screenT5L_VoicePrintfMainfunction)
    sdweAskRegData                           0x08005751   Thumb Code    22  app_t5l_ctrl.o(i.sdweAskRegData)
    sdweAskVaribleData                       0x0800576d   Thumb Code  1196  app_t5l_ctrl.o(i.sdweAskVaribleData)
    sdwe_VoicePrintfPop                      0x08005c1d   Thumb Code   166  app_t5l_ctrl.o(i.sdwe_VoicePrintfPop)
    sdwe_VoicePrintfPush                     0x08005cd1   Thumb Code    80  app_t5l_ctrl.o(i.sdwe_VoicePrintfPush)
    sendBalancingWeightAndColor20220125_FuncA_Master 0x08005d2d   Thumb Code   170  app_t5l_ctrl.o(i.sendBalancingWeightAndColor20220125_FuncA_Master)
    sendBalancingWeightAndColor20220125_FuncA_Slave 0x08005dfd   Thumb Code   228  app_t5l_ctrl.o(i.sendBalancingWeightAndColor20220125_FuncA_Slave)
    sendBalancingWeightAndColor619           0x08005efd   Thumb Code   184  app_t5l_ctrl.o(i.sendBalancingWeightAndColor619)
    sendBalancingWeightAndColor6192          0x08005fdd   Thumb Code   224  app_t5l_ctrl.o(i.sendBalancingWeightAndColor6192)
    sendHelpDataDiff                         0x080060d9   Thumb Code   636  app_t5l_ctrl.o(i.sendHelpDataDiff)
    sendHelpDataDiff_AtSlave1Device          0x08006379   Thumb Code    84  app_t5l_ctrl.o(i.sendHelpDataDiff_AtSlave1Device)
    sendScreenLight                          0x080063d9   Thumb Code   132  app_t5l_ctrl.o(i.sendScreenLight)
    sendSysParaDataToDiwen                   0x08006469   Thumb Code  1992  app_t5l_ctrl.o(i.sendSysParaDataToDiwen)
    setModbusDataValid                       0x08006c41   Thumb Code     8  app_modbus_rtu_ctrl.o(i.setModbusDataValid)
    setModbusOtherRemoveFlag                 0x08006c4d   Thumb Code     8  app_modbus_rtu_ctrl.o(i.setModbusOtherRemoveFlag)
    setModbusSelfRemoveFlag                  0x08006c59   Thumb Code     8  app_modbus_rtu_ctrl.o(i.setModbusSelfRemoveFlag)
    setSampleWeightValue                     0x08006c65   Thumb Code    36  app_hx711_ctrl.o(i.setSampleWeightValue)
    sreenT5L_MainFunction                    0x08006c8d   Thumb Code    32  app_t5l_ctrl.o(i.sreenT5L_MainFunction)
    storeSysDataToFlash                      0x08006cb1   Thumb Code   342  app_syspara.o(i.storeSysDataToFlash)
    storeSysDataToFlash_3030                 0x08006e15   Thumb Code   576  app_syspara.o(i.storeSysDataToFlash_3030)
    system_init                              0x08007069   Thumb Code    40  app_main.o(i.system_init)
    t5lDisPlayDataClear                      0x08007091   Thumb Code    74  app_t5l_ctrl.o(i.t5lDisPlayDataClear)
    t5lReadVarible                           0x080070f9   Thumb Code   158  app_t5l_ctrl.o(i.t5lReadVarible)
    t5lWriteData                             0x080071a1   Thumb Code   300  app_t5l_ctrl.o(i.t5lWriteData)
    t5lWriteVarible                          0x080072d5   Thumb Code   226  app_t5l_ctrl.o(i.t5lWriteVarible)
    trigerCalcKB                             0x080073c1   Thumb Code   502  app_hx711_ctrl.o(i.trigerCalcKB)
    wm_hal_gpio_init                         0x080075c1   Thumb Code    86  hal_gpio.o(i.wm_hal_gpio_init)
    writeColorDataFromCom                    0x08007631   Thumb Code    92  app_t5l_ctrl.o(i.writeColorDataFromCom)
    writeHelpDataFromCom                     0x08007691   Thumb Code    92  app_t5l_ctrl.o(i.writeHelpDataFromCom)
    writeWeightDataFromCom                   0x080076f1   Thumb Code   180  app_t5l_ctrl.o(i.writeWeightDataFromCom)
    __aeabi_d2f                              0x080077ad   Thumb Code     0  d2f.o(x$fpl$d2f)
    _d2f                                     0x080077ad   Thumb Code    98  d2f.o(x$fpl$d2f)
    __fpl_dcmp_Inf                           0x0800780f   Thumb Code    24  dcmpi.o(x$fpl$dcmpinf)
    __aeabi_i2d                              0x08007827   Thumb Code     0  dflt_clz.o(x$fpl$dflt)
    _dflt                                    0x08007827   Thumb Code    46  dflt_clz.o(x$fpl$dflt)
    __aeabi_ui2d                             0x08007855   Thumb Code     0  dflt_clz.o(x$fpl$dfltu)
    _dfltu                                   0x08007855   Thumb Code    38  dflt_clz.o(x$fpl$dfltu)
    __aeabi_cdcmple                          0x0800787d   Thumb Code     0  dleqf.o(x$fpl$dleqf)
    _dcmple                                  0x0800787d   Thumb Code   120  dleqf.o(x$fpl$dleqf)
    __fpl_dcmple_InfNaN                      0x080078df   Thumb Code     0  dleqf.o(x$fpl$dleqf)
    __aeabi_dmul                             0x080078f5   Thumb Code     0  dmul.o(x$fpl$dmul)
    _dmul                                    0x080078f5   Thumb Code   332  dmul.o(x$fpl$dmul)
    __fpl_dnaninf                            0x08007a49   Thumb Code   156  dnaninf.o(x$fpl$dnaninf)
    __fpl_dretinf                            0x08007ae5   Thumb Code    12  dretinf.o(x$fpl$dretinf)
    __aeabi_cdrcmple                         0x08007af1   Thumb Code     0  drleqf.o(x$fpl$drleqf)
    _drcmple                                 0x08007af1   Thumb Code   108  drleqf.o(x$fpl$drleqf)
    _fp_init                                 0x08007b5d   Thumb Code    10  fpinit.o(x$fpl$fpinit)
    __fplib_config_fpu_vfp                   0x08007b65   Thumb Code     0  fpinit.o(x$fpl$fpinit)
    __fplib_config_pureend_doubles           0x08007b65   Thumb Code     0  fpinit.o(x$fpl$fpinit)
    __fpl_fretinf                            0x08007b67   Thumb Code    10  fretinf.o(x$fpl$fretinf)
    __I$use$fp                               0x08007b70   Number         0  usenofp.o(x$fpl$usenofp)
    defaultChanelSamplePoint                 0x08007b70   Data          40  app_hx711_ctrl.o(.constdata)
    g_CrcHTable                              0x08007b98   Data         256  app_crc.o(.constdata)
    g_CrcLTable                              0x08007c98   Data         256  app_crc.o(.constdata)
    DO_GPIO_CLK                              0x08007dc8   Data          52  hal_gpio.o(.constdata)
    DO_GPIO_PIN                              0x08007dfc   Data          26  hal_gpio.o(.constdata)
    DI_GPIO_CLK                              0x08007e18   Data          56  hal_gpio.o(.constdata)
    DI_GPIO_PIN                              0x08007e50   Data          28  hal_gpio.o(.constdata)
    UART_PORT_CLK                            0x08007e6c   Data           8  hal_uart.o(.constdata)
    UART_PORT_IRQn                           0x08007e74   Data           2  hal_uart.o(.constdata)
    UART_PORT_GPIO_AF                        0x08007e76   Data           2  hal_uart.o(.constdata)
    UART_TX_GPIO_CLK                         0x08007e78   Data           8  hal_uart.o(.constdata)
    UART_TX_GPIO_PIN                         0x08007e80   Data           4  hal_uart.o(.constdata)
    UART_TX_PIN_SOURCE                       0x08007e84   Data           4  hal_uart.o(.constdata)
    UART_RX_GPIO_CLK                         0x08007e88   Data           8  hal_uart.o(.constdata)
    UART_RX_GPIO_PIN                         0x08007e90   Data           4  hal_uart.o(.constdata)
    UART_RX_PIN_SOURCE                       0x08007e94   Data           4  hal_uart.o(.constdata)
    UART_DEA_GPIO_CLK                        0x08007e98   Data           8  hal_uart.o(.constdata)
    UART_DEA_GPIO_PIN                        0x08007ea0   Data           4  hal_uart.o(.constdata)
    UART_TX_DMA_CLK                          0x08007ea4   Data           8  hal_uart.o(.constdata)
    UART_TX_DMA_IRQn                         0x08007eac   Data           2  hal_uart.o(.constdata)
    UART_TX_DMA_IT_TCIF                      0x08007eb0   Data           8  hal_uart.o(.constdata)
    UART_RX_DMA_CLK                          0x08007eb8   Data           8  hal_uart.o(.constdata)
    g_UartBaudTab                            0x08007ec0   Data          40  hal_uart.o(.constdata)
    Region$$Table$$Base                      0x08007ee8   Number         0  anon$$obj.o(Region$$Table)
    Region$$Table$$Limit                     0x08007f08   Number         0  anon$$obj.o(Region$$Table)
    g_sys_ms_tick                            0x20000000   Data           4  app_main_task.o(.data)
    g_led_ctrl_data                          0x20000005   Data           3  app_led_ctrl.o(.data)
    g_ModbusRtu                              0x2000002c   Data         852  app_modbus_rtu_ctrl.o(.data)
    g_passWordId                             0x20000380   Data           4  app_password.o(.data)
    g_passWordStore                          0x20000384   Data           4  app_password.o(.data)
    g_sysLocked                              0x20000388   Data           4  app_password.o(.data)
    idAddr                                   0x2000038c   Data          40  app_password.o(.data)
    gSystemPara                              0x200003b4   Data          96  app_syspara.o(.data)
    g_T5L                                    0x20000418   Data         688  app_t5l_ctrl.o(.data)
    u8T5LVoiceBuffPush_i                     0x200006c8   Data           1  app_t5l_ctrl.o(.data)
    u8T5LVoiceBuffPop_i                      0x200006c9   Data           1  app_t5l_ctrl.o(.data)
    u8T5LVoiceBuffStoreNum                   0x200006ca   Data           1  app_t5l_ctrl.o(.data)
    g_u8Read00A1_Data                        0x200006cb   Data           1  app_t5l_ctrl.o(.data)
    g_handleStatus                           0x200006cc   Data           2  app_t5l_ctrl.o(.data)
    g_u16WeightHoldOn                        0x200006ce   Data           2  app_t5l_ctrl.o(.data)
    g_needSendHelp                           0x200006d0   Data           2  app_t5l_ctrl.o(.data)
    g_handle_i                               0x200006d2   Data           2  app_t5l_ctrl.o(.data)
    g_rmTrigerInnerSts                       0x200006d4   Data           2  app_t5l_ctrl.o(.data)
    IS_8H_WeightVlu_DP_Add                   0x20000704   Data          16  app_innerscreen_cfg.o(.data)
    IS_8H_HelpVlu_DP_Add                     0x20000714   Data          24  app_innerscreen_cfg.o(.data)
    IS_8H_WeightIndex_DP_Add                 0x2000072c   Data          16  app_innerscreen_cfg.o(.data)
    IS_8H_WeightColor_DP_Add                 0x2000073c   Data          16  app_innerscreen_cfg.o(.data)
    IS_8H_Misc_Add                           0x2000074c   Data           4  app_innerscreen_cfg.o(.data)
    IS_8H_WeightVlue_DP_Vlu_WuXiaoShu        0x20000750   Data          96  app_innerscreen_cfg.o(.data)
    IS_8H_WeightVlue_DP_Vlu_YouXiaoShu       0x200007b0   Data          96  app_innerscreen_cfg.o(.data)
    IS_8H_HelpVlue_DP_Vlu_WuXiaoShu          0x20000810   Data         144  app_innerscreen_cfg.o(.data)
    IS_8H_HelpVlue_DP_Vlu_YouXiaoShu         0x200008a0   Data         144  app_innerscreen_cfg.o(.data)
    IS_8H_WeightIndex_DP_Vlu                 0x20000930   Data          96  app_innerscreen_cfg.o(.data)
    IS_8H_Misc_DP_Vlu                        0x20000990   Data          12  app_innerscreen_cfg.o(.data)
    IS_8H_WeightColor_DP_Vlu                 0x2000099c   Data          32  app_innerscreen_cfg.o(.data)
    innerScreenCfg                           0x200009bc   Data         272  app_innerscreen_cfg.o(.data)
    IS_6H_WeightVlu_DP_Add                   0x20000acc   Data          32  app_innerscreen_cfg_6.o(.data)
    IS_6H_HelpVlu_DP_Add                     0x20000aec   Data          32  app_innerscreen_cfg_6.o(.data)
    IS_6H_WeightIndex_DP_Add                 0x20000b0c   Data          32  app_innerscreen_cfg_6.o(.data)
    IS_6H_WeightColor_DP_Add                 0x20000b2c   Data          32  app_innerscreen_cfg_6.o(.data)
    IS_6H_Misc_Add                           0x20000b4c   Data           4  app_innerscreen_cfg_6.o(.data)
    IS_6H_WeightVlue_DP_Vlu_WuXiaoShu        0x20000b50   Data          72  app_innerscreen_cfg_6.o(.data)
    IS_6H_WeightVlue_DP_Vlu_YouXiaoShu       0x20000b98   Data          72  app_innerscreen_cfg_6.o(.data)
    IS_6H_HelpVlue_DP_Vlu_WuXiaoShu          0x20000be0   Data         108  app_innerscreen_cfg_6.o(.data)
    IS_6H_HelpVlue_DP_Vlu_YouXiaoShu         0x20000c4c   Data         108  app_innerscreen_cfg_6.o(.data)
    IS_6H_WeightIndex_DP_Vlu                 0x20000cb8   Data          72  app_innerscreen_cfg_6.o(.data)
    IS_6H_Misc_DP_Vlu                        0x20000d00   Data          12  app_innerscreen_cfg_6.o(.data)
    IS_6H_WeightColor_DP_Vlu                 0x20000d0c   Data          24  app_innerscreen_cfg_6.o(.data)
    IS_12H_WeightVlu_DP_Add                  0x20000d24   Data          32  app_innerscreen_cfg_12.o(.data)
    IS_12H_HelpVlu_DP_Add                    0x20000d44   Data          32  app_innerscreen_cfg_12.o(.data)
    IS_12H_WeightIndex_DP_Add                0x20000d64   Data          32  app_innerscreen_cfg_12.o(.data)
    IS_12H_WeightColor_DP_Add                0x20000d84   Data          32  app_innerscreen_cfg_12.o(.data)
    IS_12H_Misc_Add                          0x20000da4   Data           4  app_innerscreen_cfg_12.o(.data)
    IS_12HS6_HelpVlue_DP_Vlu_WuXiaoShu       0x20000da8   Data         108  app_innerscreen_cfg_12.o(.data)
    IS_12HS6_HelpVlue_DP_Vlu_YouXiaoShu      0x20000e14   Data         108  app_innerscreen_cfg_12.o(.data)
    IS_12H6_WeightIndex_DP_Vlu               0x20000e80   Data          72  app_innerscreen_cfg_12.o(.data)
    IS_12HS6_WeightIndex_DP_Vlu              0x20000ec8   Data          72  app_innerscreen_cfg_12.o(.data)
    IS_12H_Misc_DP_Vlu                       0x20000f10   Data          12  app_innerscreen_cfg_12.o(.data)
    IS_16HS8_WeightVlu_DP_Add                0x20000f1c   Data          16  app_innerscreen_cfg_16.o(.data)
    IS_16HS12_HelpVlu_DP_Add                 0x20000f2c   Data          24  app_innerscreen_cfg_16.o(.data)
    IS_16HS8_WeightIndex_DP_Add              0x20000f44   Data          16  app_innerscreen_cfg_16.o(.data)
    IS_16HS8_WeightColor_DP_Add              0x20000f54   Data          16  app_innerscreen_cfg_16.o(.data)
    IS_16H_Misc_Add                          0x20000f64   Data           4  app_innerscreen_cfg_16.o(.data)
    IS_16HS8_HelpVlue_DP_Vlu_WuXiaoShu       0x20000f68   Data         144  app_innerscreen_cfg_16.o(.data)
    IS_16HS8_HelpVlue_DP_Vlu_YouXiaoShu      0x20000ff8   Data         144  app_innerscreen_cfg_16.o(.data)
    IS_16HS8_WeightIndex_DP_Vlu              0x20001088   Data          96  app_innerscreen_cfg_16.o(.data)
    IS_16H_Misc_DP_Vlu                       0x200010e8   Data          12  app_innerscreen_cfg_16.o(.data)
    DO_GPIO_PORT                             0x200010f8   Data          52  hal_gpio.o(.data)
    DI_GPIO_PORT                             0x2000112c   Data          56  hal_gpio.o(.data)
    UART_PORT                                0x20001164   Data           8  hal_uart.o(.data)
    UART_TX_GPIO_PORT                        0x2000116c   Data           8  hal_uart.o(.data)
    UART_RX_GPIO_PORT                        0x20001174   Data           8  hal_uart.o(.data)
    UART_DEA_GPIO_PORT                       0x2000117c   Data           8  hal_uart.o(.data)
    UART_TX_DMA                              0x20001184   Data           8  hal_uart.o(.data)
    UART_TX_DMA_CHANNEL                      0x2000118c   Data           8  hal_uart.o(.data)
    UART_RX_DMA                              0x20001194   Data           8  hal_uart.o(.data)
    UART_RX_DMA_CHANNEL                      0x2000119c   Data           8  hal_uart.o(.data)
    g_UartDevice                             0x200011a4   Data         112  hal_uart.o(.data)
    l_RccWiteTimeOut                         0x2000122c   Data           4  drv_rcc.o(.data)
    HX711Chanel                              0x20001230   Data        1416  app_hx711_ctrl.o(.bss)
    SysKey                                   0x200017d6   Data          12  app_key_ctrl.o(.bss)
    STM32McuId                               0x200017e4   Data          12  app_password.o(.bss)
    flashStoreDataBuf                        0x200017f0   Data        1060  app_syspara.o(.bss)
    flashStoreDataBuf_3030                   0x20001c14   Data          88  app_syspara.o(.bss)
    g_t5l_dis_data                           0x20001c6c   Data          24  app_t5l_ctrl.o(.bss)
    g_t5l_dis_data_buff                      0x20001c84   Data          24  app_t5l_ctrl.o(.bss)
    g_T5L_VoiceBuff                          0x20001ecc   Data          18  app_t5l_ctrl.o(.bss)
    g_i16DataBuff                            0x20001ede   Data          24  app_t5l_ctrl.o(.bss)
    g_i16DataBuffPre                         0x20001ef6   Data          24  app_t5l_ctrl.o(.bss)
    g_i16ColorBuff                           0x20001f0e   Data          24  app_t5l_ctrl.o(.bss)
    g_i16ColorBuffPre                        0x20001f26   Data          24  app_t5l_ctrl.o(.bss)
    g_i16ColorOtherChanel                    0x20001f3e   Data          24  app_t5l_ctrl.o(.bss)
    g_fDataBuffCaculate                      0x20001f58   Data          48  app_t5l_ctrl.o(.bss)
    g_i16OtherChanelCaculate                 0x20001f88   Data          24  app_t5l_ctrl.o(.bss)
    g_i16HelpDataBuff                        0x20001fa0   Data          36  app_t5l_ctrl.o(.bss)
    g_i16HelpDataBuffPre                     0x20001fc4   Data          36  app_t5l_ctrl.o(.bss)
    g_i16HelpDataSort                        0x20001fe8   Data          48  app_t5l_ctrl.o(.bss)
    g_i16HelpDataChnSort                     0x20002018   Data          24  app_t5l_ctrl.o(.bss)
    g_i32DataBuff                            0x20002030   Data          48  app_t5l_ctrl.o(.bss)
    g_i32DataBuffPre                         0x20002060   Data          48  app_t5l_ctrl.o(.bss)
    g_i32_i16DataBuff                        0x20002090   Data          48  app_t5l_ctrl.o(.bss)
    g_ClockFrequency                         0x200020c0   Data          36  drv_rcc.o(.bss)
    __libspace_start                         0x200020e4   Data          96  libspace.o(.bss)
    __temporary_stack_top$libspace           0x20002144   Data           0  libspace.o(.bss)



==============================================================================

Memory Map of the image

  Image Entry point : 0x08000189

  Load Region LR_IROM1 (Base: 0x08000000, Size: 0x00009138, Max: 0x00030000, ABSOLUTE, COMPRESSED[0x00008444])

    Execution Region ER_IROM1 (Base: 0x08000000, Size: 0x00007f08, Max: 0x00030000, ABSOLUTE)

    Base Addr    Size         Type   Attr      Idx    E Section Name        Object

    0x08000000   0x00000188   Data   RO         1114    RESET               startup_stm32f30x.o
    0x08000188   0x00000008   Code   RO         2817  * !!!main             c_w.l(__main.o)
    0x08000190   0x00000034   Code   RO         2999    !!!scatter          c_w.l(__scatter.o)
    0x080001c4   0x00000064   Code   RO         2997    !!dclz77c           c_w.l(__dclz77c.o)
    0x08000228   0x0000001c   Code   RO         3001    !!handler_zi        c_w.l(__scatter_zi.o)
    0x08000244   0x00000002   Code   RO         2867    .ARM.Collect$$libinit$$00000000  c_w.l(libinit.o)
    0x08000246   0x00000004   Code   RO         2873    .ARM.Collect$$libinit$$00000001  c_w.l(libinit2.o)
    0x0800024a   0x00000000   Code   RO         2876    .ARM.Collect$$libinit$$00000004  c_w.l(libinit2.o)
    0x0800024a   0x00000000   Code   RO         2879    .ARM.Collect$$libinit$$0000000A  c_w.l(libinit2.o)
    0x0800024a   0x00000000   Code   RO         2881    .ARM.Collect$$libinit$$0000000C  c_w.l(libinit2.o)
    0x0800024a   0x00000000   Code   RO         2883    .ARM.Collect$$libinit$$0000000E  c_w.l(libinit2.o)
    0x0800024a   0x00000000   Code   RO         2886    .ARM.Collect$$libinit$$00000011  c_w.l(libinit2.o)
    0x0800024a   0x00000000   Code   RO         2888    .ARM.Collect$$libinit$$00000013  c_w.l(libinit2.o)
    0x0800024a   0x00000000   Code   RO         2890    .ARM.Collect$$libinit$$00000015  c_w.l(libinit2.o)
    0x0800024a   0x00000000   Code   RO         2892    .ARM.Collect$$libinit$$00000017  c_w.l(libinit2.o)
    0x0800024a   0x00000000   Code   RO         2894    .ARM.Collect$$libinit$$00000019  c_w.l(libinit2.o)
    0x0800024a   0x00000000   Code   RO         2896    .ARM.Collect$$libinit$$0000001B  c_w.l(libinit2.o)
    0x0800024a   0x00000000   Code   RO         2898    .ARM.Collect$$libinit$$0000001D  c_w.l(libinit2.o)
    0x0800024a   0x00000000   Code   RO         2900    .ARM.Collect$$libinit$$0000001F  c_w.l(libinit2.o)
    0x0800024a   0x00000000   Code   RO         2902    .ARM.Collect$$libinit$$00000021  c_w.l(libinit2.o)
    0x0800024a   0x00000000   Code   RO         2904    .ARM.Collect$$libinit$$00000023  c_w.l(libinit2.o)
    0x0800024a   0x00000000   Code   RO         2906    .ARM.Collect$$libinit$$00000025  c_w.l(libinit2.o)
    0x0800024a   0x00000000   Code   RO         2910    .ARM.Collect$$libinit$$0000002C  c_w.l(libinit2.o)
    0x0800024a   0x00000000   Code   RO         2912    .ARM.Collect$$libinit$$0000002E  c_w.l(libinit2.o)
    0x0800024a   0x00000000   Code   RO         2914    .ARM.Collect$$libinit$$00000030  c_w.l(libinit2.o)
    0x0800024a   0x00000000   Code   RO         2916    .ARM.Collect$$libinit$$00000032  c_w.l(libinit2.o)
    0x0800024a   0x00000002   Code   RO         2917    .ARM.Collect$$libinit$$00000033  c_w.l(libinit2.o)
    0x0800024c   0x00000002   Code   RO         2937    .ARM.Collect$$libshutdown$$00000000  c_w.l(libshutdown.o)
    0x0800024e   0x00000000   Code   RO         2950    .ARM.Collect$$libshutdown$$00000002  c_w.l(libshutdown2.o)
    0x0800024e   0x00000000   Code   RO         2952    .ARM.Collect$$libshutdown$$00000004  c_w.l(libshutdown2.o)
    0x0800024e   0x00000000   Code   RO         2955    .ARM.Collect$$libshutdown$$00000007  c_w.l(libshutdown2.o)
    0x0800024e   0x00000000   Code   RO         2958    .ARM.Collect$$libshutdown$$0000000A  c_w.l(libshutdown2.o)
    0x0800024e   0x00000000   Code   RO         2960    .ARM.Collect$$libshutdown$$0000000C  c_w.l(libshutdown2.o)
    0x0800024e   0x00000000   Code   RO         2963    .ARM.Collect$$libshutdown$$0000000F  c_w.l(libshutdown2.o)
    0x0800024e   0x00000002   Code   RO         2964    .ARM.Collect$$libshutdown$$00000010  c_w.l(libshutdown2.o)
    0x08000250   0x00000000   Code   RO         2831    .ARM.Collect$$rtentry$$00000000  c_w.l(__rtentry.o)
    0x08000250   0x00000000   Code   RO         2842    .ARM.Collect$$rtentry$$00000002  c_w.l(__rtentry2.o)
    0x08000250   0x00000006   Code   RO         2854    .ARM.Collect$$rtentry$$00000004  c_w.l(__rtentry4.o)
    0x08000256   0x00000000   Code   RO         2844    .ARM.Collect$$rtentry$$00000009  c_w.l(__rtentry2.o)
    0x08000256   0x00000004   Code   RO         2845    .ARM.Collect$$rtentry$$0000000A  c_w.l(__rtentry2.o)
    0x0800025a   0x00000000   Code   RO         2847    .ARM.Collect$$rtentry$$0000000C  c_w.l(__rtentry2.o)
    0x0800025a   0x00000008   Code   RO         2848    .ARM.Collect$$rtentry$$0000000D  c_w.l(__rtentry2.o)
    0x08000262   0x00000002   Code   RO         2871    .ARM.Collect$$rtexit$$00000000  c_w.l(rtexit.o)
    0x08000264   0x00000000   Code   RO         2919    .ARM.Collect$$rtexit$$00000002  c_w.l(rtexit2.o)
    0x08000264   0x00000004   Code   RO         2920    .ARM.Collect$$rtexit$$00000003  c_w.l(rtexit2.o)
    0x08000268   0x00000006   Code   RO         2921    .ARM.Collect$$rtexit$$00000004  c_w.l(rtexit2.o)
    0x0800026e   0x00000002   PAD
    0x08000270   0x00000048   Code   RO         1115    .text               startup_stm32f30x.o
    0x080002b8   0x0000004e   Code   RO         2813    .text               c_w.l(rt_memclr_w.o)
    0x08000306   0x00000006   Code   RO         2815    .text               c_w.l(heapauxi.o)
    0x0800030c   0x0000004a   Code   RO         2858    .text               c_w.l(sys_stackheap_outer.o)
    0x08000356   0x00000012   Code   RO         2860    .text               c_w.l(exit.o)
    0x08000368   0x00000008   Code   RO         2868    .text               c_w.l(libspace.o)
    0x08000370   0x0000000c   Code   RO         2929    .text               c_w.l(sys_exit.o)
    0x0800037c   0x00000002   Code   RO         2940    .text               c_w.l(use_no_semi.o)
    0x0800037e   0x00000000   Code   RO         2942    .text               c_w.l(indicate_semi.o)
    0x0800037e   0x00000002   PAD
    0x08000380   0x00000094   Code   RO          417    i.BubbleSort        app_crc.o
    0x08000414   0x00000052   Code   RO          418    i.BubbleSortINT32   app_crc.o
    0x08000466   0x00000002   PAD
    0x08000468   0x0000003c   Code   RO         1501    i.DMA1_Channel2_IRQHandler  firmware_wm_00_hal.lib(hal_uart.o)
    0x080004a4   0x0000003c   Code   RO         1502    i.DMA1_Channel7_IRQHandler  firmware_wm_00_hal.lib(hal_uart.o)
    0x080004e0   0x0000003c   Code   RO          632    i.GetFloatBalancingModelData  app_t5l_ctrl.o
    0x0800051c   0x00000058   Code   RO          179    i.LedCtrlSendPulse  app_led_ctrl.o
    0x08000574   0x00000088   Code   RO          180    i.LedDataSet        app_led_ctrl.o
    0x080005fc   0x0000000a   Code   RO          181    i.Led_delay         app_led_ctrl.o
    0x08000606   0x00000002   PAD
    0x08000608   0x0000004c   Code   RO          444    i.ModbusRtu_MainFunction  app_modbus_rtu_ctrl.o
    0x08000654   0x00000044   Code   RO          445    i.ModbusRtu_MasterCycleReadWeightScan  app_modbus_rtu_ctrl.o
    0x08000698   0x0000002c   Code   RO          446    i.ModbusRtu_MasterMainFunction  app_modbus_rtu_ctrl.o
    0x080006c4   0x000000e4   Code   RO          447    i.ModbusRtu_MasterMaskDeal  app_modbus_rtu_ctrl.o
    0x080007a8   0x00000170   Code   RO          448    i.ModbusRtu_MasterRxMainFunction  app_modbus_rtu_ctrl.o
    0x08000918   0x0000008a   Code   RO          449    i.ModbusRtu_MasterTxMainFunction  app_modbus_rtu_ctrl.o
    0x080009a2   0x00000082   Code   RO          450    i.ModbusRtu_RxMainFunction  app_modbus_rtu_ctrl.o
    0x08000a24   0x0000001c   Code   RO          451    i.ModbusRtu_SlaveMainFunction  app_modbus_rtu_ctrl.o
    0x08000a40   0x000000f4   Code   RO          452    i.ModbusRtu_SlaveRxMainFunction  app_modbus_rtu_ctrl.o
    0x08000b34   0x00000056   Code   RO          453    i.ModbusRtu_SlaveTxMainFunction  app_modbus_rtu_ctrl.o
    0x08000b8a   0x00000002   PAD
    0x08000b8c   0x00000188   Code   RO          454    i.ModbusRtu_SlaveTxMaskDeal  app_modbus_rtu_ctrl.o
    0x08000d14   0x0000004c   Code   RO          455    i.ModbusRtu_init    app_modbus_rtu_ctrl.o
    0x08000d60   0x0000004c   Code   RO          561    i.STM32CheckPassWord  app_password.o
    0x08000dac   0x00000028   Code   RO          562    i.STM32MCUIDGet     app_password.o
    0x08000dd4   0x00000014   Code   RO         1416    i.TIM6_DAC_IRQHandler  firmware_wm_00_hal.lib(hal_timer.o)
    0x08000de8   0x000000f8   Code   RO         1503    i.USART2_IRQHandler  firmware_wm_00_hal.lib(hal_uart.o)
    0x08000ee0   0x00000178   Code   RO         1504    i.USART3_IRQHandler  firmware_wm_00_hal.lib(hal_uart.o)
    0x08001058   0x00000024   Code   RO         1048    i.appScreenCfgIndexGet  app_t5l_cfg.o
    0x0800107c   0x00000030   Code   RO          152    i.app_main_init     app_main_task.o
    0x080010ac   0x00000048   Code   RO          153    i.app_main_task     app_main_task.o
    0x080010f4   0x00000002   Code   RO          633    i.app_uart_extern_msg_packet_process  app_t5l_ctrl.o
    0x080010f6   0x0000001a   Code   RO          182    i.balaningColorClear  app_led_ctrl.o
    0x08001110   0x00000048   Code   RO          419    i.cal_crc16         app_crc.o
    0x08001158   0x00000228   Code   RO          634    i.chanelChangedTrigerDeal  app_t5l_ctrl.o
    0x08001380   0x000000c0   Code   RO          635    i.clearLocalCalibrationKAndBAndSample  app_t5l_ctrl.o
    0x08001440   0x00000080   Code   RO          636    i.clearLocalCalibrationRecordData  app_t5l_ctrl.o
    0x080014c0   0x00000020   Code   RO          637    i.color_clearAllColor  app_t5l_ctrl.o
    0x080014e0   0x00000010   Code   RO         1629    i.drv_debug_apb1_stop  STM32F303DriverLib.lib(drv_dbgmcu.o)
    0x080014f0   0x0000004c   Code   RO         1121    i.drv_delay_init    STM32F303DriverLib.lib(drv_delay.o)
    0x0800153c   0x00000044   Code   RO         1122    i.drv_delay_ms      STM32F303DriverLib.lib(drv_delay.o)
    0x08001580   0x00000044   Code   RO         1123    i.drv_delay_us      STM32F303DriverLib.lib(drv_delay.o)
    0x080015c4   0x0000000c   Code   RO         1664    i.drv_dma_set_mem_addr_length  STM32F303DriverLib.lib(drv_dma.o)
    0x080015d0   0x00000028   Code   RO         1665    i.drv_dma_stream_clear_flag_status  STM32F303DriverLib.lib(drv_dma.o)
    0x080015f8   0x0000001c   Code   RO         1666    i.drv_dma_stream_clear_it_pending_bit  STM32F303DriverLib.lib(drv_dma.o)
    0x08001614   0x00000104   Code   RO         1667    i.drv_dma_stream_deinit  STM32F303DriverLib.lib(drv_dma.o)
    0x08001718   0x0000000a   Code   RO         1668    i.drv_dma_stream_disable  STM32F303DriverLib.lib(drv_dma.o)
    0x08001722   0x0000000c   Code   RO         1669    i.drv_dma_stream_enable  STM32F303DriverLib.lib(drv_dma.o)
    0x0800172e   0x00000002   PAD
    0x08001730   0x00000064   Code   RO         1672    i.drv_dma_stream_get_it_status  STM32F303DriverLib.lib(drv_dma.o)
    0x08001794   0x0000000e   Code   RO         1673    i.drv_dma_stream_get_left_length  STM32F303DriverLib.lib(drv_dma.o)
    0x080017a2   0x0000006c   Code   RO         1674    i.drv_dma_stream_init  STM32F303DriverLib.lib(drv_dma.o)
    0x0800180e   0x00000008   Code   RO         1676    i.drv_dma_stream_it_enable  STM32F303DriverLib.lib(drv_dma.o)
    0x08001816   0x00000034   Code   RO         1677    i.drv_dma_stream_start_mem_to_periph  STM32F303DriverLib.lib(drv_dma.o)
    0x0800184a   0x00000034   Code   RO         1678    i.drv_dma_stream_start_periph_to_mem  STM32F303DriverLib.lib(drv_dma.o)
    0x0800187e   0x00000002   PAD
    0x08001880   0x00000048   Code   RO         1176    i.drv_flash_erase_sector  STM32F303DriverLib.lib(drv_flash.o)
    0x080018c8   0x0000002c   Code   RO         1178    i.drv_flash_get_status  STM32F303DriverLib.lib(drv_flash.o)
    0x080018f4   0x00000014   Code   RO         1179    i.drv_flash_lock    STM32F303DriverLib.lib(drv_flash.o)
    0x08001908   0x00000020   Code   RO         1181    i.drv_flash_read_words  STM32F303DriverLib.lib(drv_flash.o)
    0x08001928   0x00000024   Code   RO         1182    i.drv_flash_unlock  STM32F303DriverLib.lib(drv_flash.o)
    0x0800194c   0x00000028   Code   RO         1183    i.drv_flash_wait_last_operation  STM32F303DriverLib.lib(drv_flash.o)
    0x08001974   0x00000080   Code   RO         1187    i.drv_flash_write_words  STM32F303DriverLib.lib(drv_flash.o)
    0x080019f4   0x00000042   Code   RO         1772    i.drv_gpio_alternate_function_connect  STM32F303DriverLib.lib(drv_gpio.o)
    0x08001a36   0x000000dc   Code   RO         1773    i.drv_gpio_alternate_function_init  STM32F303DriverLib.lib(drv_gpio.o)
    0x08001b12   0x00000060   Code   RO         1776    i.drv_gpio_input_init  STM32F303DriverLib.lib(drv_gpio.o)
    0x08001b72   0x000000dc   Code   RO         1777    i.drv_gpio_output_init  STM32F303DriverLib.lib(drv_gpio.o)
    0x08001c4e   0x00000008   Code   RO         1586    i.drv_gpio_set_pins_high  firmware_wm_00_hal.lib(hal_uart.o)
    0x08001c56   0x00000002   PAD
    0x08001c58   0x00000024   Code   RO         1267    i.drv_iwdg_init     STM32F303DriverLib.lib(drv_iwdg.o)
    0x08001c7c   0x00000016   Code   RO         1822    i.drv_nvic_enable   STM32F303DriverLib.lib(drv_nvic.o)
    0x08001c92   0x00000002   PAD
    0x08001c94   0x00000040   Code   RO         1823    i.drv_nvic_init     STM32F303DriverLib.lib(drv_nvic.o)
    0x08001cd4   0x00000010   Code   RO         1857    i.drv_rcc_ahb1_clk_enable  STM32F303DriverLib.lib(drv_rcc.o)
    0x08001ce4   0x00000010   Code   RO         1861    i.drv_rcc_apb1_clk_enable  STM32F303DriverLib.lib(drv_rcc.o)
    0x08001cf4   0x00000010   Code   RO         1862    i.drv_rcc_apb1_periph_reset_disable  STM32F303DriverLib.lib(drv_rcc.o)
    0x08001d04   0x00000010   Code   RO         1863    i.drv_rcc_apb1_periph_reset_enable  STM32F303DriverLib.lib(drv_rcc.o)
    0x08001d14   0x00000010   Code   RO         1865    i.drv_rcc_apb2_clk_enable  STM32F303DriverLib.lib(drv_rcc.o)
    0x08001d24   0x00000010   Code   RO         1866    i.drv_rcc_apb2_periph_reset_disable  STM32F303DriverLib.lib(drv_rcc.o)
    0x08001d34   0x00000010   Code   RO         1867    i.drv_rcc_apb2_periph_reset_enable  STM32F303DriverLib.lib(drv_rcc.o)
    0x08001d44   0x00000104   Code   RO         1868    i.drv_rcc_get_clocks_freq  STM32F303DriverLib.lib(drv_rcc.o)
    0x08001e48   0x000002e0   Code   RO         1869    i.drv_rcc_init      STM32F303DriverLib.lib(drv_rcc.o)
    0x08002128   0x00000080   Code   RO         1966    i.drv_timer_base_init  STM32F303DriverLib.lib(drv_timer.o)
    0x080021a8   0x00000008   Code   RO         1990    i.drv_timer_clear_it_pending_bit  STM32F303DriverLib.lib(drv_timer.o)
    0x080021b0   0x000000fc   Code   RO         1991    i.drv_timer_deinit  STM32F303DriverLib.lib(drv_timer.o)
    0x080022ac   0x0000000c   Code   RO         1993    i.drv_timer_enable  STM32F303DriverLib.lib(drv_timer.o)
    0x080022b8   0x00000008   Code   RO         2021    i.drv_timer_it_enable  STM32F303DriverLib.lib(drv_timer.o)
    0x080022c0   0x00000004   Code   RO         2654    i.drv_uart_clear_flag_status  STM32F303DriverLib.lib(drv_uart.o)
    0x080022c4   0x00000012   Code   RO         2655    i.drv_uart_clear_it_pending_bit  STM32F303DriverLib.lib(drv_uart.o)
    0x080022d6   0x00000002   PAD
    0x080022d8   0x00000090   Code   RO         2656    i.drv_uart_deinit   STM32F303DriverLib.lib(drv_uart.o)
    0x08002368   0x0000000c   Code   RO         2659    i.drv_uart_dma_rx_enable  STM32F303DriverLib.lib(drv_uart.o)
    0x08002374   0x0000000c   Code   RO         2661    i.drv_uart_dma_tx_enable  STM32F303DriverLib.lib(drv_uart.o)
    0x08002380   0x00000010   Code   RO         2666    i.drv_uart_get_flag_status  STM32F303DriverLib.lib(drv_uart.o)
    0x08002390   0x000000be   Code   RO         2668    i.drv_uart_init     STM32F303DriverLib.lib(drv_uart.o)
    0x0800244e   0x00000034   Code   RO         2669    i.drv_uart_it_disable  STM32F303DriverLib.lib(drv_uart.o)
    0x08002482   0x00000034   Code   RO         2670    i.drv_uart_it_enable  STM32F303DriverLib.lib(drv_uart.o)
    0x080024b6   0x00000020   Code   RO         2671    i.drv_uart_put_bytes  STM32F303DriverLib.lib(drv_uart.o)
    0x080024d6   0x00000002   PAD
    0x080024d8   0x0000007c   Code   RO         2675    i.drv_uart_set_baudrate  STM32F303DriverLib.lib(drv_uart.o)
    0x08002554   0x0000001c   Code   RO          246    i.getChanelStruct   app_hx711_ctrl.o
    0x08002570   0x0000000c   Code   RO          456    i.getModbusOtherRemoveFlag  app_modbus_rtu_ctrl.o
    0x0800257c   0x00000034   Code   RO          638    i.getSysColorWhichUsable  app_t5l_ctrl.o
    0x080025b0   0x00000018   Code   RO         1286    i.hal_clock_init    firmware_wm_00_hal.lib(hal_clock.o)
    0x080025c8   0x00000008   Code   RO         1317    i.hal_delay_init    firmware_wm_00_hal.lib(hal_delay.o)
    0x080025d0   0x0000000c   Code   RO         1030    i.hal_delay_ms      app_t5l_ctrl.o
    0x080025dc   0x0000000c   Code   RO          362    i.hal_delay_us      app_hx711_ctrl.o
    0x080025e8   0x0000002c   Code   RO         1339    i.hal_di_get        firmware_wm_00_hal.lib(hal_gpio.o)
    0x08002614   0x00000020   Code   RO         1340    i.hal_gpio_set_do_high  firmware_wm_00_hal.lib(hal_gpio.o)
    0x08002634   0x00000020   Code   RO         1341    i.hal_gpio_set_do_low  firmware_wm_00_hal.lib(hal_gpio.o)
    0x08002654   0x0000004c   Code   RO         1420    i.hal_timer_init    firmware_wm_00_hal.lib(hal_timer.o)
    0x080026a0   0x00000058   Code   RO         1505    i.hal_uart_dma_rx_start  firmware_wm_00_hal.lib(hal_uart.o)
    0x080026f8   0x00000358   Code   RO         1506    i.hal_uart_gpio_init  firmware_wm_00_hal.lib(hal_uart.o)
    0x08002a50   0x00000268   Code   RO         1507    i.hal_uart_port_init  firmware_wm_00_hal.lib(hal_uart.o)
    0x08002cb8   0x0000003c   Code   RO         1508    i.hal_uart_rx_irq_disable  firmware_wm_00_hal.lib(hal_uart.o)
    0x08002cf4   0x0000003c   Code   RO         1509    i.hal_uart_rx_irq_enable  firmware_wm_00_hal.lib(hal_uart.o)
    0x08002d30   0x0000002c   Code   RO         1510    i.hal_uart_set_braudrate  firmware_wm_00_hal.lib(hal_uart.o)
    0x08002d5c   0x00000024   Code   RO         1580    i.hal_uart_set_rx_mode  firmware_wm_00_hal.lib(hal_uart.o)
    0x08002d80   0x00000002   Code   RO         1511    i.hal_uart_set_timeout  firmware_wm_00_hal.lib(hal_uart.o)
    0x08002d82   0x00000002   PAD
    0x08002d84   0x00000020   Code   RO         1591    i.hal_uart_set_tx_mode  firmware_wm_00_hal.lib(hal_uart.o)
    0x08002da4   0x00000108   Code   RO         1512    i.hal_uart_tx_bytes  firmware_wm_00_hal.lib(hal_uart.o)
    0x08002eac   0x000000dc   Code   RO          248    i.hx711_AllChanelSample  app_hx711_ctrl.o
    0x08002f88   0x0000002c   Code   RO          249    i.hx711_DataSampleCtrl  app_hx711_ctrl.o
    0x08002fb4   0x00000140   Code   RO          250    i.hx711_MainFunction  app_hx711_ctrl.o
    0x080030f4   0x000001e0   Code   RO          253    i.hx711_SenserCheck  app_hx711_ctrl.o
    0x080032d4   0x000000dc   Code   RO          254    i.hx711_SigChanelAvrgAndWeightCalc  app_hx711_ctrl.o
    0x080033b0   0x00000020   Code   RO          255    i.hx711_getAvgSample  app_hx711_ctrl.o
    0x080033d0   0x0000009c   Code   RO          256    i.hx711_getWeight   app_hx711_ctrl.o
    0x0800346c   0x00000168   Code   RO          257    i.hx711_init        app_hx711_ctrl.o
    0x080035d4   0x0000005c   Code   RO          258    i.hx711_setAllRemoveWeight  app_hx711_ctrl.o
    0x08003630   0x00000068   Code   RO          640    i.jumpToActivePage  app_t5l_ctrl.o
    0x08003698   0x0000007c   Code   RO          641    i.jumpToBalancingCleanPage  app_t5l_ctrl.o
    0x08003714   0x000000a4   Code   RO          642    i.jumpToBalancingHomePage  app_t5l_ctrl.o
    0x080037b8   0x000000b0   Code   RO          643    i.jumpToBalancingPage  app_t5l_ctrl.o
    0x08003868   0x000000b0   Code   RO          644    i.jumpToBanlingPage  app_t5l_ctrl.o
    0x08003918   0x00000068   Code   RO          645    i.jumpToCalibrationPage  app_t5l_ctrl.o
    0x08003980   0x00000068   Code   RO          646    i.jumpToHomePage    app_t5l_ctrl.o
    0x080039e8   0x00000070   Code   RO          647    i.jumpToStartUpPage  app_t5l_ctrl.o
    0x08003a58   0x00000068   Code   RO          648    i.jumpToSysparaPage  app_t5l_ctrl.o
    0x08003ac0   0x00000024   Code   RO          383    i.key_FilterGet     app_key_ctrl.o
    0x08003ae4   0x000000a0   Code   RO          384    i.key_MainFunction  app_key_ctrl.o
    0x08003b84   0x000000ac   Code   RO          385    i.key_filter        app_key_ctrl.o
    0x08003c30   0x00000058   Code   RO          386    i.key_init          app_key_ctrl.o
    0x08003c88   0x00000090   Code   RO          183    i.led_MainFunction  app_led_ctrl.o
    0x08003d18   0x0000003e   Code   RO          184    i.led_init          app_led_ctrl.o
    0x08003d56   0x00000002   PAD
    0x08003d58   0x0000003c   Code   RO            1    i.main              app_main.o
    0x08003d94   0x00000240   Code   RO          649    i.masterCaculateHelpData  app_t5l_ctrl.o
    0x08003fd4   0x00000024   Code   RO          650    i.pointSampleTrigerDataSet  app_t5l_ctrl.o
    0x08003ff8   0x00000044   Code   RO          651    i.pointTrigerDataSet  app_t5l_ctrl.o
    0x0800403c   0x00000148   Code   RO          652    i.pointTrigerDeal   app_t5l_ctrl.o
    0x08004184   0x00000024   Code   RO          653    i.pointWeightTrigerDataSet  app_t5l_ctrl.o
    0x080041a8   0x0000028c   Code   RO          654    i.preColorDataAndJudgeIfNeedSend  app_t5l_ctrl.o
    0x08004434   0x000001c8   Code   RO          655    i.preWeightDataAndJudgeIfNeedSend  app_t5l_ctrl.o
    0x080045fc   0x0000013c   Code   RO          656    i.preWeightDataAndJudgeIfNeedSend_FuncA_Master  app_t5l_ctrl.o
    0x08004738   0x00000038   Code   RO          657    i.readColorDataFromSys  app_t5l_ctrl.o
    0x08004770   0x00000038   Code   RO          658    i.readHelpDataFromSys  app_t5l_ctrl.o
    0x080047a8   0x00000180   Code   RO          586    i.readSysDataFromFlash  app_syspara.o
    0x08004928   0x00000174   Code   RO          587    i.readSysDataFromFlash_3030  app_syspara.o
    0x08004a9c   0x00000054   Code   RO          659    i.readWeightDataFromSys  app_t5l_ctrl.o
    0x08004af0   0x00000030   Code   RO          660    i.releaseSysColor   app_t5l_ctrl.o
    0x08004b20   0x00000118   Code   RO          661    i.removeWeightTrigerDeal  app_t5l_ctrl.o
    0x08004c38   0x00000148   Code   RO          662    i.resetCalibrationTrigerDeal  app_t5l_ctrl.o
    0x08004d80   0x0000003a   Code   RO          260    i.sampleDataPush    app_hx711_ctrl.o
    0x08004dba   0x00000002   PAD
    0x08004dbc   0x000000d8   Code   RO          663    i.screenPublic_FreshDisplayPosition_Of_HelpVlu  app_t5l_ctrl.o
    0x08004e94   0x000000d4   Code   RO          664    i.screenPublic_FreshDisplayPosition_Of_WeightVlu  app_t5l_ctrl.o
    0x08004f68   0x00000060   Code   RO          665    i.screenT5L_HelpDataMainFunction  app_t5l_ctrl.o
    0x08004fc8   0x000001d4   Code   RO          666    i.screenT5L_Init    app_t5l_ctrl.o
    0x0800519c   0x000000e0   Code   RO          667    i.screenT5L_OutputVoice  app_t5l_ctrl.o
    0x0800527c   0x00000170   Code   RO          668    i.screenT5L_RxFunction  app_t5l_ctrl.o
    0x080053ec   0x00000210   Code   RO          669    i.screenT5L_TxFunction  app_t5l_ctrl.o
    0x080055fc   0x0000000e   Code   RO          670    i.screenT5L_VersionGet  app_t5l_ctrl.o
    0x0800560a   0x00000002   PAD
    0x0800560c   0x00000144   Code   RO          671    i.screenT5L_VoicePrintfMainfunction  app_t5l_ctrl.o
    0x08005750   0x0000001c   Code   RO          674    i.sdweAskRegData    app_t5l_ctrl.o
    0x0800576c   0x000004b0   Code   RO          675    i.sdweAskVaribleData  app_t5l_ctrl.o
    0x08005c1c   0x000000b4   Code   RO          677    i.sdwe_VoicePrintfPop  app_t5l_ctrl.o
    0x08005cd0   0x0000005c   Code   RO          678    i.sdwe_VoicePrintfPush  app_t5l_ctrl.o
    0x08005d2c   0x000000d0   Code   RO          679    i.sendBalancingWeightAndColor20220125_FuncA_Master  app_t5l_ctrl.o
    0x08005dfc   0x00000100   Code   RO          680    i.sendBalancingWeightAndColor20220125_FuncA_Slave  app_t5l_ctrl.o
    0x08005efc   0x000000e0   Code   RO          681    i.sendBalancingWeightAndColor619  app_t5l_ctrl.o
    0x08005fdc   0x000000fc   Code   RO          682    i.sendBalancingWeightAndColor6192  app_t5l_ctrl.o
    0x080060d8   0x000002a0   Code   RO          683    i.sendHelpDataDiff  app_t5l_ctrl.o
    0x08006378   0x00000060   Code   RO          684    i.sendHelpDataDiff_AtSlave1Device  app_t5l_ctrl.o
    0x080063d8   0x00000090   Code   RO          685    i.sendScreenLight   app_t5l_ctrl.o
    0x08006468   0x000007d8   Code   RO          686    i.sendSysParaDataToDiwen  app_t5l_ctrl.o
    0x08006c40   0x0000000c   Code   RO          458    i.setModbusDataValid  app_modbus_rtu_ctrl.o
    0x08006c4c   0x0000000c   Code   RO          459    i.setModbusOtherRemoveFlag  app_modbus_rtu_ctrl.o
    0x08006c58   0x0000000c   Code   RO          460    i.setModbusSelfRemoveFlag  app_modbus_rtu_ctrl.o
    0x08006c64   0x00000028   Code   RO          262    i.setSampleWeightValue  app_hx711_ctrl.o
    0x08006c8c   0x00000024   Code   RO          687    i.sreenT5L_MainFunction  app_t5l_ctrl.o
    0x08006cb0   0x00000164   Code   RO          588    i.storeSysDataToFlash  app_syspara.o
    0x08006e14   0x00000254   Code   RO          589    i.storeSysDataToFlash_3030  app_syspara.o
    0x08007068   0x00000028   Code   RO            2    i.system_init       app_main.o
    0x08007090   0x00000068   Code   RO          689    i.t5lDisPlayDataClear  app_t5l_ctrl.o
    0x080070f8   0x000000a8   Code   RO          690    i.t5lReadVarible    app_t5l_ctrl.o
    0x080071a0   0x00000134   Code   RO          691    i.t5lWriteData      app_t5l_ctrl.o
    0x080072d4   0x000000ec   Code   RO          692    i.t5lWriteVarible   app_t5l_ctrl.o
    0x080073c0   0x00000200   Code   RO          263    i.trigerCalcKB      app_hx711_ctrl.o
    0x080075c0   0x00000070   Code   RO         1342    i.wm_hal_gpio_init  firmware_wm_00_hal.lib(hal_gpio.o)
    0x08007630   0x00000060   Code   RO          694    i.writeColorDataFromCom  app_t5l_ctrl.o
    0x08007690   0x00000060   Code   RO          695    i.writeHelpDataFromCom  app_t5l_ctrl.o
    0x080076f0   0x000000bc   Code   RO          696    i.writeWeightDataFromCom  app_t5l_ctrl.o
    0x080077ac   0x00000062   Code   RO         2819    x$fpl$d2f           fz_wm.l(d2f.o)
    0x0800780e   0x00000018   Code   RO         2856    x$fpl$dcmpinf       fz_wm.l(dcmpi.o)
    0x08007826   0x0000002e   Code   RO         2822    x$fpl$dflt          fz_wm.l(dflt_clz.o)
    0x08007854   0x00000026   Code   RO         2821    x$fpl$dfltu         fz_wm.l(dflt_clz.o)
    0x0800787a   0x00000002   PAD
    0x0800787c   0x00000078   Code   RO         2832    x$fpl$dleqf         fz_wm.l(dleqf.o)
    0x080078f4   0x00000154   Code   RO         2827    x$fpl$dmul          fz_wm.l(dmul.o)
    0x08007a48   0x0000009c   Code   RO         2834    x$fpl$dnaninf       fz_wm.l(dnaninf.o)
    0x08007ae4   0x0000000c   Code   RO         2836    x$fpl$dretinf       fz_wm.l(dretinf.o)
    0x08007af0   0x0000006c   Code   RO         2829    x$fpl$drleqf        fz_wm.l(drleqf.o)
    0x08007b5c   0x0000000a   Code   RO         2927    x$fpl$fpinit        fz_wm.l(fpinit.o)
    0x08007b66   0x0000000a   Code   RO         2838    x$fpl$fretinf       fz_wm.l(fretinf.o)
    0x08007b70   0x00000000   Code   RO         2840    x$fpl$usenofp       fz_wm.l(usenofp.o)
    0x08007b70   0x00000028   Data   RO          265    .constdata          app_hx711_ctrl.o
    0x08007b98   0x00000200   Data   RO          420    .constdata          app_crc.o
    0x08007d98   0x00000030   Data   RO          698    .constdata          app_t5l_ctrl.o
    0x08007dc8   0x000000a4   Data   RO         1343    .constdata          firmware_wm_00_hal.lib(hal_gpio.o)
    0x08007e6c   0x0000007c   Data   RO         1513    .constdata          firmware_wm_00_hal.lib(hal_uart.o)
    0x08007ee8   0x00000020   Data   RO         2995    Region$$Table       anon$$obj.o


    Execution Region RW_IRAM1 (Base: 0x20000000, Size: 0x00003948, Max: 0x0000c000, ABSOLUTE, COMPRESSED[0x0000053c])

    Base Addr    Size         Type   Attr      Idx    E Section Name        Object

    0x20000000   0x00000005   Data   RW          154    .data               app_main_task.o
    0x20000005   0x0000000b   Data   RW          189    .data               app_led_ctrl.o
    0x20000010   0x00000016   Data   RW          266    .data               app_hx711_ctrl.o
    0x20000026   0x00000003   Data   RW          388    .data               app_key_ctrl.o
    0x20000029   0x00000003   PAD
    0x2000002c   0x00000354   Data   RW          461    .data               app_modbus_rtu_ctrl.o
    0x20000380   0x00000034   Data   RW          564    .data               app_password.o
    0x200003b4   0x00000064   Data   RW          591    .data               app_syspara.o
    0x20000418   0x000002ea   Data   RW          699    .data               app_t5l_ctrl.o
    0x20000702   0x00000002   PAD
    0x20000704   0x000003c8   Data   RW         1060    .data               app_innerscreen_cfg.o
    0x20000acc   0x00000258   Data   RW         1073    .data               app_innerscreen_cfg_6.o
    0x20000d24   0x000001f8   Data   RW         1086    .data               app_innerscreen_cfg_12.o
    0x20000f1c   0x000001d8   Data   RW         1099    .data               app_innerscreen_cfg_16.o
    0x200010f4   0x00000004   Data   RW         1124    .data               STM32F303DriverLib.lib(drv_delay.o)
    0x200010f8   0x0000006c   Data   RW         1344    .data               firmware_wm_00_hal.lib(hal_gpio.o)
    0x20001164   0x000000b0   Data   RW         1514    .data               firmware_wm_00_hal.lib(hal_uart.o)
    0x20001214   0x0000001c   Data   RW         1871    .data               STM32F303DriverLib.lib(drv_rcc.o)
    0x20001230   0x000005a6   Zero   RW          264    .bss                app_hx711_ctrl.o
    0x200017d6   0x0000000c   Zero   RW          387    .bss                app_key_ctrl.o
    0x200017e2   0x00000002   PAD
    0x200017e4   0x0000000c   Zero   RW          563    .bss                app_password.o
    0x200017f0   0x0000047c   Zero   RW          590    .bss                app_syspara.o
    0x20001c6c   0x00000454   Zero   RW          697    .bss                app_t5l_ctrl.o
    0x200020c0   0x00000024   Zero   RW         1870    .bss                STM32F303DriverLib.lib(drv_rcc.o)
    0x200020e4   0x00000060   Zero   RW         2869    .bss                c_w.l(libspace.o)
    0x20002144   0x00000004   PAD
    0x20002148   0x00000c00   Zero   RW         1113    HEAP                startup_stm32f30x.o
    0x20002d48   0x00000c00   Zero   RW         1112    STACK               startup_stm32f30x.o


==============================================================================

Image component sizes


      Code (inc. data)   RO Data    RW Data    ZI Data      Debug   Object Name

       302         14        512          0          0       3173   app_crc.o
      2574        170         40         22       1446      14589   app_hx711_ctrl.o
         0          0          0        968          0       1672   app_innerscreen_cfg.o
         0          0          0        504          0       1461   app_innerscreen_cfg_12.o
         0          0          0        472          0       1395   app_innerscreen_cfg_16.o
         0          0          0        600          0       1617   app_innerscreen_cfg_6.o
       456         32          0          3         12       3228   app_key_ctrl.o
       466         18          0         11          0       6791   app_led_ctrl.o
       100          8          0          0          0      39335   app_main.o
       120         20          0          5          0       1876   app_main_task.o
      1926         56          0        852          0      15784   app_modbus_rtu_ctrl.o
       116         24          0         52         12       2638   app_password.o
      1708         54          0        100       1148       9375   app_syspara.o
        36          6          0          0          0       1111   app_t5l_cfg.o
     14560        816         48        746       1108      60480   app_t5l_ctrl.o
        72         28        392          0       6144        928   startup_stm32f30x.o

    ----------------------------------------------------------------------
     22448       1246       1024       4340       9872     165453   Object Totals
         0          0         32          0          0          0   (incl. Generated)
        12          0          0          5          2          0   (incl. Padding)

    ----------------------------------------------------------------------

      Code (inc. data)   RO Data    RW Data    ZI Data      Debug   Library Member Name

        16          4          0          0          0        526   drv_dbgmcu.o
       212         24          0          4          0       3903   drv_delay.o
       696         38          0          0          0      16063   drv_dma.o
       372         34          0          0          0       5583   drv_flash.o
       602          0          0          0          0      14317   drv_gpio.o
        36          4          0          0          0        520   drv_iwdg.o
        86          8          0          0          0       1230   drv_nvic.o
      1108         92          0         28         36      12653   drv_rcc.o
       408         60          0          0          0      13269   drv_timer.o
       656         28          0          0          0      13372   drv_uart.o
       100          0          0          0          0          0   __dclz77c.o
         8          0          0          0          0         68   __main.o
         0          0          0          0          0          0   __rtentry.o
        12          0          0          0          0          0   __rtentry2.o
         6          0          0          0          0          0   __rtentry4.o
        52          8          0          0          0          0   __scatter.o
        28          0          0          0          0          0   __scatter_zi.o
        18          0          0          0          0         80   exit.o
         6          0          0          0          0        152   heapauxi.o
         0          0          0          0          0          0   indicate_semi.o
         2          0          0          0          0          0   libinit.o
         6          0          0          0          0          0   libinit2.o
         2          0          0          0          0          0   libshutdown.o
         2          0          0          0          0          0   libshutdown2.o
         8          4          0          0         96         68   libspace.o
        78          0          0          0          0         80   rt_memclr_w.o
         2          0          0          0          0          0   rtexit.o
        10          0          0          0          0          0   rtexit2.o
        12          4          0          0          0         68   sys_exit.o
        74          0          0          0          0         80   sys_stackheap_outer.o
         2          0          0          0          0         68   use_no_semi.o
        24          0          0          0          0       2641   hal_clock.o
         8          0          0          0          0        493   hal_delay.o
       220         54        164        108          0      18870   hal_gpio.o
        96         14          0          0          0       7631   hal_timer.o
      2810        284        124        176          0      25969   hal_uart.o
        98          4          0          0          0        140   d2f.o
        24          0          0          0          0        116   dcmpi.o
        84          0          0          0          0        232   dflt_clz.o
       120          4          0          0          0        140   dleqf.o
       340         12          0          0          0        152   dmul.o
       156          4          0          0          0        140   dnaninf.o
        12          0          0          0          0        116   dretinf.o
       108          0          0          0          0        128   drleqf.o
        10          0          0          0          0        116   fpinit.o
        10          0          0          0          0        116   fretinf.o
         0          0          0          0          0          0   usenofp.o

    ----------------------------------------------------------------------
      8760        684        288        316        136     139100   Library Totals
        20          0          0          0          4          0   (incl. Padding)

    ----------------------------------------------------------------------

      Code (inc. data)   RO Data    RW Data    ZI Data      Debug   Library Name

      4192        292          0         32         36      81436   STM32F303DriverLib.lib
       428         16          0          0         96        664   c_w.l
      3158        352        288        284          0      55604   firmware_wm_00_hal.lib
       962         24          0          0          0       1396   fz_wm.l

    ----------------------------------------------------------------------
      8760        684        288        316        136     139100   Library Totals

    ----------------------------------------------------------------------

==============================================================================


      Code (inc. data)   RO Data    RW Data    ZI Data      Debug   

     31208       1930       1312       4656      10008     285045   Grand Totals
     31208       1930       1312       1340      10008     285045   ELF Image Totals (compressed)
     31208       1930       1312       1340          0          0   ROM Totals

==============================================================================

    Total RO  Size (Code + RO Data)                32520 (  31.76kB)
    Total RW  Size (RW Data + ZI Data)             14664 (  14.32kB)
    Total ROM Size (Code + RO Data + RW Data)      33860 (  33.07kB)

==============================================================================

