Component: ARM Compiler 5.06 (build 20) Tool: armlink [4d35a3]

==============================================================================

Section Cross References

    app_main.o(i.main) refers to app_main.o(i.system_init) for system_init
    app_main.o(i.main) refers to app_key_ctrl.o(i.key_init) for key_init
    app_main.o(i.main) refers to app_led_ctrl.o(i.led_init) for led_init
    app_main.o(i.main) refers to app_hx711_ctrl.o(i.hx711_init) for hx711_init
    app_main.o(i.main) refers to app_t5l_ctrl.o(i.screenT5L_Init) for screenT5L_Init
    app_main.o(i.main) refers to app_modbus_rtu_ctrl.o(i.ModbusRtu_init) for ModbusRtu_init
    app_main.o(i.main) refers to app_syspara.o(i.readSysDataFromFlash) for readSysDataFromFlash
    app_main.o(i.main) refers to app_syspara.o(i.readSysDataFromFlash_3030) for readSysDataFromFlash_3030
    app_main.o(i.main) refers to app_password.o(i.STM32MCUIDGet) for STM32MCUIDGet
    app_main.o(i.main) refers to app_password.o(i.STM32CheckPassWord) for STM32CheckPassWord
    app_main.o(i.main) refers to app_password.o(.bss) for STM32McuId
    app_main.o(i.main) refers to app_password.o(.data) for g_passWordStore
    app_main.o(i.system_init) refers to hal_clock.o(i.hal_clock_init) for hal_clock_init
    app_main.o(i.system_init) refers to hal_delay.o(i.hal_delay_init) for hal_delay_init
    app_main.o(i.system_init) refers to hal_gpio.o(i.wm_hal_gpio_init) for wm_hal_gpio_init
    app_main.o(i.system_init) refers to hal_timer.o(i.hal_timer_init) for hal_timer_init
    app_main.o(i.system_init) refers to drv_iwdg.o(i.drv_iwdg_init) for drv_iwdg_init
    app_main_task.o(i.app_main_init) refers to app_hx711_ctrl.o(i.hx711_setAllRemoveWeight) for hx711_setAllRemoveWeight
    app_main_task.o(i.app_main_init) refers to app_t5l_ctrl.o(i.t5lDisPlayDataClear) for t5lDisPlayDataClear
    app_main_task.o(i.app_main_init) refers to app_main_task.o(.data) for removeWeight
    app_main_task.o(i.app_main_task) refers to app_main_task.o(i.app_main_init) for app_main_init
    app_main_task.o(i.app_main_task) refers to app_key_ctrl.o(i.key_MainFunction) for key_MainFunction
    app_main_task.o(i.app_main_task) refers to app_hx711_ctrl.o(i.hx711_MainFunction) for hx711_MainFunction
    app_main_task.o(i.app_main_task) refers to app_modbus_rtu_ctrl.o(i.ModbusRtu_MainFunction) for ModbusRtu_MainFunction
    app_main_task.o(i.app_main_task) refers to app_t5l_ctrl.o(i.sreenT5L_MainFunction) for sreenT5L_MainFunction
    app_main_task.o(i.app_main_task) refers to app_led_ctrl.o(i.led_MainFunction) for led_MainFunction
    app_main_task.o(i.app_main_task) refers to app_main_task.o(.data) for g_sys_ms_tick
    app_led_ctrl.o(i.LedCtrlSendPulse) refers to hal_gpio.o(i.hal_gpio_set_do_low) for hal_gpio_set_do_low
    app_led_ctrl.o(i.LedCtrlSendPulse) refers to app_led_ctrl.o(i.Led_delay) for Led_delay
    app_led_ctrl.o(i.LedCtrlSendPulse) refers to hal_gpio.o(i.hal_gpio_set_do_high) for hal_gpio_set_do_high
    app_led_ctrl.o(i.LedDataSet) refers to app_led_ctrl.o(.data) for g_led_ctrl_data
    app_led_ctrl.o(i.led_MainFunction) refers to hal_gpio.o(i.hal_gpio_set_do_high) for hal_gpio_set_do_high
    app_led_ctrl.o(i.led_MainFunction) refers to hal_gpio.o(i.hal_gpio_set_do_low) for hal_gpio_set_do_low
    app_led_ctrl.o(i.led_MainFunction) refers to app_led_ctrl.o(i.LedCtrlSendPulse) for LedCtrlSendPulse
    app_led_ctrl.o(i.led_MainFunction) refers to app_led_ctrl.o(.data) for g_led_ctrl_data
    app_led_ctrl.o(i.led_MainFunction) refers to app_syspara.o(.data) for gSystemPara
    app_led_ctrl.o(i.led_init) refers to hal_gpio.o(i.hal_gpio_set_do_high) for hal_gpio_set_do_high
    app_led_ctrl.o(i.led_init) refers to hal_gpio.o(i.hal_gpio_set_do_low) for hal_gpio_set_do_low
    app_led_ctrl.o(i.led_init) refers to app_led_ctrl.o(i.LedCtrlSendPulse) for LedCtrlSendPulse
    app_led_ctrl.o(i.useWeightUpdataOutColor) refers to rt_memclr_w.o(.text) for __aeabi_memclr4
    app_led_ctrl.o(i.useWeightUpdataOutColor) refers to app_hx711_ctrl.o(i.hx711_getWeight) for hx711_getWeight
    app_led_ctrl.o(i.useWeightUpdataOutColor) refers to app_led_ctrl.o(i.LedDataSet) for LedDataSet
    app_led_ctrl.o(i.useWeightUpdataOutColor) refers to app_t5l_ctrl.o(i.sdweSetWeightBackColor) for sdweSetWeightBackColor
    app_led_ctrl.o(i.useWeightUpdataOutColor) refers to app_crc.o(i.BubbleSort) for BubbleSort
    app_led_ctrl.o(i.useWeightUpdataOutColor) refers to app_led_ctrl.o(.bss) for chanelCompareInfo
    app_led_ctrl.o(i.useWeightUpdataOutColor) refers to app_syspara.o(.data) for gSystemPara
    app_led_ctrl.o(i.useWeightUpdataOutColor) refers to app_led_ctrl.o(.data) for colorLock
    app_led_ctrl.o(i.useWeightUpdataOutColor_3030) refers to rt_memclr_w.o(.text) for __aeabi_memclr4
    app_led_ctrl.o(i.useWeightUpdataOutColor_3030) refers to app_hx711_ctrl.o(i.hx711_getWeight) for hx711_getWeight
    app_led_ctrl.o(i.useWeightUpdataOutColor_3030) refers to app_led_ctrl.o(i.LedDataSet) for LedDataSet
[...]
    i.hx711_getAvgSample                     0x080036a8   Section        0  app_hx711_ctrl.o(i.hx711_getAvgSample)
    i.hx711_getWeight                        0x080036c8   Section        0  app_hx711_ctrl.o(i.hx711_getWeight)
    i.hx711_init                             0x08003754   Section        0  app_hx711_ctrl.o(i.hx711_init)
    i.hx711_setAllRemoveWeight               0x080038bc   Section        0  app_hx711_ctrl.o(i.hx711_setAllRemoveWeight)
    i.jumpToActivePage                       0x080038f8   Section        0  app_t5l_ctrl.o(i.jumpToActivePage)
    i.jumpToBalancingCleanPage               0x08003960   Section        0  app_t5l_ctrl.o(i.jumpToBalancingCleanPage)
    i.jumpToBalancingHomePage                0x080039dc   Section        0  app_t5l_ctrl.o(i.jumpToBalancingHomePage)
    i.jumpToBalancingPage                    0x08003a5c   Section        0  app_t5l_ctrl.o(i.jumpToBalancingPage)
    i.jumpToBanlingPage                      0x08003aec   Section        0  app_t5l_ctrl.o(i.jumpToBanlingPage)
    i.jumpToCalibrationPage                  0x08003b7c   Section        0  app_t5l_ctrl.o(i.jumpToCalibrationPage)
    i.jumpToHomePage                         0x08003be4   Section        0  app_t5l_ctrl.o(i.jumpToHomePage)
    i.key_FilterGet                          0x08003c4c   Section        0  app_key_ctrl.o(i.key_FilterGet)
    i.key_MainFunction                       0x08003c70   Section        0  app_key_ctrl.o(i.key_MainFunction)
    i.key_filter                             0x08003d10   Section        0  app_key_ctrl.o(i.key_filter)
    i.key_init                               0x08003dbc   Section        0  app_key_ctrl.o(i.key_init)
    i.led_MainFunction                       0x08003e14   Section        0  app_led_ctrl.o(i.led_MainFunction)
    i.led_init                               0x08003ea4   Section        0  app_led_ctrl.o(i.led_init)
    i.main                                   0x08003ee4   Section        0  app_main.o(i.main)
    i.masterCaculateHelpData                 0x08003f20   Section        0  app_t5l_ctrl.o(i.masterCaculateHelpData)
    i.pointSampleTrigerDataSet               0x080040c4   Section        0  app_t5l_ctrl.o(i.pointSampleTrigerDataSet)
    i.pointTrigerDataSet                     0x080040e8   Section        0  app_t5l_ctrl.o(i.pointTrigerDataSet)
    i.pointTrigerDeal                        0x0800412c   Section        0  app_t5l_ctrl.o(i.pointTrigerDeal)
    i.pointWeightTrigerDataSet               0x08004274   Section        0  app_t5l_ctrl.o(i.pointWeightTrigerDataSet)
    i.preColorDataAndJudgeIfNeedSend         0x08004298   Section        0  app_t5l_ctrl.o(i.preColorDataAndJudgeIfNeedSend)
    i.preWeightDataAndJudgeIfNeedSend        0x080045dc   Section        0  app_t5l_ctrl.o(i.preWeightDataAndJudgeIfNeedSend)
    i.readHelpDataFromSys                    0x080046d8   Section        0  app_t5l_ctrl.o(i.readHelpDataFromSys)
    i.readSysDataFromFlash                   0x08004710   Section        0  app_syspara.o(i.readSysDataFromFlash)
    i.readSysDataFromFlash_3030              0x08004890   Section        0  app_syspara.o(i.readSysDataFromFlash_3030)
    i.releaseSysColor                        0x080049a0   Section        0  app_t5l_ctrl.o(i.releaseSysColor)
    i.removeWeightTrigerDeal                 0x080049d0   Section        0  app_t5l_ctrl.o(i.removeWeightTrigerDeal)
    i.resetCalibrationTrigerDeal             0x08004ae8   Section        0  app_t5l_ctrl.o(i.resetCalibrationTrigerDeal)
    i.sampleDataPush                         0x08004c30   Section        0  app_hx711_ctrl.o(i.sampleDataPush)
    i.screenT5L_HelpDataMainFunction         0x08004c6c   Section        0  app_t5l_ctrl.o(i.screenT5L_HelpDataMainFunction)
    i.screenT5L_Init                         0x08004ca4   Section        0  app_t5l_ctrl.o(i.screenT5L_Init)
    i.screenT5L_OutputVoice                  0x08004d58   Section        0  app_t5l_ctrl.o(i.screenT5L_OutputVoice)
    i.screenT5L_RxFunction                   0x08004dd8   Section        0  app_t5l_ctrl.o(i.screenT5L_RxFunction)
    i.screenT5L_TxFunction                   0x08004f34   Section        0  app_t5l_ctrl.o(i.screenT5L_TxFunction)
    i.screenT5L_VoicePrintfMainfunction      0x080050bc   Section        0  app_t5l_ctrl.o(i.screenT5L_VoicePrintfMainfunction)
    i.sdweAskRegData                         0x08005200   Section        0  app_t5l_ctrl.o(i.sdweAskRegData)
    i.sdweAskVaribleData                     0x08005218   Section        0  app_t5l_ctrl.o(i.sdweAskVaribleData)
    i.sdwe_VoicePrintfPop                    0x08005604   Section        0  app_t5l_ctrl.o(i.sdwe_VoicePrintfPop)
    i.sdwe_VoicePrintfPush                   0x080056b8   Section        0  app_t5l_ctrl.o(i.sdwe_VoicePrintfPush)
    i.sendBalancingWeightAndColor619         0x08005714   Section        0  app_t5l_ctrl.o(i.sendBalancingWeightAndColor619)
    i.sendHelpDataDiff                       0x080057c0   Section        0  app_t5l_ctrl.o(i.sendHelpDataDiff)
    i.sendHelpDataDiff_AtSlave1Device        0x080059b4   Section        0  app_t5l_ctrl.o(i.sendHelpDataDiff_AtSlave1Device)
    i.sendSysParaDataToDiwen                 0x08005a14   Section        0  app_t5l_ctrl.o(i.sendSysParaDataToDiwen)
    i.setModbusOtherRemoveFlag               0x08005f4c   Section        0  app_modbus_rtu_ctrl.o(i.setModbusOtherRemoveFlag)
    i.setModbusSelfRemoveFlag                0x08005f58   Section        0  app_modbus_rtu_ctrl.o(i.setModbusSelfRemoveFlag)
    i.setSampleWeightValue                   0x08005f64   Section        0  app_hx711_ctrl.o(i.setSampleWeightValue)
    i.sreenT5L_MainFunction                  0x08005f8c   Section        0  app_t5l_ctrl.o(i.sreenT5L_MainFunction)
    i.storeSysDataToFlash                    0x08005fb8   Section        0  app_syspara.o(i.storeSysDataToFlash)
    i.storeSysDataToFlash_3030               0x0800611c   Section        0  app_syspara.o(i.storeSysDataToFlash_3030)
    i.system_init                            0x080062d4   Section        0  app_main.o(i.system_init)
    i.t5lDisPlayDataClear                    0x080062fc   Section        0  app_t5l_ctrl.o(i.t5lDisPlayDataClear)
    i.t5lWriteData                           0x08006364   Section        0  app_t5l_ctrl.o(i.t5lWriteData)
    i.t5lWriteVarible                        0x08006498   Section        0  app_t5l_ctrl.o(i.t5lWriteVarible)
    i.trigerCalcKB                           0x0800658c   Section        0  app_hx711_ctrl.o(i.trigerCalcKB)
    i.wm_hal_gpio_init                       0x0800678c   Section        0  hal_gpio.o(i.wm_hal_gpio_init)
    i.writeHelpDataFromCom                   0x080067fc   Section        0  app_t5l_ctrl.o(i.writeHelpDataFromCom)
    x$fpl$d2f                                0x0800685c   Section       98  d2f.o(x$fpl$d2f)
    $v0                                      0x0800685c   Number         0  d2f.o(x$fpl$d2f)
    x$fpl$dflt                               0x080068be   Section       46  dflt_clz.o(x$fpl$dflt)
    $v0                                      0x080068be   Number         0  dflt_clz.o(x$fpl$dflt)
    x$fpl$dmul                               0x080068ec   Section      340  dmul.o(x$fpl$dmul)
    $v0                                      0x080068ec   Number         0  dmul.o(x$fpl$dmul)
    x$fpl$dnaninf                            0x08006a40   Section      156  dnaninf.o(x$fpl$dnaninf)
    $v0                                      0x08006a40   Number         0  dnaninf.o(x$fpl$dnaninf)
    x$fpl$dretinf                            0x08006adc   Section       12  dretinf.o(x$fpl$dretinf)
    $v0                                      0x08006adc   Number         0  dretinf.o(x$fpl$dretinf)
    x$fpl$fpinit                             0x08006ae8   Section       10  fpinit.o(x$fpl$fpinit)
    $v0                                      0x08006ae8   Number         0  fpinit.o(x$fpl$fpinit)
    x$fpl$fretinf                            0x08006af2   Section       10  fretinf.o(x$fpl$fretinf)
    $v0                                      0x08006af2   Number         0  fretinf.o(x$fpl$fretinf)
    .constdata                               0x08006afc   Section       40  app_hx711_ctrl.o(.constdata)
    x$fpl$usenofp                            0x08006afc   Section        0  usenofp.o(x$fpl$usenofp)
    .constdata                               0x08006b24   Section      512  app_crc.o(.constdata)
    .constdata                               0x08006d24   Section       36  app_t5l_ctrl.o(.constdata)
    .constdata                               0x08006d48   Section      164  hal_gpio.o(.constdata)
    .constdata                               0x08006dec   Section      124  hal_uart.o(.constdata)
    .data                                    0x20000000   Section        5  app_main_task.o(.data)
    removeWeight                             0x20000004   Data           1  app_main_task.o(.data)
    .data                                    0x20000005   Section       11  app_led_ctrl.o(.data)
    colorLock                                0x20000008   Data           5  app_led_ctrl.o(.data)
    led_data                                 0x2000000d   Data           3  app_led_ctrl.o(.data)
    .data                                    0x20000010   Section        2  app_hx711_ctrl.o(.data)
    status                                   0x20000010   Data           1  app_hx711_ctrl.o(.data)
    l_max_wait_time                          0x20000011   Data           1  app_hx711_ctrl.o(.data)
    .data                                    0x20000012   Section        3  app_key_ctrl.o(.data)
    preRemoveKey                             0x20000012   Data           1  app_key_ctrl.o(.data)
    preHomeAndCalibrateKey                   0x20000013   Data           1  app_key_ctrl.o(.data)
    preHomeAndCalibrateStatus                0x20000014   Data           1  app_key_ctrl.o(.data)
    .data                                    0x20000018   Section      852  app_modbus_rtu_ctrl.o(.data)
    .data                                    0x2000036c   Section       52  app_password.o(.data)
    .data                                    0x200003a0   Section       68  app_syspara.o(.data)
    storeTick                                0x200003e0   Data           2  app_syspara.o(.data)
    storeTick                                0x200003e2   Data           2  app_syspara.o(.data)
    .data                                    0x200003e4   Section      634  app_t5l_ctrl.o(.data)
    inerStatus                               0x2000064b   Data           1  app_t5l_ctrl.o(.data)
    localChanel                              0x2000064c   Data           1  app_t5l_ctrl.o(.data)
    inerStatus                               0x2000064d   Data           1  app_t5l_ctrl.o(.data)
    localChanel                              0x2000064e   Data           1  app_t5l_ctrl.o(.data)
    inerStatus                               0x2000064f   Data           1  app_t5l_ctrl.o(.data)
    localChanel                              0x20000650   Data           1  app_t5l_ctrl.o(.data)
    inerStatus                               0x20000651   Data           1  app_t5l_ctrl.o(.data)
    needSend                                 0x20000652   Data           1  app_t5l_ctrl.o(.data)
    needSend                                 0x20000653   Data           1  app_t5l_ctrl.o(.data)
    dataSendFlag                             0x20000654   Data           1  app_t5l_ctrl.o(.data)
    colorSendFlag                            0x20000655   Data           1  app_t5l_ctrl.o(.data)
    inerStatus                               0x20000656   Data           1  app_t5l_ctrl.o(.data)
    u8Vstatus                                0x20000657   Data           1  app_t5l_ctrl.o(.data)
    u8Voice1                                 0x20000658   Data           1  app_t5l_ctrl.o(.data)
    u8Voice2                                 0x20000659   Data           1  app_t5l_ctrl.o(.data)
    u8Voice3                                 0x2000065a   Data           1  app_t5l_ctrl.o(.data)
    u16Ticks                                 0x2000065c   Data           2  app_t5l_ctrl.o(.data)
    .data                                    0x2000065e   Section        4  drv_delay.o(.data)
    g_DelayUsFac                             0x2000065e   Data           2  drv_delay.o(.data)
    g_DelayMsFac                             0x20000660   Data           2  drv_delay.o(.data)
    .data                                    0x20000664   Section      108  hal_gpio.o(.data)
    .data                                    0x200006d0   Section      176  hal_uart.o(.data)
    .data                                    0x20000780   Section       28  drv_rcc.o(.data)
    l_AhbPrescTable                          0x20000780   Data          16  drv_rcc.o(.data)
    l_ApbPrescTable                          0x20000790   Data           8  drv_rcc.o(.data)
    .bss                                     0x2000079c   Section     1368  app_hx711_ctrl.o(.bss)
    .bss                                     0x20000cf4   Section       12  app_key_ctrl.o(.bss)
    .bss                                     0x20000d00   Section       12  app_password.o(.bss)
    .bss                                     0x20000d0c   Section     1124  app_syspara.o(.bss)
    .bss                                     0x20001170   Section      964  app_t5l_ctrl.o(.bss)
    g_t5l_triger_data                        0x200011a0   Data         560  app_t5l_ctrl.o(.bss)
    .bss                                     0x20001534   Section       36  drv_rcc.o(.bss)
    .bss                                     0x20001558   Section       96  libspace.o(.bss)
    HEAP                                     0x200015b8   Section     3072  startup_stm32f30x.o(HEAP)
    Heap_Mem                                 0x200015b8   Data        3072  startup_stm32f30x.o(HEAP)
    STACK                                    0x200021b8   Section     3072  startup_stm32f30x.o(STACK)
    Stack_Mem                                0x200021b8   Data        3072  startup_stm32f30x.o(STACK)
    __initial_sp                             0x20002db8   Data           0  startup_stm32f30x.o(STACK)

    Global Symbols

    Symbol Name                              Value     Ov Type        Size  Object(Section)

    BuildAttributes$$THM_ISAv4$E$P$D$K$B$S$7EM$VFPi3$EXTD16$VFPS$VFMA$PE$A:L22UL41UL21$X:L11$S22US41US21$IEEE1$IW$USESV6$~STKCKD$USESV7$~SHL$OSPACE$ROPI$EBA8$UX$STANDARDLIB$REQ8$PRES8$EABIv2 0x00000000   Number         0  anon$$obj.o ABSOLUTE
    __ARM_use_no_argv                        0x00000000   Number         0  app_main.o ABSOLUTE
    __ARM_exceptions_init                     - Undefined Weak Reference
    __alloca_initialize                       - Undefined Weak Reference
    __arm_preinit_                            - Undefined Weak Reference
    __cpp_initialize__aeabi_                  - Undefined Weak Reference
    __cxa_finalize                            - Undefined Weak Reference
    __rt_locale                               - Undefined Weak Reference
    __sigvec_lookup                           - Undefined Weak Reference
    _atexit_init                              - Undefined Weak Reference
    _call_atexit_fns                          - Undefined Weak Reference
    _clock_init                               - Undefined Weak Reference
    _fp_trap_init                             - Undefined Weak Reference
    _fp_trap_shutdown                         - Undefined Weak Reference
    _get_lc_collate                           - Undefined Weak Reference
    _get_lc_ctype                             - Undefined Weak Reference
    _get_lc_monetary                          - Undefined Weak Reference
    _get_lc_numeric                           - Undefined Weak Reference
    _get_lc_time                              - Undefined Weak Reference
    _getenv_init                              - Undefined Weak Reference
    _handle_redirection                       - Undefined Weak Reference
    _init_alloc                               - Undefined Weak Reference
    _init_user_alloc                          - Undefined Weak Reference
    _initio                                   - Undefined Weak Reference
    _rand_init                                - Undefined Weak Reference
    _signal_finish                            - Undefined Weak Reference
    _signal_init                              - Undefined Weak Reference
    _terminate_alloc                          - Undefined Weak Reference
    _terminate_user_alloc                     - Undefined Weak Reference
    _terminateio                              - Undefined Weak Reference
    __Vectors_Size                           0x00000188   Number         0  startup_stm32f30x.o ABSOLUTE
    __Vectors                                0x08000000   Data           4  startup_stm32f30x.o(RESET)
    __Vectors_End                            0x08000188   Data           0  startup_stm32f30x.o(RESET)
    __main                                   0x08000189   Thumb Code     8  __main.o(!!!main)
    __scatterload                            0x08000191   Thumb Code     0  __scatter.o(!!!scatter)
    __scatterload_rt2                        0x08000191   Thumb Code    44  __scatter.o(!!!scatter)
    __scatterload_rt2_thumb_only             0x08000191   Thumb Code     0  __scatter.o(!!!scatter)
    __scatterload_null                       0x0800019f   Thumb Code     0  __scatter.o(!!!scatter)
    __decompress                             0x080001c5   Thumb Code    90  __dczerorl2.o(!!dczerorl2)
    __decompress1                            0x080001c5   Thumb Code     0  __dczerorl2.o(!!dczerorl2)
    __scatterload_zeroinit                   0x08000221   Thumb Code    28  __scatter_zi.o(!!handler_zi)
    __rt_lib_init                            0x0800023d   Thumb Code     0  libinit.o(.ARM.Collect$$libinit$$00000000)
    __rt_lib_init_fp_1                       0x0800023f   Thumb Code     0  libinit2.o(.ARM.Collect$$libinit$$00000001)
    __rt_lib_init_alloca_1                   0x08000243   Thumb Code     0  libinit2.o(.ARM.Collect$$libinit$$0000002E)
    __rt_lib_init_argv_1                     0x08000243   Thumb Code     0  libinit2.o(.ARM.Collect$$libinit$$0000002C)
    __rt_lib_init_atexit_1                   0x08000243   Thumb Code     0  libinit2.o(.ARM.Collect$$libinit$$0000001B)
    __rt_lib_init_clock_1                    0x08000243   Thumb Code     0  libinit2.o(.ARM.Collect$$libinit$$00000021)
    __rt_lib_init_cpp_1                      0x08000243   Thumb Code     0  libinit2.o(.ARM.Collect$$libinit$$00000032)
    __rt_lib_init_exceptions_1               0x08000243   Thumb Code     0  libinit2.o(.ARM.Collect$$libinit$$00000030)
    __rt_lib_init_fp_trap_1                  0x08000243   Thumb Code     0  libinit2.o(.ARM.Collect$$libinit$$0000001F)
    __rt_lib_init_getenv_1                   0x08000243   Thumb Code     0  libinit2.o(.ARM.Collect$$libinit$$00000023)
    __rt_lib_init_heap_1                     0x08000243   Thumb Code     0  libinit2.o(.ARM.Collect$$libinit$$0000000A)
    __rt_lib_init_lc_collate_1               0x08000243   Thumb Code     0  libinit2.o(.ARM.Collect$$libinit$$00000011)
    __rt_lib_init_lc_ctype_1                 0x08000243   Thumb Code     0  libinit2.o(.ARM.Collect$$libinit$$00000013)
    __rt_lib_init_lc_monetary_1              0x08000243   Thumb Code     0  libinit2.o(.ARM.Collect$$libinit$$00000015)
    __rt_lib_init_lc_numeric_1               0x08000243   Thumb Code     0  libinit2.o(.ARM.Collect$$libinit$$00000017)
    __rt_lib_init_lc_time_1                  0x08000243   Thumb Code     0  libinit2.o(.ARM.Collect$$libinit$$00000019)
    __rt_lib_init_preinit_1                  0x08000243   Thumb Code     0  libinit2.o(.ARM.Collect$$libinit$$00000004)
    __rt_lib_init_rand_1                     0x08000243   Thumb Code     0  libinit2.o(.ARM.Collect$$libinit$$0000000E)
    __rt_lib_init_return                     0x08000243   Thumb Code     0  libinit2.o(.ARM.Collect$$libinit$$00000033)
    __rt_lib_init_signal_1                   0x08000243   Thumb Code     0  libinit2.o(.ARM.Collect$$libinit$$0000001D)
    __rt_lib_init_stdio_1                    0x08000243   Thumb Code     0  libinit2.o(.ARM.Collect$$libinit$$00000025)
    __rt_lib_init_user_alloc_1               0x08000243   Thumb Code     0  libinit2.o(.ARM.Collect$$libinit$$0000000C)
    __rt_lib_shutdown                        0x08000245   Thumb Code     0  libshutdown.o(.ARM.Collect$$libshutdown$$00000000)
    __rt_lib_shutdown_cpp_1                  0x08000247   Thumb Code     0  libshutdown2.o(.ARM.Collect$$libshutdown$$00000002)
    __rt_lib_shutdown_fp_trap_1              0x08000247   Thumb Code     0  libshutdown2.o(.ARM.Collect$$libshutdown$$00000007)
    __rt_lib_shutdown_heap_1                 0x08000247   Thumb Code     0  libshutdown2.o(.ARM.Collect$$libshutdown$$0000000F)
    __rt_lib_shutdown_return                 0x08000247   Thumb Code     0  libshutdown2.o(.ARM.Collect$$libshutdown$$00000010)
    __rt_lib_shutdown_signal_1               0x08000247   Thumb Code     0  libshutdown2.o(.ARM.Collect$$libshutdown$$0000000A)
    __rt_lib_shutdown_stdio_1                0x08000247   Thumb Code     0  libshutdown2.o(.ARM.Collect$$libshutdown$$00000004)
    __rt_lib_shutdown_user_alloc_1           0x08000247   Thumb Code     0  libshutdown2.o(.ARM.Collect$$libshutdown$$0000000C)
    __rt_entry                               0x08000249   Thumb Code     0  __rtentry.o(.ARM.Collect$$rtentry$$00000000)
    __rt_entry_presh_1                       0x08000249   Thumb Code     0  __rtentry2.o(.ARM.Collect$$rtentry$$00000002)
    __rt_entry_sh                            0x08000249   Thumb Code     0  __rtentry4.o(.ARM.Collect$$rtentry$$00000004)
    __rt_entry_li                            0x0800024f   Thumb Code     0  __rtentry2.o(.ARM.Collect$$rtentry$$0000000A)
    __rt_entry_postsh_1                      0x0800024f   Thumb Code     0  __rtentry2.o(.ARM.Collect$$rtentry$$00000009)
    __rt_entry_main                          0x08000253   Thumb Code     0  __rtentry2.o(.ARM.Collect$$rtentry$$0000000D)
    __rt_entry_postli_1                      0x08000253   Thumb Code     0  __rtentry2.o(.ARM.Collect$$rtentry$$0000000C)
    __rt_exit                                0x0800025b   Thumb Code     0  rtexit.o(.ARM.Collect$$rtexit$$00000000)
    __rt_exit_ls                             0x0800025d   Thumb Code     0  rtexit2.o(.ARM.Collect$$rtexit$$00000003)
    __rt_exit_prels_1                        0x0800025d   Thumb Code     0  rtexit2.o(.ARM.Collect$$rtexit$$00000002)
    __rt_exit_exit                           0x08000261   Thumb Code     0  rtexit2.o(.ARM.Collect$$rtexit$$00000004)
    Reset_Handler                            0x08000269   Thumb Code    14  startup_stm32f30x.o(.text)
    NMI_Handler                              0x08000277   Thumb Code     2  startup_stm32f30x.o(.text)
    HardFault_Handler                        0x08000279   Thumb Code     2  startup_stm32f30x.o(.text)
    MemManage_Handler                        0x0800027b   Thumb Code     2  startup_stm32f30x.o(.text)
    BusFault_Handler                         0x0800027d   Thumb Code     2  startup_stm32f30x.o(.text)
    UsageFault_Handler                       0x0800027f   Thumb Code     2  startup_stm32f30x.o(.text)
    SVC_Handler                              0x08000281   Thumb Code     2  startup_stm32f30x.o(.text)
    DebugMon_Handler                         0x08000283   Thumb Code     2  startup_stm32f30x.o(.text)
    PendSV_Handler                           0x08000285   Thumb Code     2  startup_stm32f30x.o(.text)
    SysTick_Handler                          0x08000287   Thumb Code     2  startup_stm32f30x.o(.text)
    ADC1_2_IRQHandler                        0x08000289   Thumb Code     0  startup_stm32f30x.o(.text)
    ADC3_IRQHandler                          0x08000289   Thumb Code     0  startup_stm32f30x.o(.text)
    ADC4_IRQHandler                          0x08000289   Thumb Code     0  startup_stm32f30x.o(.text)
    CAN1_RX1_IRQHandler                      0x08000289   Thumb Code     0  startup_stm32f30x.o(.text)
    CAN1_SCE_IRQHandler                      0x08000289   Thumb Code     0  startup_stm32f30x.o(.text)
    COMP1_2_3_IRQHandler                     0x08000289   Thumb Code     0  startup_stm32f30x.o(.text)
    COMP4_5_6_IRQHandler                     0x08000289   Thumb Code     0  startup_stm32f30x.o(.text)
    COMP7_IRQHandler                         0x08000289   Thumb Code     0  startup_stm32f30x.o(.text)
    DMA1_Channel1_IRQHandler                 0x08000289   Thumb Code     0  startup_stm32f30x.o(.text)
    DMA1_Channel3_IRQHandler                 0x08000289   Thumb Code     0  startup_stm32f30x.o(.text)
    DMA1_Channel4_IRQHandler                 0x08000289   Thumb Code     0  startup_stm32f30x.o(.text)
    DMA1_Channel5_IRQHandler                 0x08000289   Thumb Code     0  startup_stm32f30x.o(.text)
    DMA1_Channel6_IRQHandler                 0x08000289   Thumb Code     0  startup_stm32f30x.o(.text)
    DMA2_Channel1_IRQHandler                 0x08000289   Thumb Code     0  startup_stm32f30x.o(.text)
    DMA2_Channel2_IRQHandler                 0x08000289   Thumb Code     0  startup_stm32f30x.o(.text)
    DMA2_Channel3_IRQHandler                 0x08000289   Thumb Code     0  startup_stm32f30x.o(.text)
    DMA2_Channel4_IRQHandler                 0x08000289   Thumb Code     0  startup_stm32f30x.o(.text)
    DMA2_Channel5_IRQHandler                 0x08000289   Thumb Code     0  startup_stm32f30x.o(.text)
    EXTI0_IRQHandler                         0x08000289   Thumb Code     0  startup_stm32f30x.o(.text)
    EXTI15_10_IRQHandler                     0x08000289   Thumb Code     0  startup_stm32f30x.o(.text)
    EXTI1_IRQHandler                         0x08000289   Thumb Code     0  startup_stm32f30x.o(.text)
    EXTI2_TS_IRQHandler                      0x08000289   Thumb Code     0  startup_stm32f30x.o(.text)
    EXTI3_IRQHandler                         0x08000289   Thumb Code     0  startup_stm32f30x.o(.text)
    EXTI4_IRQHandler                         0x08000289   Thumb Code     0  startup_stm32f30x.o(.text)
    EXTI9_5_IRQHandler                       0x08000289   Thumb Code     0  startup_stm32f30x.o(.text)
    FLASH_IRQHandler                         0x08000289   Thumb Code     0  startup_stm32f30x.o(.text)
    FPU_IRQHandler                           0x08000289   Thumb Code     0  startup_stm32f30x.o(.text)
    I2C1_ER_IRQHandler                       0x08000289   Thumb Code     0  startup_stm32f30x.o(.text)
    I2C1_EV_IRQHandler                       0x08000289   Thumb Code     0  startup_stm32f30x.o(.text)
    I2C2_ER_IRQHandler                       0x08000289   Thumb Code     0  startup_stm32f30x.o(.text)
    I2C2_EV_IRQHandler                       0x08000289   Thumb Code     0  startup_stm32f30x.o(.text)
    PVD_IRQHandler                           0x08000289   Thumb Code     0  startup_stm32f30x.o(.text)
    RCC_IRQHandler                           0x08000289   Thumb Code     0  startup_stm32f30x.o(.text)
    RTC_Alarm_IRQHandler                     0x08000289   Thumb Code     0  startup_stm32f30x.o(.text)
    RTC_WKUP_IRQHandler                      0x08000289   Thumb Code     0  startup_stm32f30x.o(.text)
    SPI1_IRQHandler                          0x08000289   Thumb Code     0  startup_stm32f30x.o(.text)
    SPI2_IRQHandler                          0x08000289   Thumb Code     0  startup_stm32f30x.o(.text)
    SPI3_IRQHandler                          0x08000289   Thumb Code     0  startup_stm32f30x.o(.text)
    TAMPER_STAMP_IRQHandler                  0x08000289   Thumb Code     0  startup_stm32f30x.o(.text)
    TIM1_BRK_TIM15_IRQHandler                0x08000289   Thumb Code     0  startup_stm32f30x.o(.text)
    TIM1_CC_IRQHandler                       0x08000289   Thumb Code     0  startup_stm32f30x.o(.text)
    TIM1_TRG_COM_TIM17_IRQHandler            0x08000289   Thumb Code     0  startup_stm32f30x.o(.text)
    TIM1_UP_TIM16_IRQHandler                 0x08000289   Thumb Code     0  startup_stm32f30x.o(.text)
    TIM2_IRQHandler                          0x08000289   Thumb Code     0  startup_stm32f30x.o(.text)
    TIM3_IRQHandler                          0x08000289   Thumb Code     0  startup_stm32f30x.o(.text)
    TIM4_IRQHandler                          0x08000289   Thumb Code     0  startup_stm32f30x.o(.text)
    TIM7_IRQHandler                          0x08000289   Thumb Code     0  startup_stm32f30x.o(.text)
    TIM8_BRK_IRQHandler                      0x08000289   Thumb Code     0  startup_stm32f30x.o(.text)
    TIM8_CC_IRQHandler                       0x08000289   Thumb Code     0  startup_stm32f30x.o(.text)
    TIM8_TRG_COM_IRQHandler                  0x08000289   Thumb Code     0  startup_stm32f30x.o(.text)
    TIM8_UP_IRQHandler                       0x08000289   Thumb Code     0  startup_stm32f30x.o(.text)
    UART4_IRQHandler                         0x08000289   Thumb Code     0  startup_stm32f30x.o(.text)
    UART5_IRQHandler                         0x08000289   Thumb Code     0  startup_stm32f30x.o(.text)
    USART1_IRQHandler                        0x08000289   Thumb Code     0  startup_stm32f30x.o(.text)
    USBWakeUp_IRQHandler                     0x08000289   Thumb Code     0  startup_stm32f30x.o(.text)
    USBWakeUp_RMP_IRQHandler                 0x08000289   Thumb Code     0  startup_stm32f30x.o(.text)
    USB_HP_CAN1_TX_IRQHandler                0x08000289   Thumb Code     0  startup_stm32f30x.o(.text)
    USB_HP_IRQHandler                        0x08000289   Thumb Code     0  startup_stm32f30x.o(.text)
    USB_LP_CAN1_RX0_IRQHandler               0x08000289   Thumb Code     0  startup_stm32f30x.o(.text)
    USB_LP_IRQHandler                        0x08000289   Thumb Code     0  startup_stm32f30x.o(.text)
    WWDG_IRQHandler                          0x08000289   Thumb Code     0  startup_stm32f30x.o(.text)
    __user_initial_stackheap                 0x0800028d   Thumb Code     0  startup_stm32f30x.o(.text)
    __aeabi_memclr4                          0x080002b1   Thumb Code     0  rt_memclr_w.o(.text)
    __aeabi_memclr8                          0x080002b1   Thumb Code     0  rt_memclr_w.o(.text)
    __rt_memclr_w                            0x080002b1   Thumb Code    78  rt_memclr_w.o(.text)
    _memset_w                                0x080002b5   Thumb Code     0  rt_memclr_w.o(.text)
    __use_two_region_memory                  0x080002ff   Thumb Code     2  heapauxi.o(.text)
    __rt_heap_escrow$2region                 0x08000301   Thumb Code     2  heapauxi.o(.text)
    __rt_heap_expand$2region                 0x08000303   Thumb Code     2  heapauxi.o(.text)
    __user_setup_stackheap                   0x08000305   Thumb Code    74  sys_stackheap_outer.o(.text)
    exit                                     0x0800034f   Thumb Code    18  exit.o(.text)
    __user_libspace                          0x08000361   Thumb Code     8  libspace.o(.text)
    __user_perproc_libspace                  0x08000361   Thumb Code     0  libspace.o(.text)
    __user_perthread_libspace                0x08000361   Thumb Code     0  libspace.o(.text)
    _sys_exit                                0x08000369   Thumb Code     8  sys_exit.o(.text)
    __I$use$semihosting                      0x08000375   Thumb Code     0  use_no_semi.o(.text)
    __use_no_semihosting_swi                 0x08000375   Thumb Code     2  use_no_semi.o(.text)
    __semihosting_library_function           0x08000377   Thumb Code     0  indicate_semi.o(.text)
    BubbleSort                               0x08000379   Thumb Code   144  app_crc.o(i.BubbleSort)
    DMA1_Channel2_IRQHandler                 0x0800040d   Thumb Code    44  hal_uart.o(i.DMA1_Channel2_IRQHandler)
    DMA1_Channel7_IRQHandler                 0x08000449   Thumb Code    44  hal_uart.o(i.DMA1_Channel7_IRQHandler)
    GetFloatBalancingModelData               0x08000485   Thumb Code    52  app_t5l_ctrl.o(i.GetFloatBalancingModelData)
    LedCtrlSendPulse                         0x080004c1   Thumb Code    88  app_led_ctrl.o(i.LedCtrlSendPulse)
    LedDataSet                               0x08000519   Thumb Code   132  app_led_ctrl.o(i.LedDataSet)
    Led_delay                                0x080005a1   Thumb Code    10  app_led_ctrl.o(i.Led_delay)
    ModbusRtu_MainFunction                   0x080005ad   Thumb Code    60  app_modbus_rtu_ctrl.o(i.ModbusRtu_MainFunction)
    ModbusRtu_MasterCycleReadWeightScan      0x080005f1   Thumb Code    52  app_modbus_rtu_ctrl.o(i.ModbusRtu_MasterCycleReadWeightScan)
    ModbusRtu_MasterMainFunction             0x08000625   Thumb Code    28  app_modbus_rtu_ctrl.o(i.ModbusRtu_MasterMainFunction)
    ModbusRtu_MasterMaskDeal                 0x08000641   Thumb Code   506  app_modbus_rtu_ctrl.o(i.ModbusRtu_MasterMaskDeal)
    ModbusRtu_MasterRxMainFunction           0x0800083d   Thumb Code   816  app_modbus_rtu_ctrl.o(i.ModbusRtu_MasterRxMainFunction)
    ModbusRtu_MasterTxMainFunction           0x08000b71   Thumb Code   138  app_modbus_rtu_ctrl.o(i.ModbusRtu_MasterTxMainFunction)
    ModbusRtu_RxMainFunction                 0x08000bfb   Thumb Code   130  app_modbus_rtu_ctrl.o(i.ModbusRtu_RxMainFunction)
    ModbusRtu_SlaveMainFunction              0x08000c7d   Thumb Code    28  app_modbus_rtu_ctrl.o(i.ModbusRtu_SlaveMainFunction)
    ModbusRtu_SlaveRxMainFunction            0x08000c99   Thumb Code   194  app_modbus_rtu_ctrl.o(i.ModbusRtu_SlaveRxMainFunction)
    ModbusRtu_SlaveTxMainFunction            0x08000d61   Thumb Code    86  app_modbus_rtu_ctrl.o(i.ModbusRtu_SlaveTxMainFunction)
    ModbusRtu_SlaveTxMaskDeal                0x08000db9   Thumb Code  1252  app_modbus_rtu_ctrl.o(i.ModbusRtu_SlaveTxMaskDeal)
    ModbusRtu_init                           0x0800129d   Thumb Code    68  app_modbus_rtu_ctrl.o(i.ModbusRtu_init)
    STM32CheckPassWord                       0x080012e9   Thumb Code    58  app_password.o(i.STM32CheckPassWord)
    STM32MCUIDGet                            0x08001335   Thumb Code    34  app_password.o(i.STM32MCUIDGet)
    TIM6_DAC_IRQHandler                      0x0800135d   Thumb Code    16  hal_timer.o(i.TIM6_DAC_IRQHandler)
    USART2_IRQHandler                        0x08001371   Thumb Code   226  hal_uart.o(i.USART2_IRQHandler)
    USART3_IRQHandler                        0x08001469   Thumb Code   348  hal_uart.o(i.USART3_IRQHandler)
    app_main_init                            0x080015e1   Thumb Code    38  app_main_task.o(i.app_main_init)
    app_main_task                            0x08001611   Thumb Code    54  app_main_task.o(i.app_main_task)
    app_uart_extern_msg_packet_process       0x08001651   Thumb Code     2  app_t5l_ctrl.o(i.app_uart_extern_msg_packet_process)
    cal_crc16                                0x08001655   Thumb Code    62  app_crc.o(i.cal_crc16)
    chanelChangedTrigerDeal                  0x0800169d   Thumb Code   530  app_t5l_ctrl.o(i.chanelChangedTrigerDeal)
    clearLocalCalibrationKAndBAndSample      0x080018c5   Thumb Code   188  app_t5l_ctrl.o(i.clearLocalCalibrationKAndBAndSample)
    clearLocalCalibrationRecordData          0x08001985   Thumb Code   122  app_t5l_ctrl.o(i.clearLocalCalibrationRecordData)
    color_clearAllColor                      0x08001a05   Thumb Code    26  app_t5l_ctrl.o(i.color_clearAllColor)
    drv_debug_apb1_stop                      0x08001a25   Thumb Code    12  drv_dbgmcu.o(i.drv_debug_apb1_stop)
    drv_delay_init                           0x08001a35   Thumb Code    60  drv_delay.o(i.drv_delay_init)
    drv_delay_ms                             0x08001a81   Thumb Code    64  drv_delay.o(i.drv_delay_ms)
    drv_delay_us                             0x08001ac5   Thumb Code    64  drv_delay.o(i.drv_delay_us)
    drv_dma_set_mem_addr_length              0x08001b09   Thumb Code    12  drv_dma.o(i.drv_dma_set_mem_addr_length)
    drv_dma_stream_clear_flag_status         0x08001b15   Thumb Code    30  drv_dma.o(i.drv_dma_stream_clear_flag_status)
    drv_dma_stream_clear_it_pending_bit      0x08001b3d   Thumb Code    18  drv_dma.o(i.drv_dma_stream_clear_it_pending_bit)
    drv_dma_stream_deinit                    0x08001b59   Thumb Code   252  drv_dma.o(i.drv_dma_stream_deinit)
    drv_dma_stream_disable                   0x08001c5d   Thumb Code    10  drv_dma.o(i.drv_dma_stream_disable)
    drv_dma_stream_enable                    0x08001c67   Thumb Code    12  drv_dma.o(i.drv_dma_stream_enable)
    drv_dma_stream_get_it_status             0x08001c75   Thumb Code    90  drv_dma.o(i.drv_dma_stream_get_it_status)
    drv_dma_stream_get_left_length           0x08001cd9   Thumb Code    14  drv_dma.o(i.drv_dma_stream_get_left_length)
    drv_dma_stream_init                      0x08001ce7   Thumb Code   108  drv_dma.o(i.drv_dma_stream_init)
    drv_dma_stream_it_enable                 0x08001d53   Thumb Code     8  drv_dma.o(i.drv_dma_stream_it_enable)
    drv_dma_stream_start_mem_to_periph       0x08001d5b   Thumb Code    52  drv_dma.o(i.drv_dma_stream_start_mem_to_periph)
    drv_dma_stream_start_periph_to_mem       0x08001d8f   Thumb Code    52  drv_dma.o(i.drv_dma_stream_start_periph_to_mem)
    drv_flash_erase_sector                   0x08001dc5   Thumb Code    66  drv_flash.o(i.drv_flash_erase_sector)
    drv_flash_get_status                     0x08001e0d   Thumb Code    40  drv_flash.o(i.drv_flash_get_status)
    drv_flash_lock                           0x08001e39   Thumb Code    16  drv_flash.o(i.drv_flash_lock)
    drv_flash_read_words                     0x08001e4d   Thumb Code    32  drv_flash.o(i.drv_flash_read_words)
    drv_flash_unlock                         0x08001e6d   Thumb Code    22  drv_flash.o(i.drv_flash_unlock)
    drv_flash_wait_last_operation            0x08001e91   Thumb Code    40  drv_flash.o(i.drv_flash_wait_last_operation)
    drv_flash_write_words                    0x08001eb9   Thumb Code   122  drv_flash.o(i.drv_flash_write_words)
    drv_gpio_alternate_function_connect      0x08001f39   Thumb Code    66  drv_gpio.o(i.drv_gpio_alternate_function_connect)
    drv_gpio_alternate_function_init         0x08001f7b   Thumb Code   220  drv_gpio.o(i.drv_gpio_alternate_function_init)
    drv_gpio_input_init                      0x08002057   Thumb Code    96  drv_gpio.o(i.drv_gpio_input_init)
    drv_gpio_output_init                     0x080020b7   Thumb Code   220  drv_gpio.o(i.drv_gpio_output_init)
    drv_gpio_set_pins_high                   0x08002193   Thumb Code     8  hal_uart.o(i.drv_gpio_set_pins_high)
    drv_iwdg_init                            0x0800219d   Thumb Code    32  drv_iwdg.o(i.drv_iwdg_init)
    drv_nvic_enable                          0x080021c1   Thumb Code    22  drv_nvic.o(i.drv_nvic_enable)
    drv_nvic_init                            0x080021d9   Thumb Code    56  drv_nvic.o(i.drv_nvic_init)
    drv_rcc_ahb1_clk_enable                  0x08002219   Thumb Code    12  drv_rcc.o(i.drv_rcc_ahb1_clk_enable)
    drv_rcc_apb1_clk_enable                  0x08002229   Thumb Code    12  drv_rcc.o(i.drv_rcc_apb1_clk_enable)
    drv_rcc_apb1_periph_reset_disable        0x08002239   Thumb Code    12  drv_rcc.o(i.drv_rcc_apb1_periph_reset_disable)
    drv_rcc_apb1_periph_reset_enable         0x08002249   Thumb Code    12  drv_rcc.o(i.drv_rcc_apb1_periph_reset_enable)
    drv_rcc_apb2_clk_enable                  0x08002259   Thumb Code    12  drv_rcc.o(i.drv_rcc_apb2_clk_enable)
    drv_rcc_apb2_periph_reset_disable        0x08002269   Thumb Code    12  drv_rcc.o(i.drv_rcc_apb2_periph_reset_disable)
    drv_rcc_apb2_periph_reset_enable         0x08002279   Thumb Code    12  drv_rcc.o(i.drv_rcc_apb2_periph_reset_enable)
    drv_rcc_get_clocks_freq                  0x08002289   Thumb Code   238  drv_rcc.o(i.drv_rcc_get_clocks_freq)
    drv_rcc_init                             0x0800238d   Thumb Code   694  drv_rcc.o(i.drv_rcc_init)
    drv_timer_base_init                      0x0800266d   Thumb Code   104  drv_timer.o(i.drv_timer_base_init)
    drv_timer_clear_it_pending_bit           0x080026ed   Thumb Code     8  drv_timer.o(i.drv_timer_clear_it_pending_bit)
    drv_timer_deinit                         0x080026f5   Thumb Code   216  drv_timer.o(i.drv_timer_deinit)
    drv_timer_enable                         0x080027f1   Thumb Code    12  drv_timer.o(i.drv_timer_enable)
    drv_timer_it_enable                      0x080027fd   Thumb Code     8  drv_timer.o(i.drv_timer_it_enable)
    drv_uart_clear_flag_status               0x08002805   Thumb Code     4  drv_uart.o(i.drv_uart_clear_flag_status)
    drv_uart_clear_it_pending_bit            0x08002809   Thumb Code    18  drv_uart.o(i.drv_uart_clear_it_pending_bit)
    drv_uart_deinit                          0x0800281d   Thumb Code   124  drv_uart.o(i.drv_uart_deinit)
    drv_uart_dma_rx_enable                   0x080028ad   Thumb Code    12  drv_uart.o(i.drv_uart_dma_rx_enable)
    drv_uart_dma_tx_enable                   0x080028b9   Thumb Code    12  drv_uart.o(i.drv_uart_dma_tx_enable)
    drv_uart_get_flag_status                 0x080028c5   Thumb Code    16  drv_uart.o(i.drv_uart_get_flag_status)
    drv_uart_init                            0x080028d5   Thumb Code   190  drv_uart.o(i.drv_uart_init)
    drv_uart_it_disable                      0x08002993   Thumb Code    52  drv_uart.o(i.drv_uart_it_disable)
    drv_uart_it_enable                       0x080029c7   Thumb Code    52  drv_uart.o(i.drv_uart_it_enable)
    drv_uart_put_bytes                       0x080029fb   Thumb Code    32  drv_uart.o(i.drv_uart_put_bytes)
    drv_uart_set_baudrate                    0x08002a1d   Thumb Code   116  drv_uart.o(i.drv_uart_set_baudrate)
    getChanelStruct                          0x08002a99   Thumb Code    24  app_hx711_ctrl.o(i.getChanelStruct)
    getModbusOtherRemoveFlag                 0x08002ab5   Thumb Code     8  app_modbus_rtu_ctrl.o(i.getModbusOtherRemoveFlag)
    getSysColorWhichUsable                   0x08002ac1   Thumb Code    48  app_t5l_ctrl.o(i.getSysColorWhichUsable)
    hal_clock_init                           0x08002af5   Thumb Code    24  hal_clock.o(i.hal_clock_init)
    hal_delay_init                           0x08002b0d   Thumb Code     8  hal_delay.o(i.hal_delay_init)
    hal_delay_us                             0x08002b15   Thumb Code    12  app_hx711_ctrl.o(i.hal_delay_us)
    hal_di_get                               0x08002b21   Thumb Code    36  hal_gpio.o(i.hal_di_get)
    hal_gpio_set_do_high                     0x08002b4d   Thumb Code    22  hal_gpio.o(i.hal_gpio_set_do_high)
    hal_gpio_set_do_low                      0x08002b6d   Thumb Code    22  hal_gpio.o(i.hal_gpio_set_do_low)
    hal_timer_init                           0x08002b8d   Thumb Code    66  hal_timer.o(i.hal_timer_init)
    hal_uart_dma_rx_start                    0x08002bd9   Thumb Code    70  hal_uart.o(i.hal_uart_dma_rx_start)
    hal_uart_gpio_init                       0x08002c31   Thumb Code   806  hal_uart.o(i.hal_uart_gpio_init)
    hal_uart_port_init                       0x08002f89   Thumb Code   560  hal_uart.o(i.hal_uart_port_init)
    hal_uart_rx_irq_disable                  0x080031f1   Thumb Code    48  hal_uart.o(i.hal_uart_rx_irq_disable)
    hal_uart_rx_irq_enable                   0x0800322d   Thumb Code    48  hal_uart.o(i.hal_uart_rx_irq_enable)
    hal_uart_set_braudrate                   0x08003269   Thumb Code    34  hal_uart.o(i.hal_uart_set_braudrate)
    hal_uart_set_rx_mode                     0x08003295   Thumb Code    26  hal_uart.o(i.hal_uart_set_rx_mode)
    hal_uart_set_timeout                     0x080032b9   Thumb Code     2  hal_uart.o(i.hal_uart_set_timeout)
    hal_uart_set_tx_mode                     0x080032bd   Thumb Code    24  hal_uart.o(i.hal_uart_set_tx_mode)
    hal_uart_tx_bytes                        0x080032dd   Thumb Code   246  hal_uart.o(i.hal_uart_tx_bytes)
    hx711_AllChanelSample                    0x080033e5   Thumb Code   216  app_hx711_ctrl.o(i.hx711_AllChanelSample)
    hx711_DataSampleCtrl                     0x080034c1   Thumb Code    40  app_hx711_ctrl.o(i.hx711_DataSampleCtrl)
    hx711_MainFunction                       0x080034ed   Thumb Code   212  app_hx711_ctrl.o(i.hx711_MainFunction)
    hx711_SigChanelAvrgAndWeightCalc         0x080035c9   Thumb Code   220  app_hx711_ctrl.o(i.hx711_SigChanelAvrgAndWeightCalc)
    hx711_getAvgSample                       0x080036a9   Thumb Code    26  app_hx711_ctrl.o(i.hx711_getAvgSample)
    hx711_getWeight                          0x080036c9   Thumb Code   118  app_hx711_ctrl.o(i.hx711_getWeight)
    hx711_init                               0x08003755   Thumb Code   340  app_hx711_ctrl.o(i.hx711_init)
    hx711_setAllRemoveWeight                 0x080038bd   Thumb Code    56  app_hx711_ctrl.o(i.hx711_setAllRemoveWeight)
    jumpToActivePage                         0x080038f9   Thumb Code    96  app_t5l_ctrl.o(i.jumpToActivePage)
    jumpToBalancingCleanPage                 0x08003961   Thumb Code   110  app_t5l_ctrl.o(i.jumpToBalancingCleanPage)
    jumpToBalancingHomePage                  0x080039dd   Thumb Code   116  app_t5l_ctrl.o(i.jumpToBalancingHomePage)
    jumpToBalancingPage                      0x08003a5d   Thumb Code   130  app_t5l_ctrl.o(i.jumpToBalancingPage)
    jumpToBanlingPage                        0x08003aed   Thumb Code   130  app_t5l_ctrl.o(i.jumpToBanlingPage)
    jumpToCalibrationPage                    0x08003b7d   Thumb Code    96  app_t5l_ctrl.o(i.jumpToCalibrationPage)
    jumpToHomePage                           0x08003be5   Thumb Code    96  app_t5l_ctrl.o(i.jumpToHomePage)
    key_FilterGet                            0x08003c4d   Thumb Code    30  app_key_ctrl.o(i.key_FilterGet)
    key_MainFunction                         0x08003c71   Thumb Code   142  app_key_ctrl.o(i.key_MainFunction)
    key_filter                               0x08003d11   Thumb Code   168  app_key_ctrl.o(i.key_filter)
    key_init                                 0x08003dbd   Thumb Code    84  app_key_ctrl.o(i.key_init)
    led_MainFunction                         0x08003e15   Thumb Code   130  app_led_ctrl.o(i.led_MainFunction)
    led_init                                 0x08003ea5   Thumb Code    62  app_led_ctrl.o(i.led_init)
    main                                     0x08003ee5   Thumb Code    52  app_main.o(i.main)
    masterCaculateHelpData                   0x08003f21   Thumb Code   394  app_t5l_ctrl.o(i.masterCaculateHelpData)
    pointSampleTrigerDataSet                 0x080040c5   Thumb Code    32  app_t5l_ctrl.o(i.pointSampleTrigerDataSet)
    pointTrigerDataSet                       0x080040e9   Thumb Code    62  app_t5l_ctrl.o(i.pointTrigerDataSet)
    pointTrigerDeal                          0x0800412d   Thumb Code   312  app_t5l_ctrl.o(i.pointTrigerDeal)
    pointWeightTrigerDataSet                 0x08004275   Thumb Code    32  app_t5l_ctrl.o(i.pointWeightTrigerDataSet)
    preColorDataAndJudgeIfNeedSend           0x08004299   Thumb Code   824  app_t5l_ctrl.o(i.preColorDataAndJudgeIfNeedSend)
    preWeightDataAndJudgeIfNeedSend          0x080045dd   Thumb Code   248  app_t5l_ctrl.o(i.preWeightDataAndJudgeIfNeedSend)
    readHelpDataFromSys                      0x080046d9   Thumb Code    50  app_t5l_ctrl.o(i.readHelpDataFromSys)
    readSysDataFromFlash                     0x08004711   Thumb Code   378  app_syspara.o(i.readSysDataFromFlash)
    readSysDataFromFlash_3030                0x08004891   Thumb Code   258  app_syspara.o(i.readSysDataFromFlash_3030)
    releaseSysColor                          0x080049a1   Thumb Code    42  app_t5l_ctrl.o(i.releaseSysColor)
    removeWeightTrigerDeal                   0x080049d1   Thumb Code   268  app_t5l_ctrl.o(i.removeWeightTrigerDeal)
    resetCalibrationTrigerDeal               0x08004ae9   Thumb Code   310  app_t5l_ctrl.o(i.resetCalibrationTrigerDeal)
    sampleDataPush                           0x08004c31   Thumb Code    58  app_hx711_ctrl.o(i.sampleDataPush)
    screenT5L_HelpDataMainFunction           0x08004c6d   Thumb Code    48  app_t5l_ctrl.o(i.screenT5L_HelpDataMainFunction)
    screenT5L_Init                           0x08004ca5   Thumb Code   158  app_t5l_ctrl.o(i.screenT5L_Init)
    screenT5L_OutputVoice                    0x08004d59   Thumb Code   120  app_t5l_ctrl.o(i.screenT5L_OutputVoice)
    screenT5L_RxFunction                     0x08004dd9   Thumb Code   344  app_t5l_ctrl.o(i.screenT5L_RxFunction)
    screenT5L_TxFunction                     0x08004f35   Thumb Code   378  app_t5l_ctrl.o(i.screenT5L_TxFunction)
    screenT5L_VoicePrintfMainfunction        0x080050bd   Thumb Code   304  app_t5l_ctrl.o(i.screenT5L_VoicePrintfMainfunction)
    sdweAskRegData                           0x08005201   Thumb Code    18  app_t5l_ctrl.o(i.sdweAskRegData)
    sdweAskVaribleData                       0x08005219   Thumb Code   994  app_t5l_ctrl.o(i.sdweAskVaribleData)
    sdwe_VoicePrintfPop                      0x08005605   Thumb Code   166  app_t5l_ctrl.o(i.sdwe_VoicePrintfPop)
    sdwe_VoicePrintfPush                     0x080056b9   Thumb Code    80  app_t5l_ctrl.o(i.sdwe_VoicePrintfPush)
    sendBalancingWeightAndColor619           0x08005715   Thumb Code   140  app_t5l_ctrl.o(i.sendBalancingWeightAndColor619)
    sendHelpDataDiff                         0x080057c1   Thumb Code   468  app_t5l_ctrl.o(i.sendHelpDataDiff)
    sendHelpDataDiff_AtSlave1Device          0x080059b5   Thumb Code    84  app_t5l_ctrl.o(i.sendHelpDataDiff_AtSlave1Device)
    sendSysParaDataToDiwen                   0x08005a15   Thumb Code  1326  app_t5l_ctrl.o(i.sendSysParaDataToDiwen)
    setModbusOtherRemoveFlag                 0x08005f4d   Thumb Code     8  app_modbus_rtu_ctrl.o(i.setModbusOtherRemoveFlag)
    setModbusSelfRemoveFlag                  0x08005f59   Thumb Code     8  app_modbus_rtu_ctrl.o(i.setModbusSelfRemoveFlag)
    setSampleWeightValue                     0x08005f65   Thumb Code    36  app_hx711_ctrl.o(i.setSampleWeightValue)
    sreenT5L_MainFunction                    0x08005f8d   Thumb Code    40  app_t5l_ctrl.o(i.sreenT5L_MainFunction)
    storeSysDataToFlash                      0x08005fb9   Thumb Code   342  app_syspara.o(i.storeSysDataToFlash)
    storeSysDataToFlash_3030                 0x0800611d   Thumb Code   418  app_syspara.o(i.storeSysDataToFlash_3030)
    system_init                              0x080062d5   Thumb Code    40  app_main.o(i.system_init)
    t5lDisPlayDataClear                      0x080062fd   Thumb Code    74  app_t5l_ctrl.o(i.t5lDisPlayDataClear)
    t5lWriteData                             0x08006365   Thumb Code   300  app_t5l_ctrl.o(i.t5lWriteData)
    t5lWriteVarible                          0x08006499   Thumb Code   236  app_t5l_ctrl.o(i.t5lWriteVarible)
    trigerCalcKB                             0x0800658d   Thumb Code   502  app_hx711_ctrl.o(i.trigerCalcKB)
    wm_hal_gpio_init                         0x0800678d   Thumb Code    86  hal_gpio.o(i.wm_hal_gpio_init)
    writeHelpDataFromCom                     0x080067fd   Thumb Code    92  app_t5l_ctrl.o(i.writeHelpDataFromCom)
    __aeabi_d2f                              0x0800685d   Thumb Code     0  d2f.o(x$fpl$d2f)
    _d2f                                     0x0800685d   Thumb Code    98  d2f.o(x$fpl$d2f)
    __aeabi_i2d                              0x080068bf   Thumb Code     0  dflt_clz.o(x$fpl$dflt)
    _dflt                                    0x080068bf   Thumb Code    46  dflt_clz.o(x$fpl$dflt)
    __aeabi_dmul                             0x080068ed   Thumb Code     0  dmul.o(x$fpl$dmul)
    _dmul                                    0x080068ed   Thumb Code   332  dmul.o(x$fpl$dmul)
    __fpl_dnaninf                            0x08006a41   Thumb Code   156  dnaninf.o(x$fpl$dnaninf)
    __fpl_dretinf                            0x08006add   Thumb Code    12  dretinf.o(x$fpl$dretinf)
    _fp_init                                 0x08006ae9   Thumb Code    10  fpinit.o(x$fpl$fpinit)
    __fplib_config_fpu_vfp                   0x08006af1   Thumb Code     0  fpinit.o(x$fpl$fpinit)
    __fplib_config_pureend_doubles           0x08006af1   Thumb Code     0  fpinit.o(x$fpl$fpinit)
    __fpl_fretinf                            0x08006af3   Thumb Code    10  fretinf.o(x$fpl$fretinf)
    __I$use$fp                               0x08006afc   Number         0  usenofp.o(x$fpl$usenofp)
    defaultChanelSamplePoint                 0x08006afc   Data          40  app_hx711_ctrl.o(.constdata)
    g_CrcHTable                              0x08006b24   Data         256  app_crc.o(.constdata)
    g_CrcLTable                              0x08006c24   Data         256  app_crc.o(.constdata)
    DO_GPIO_CLK                              0x08006d48   Data          52  hal_gpio.o(.constdata)
    DO_GPIO_PIN                              0x08006d7c   Data          26  hal_gpio.o(.constdata)
    DI_GPIO_CLK                              0x08006d98   Data          56  hal_gpio.o(.constdata)
    DI_GPIO_PIN                              0x08006dd0   Data          28  hal_gpio.o(.constdata)
    UART_PORT_CLK                            0x08006dec   Data           8  hal_uart.o(.constdata)
    UART_PORT_IRQn                           0x08006df4   Data           2  hal_uart.o(.constdata)
    UART_PORT_GPIO_AF                        0x08006df6   Data           2  hal_uart.o(.constdata)
    UART_TX_GPIO_CLK                         0x08006df8   Data           8  hal_uart.o(.constdata)
    UART_TX_GPIO_PIN                         0x08006e00   Data           4  hal_uart.o(.constdata)
    UART_TX_PIN_SOURCE                       0x08006e04   Data           4  hal_uart.o(.constdata)
    UART_RX_GPIO_CLK                         0x08006e08   Data           8  hal_uart.o(.constdata)
    UART_RX_GPIO_PIN                         0x08006e10   Data           4  hal_uart.o(.constdata)
    UART_RX_PIN_SOURCE                       0x08006e14   Data           4  hal_uart.o(.constdata)
    UART_DEA_GPIO_CLK                        0x08006e18   Data           8  hal_uart.o(.constdata)
    UART_DEA_GPIO_PIN                        0x08006e20   Data           4  hal_uart.o(.constdata)
    UART_TX_DMA_CLK                          0x08006e24   Data           8  hal_uart.o(.constdata)
    UART_TX_DMA_IRQn                         0x08006e2c   Data           2  hal_uart.o(.constdata)
    UART_TX_DMA_IT_TCIF                      0x08006e30   Data           8  hal_uart.o(.constdata)
    UART_RX_DMA_CLK                          0x08006e38   Data           8  hal_uart.o(.constdata)
    g_UartBaudTab                            0x08006e40   Data          40  hal_uart.o(.constdata)
    Region$$Table$$Base                      0x08006e68   Number         0  anon$$obj.o(Region$$Table)
    Region$$Table$$Limit                     0x08006e88   Number         0  anon$$obj.o(Region$$Table)
    g_sys_ms_tick                            0x20000000   Data           4  app_main_task.o(.data)
    g_led_ctrl_data                          0x20000005   Data           3  app_led_ctrl.o(.data)
    g_ModbusRtu                              0x20000018   Data         852  app_modbus_rtu_ctrl.o(.data)
    g_passWordId                             0x2000036c   Data           4  app_password.o(.data)
    g_passWordStore                          0x20000370   Data           4  app_password.o(.data)
    g_sysLocked                              0x20000374   Data           4  app_password.o(.data)
    idAddr                                   0x20000378   Data          40  app_password.o(.data)
    gSystemPara                              0x200003a0   Data          64  app_syspara.o(.data)
    g_T5L                                    0x200003e4   Data         612  app_t5l_ctrl.o(.data)
    u8T5LVoiceBuffPush_i                     0x20000648   Data           1  app_t5l_ctrl.o(.data)
    u8T5LVoiceBuffPop_i                      0x20000649   Data           1  app_t5l_ctrl.o(.data)
    u8T5LVoiceBuffStoreNum                   0x2000064a   Data           1  app_t5l_ctrl.o(.data)
    DO_GPIO_PORT                             0x20000664   Data          52  hal_gpio.o(.data)
    DI_GPIO_PORT                             0x20000698   Data          56  hal_gpio.o(.data)
    UART_PORT                                0x200006d0   Data           8  hal_uart.o(.data)
    UART_TX_GPIO_PORT                        0x200006d8   Data           8  hal_uart.o(.data)
    UART_RX_GPIO_PORT                        0x200006e0   Data           8  hal_uart.o(.data)
    UART_DEA_GPIO_PORT                       0x200006e8   Data           8  hal_uart.o(.data)
    UART_TX_DMA                              0x200006f0   Data           8  hal_uart.o(.data)
    UART_TX_DMA_CHANNEL                      0x200006f8   Data           8  hal_uart.o(.data)
    UART_RX_DMA                              0x20000700   Data           8  hal_uart.o(.data)
    UART_RX_DMA_CHANNEL                      0x20000708   Data           8  hal_uart.o(.data)
    g_UartDevice                             0x20000710   Data         112  hal_uart.o(.data)
    l_RccWiteTimeOut                         0x20000798   Data           4  drv_rcc.o(.data)
    HX711Chanel                              0x2000079c   Data        1368  app_hx711_ctrl.o(.bss)
    SysKey                                   0x20000cf4   Data          12  app_key_ctrl.o(.bss)
    STM32McuId                               0x20000d00   Data          12  app_password.o(.bss)
    flashStoreDataBuf                        0x20000d0c   Data        1060  app_syspara.o(.bss)
    flashStoreDataBuf_3030                   0x20001130   Data          64  app_syspara.o(.bss)
    g_t5l_dis_data                           0x20001170   Data          24  app_t5l_ctrl.o(.bss)
    g_t5l_dis_data_buff                      0x20001188   Data          24  app_t5l_ctrl.o(.bss)
    g_T5L_VoiceBuff                          0x200013d0   Data          18  app_t5l_ctrl.o(.bss)
    g_i16DataBuff                            0x200013e2   Data          24  app_t5l_ctrl.o(.bss)
    g_i16DataBuffPre                         0x200013fa   Data          24  app_t5l_ctrl.o(.bss)
    g_i16ColorBuff                           0x20001412   Data          24  app_t5l_ctrl.o(.bss)
    g_i16ColorBuffPre                        0x2000142a   Data          24  app_t5l_ctrl.o(.bss)
    g_i16ColorOtherChanel                    0x20001442   Data          24  app_t5l_ctrl.o(.bss)
    g_fDataBuffCaculate                      0x2000145c   Data          48  app_t5l_ctrl.o(.bss)
    g_i16OtherChanelCaculate                 0x2000148c   Data          24  app_t5l_ctrl.o(.bss)
    g_i16HelpDataBuff                        0x200014a4   Data          36  app_t5l_ctrl.o(.bss)
    g_i16HelpDataBuffPre                     0x200014c8   Data          36  app_t5l_ctrl.o(.bss)
    g_i16HelpDataSort                        0x200014ec   Data          48  app_t5l_ctrl.o(.bss)
    g_i16HelpDataChnSort                     0x2000151c   Data          24  app_t5l_ctrl.o(.bss)
    g_ClockFrequency                         0x20001534   Data          36  drv_rcc.o(.bss)
    __libspace_start                         0x20001558   Data          96  libspace.o(.bss)
    __temporary_stack_top$libspace           0x200015b8   Data           0  libspace.o(.bss)



==============================================================================

Memory Map of the image

  Image Entry point : 0x08000189

  Load Region LR_IROM1 (Base: 0x08000000, Size: 0x00007624, Max: 0x00030000, ABSOLUTE, COMPRESSED[0x00006f40])

    Execution Region ER_IROM1 (Base: 0x08000000, Size: 0x00006e88, Max: 0x00030000, ABSOLUTE)

    Base Addr    Size         Type   Attr      Idx    E Section Name        Object

    0x08000000   0x00000188   Data   RO          912    RESET               startup_stm32f30x.o
    0x08000188   0x00000008   Code   RO         2615  * !!!main             c_w.l(__main.o)
    0x08000190   0x00000034   Code   RO         2791    !!!scatter          c_w.l(__scatter.o)
    0x080001c4   0x0000005a   Code   RO         2789    !!dczerorl2         c_w.l(__dczerorl2.o)
    0x0800021e   0x00000002   PAD
    0x08000220   0x0000001c   Code   RO         2793    !!handler_zi        c_w.l(__scatter_zi.o)
    0x0800023c   0x00000002   Code   RO         2659    .ARM.Collect$$libinit$$00000000  c_w.l(libinit.o)
    0x0800023e   0x00000004   Code   RO         2665    .ARM.Collect$$libinit$$00000001  c_w.l(libinit2.o)
    0x08000242   0x00000000   Code   RO         2668    .ARM.Collect$$libinit$$00000004  c_w.l(libinit2.o)
    0x08000242   0x00000000   Code   RO         2671    .ARM.Collect$$libinit$$0000000A  c_w.l(libinit2.o)
    0x08000242   0x00000000   Code   RO         2673    .ARM.Collect$$libinit$$0000000C  c_w.l(libinit2.o)
    0x08000242   0x00000000   Code   RO         2675    .ARM.Collect$$libinit$$0000000E  c_w.l(libinit2.o)
    0x08000242   0x00000000   Code   RO         2678    .ARM.Collect$$libinit$$00000011  c_w.l(libinit2.o)
    0x08000242   0x00000000   Code   RO         2680    .ARM.Collect$$libinit$$00000013  c_w.l(libinit2.o)
    0x08000242   0x00000000   Code   RO         2682    .ARM.Collect$$libinit$$00000015  c_w.l(libinit2.o)
    0x08000242   0x00000000   Code   RO         2684    .ARM.Collect$$libinit$$00000017  c_w.l(libinit2.o)
    0x08000242   0x00000000   Code   RO         2686    .ARM.Collect$$libinit$$00000019  c_w.l(libinit2.o)
    0x08000242   0x00000000   Code   RO         2688    .ARM.Collect$$libinit$$0000001B  c_w.l(libinit2.o)
    0x08000242   0x00000000   Code   RO         2690    .ARM.Collect$$libinit$$0000001D  c_w.l(libinit2.o)
    0x08000242   0x00000000   Code   RO         2692    .ARM.Collect$$libinit$$0000001F  c_w.l(libinit2.o)
    0x08000242   0x00000000   Code   RO         2694    .ARM.Collect$$libinit$$00000021  c_w.l(libinit2.o)
    0x08000242   0x00000000   Code   RO         2696    .ARM.Collect$$libinit$$00000023  c_w.l(libinit2.o)
    0x08000242   0x00000000   Code   RO         2698    .ARM.Collect$$libinit$$00000025  c_w.l(libinit2.o)
    0x08000242   0x00000000   Code   RO         2702    .ARM.Collect$$libinit$$0000002C  c_w.l(libinit2.o)
    0x08000242   0x00000000   Code   RO         2704    .ARM.Collect$$libinit$$0000002E  c_w.l(libinit2.o)
    0x08000242   0x00000000   Code   RO         2706    .ARM.Collect$$libinit$$00000030  c_w.l(libinit2.o)
    0x08000242   0x00000000   Code   RO         2708    .ARM.Collect$$libinit$$00000032  c_w.l(libinit2.o)
    0x08000242   0x00000002   Code   RO         2709    .ARM.Collect$$libinit$$00000033  c_w.l(libinit2.o)
    0x08000244   0x00000002   Code   RO         2729    .ARM.Collect$$libshutdown$$00000000  c_w.l(libshutdown.o)
    0x08000246   0x00000000   Code   RO         2742    .ARM.Collect$$libshutdown$$00000002  c_w.l(libshutdown2.o)
    0x08000246   0x00000000   Code   RO         2744    .ARM.Collect$$libshutdown$$00000004  c_w.l(libshutdown2.o)
    0x08000246   0x00000000   Code   RO         2747    .ARM.Collect$$libshutdown$$00000007  c_w.l(libshutdown2.o)
    0x08000246   0x00000000   Code   RO         2750    .ARM.Collect$$libshutdown$$0000000A  c_w.l(libshutdown2.o)
    0x08000246   0x00000000   Code   RO         2752    .ARM.Collect$$libshutdown$$0000000C  c_w.l(libshutdown2.o)
    0x08000246   0x00000000   Code   RO         2755    .ARM.Collect$$libshutdown$$0000000F  c_w.l(libshutdown2.o)
    0x08000246   0x00000002   Code   RO         2756    .ARM.Collect$$libshutdown$$00000010  c_w.l(libshutdown2.o)
    0x08000248   0x00000000   Code   RO         2627    .ARM.Collect$$rtentry$$00000000  c_w.l(__rtentry.o)
    0x08000248   0x00000000   Code   RO         2636    .ARM.Collect$$rtentry$$00000002  c_w.l(__rtentry2.o)
    0x08000248   0x00000006   Code   RO         2648    .ARM.Collect$$rtentry$$00000004  c_w.l(__rtentry4.o)
    0x0800024e   0x00000000   Code   RO         2638    .ARM.Collect$$rtentry$$00000009  c_w.l(__rtentry2.o)
    0x0800024e   0x00000004   Code   RO         2639    .ARM.Collect$$rtentry$$0000000A  c_w.l(__rtentry2.o)
    0x08000252   0x00000000   Code   RO         2641    .ARM.Collect$$rtentry$$0000000C  c_w.l(__rtentry2.o)
    0x08000252   0x00000008   Code   RO         2642    .ARM.Collect$$rtentry$$0000000D  c_w.l(__rtentry2.o)
    0x0800025a   0x00000002   Code   RO         2663    .ARM.Collect$$rtexit$$00000000  c_w.l(rtexit.o)
    0x0800025c   0x00000000   Code   RO         2711    .ARM.Collect$$rtexit$$00000002  c_w.l(rtexit2.o)
    0x0800025c   0x00000004   Code   RO         2712    .ARM.Collect$$rtexit$$00000003  c_w.l(rtexit2.o)
    0x08000260   0x00000006   Code   RO         2713    .ARM.Collect$$rtexit$$00000004  c_w.l(rtexit2.o)
    0x08000266   0x00000002   PAD
    0x08000268   0x00000048   Code   RO          913    .text               startup_stm32f30x.o
    0x080002b0   0x0000004e   Code   RO         2611    .text               c_w.l(rt_memclr_w.o)
    0x080002fe   0x00000006   Code   RO         2613    .text               c_w.l(heapauxi.o)
    0x08000304   0x0000004a   Code   RO         2650    .text               c_w.l(sys_stackheap_outer.o)
    0x0800034e   0x00000012   Code   RO         2652    .text               c_w.l(exit.o)
    0x08000360   0x00000008   Code   RO         2660    .text               c_w.l(libspace.o)
    0x08000368   0x0000000c   Code   RO         2721    .text               c_w.l(sys_exit.o)
    0x08000374   0x00000002   Code   RO         2732    .text               c_w.l(use_no_semi.o)
    0x08000376   0x00000000   Code   RO         2734    .text               c_w.l(indicate_semi.o)
    0x08000376   0x00000002   PAD
    0x08000378   0x00000094   Code   RO          398    i.BubbleSort        app_crc.o
    0x0800040c   0x0000003c   Code   RO         1299    i.DMA1_Channel2_IRQHandler  firmware_wm_00_hal.lib(hal_uart.o)
    0x08000448   0x0000003c   Code   RO         1300    i.DMA1_Channel7_IRQHandler  firmware_wm_00_hal.lib(hal_uart.o)
    0x08000484   0x0000003c   Code   RO          601    i.GetFloatBalancingModelData  app_t5l_ctrl.o
    0x080004c0   0x00000058   Code   RO          172    i.LedCtrlSendPulse  app_led_ctrl.o
    0x08000518   0x00000088   Code   RO          173    i.LedDataSet        app_led_ctrl.o
    0x080005a0   0x0000000a   Code   RO          174    i.Led_delay         app_led_ctrl.o
    0x080005aa   0x00000002   PAD
    0x080005ac   0x00000044   Code   RO          419    i.ModbusRtu_MainFunction  app_modbus_rtu_ctrl.o
    0x080005f0   0x00000034   Code   RO          420    i.ModbusRtu_MasterCycleReadWeightScan  app_modbus_rtu_ctrl.o
    0x08000624   0x0000001c   Code   RO          421    i.ModbusRtu_MasterMainFunction  app_modbus_rtu_ctrl.o
    0x08000640   0x000001fa   Code   RO          422    i.ModbusRtu_MasterMaskDeal  app_modbus_rtu_ctrl.o
    0x0800083a   0x00000002   PAD
    0x0800083c   0x00000334   Code   RO          423    i.ModbusRtu_MasterRxMainFunction  app_modbus_rtu_ctrl.o
    0x08000b70   0x0000008a   Code   RO          424    i.ModbusRtu_MasterTxMainFunction  app_modbus_rtu_ctrl.o
    0x08000bfa   0x00000082   Code   RO          425    i.ModbusRtu_RxMainFunction  app_modbus_rtu_ctrl.o
    0x08000c7c   0x0000001c   Code   RO          426    i.ModbusRtu_SlaveMainFunction  app_modbus_rtu_ctrl.o
    0x08000c98   0x000000c8   Code   RO          427    i.ModbusRtu_SlaveRxMainFunction  app_modbus_rtu_ctrl.o
    0x08000d60   0x00000056   Code   RO          428    i.ModbusRtu_SlaveTxMainFunction  app_modbus_rtu_ctrl.o
    0x08000db6   0x00000002   PAD
    0x08000db8   0x000004e4   Code   RO          429    i.ModbusRtu_SlaveTxMaskDeal  app_modbus_rtu_ctrl.o
    0x0800129c   0x0000004c   Code   RO          430    i.ModbusRtu_init    app_modbus_rtu_ctrl.o
    0x080012e8   0x0000004c   Code   RO          530    i.STM32CheckPassWord  app_password.o
    0x08001334   0x00000028   Code   RO          531    i.STM32MCUIDGet     app_password.o
    0x0800135c   0x00000014   Code   RO         1214    i.TIM6_DAC_IRQHandler  firmware_wm_00_hal.lib(hal_timer.o)
    0x08001370   0x000000f8   Code   RO         1301    i.USART2_IRQHandler  firmware_wm_00_hal.lib(hal_uart.o)
    0x08001468   0x00000178   Code   RO         1302    i.USART3_IRQHandler  firmware_wm_00_hal.lib(hal_uart.o)
    0x080015e0   0x00000030   Code   RO          145    i.app_main_init     app_main_task.o
    0x08001610   0x00000040   Code   RO          146    i.app_main_task     app_main_task.o
    0x08001650   0x00000002   Code   RO          602    i.app_uart_extern_msg_packet_process  app_t5l_ctrl.o
    0x08001652   0x00000002   PAD
    0x08001654   0x00000048   Code   RO          399    i.cal_crc16         app_crc.o
    0x0800169c   0x00000228   Code   RO          603    i.chanelChangedTrigerDeal  app_t5l_ctrl.o
    0x080018c4   0x000000c0   Code   RO          604    i.clearLocalCalibrationKAndBAndSample  app_t5l_ctrl.o
    0x08001984   0x00000080   Code   RO          605    i.clearLocalCalibrationRecordData  app_t5l_ctrl.o
    0x08001a04   0x00000020   Code   RO          606    i.color_clearAllColor  app_t5l_ctrl.o
    0x08001a24   0x00000010   Code   RO         1427    i.drv_debug_apb1_stop  STM32F303DriverLib.lib(drv_dbgmcu.o)
    0x08001a34   0x0000004c   Code   RO          919    i.drv_delay_init    STM32F303DriverLib.lib(drv_delay.o)
    0x08001a80   0x00000044   Code   RO          920    i.drv_delay_ms      STM32F303DriverLib.lib(drv_delay.o)
    0x08001ac4   0x00000044   Code   RO          921    i.drv_delay_us      STM32F303DriverLib.lib(drv_delay.o)
    0x08001b08   0x0000000c   Code   RO         1462    i.drv_dma_set_mem_addr_length  STM32F303DriverLib.lib(drv_dma.o)
    0x08001b14   0x00000028   Code   RO         1463    i.drv_dma_stream_clear_flag_status  STM32F303DriverLib.lib(drv_dma.o)
    0x08001b3c   0x0000001c   Code   RO         1464    i.drv_dma_stream_clear_it_pending_bit  STM32F303DriverLib.lib(drv_dma.o)
    0x08001b58   0x00000104   Code   RO         1465    i.drv_dma_stream_deinit  STM32F303DriverLib.lib(drv_dma.o)
    0x08001c5c   0x0000000a   Code   RO         1466    i.drv_dma_stream_disable  STM32F303DriverLib.lib(drv_dma.o)
    0x08001c66   0x0000000c   Code   RO         1467    i.drv_dma_stream_enable  STM32F303DriverLib.lib(drv_dma.o)
    0x08001c72   0x00000002   PAD
    0x08001c74   0x00000064   Code   RO         1470    i.drv_dma_stream_get_it_status  STM32F303DriverLib.lib(drv_dma.o)
    0x08001cd8   0x0000000e   Code   RO         1471    i.drv_dma_stream_get_left_length  STM32F303DriverLib.lib(drv_dma.o)
    0x08001ce6   0x0000006c   Code   RO         1472    i.drv_dma_stream_init  STM32F303DriverLib.lib(drv_dma.o)
    0x08001d52   0x00000008   Code   RO         1474    i.drv_dma_stream_it_enable  STM32F303DriverLib.lib(drv_dma.o)
    0x08001d5a   0x00000034   Code   RO         1475    i.drv_dma_stream_start_mem_to_periph  STM32F303DriverLib.lib(drv_dma.o)
    0x08001d8e   0x00000034   Code   RO         1476    i.drv_dma_stream_start_periph_to_mem  STM32F303DriverLib.lib(drv_dma.o)
    0x08001dc2   0x00000002   PAD
    0x08001dc4   0x00000048   Code   RO          974    i.drv_flash_erase_sector  STM32F303DriverLib.lib(drv_flash.o)
    0x08001e0c   0x0000002c   Code   RO          976    i.drv_flash_get_status  STM32F303DriverLib.lib(drv_flash.o)
    0x08001e38   0x00000014   Code   RO          977    i.drv_flash_lock    STM32F303DriverLib.lib(drv_flash.o)
    0x08001e4c   0x00000020   Code   RO          979    i.drv_flash_read_words  STM32F303DriverLib.lib(drv_flash.o)
    0x08001e6c   0x00000024   Code   RO          980    i.drv_flash_unlock  STM32F303DriverLib.lib(drv_flash.o)
    0x08001e90   0x00000028   Code   RO          981    i.drv_flash_wait_last_operation  STM32F303DriverLib.lib(drv_flash.o)
    0x08001eb8   0x00000080   Code   RO          985    i.drv_flash_write_words  STM32F303DriverLib.lib(drv_flash.o)
    0x08001f38   0x00000042   Code   RO         1570    i.drv_gpio_alternate_function_connect  STM32F303DriverLib.lib(drv_gpio.o)
    0x08001f7a   0x000000dc   Code   RO         1571    i.drv_gpio_alternate_function_init  STM32F303DriverLib.lib(drv_gpio.o)
    0x08002056   0x00000060   Code   RO         1574    i.drv_gpio_input_init  STM32F303DriverLib.lib(drv_gpio.o)
    0x080020b6   0x000000dc   Code   RO         1575    i.drv_gpio_output_init  STM32F303DriverLib.lib(drv_gpio.o)
    0x08002192   0x00000008   Code   RO         1384    i.drv_gpio_set_pins_high  firmware_wm_00_hal.lib(hal_uart.o)
    0x0800219a   0x00000002   PAD
    0x0800219c   0x00000024   Code   RO         1065    i.drv_iwdg_init     STM32F303DriverLib.lib(drv_iwdg.o)
    0x080021c0   0x00000016   Code   RO         1620    i.drv_nvic_enable   STM32F303DriverLib.lib(drv_nvic.o)
    0x080021d6   0x00000002   PAD
    0x080021d8   0x00000040   Code   RO         1621    i.drv_nvic_init     STM32F303DriverLib.lib(drv_nvic.o)
    0x08002218   0x00000010   Code   RO         1655    i.drv_rcc_ahb1_clk_enable  STM32F303DriverLib.lib(drv_rcc.o)
    0x08002228   0x00000010   Code   RO         1659    i.drv_rcc_apb1_clk_enable  STM32F303DriverLib.lib(drv_rcc.o)
    0x08002238   0x00000010   Code   RO         1660    i.drv_rcc_apb1_periph_reset_disable  STM32F303DriverLib.lib(drv_rcc.o)
    0x08002248   0x00000010   Code   RO         1661    i.drv_rcc_apb1_periph_reset_enable  STM32F303DriverLib.lib(drv_rcc.o)
    0x08002258   0x00000010   Code   RO         1663    i.drv_rcc_apb2_clk_enable  STM32F303DriverLib.lib(drv_rcc.o)
    0x08002268   0x00000010   Code   RO         1664    i.drv_rcc_apb2_periph_reset_disable  STM32F303DriverLib.lib(drv_rcc.o)
    0x08002278   0x00000010   Code   RO         1665    i.drv_rcc_apb2_periph_reset_enable  STM32F303DriverLib.lib(drv_rcc.o)
    0x08002288   0x00000104   Code   RO         1666    i.drv_rcc_get_clocks_freq  STM32F303DriverLib.lib(drv_rcc.o)
    0x0800238c   0x000002e0   Code   RO         1667    i.drv_rcc_init      STM32F303DriverLib.lib(drv_rcc.o)
    0x0800266c   0x00000080   Code   RO         1764    i.drv_timer_base_init  STM32F303DriverLib.lib(drv_timer.o)
    0x080026ec   0x00000008   Code   RO         1788    i.drv_timer_clear_it_pending_bit  STM32F303DriverLib.lib(drv_timer.o)
    0x080026f4   0x000000fc   Code   RO         1789    i.drv_timer_deinit  STM32F303DriverLib.lib(drv_timer.o)
    0x080027f0   0x0000000c   Code   RO         1791    i.drv_timer_enable  STM32F303DriverLib.lib(drv_timer.o)
    0x080027fc   0x00000008   Code   RO         1819    i.drv_timer_it_enable  STM32F303DriverLib.lib(drv_timer.o)
    0x08002804   0x00000004   Code   RO         2452    i.drv_uart_clear_flag_status  STM32F303DriverLib.lib(drv_uart.o)
    0x08002808   0x00000012   Code   RO         2453    i.drv_uart_clear_it_pending_bit  STM32F303DriverLib.lib(drv_uart.o)
    0x0800281a   0x00000002   PAD
    0x0800281c   0x00000090   Code   RO         2454    i.drv_uart_deinit   STM32F303DriverLib.lib(drv_uart.o)
    0x080028ac   0x0000000c   Code   RO         2457    i.drv_uart_dma_rx_enable  STM32F303DriverLib.lib(drv_uart.o)
    0x080028b8   0x0000000c   Code   RO         2459    i.drv_uart_dma_tx_enable  STM32F303DriverLib.lib(drv_uart.o)
    0x080028c4   0x00000010   Code   RO         2464    i.drv_uart_get_flag_status  STM32F303DriverLib.lib(drv_uart.o)
    0x080028d4   0x000000be   Code   RO         2466    i.drv_uart_init     STM32F303DriverLib.lib(drv_uart.o)
    0x08002992   0x00000034   Code   RO         2467    i.drv_uart_it_disable  STM32F303DriverLib.lib(drv_uart.o)
    0x080029c6   0x00000034   Code   RO         2468    i.drv_uart_it_enable  STM32F303DriverLib.lib(drv_uart.o)
    0x080029fa   0x00000020   Code   RO         2469    i.drv_uart_put_bytes  STM32F303DriverLib.lib(drv_uart.o)
    0x08002a1a   0x00000002   PAD
    0x08002a1c   0x0000007c   Code   RO         2473    i.drv_uart_set_baudrate  STM32F303DriverLib.lib(drv_uart.o)
    0x08002a98   0x0000001c   Code   RO          233    i.getChanelStruct   app_hx711_ctrl.o
    0x08002ab4   0x0000000c   Code   RO          431    i.getModbusOtherRemoveFlag  app_modbus_rtu_ctrl.o
    0x08002ac0   0x00000034   Code   RO          607    i.getSysColorWhichUsable  app_t5l_ctrl.o
    0x08002af4   0x00000018   Code   RO         1084    i.hal_clock_init    firmware_wm_00_hal.lib(hal_clock.o)
    0x08002b0c   0x00000008   Code   RO         1115    i.hal_delay_init    firmware_wm_00_hal.lib(hal_delay.o)
    0x08002b14   0x0000000c   Code   RO          343    i.hal_delay_us      app_hx711_ctrl.o
    0x08002b20   0x0000002c   Code   RO         1137    i.hal_di_get        firmware_wm_00_hal.lib(hal_gpio.o)
    0x08002b4c   0x00000020   Code   RO         1138    i.hal_gpio_set_do_high  firmware_wm_00_hal.lib(hal_gpio.o)
    0x08002b6c   0x00000020   Code   RO         1139    i.hal_gpio_set_do_low  firmware_wm_00_hal.lib(hal_gpio.o)
    0x08002b8c   0x0000004c   Code   RO         1218    i.hal_timer_init    firmware_wm_00_hal.lib(hal_timer.o)
    0x08002bd8   0x00000058   Code   RO         1303    i.hal_uart_dma_rx_start  firmware_wm_00_hal.lib(hal_uart.o)
    0x08002c30   0x00000358   Code   RO         1304    i.hal_uart_gpio_init  firmware_wm_00_hal.lib(hal_uart.o)
    0x08002f88   0x00000268   Code   RO         1305    i.hal_uart_port_init  firmware_wm_00_hal.lib(hal_uart.o)
    0x080031f0   0x0000003c   Code   RO         1306    i.hal_uart_rx_irq_disable  firmware_wm_00_hal.lib(hal_uart.o)
    0x0800322c   0x0000003c   Code   RO         1307    i.hal_uart_rx_irq_enable  firmware_wm_00_hal.lib(hal_uart.o)
    0x08003268   0x0000002c   Code   RO         1308    i.hal_uart_set_braudrate  firmware_wm_00_hal.lib(hal_uart.o)
    0x08003294   0x00000024   Code   RO         1378    i.hal_uart_set_rx_mode  firmware_wm_00_hal.lib(hal_uart.o)
    0x080032b8   0x00000002   Code   RO         1309    i.hal_uart_set_timeout  firmware_wm_00_hal.lib(hal_uart.o)
    0x080032ba   0x00000002   PAD
    0x080032bc   0x00000020   Code   RO         1389    i.hal_uart_set_tx_mode  firmware_wm_00_hal.lib(hal_uart.o)
    0x080032dc   0x00000108   Code   RO         1310    i.hal_uart_tx_bytes  firmware_wm_00_hal.lib(hal_uart.o)
    0x080033e4   0x000000dc   Code   RO          235    i.hx711_AllChanelSample  app_hx711_ctrl.o
    0x080034c0   0x0000002c   Code   RO          236    i.hx711_DataSampleCtrl  app_hx711_ctrl.o
    0x080034ec   0x000000dc   Code   RO          237    i.hx711_MainFunction  app_hx711_ctrl.o
    0x080035c8   0x000000e0   Code   RO          240    i.hx711_SigChanelAvrgAndWeightCalc  app_hx711_ctrl.o
    0x080036a8   0x00000020   Code   RO          241    i.hx711_getAvgSample  app_hx711_ctrl.o
    0x080036c8   0x0000008c   Code   RO          242    i.hx711_getWeight   app_hx711_ctrl.o
    0x08003754   0x00000168   Code   RO          243    i.hx711_init        app_hx711_ctrl.o
    0x080038bc   0x0000003c   Code   RO          244    i.hx711_setAllRemoveWeight  app_hx711_ctrl.o
    0x080038f8   0x00000068   Code   RO          609    i.jumpToActivePage  app_t5l_ctrl.o
    0x08003960   0x0000007c   Code   RO          610    i.jumpToBalancingCleanPage  app_t5l_ctrl.o
    0x080039dc   0x00000080   Code   RO          611    i.jumpToBalancingHomePage  app_t5l_ctrl.o
    0x08003a5c   0x00000090   Code   RO          612    i.jumpToBalancingPage  app_t5l_ctrl.o
    0x08003aec   0x00000090   Code   RO          613    i.jumpToBanlingPage  app_t5l_ctrl.o
    0x08003b7c   0x00000068   Code   RO          614    i.jumpToCalibrationPage  app_t5l_ctrl.o
    0x08003be4   0x00000068   Code   RO          615    i.jumpToHomePage    app_t5l_ctrl.o
    0x08003c4c   0x00000024   Code   RO          364    i.key_FilterGet     app_key_ctrl.o
    0x08003c70   0x000000a0   Code   RO          365    i.key_MainFunction  app_key_ctrl.o
    0x08003d10   0x000000ac   Code   RO          366    i.key_filter        app_key_ctrl.o
    0x08003dbc   0x00000058   Code   RO          367    i.key_init          app_key_ctrl.o
    0x08003e14   0x00000090   Code   RO          175    i.led_MainFunction  app_led_ctrl.o
    0x08003ea4   0x0000003e   Code   RO          176    i.led_init          app_led_ctrl.o
    0x08003ee2   0x00000002   PAD
    0x08003ee4   0x0000003c   Code   RO            1    i.main              app_main.o
    0x08003f20   0x000001a4   Code   RO          616    i.masterCaculateHelpData  app_t5l_ctrl.o
    0x080040c4   0x00000024   Code   RO          617    i.pointSampleTrigerDataSet  app_t5l_ctrl.o
    0x080040e8   0x00000044   Code   RO          618    i.pointTrigerDataSet  app_t5l_ctrl.o
    0x0800412c   0x00000148   Code   RO          619    i.pointTrigerDeal   app_t5l_ctrl.o
    0x08004274   0x00000024   Code   RO          620    i.pointWeightTrigerDataSet  app_t5l_ctrl.o
    0x08004298   0x00000344   Code   RO          621    i.preColorDataAndJudgeIfNeedSend  app_t5l_ctrl.o
    0x080045dc   0x000000fc   Code   RO          622    i.preWeightDataAndJudgeIfNeedSend  app_t5l_ctrl.o
    0x080046d8   0x00000038   Code   RO          623    i.readHelpDataFromSys  app_t5l_ctrl.o
    0x08004710   0x00000180   Code   RO          555    i.readSysDataFromFlash  app_syspara.o
    0x08004890   0x00000110   Code   RO          556    i.readSysDataFromFlash_3030  app_syspara.o
    0x080049a0   0x00000030   Code   RO          624    i.releaseSysColor   app_t5l_ctrl.o
    0x080049d0   0x00000118   Code   RO          625    i.removeWeightTrigerDeal  app_t5l_ctrl.o
    0x08004ae8   0x00000148   Code   RO          626    i.resetCalibrationTrigerDeal  app_t5l_ctrl.o
    0x08004c30   0x0000003a   Code   RO          246    i.sampleDataPush    app_hx711_ctrl.o
    0x08004c6a   0x00000002   PAD
    0x08004c6c   0x00000038   Code   RO          627    i.screenT5L_HelpDataMainFunction  app_t5l_ctrl.o
    0x08004ca4   0x000000b4   Code   RO          628    i.screenT5L_Init    app_t5l_ctrl.o
    0x08004d58   0x00000080   Code   RO          629    i.screenT5L_OutputVoice  app_t5l_ctrl.o
    0x08004dd8   0x0000015c   Code   RO          630    i.screenT5L_RxFunction  app_t5l_ctrl.o
    0x08004f34   0x00000188   Code   RO          631    i.screenT5L_TxFunction  app_t5l_ctrl.o
    0x080050bc   0x00000144   Code   RO          632    i.screenT5L_VoicePrintfMainfunction  app_t5l_ctrl.o
    0x08005200   0x00000018   Code   RO          633    i.sdweAskRegData    app_t5l_ctrl.o
    0x08005218   0x000003ec   Code   RO          634    i.sdweAskVaribleData  app_t5l_ctrl.o
    0x08005604   0x000000b4   Code   RO          636    i.sdwe_VoicePrintfPop  app_t5l_ctrl.o
    0x080056b8   0x0000005c   Code   RO          637    i.sdwe_VoicePrintfPush  app_t5l_ctrl.o
    0x08005714   0x000000ac   Code   RO          638    i.sendBalancingWeightAndColor619  app_t5l_ctrl.o
    0x080057c0   0x000001f4   Code   RO          639    i.sendHelpDataDiff  app_t5l_ctrl.o
    0x080059b4   0x00000060   Code   RO          640    i.sendHelpDataDiff_AtSlave1Device  app_t5l_ctrl.o
    0x08005a14   0x00000538   Code   RO          641    i.sendSysParaDataToDiwen  app_t5l_ctrl.o
    0x08005f4c   0x0000000c   Code   RO          433    i.setModbusOtherRemoveFlag  app_modbus_rtu_ctrl.o
    0x08005f58   0x0000000c   Code   RO          434    i.setModbusSelfRemoveFlag  app_modbus_rtu_ctrl.o
    0x08005f64   0x00000028   Code   RO          248    i.setSampleWeightValue  app_hx711_ctrl.o
    0x08005f8c   0x0000002c   Code   RO          642    i.sreenT5L_MainFunction  app_t5l_ctrl.o
    0x08005fb8   0x00000164   Code   RO          557    i.storeSysDataToFlash  app_syspara.o
    0x0800611c   0x000001b8   Code   RO          558    i.storeSysDataToFlash_3030  app_syspara.o
    0x080062d4   0x00000028   Code   RO            2    i.system_init       app_main.o
    0x080062fc   0x00000068   Code   RO          644    i.t5lDisPlayDataClear  app_t5l_ctrl.o
    0x08006364   0x00000134   Code   RO          645    i.t5lWriteData      app_t5l_ctrl.o
    0x08006498   0x000000f4   Code   RO          646    i.t5lWriteVarible   app_t5l_ctrl.o
    0x0800658c   0x00000200   Code   RO          249    i.trigerCalcKB      app_hx711_ctrl.o
    0x0800678c   0x00000070   Code   RO         1140    i.wm_hal_gpio_init  firmware_wm_00_hal.lib(hal_gpio.o)
    0x080067fc   0x00000060   Code   RO          648    i.writeHelpDataFromCom  app_t5l_ctrl.o
    0x0800685c   0x00000062   Code   RO         2617    x$fpl$d2f           fz_wm.l(d2f.o)
    0x080068be   0x0000002e   Code   RO         2620    x$fpl$dflt          fz_wm.l(dflt_clz.o)
    0x080068ec   0x00000154   Code   RO         2625    x$fpl$dmul          fz_wm.l(dmul.o)
    0x08006a40   0x0000009c   Code   RO         2628    x$fpl$dnaninf       fz_wm.l(dnaninf.o)
    0x08006adc   0x0000000c   Code   RO         2630    x$fpl$dretinf       fz_wm.l(dretinf.o)
    0x08006ae8   0x0000000a   Code   RO         2719    x$fpl$fpinit        fz_wm.l(fpinit.o)
    0x08006af2   0x0000000a   Code   RO         2632    x$fpl$fretinf       fz_wm.l(fretinf.o)
    0x08006afc   0x00000000   Code   RO         2634    x$fpl$usenofp       fz_wm.l(usenofp.o)
    0x08006afc   0x00000028   Data   RO          251    .constdata          app_hx711_ctrl.o
    0x08006b24   0x00000200   Data   RO          400    .constdata          app_crc.o
    0x08006d24   0x00000024   Data   RO          650    .constdata          app_t5l_ctrl.o
    0x08006d48   0x000000a4   Data   RO         1141    .constdata          firmware_wm_00_hal.lib(hal_gpio.o)
    0x08006dec   0x0000007c   Data   RO         1311    .constdata          firmware_wm_00_hal.lib(hal_uart.o)
    0x08006e68   0x00000020   Data   RO         2787    Region$$Table       anon$$obj.o


    Execution Region RW_IRAM1 (Base: 0x20000000, Size: 0x00002db8, Max: 0x0000c000, ABSOLUTE, COMPRESSED[0x000000b8])

    Base Addr    Size         Type   Attr      Idx    E Section Name        Object

    0x20000000   0x00000005   Data   RW          147    .data               app_main_task.o
    0x20000005   0x0000000b   Data   RW          181    .data               app_led_ctrl.o
    0x20000010   0x00000002   Data   RW          252    .data               app_hx711_ctrl.o
    0x20000012   0x00000003   Data   RW          369    .data               app_key_ctrl.o
    0x20000015   0x00000003   PAD
    0x20000018   0x00000354   Data   RW          435    .data               app_modbus_rtu_ctrl.o
    0x2000036c   0x00000034   Data   RW          533    .data               app_password.o
    0x200003a0   0x00000044   Data   RW          560    .data               app_syspara.o
    0x200003e4   0x0000027a   Data   RW          651    .data               app_t5l_ctrl.o
    0x2000065e   0x00000004   Data   RW          922    .data               STM32F303DriverLib.lib(drv_delay.o)
    0x20000662   0x00000002   PAD
    0x20000664   0x0000006c   Data   RW         1142    .data               firmware_wm_00_hal.lib(hal_gpio.o)
    0x200006d0   0x000000b0   Data   RW         1312    .data               firmware_wm_00_hal.lib(hal_uart.o)
    0x20000780   0x0000001c   Data   RW         1669    .data               STM32F303DriverLib.lib(drv_rcc.o)
    0x2000079c   0x00000558   Zero   RW          250    .bss                app_hx711_ctrl.o
    0x20000cf4   0x0000000c   Zero   RW          368    .bss                app_key_ctrl.o
    0x20000d00   0x0000000c   Zero   RW          532    .bss                app_password.o
    0x20000d0c   0x00000464   Zero   RW          559    .bss                app_syspara.o
    0x20001170   0x000003c4   Zero   RW          649    .bss                app_t5l_ctrl.o
    0x20001534   0x00000024   Zero   RW         1668    .bss                STM32F303DriverLib.lib(drv_rcc.o)
    0x20001558   0x00000060   Zero   RW         2661    .bss                c_w.l(libspace.o)
    0x200015b8   0x00000c00   Zero   RW          911    HEAP                startup_stm32f30x.o
    0x200021b8   0x00000c00   Zero   RW          910    STACK               startup_stm32f30x.o


==============================================================================

Image component sizes


      Code (inc. data)   RO Data    RW Data    ZI Data      Debug   Object Name

       220         14        512          0          0       2267   app_crc.o
      1950         96         40          2       1368      12181   app_hx711_ctrl.o
       456         32          0          3         12       3108   app_key_ctrl.o
       440         18          0         11          0       6046   app_led_ctrl.o
       100          8          0          0          0      30101   app_main.o
       112         20          0          5          0       1788   app_main_task.o
      3420         42          0        852          0      14691   app_modbus_rtu_ctrl.o
       116         24          0         52         12       2534   app_password.o
      1452         56          0         68       1124       8575   app_syspara.o
     10186        540         36        634        964      41848   app_t5l_ctrl.o
        72         28        392          0       6144        908   startup_stm32f30x.o

    ----------------------------------------------------------------------
     18536        878       1012       1630       9624     124047   Object Totals
         0          0         32          0          0          0   (incl. Generated)
        12          0          0          3          0          0   (incl. Padding)

    ----------------------------------------------------------------------

      Code (inc. data)   RO Data    RW Data    ZI Data      Debug   Library Member Name

        16          4          0          0          0        526   drv_dbgmcu.o
       212         24          0          4          0       3903   drv_delay.o
       696         38          0          0          0      16063   drv_dma.o
       372         34          0          0          0       5583   drv_flash.o
       602          0          0          0          0      14317   drv_gpio.o
        36          4          0          0          0        520   drv_iwdg.o
        86          8          0          0          0       1230   drv_nvic.o
      1108         92          0         28         36      12653   drv_rcc.o
       408         60          0          0          0      13269   drv_timer.o
       656         28          0          0          0      13372   drv_uart.o
        90          0          0          0          0          0   __dczerorl2.o
         8          0          0          0          0         68   __main.o
         0          0          0          0          0          0   __rtentry.o
        12          0          0          0          0          0   __rtentry2.o
         6          0          0          0          0          0   __rtentry4.o
        52          8          0          0          0          0   __scatter.o
        28          0          0          0          0          0   __scatter_zi.o
        18          0          0          0          0         80   exit.o
         6          0          0          0          0        152   heapauxi.o
         0          0          0          0          0          0   indicate_semi.o
         2          0          0          0          0          0   libinit.o
         6          0          0          0          0          0   libinit2.o
         2          0          0          0          0          0   libshutdown.o
         2          0          0          0          0          0   libshutdown2.o
         8          4          0          0         96         68   libspace.o
        78          0          0          0          0         80   rt_memclr_w.o
         2          0          0          0          0          0   rtexit.o
        10          0          0          0          0          0   rtexit2.o
        12          4          0          0          0         68   sys_exit.o
        74          0          0          0          0         80   sys_stackheap_outer.o
         2          0          0          0          0         68   use_no_semi.o
        24          0          0          0          0       2641   hal_clock.o
         8          0          0          0          0        493   hal_delay.o
       220         54        164        108          0      18870   hal_gpio.o
        96         14          0          0          0       7631   hal_timer.o
      2810        284        124        176          0      25969   hal_uart.o
        98          4          0          0          0        140   d2f.o
        46          0          0          0          0        116   dflt_clz.o
       340         12          0          0          0        152   dmul.o
       156          4          0          0          0        140   dnaninf.o
        12          0          0          0          0        116   dretinf.o
        10          0          0          0          0        116   fpinit.o
        10          0          0          0          0        116   fretinf.o
         0          0          0          0          0          0   usenofp.o

    ----------------------------------------------------------------------
      8460        680        288        318        132     138600   Library Totals
        20          0          0          2          0          0   (incl. Padding)

    ----------------------------------------------------------------------

      Code (inc. data)   RO Data    RW Data    ZI Data      Debug   Library Name

      4192        292          0         32         36      81436   STM32F303DriverLib.lib
       418         16          0          0         96        664   c_w.l
      3158        352        288        284          0      55604   firmware_wm_00_hal.lib
       672         20          0          0          0        896   fz_wm.l

    ----------------------------------------------------------------------
      8460        680        288        318        132     138600   Library Totals

    ----------------------------------------------------------------------

==============================================================================


      Code (inc. data)   RO Data    RW Data    ZI Data      Debug   

     26996       1558       1300       1948       9756     245639   Grand Totals
     26996       1558       1300        184       9756     245639   ELF Image Totals (compressed)
     26996       1558       1300        184          0          0   ROM Totals

==============================================================================

    Total RO  Size (Code + RO Data)                28296 (  27.63kB)
    Total RW  Size (RW Data + ZI Data)             11704 (  11.43kB)
    Total ROM Size (Code + RO Data + RW Data)      28480 (  27.81kB)

==============================================================================

