Component: ARM Compiler 5.06 (build 20) Tool: armlink [4d35a3]

==============================================================================

Section Cross References

    app_main.o(i.main) refers to app_main.o(i.system_init) for system_init
    app_main.o(i.main) refers to app_key_ctrl.o(i.key_init) for key_init
    app_main.o(i.main) refers to app_led_ctrl.o(i.led_init) for led_init
    app_main.o(i.main) refers to app_hx711_ctrl.o(i.hx711_init) for hx711_init
    app_main.o(i.main) refers to app_sdwe_ctrl.o(i.sdwe_init) for sdwe_init
    app_main.o(i.main) refers to app_sdwe_ctrl.o(i.readSysDataFromFlash) for readSysDataFromFlash
    app_main.o(i.system_init) refers to hal_clock.o(i.hal_clock_init) for hal_clock_init
    app_main.o(i.system_init) refers to hal_delay.o(i.hal_delay_init) for hal_delay_init
    app_main.o(i.system_init) refers to hal_gpio.o(i.wm_hal_gpio_init) for wm_hal_gpio_init
    app_main.o(i.system_init) refers to hal_timer.o(i.hal_timer_init) for hal_timer_init
    app_main_task.o(i.app_main_task) refers to app_key_ctrl.o(i.key_MainFunction) for key_MainFunction
    app_main_task.o(i.app_main_task) refers to app_key_ctrl.o(i.key_FilterGet) for key_FilterGet
    app_main_task.o(i.app_main_task) refers to app_hx711_ctrl.o(i.hx711_MainFunction) for hx711_MainFunction
    app_main_task.o(i.app_main_task) refers to app_led_ctrl.o(i.useWeightUpdateLedAndSdweColor) for useWeightUpdateLedAndSdweColor
    app_main_task.o(i.app_main_task) refers to app_led_ctrl.o(i.led_MainFunction) for led_MainFunction
    app_main_task.o(i.app_main_task) refers to app_sdwe_ctrl.o(i.sdwe_MainFunction) for sdwe_MainFunction
    app_main_task.o(i.app_main_task) refers to app_main_task.o(.data) for g_sys_ms_tick
    app_led_ctrl.o(i.LedCtrlSendPulse) refers to hal_gpio.o(i.hal_gpio_set_do_low) for hal_gpio_set_do_low
    app_led_ctrl.o(i.LedCtrlSendPulse) refers to app_led_ctrl.o(i.Led_delay) for Led_delay
    app_led_ctrl.o(i.LedCtrlSendPulse) refers to hal_gpio.o(i.hal_gpio_set_do_high) for hal_gpio_set_do_high
    app_led_ctrl.o(i.LedDataSet) refers to app_led_ctrl.o(.data) for g_led_ctrl_data
    app_led_ctrl.o(i.LedSysTest) refers to app_led_ctrl.o(i.LedDataSet) for LedDataSet
    app_led_ctrl.o(i.LedSysTest) refers to app_led_ctrl.o(.data) for l_led_test_cycle
    app_led_ctrl.o(i.led_MainFunction) refers to hal_gpio.o(i.hal_gpio_set_do_high) for hal_gpio_set_do_high
    app_led_ctrl.o(i.led_MainFunction) refers to hal_gpio.o(i.hal_gpio_set_do_low) for hal_gpio_set_do_low
    app_led_ctrl.o(i.led_MainFunction) refers to app_led_ctrl.o(i.LedCtrlSendPulse) for LedCtrlSendPulse
    app_led_ctrl.o(i.led_MainFunction) refers to app_led_ctrl.o(.data) for g_led_ctrl_data
    app_led_ctrl.o(i.led_init) refers to hal_gpio.o(i.hal_gpio_set_do_high) for hal_gpio_set_do_high
    app_led_ctrl.o(i.led_init) refers to hal_gpio.o(i.hal_gpio_set_do_low) for hal_gpio_set_do_low
    app_led_ctrl.o(i.led_init) refers to app_led_ctrl.o(i.LedCtrlSendPulse) for LedCtrlSendPulse
    app_led_ctrl.o(i.useWeightUpdataOutColor) refers to rt_memclr_w.o(.text) for __aeabi_memclr4
    app_led_ctrl.o(i.useWeightUpdataOutColor) refers to app_hx711_ctrl.o(i.hx711_getWeight) for hx711_getWeight
    app_led_ctrl.o(i.useWeightUpdataOutColor) refers to app_led_ctrl.o(i.LedDataSet) for LedDataSet
    app_led_ctrl.o(i.useWeightUpdataOutColor) refers to app_sdwe_ctrl.o(i.sdweSetWeightBackColor) for sdweSetWeightBackColor
    app_led_ctrl.o(i.useWeightUpdataOutColor) refers to app_led_ctrl.o(i.BubbleSort) for BubbleSort
    app_led_ctrl.o(i.useWeightUpdataOutColor) refers to app_led_ctrl.o(.bss) for chanelCompareInfo
    app_led_ctrl.o(i.useWeightUpdataOutColor) refers to app_led_ctrl.o(.data) for colorLock
    app_led_ctrl.o(i.useWeightUpdateLedAndSdweColor) refers to rt_memclr_w.o(.text) for __aeabi_memclr4
    app_led_ctrl.o(i.useWeightUpdateLedAndSdweColor) refers to app_hx711_ctrl.o(i.hx711_getWeight) for hx711_getWeight
    app_led_ctrl.o(i.useWeightUpdateLedAndSdweColor) refers to app_led_ctrl.o(i.BubbleSort) for BubbleSort
    app_led_ctrl.o(i.useWeightUpdateLedAndSdweColor) refers to app_led_ctrl.o(i.LedDataSet) for LedDataSet
    app_led_ctrl.o(i.useWeightUpdateLedAndSdweColor) refers to app_sdwe_ctrl.o(i.sdweSetWeightBackColor) for sdweSetWeightBackColor
    app_hx711_ctrl.o(i.getChanelStruct) refers to app_hx711_ctrl.o(.bss) for HX711Chanel
    app_hx711_ctrl.o(i.hx711_AllChanelSample) refers to hal_gpio.o(i.hal_gpio_set_do_low) for hal_gpio_set_do_low
    app_hx711_ctrl.o(i.hx711_AllChanelSample) refers to app_hx711_ctrl.o(i.hal_delay_us) for hal_delay_us
    app_hx711_ctrl.o(i.hx711_AllChanelSample) refers to hal_gpio.o(i.hal_gpio_set_do_high) for hal_gpio_set_do_high
    app_hx711_ctrl.o(i.hx711_AllChanelSample) refers to hal_gpio.o(i.hal_di_get) for hal_di_get
    app_hx711_ctrl.o(i.hx711_AllChanelSample) refers to app_hx711_ctrl.o(i.sampleDataPush) for sampleDataPush
[...]
    ../clib/angel/scatter.s                  0x00000000   Number         0  __scatter.o ABSOLUTE
    ../clib/angel/startup.s                  0x00000000   Number         0  __main.o ABSOLUTE
    ../clib/angel/sys.s                      0x00000000   Number         0  use_no_semi.o ABSOLUTE
    ../clib/angel/sys.s                      0x00000000   Number         0  indicate_semi.o ABSOLUTE
    ../clib/angel/sys.s                      0x00000000   Number         0  libspace.o ABSOLUTE
    ../clib/angel/sys.s                      0x00000000   Number         0  sys_stackheap_outer.o ABSOLUTE
    ../clib/angel/sysapp.c                   0x00000000   Number         0  sys_command.o ABSOLUTE
    ../clib/angel/sysapp.c                   0x00000000   Number         0  sys_wrch.o ABSOLUTE
    ../clib/angel/sysapp.c                   0x00000000   Number         0  sys_exit.o ABSOLUTE
    ../clib/armsys.c                         0x00000000   Number         0  argv_veneer.o ABSOLUTE
    ../clib/armsys.c                         0x00000000   Number         0  argv_veneer.o ABSOLUTE
    ../clib/armsys.c                         0x00000000   Number         0  no_argv.o ABSOLUTE
    ../clib/armsys.c                         0x00000000   Number         0  _get_argv_nomalloc.o ABSOLUTE
    ../clib/heapalloc.c                      0x00000000   Number         0  hrguard.o ABSOLUTE
    ../clib/heapaux.c                        0x00000000   Number         0  heapauxi.o ABSOLUTE
    ../clib/libinit.s                        0x00000000   Number         0  libshutdown.o ABSOLUTE
    ../clib/libinit.s                        0x00000000   Number         0  libinit2.o ABSOLUTE
    ../clib/libinit.s                        0x00000000   Number         0  libshutdown2.o ABSOLUTE
    ../clib/libinit.s                        0x00000000   Number         0  libinit.o ABSOLUTE
    ../clib/memcpset.s                       0x00000000   Number         0  rt_memclr_w.o ABSOLUTE
    ../clib/signal.c                         0x00000000   Number         0  defsig_abrt_inner.o ABSOLUTE
    ../clib/signal.c                         0x00000000   Number         0  defsig_cppl_inner.o ABSOLUTE
    ../clib/signal.c                         0x00000000   Number         0  defsig_general.o ABSOLUTE
    ../clib/signal.c                         0x00000000   Number         0  defsig_rtmem_outer.o ABSOLUTE
    ../clib/signal.c                         0x00000000   Number         0  __raise.o ABSOLUTE
    ../clib/signal.c                         0x00000000   Number         0  defsig_rtmem_formal.o ABSOLUTE
    ../clib/signal.c                         0x00000000   Number         0  defsig_rtmem_inner.o ABSOLUTE
    ../clib/signal.c                         0x00000000   Number         0  defsig_pvfn_inner.o ABSOLUTE
    ../clib/signal.c                         0x00000000   Number         0  defsig_segv_inner.o ABSOLUTE
    ../clib/signal.c                         0x00000000   Number         0  defsig_stak_inner.o ABSOLUTE
    ../clib/signal.c                         0x00000000   Number         0  defsig_rtred_inner.o ABSOLUTE
    ../clib/signal.c                         0x00000000   Number         0  defsig_other.o ABSOLUTE
    ../clib/signal.c                         0x00000000   Number         0  defsig_fpe_inner.o ABSOLUTE
    ../clib/signal.c                         0x00000000   Number         0  defsig_exit.o ABSOLUTE
    ../clib/signal.s                         0x00000000   Number         0  defsig.o ABSOLUTE
    ../clib/stdlib.c                         0x00000000   Number         0  exit.o ABSOLUTE
    ../fplib/fpinit.s                        0x00000000   Number         0  fpinit.o ABSOLUTE
    dc.s                                     0x00000000   Number         0  dc.o ABSOLUTE
    src\app_crc.c                            0x00000000   Number         0  app_crc.o ABSOLUTE
    src\app_hx711_ctrl.c                     0x00000000   Number         0  app_hx711_ctrl.o ABSOLUTE
    src\app_key_ctrl.c                       0x00000000   Number         0  app_key_ctrl.o ABSOLUTE
    src\app_led_ctrl.c                       0x00000000   Number         0  app_led_ctrl.o ABSOLUTE
    src\app_main.c                           0x00000000   Number         0  app_main.o ABSOLUTE
    src\app_main_task.c                      0x00000000   Number         0  app_main_task.o ABSOLUTE
    src\app_sdwe_ctrl.c                      0x00000000   Number         0  app_sdwe_ctrl.o ABSOLUTE
    src\drv_dbgmcu.c                         0x00000000   Number         0  drv_dbgmcu.o ABSOLUTE
    src\drv_delay.c                          0x00000000   Number         0  drv_delay.o ABSOLUTE
    src\drv_dma.c                            0x00000000   Number         0  drv_dma.o ABSOLUTE
    src\drv_flash.c                          0x00000000   Number         0  drv_flash.o ABSOLUTE
    src\drv_gpio.c                           0x00000000   Number         0  drv_gpio.o ABSOLUTE
    src\drv_nvic.c                           0x00000000   Number         0  drv_nvic.o ABSOLUTE
    src\drv_rcc.c                            0x00000000   Number         0  drv_rcc.o ABSOLUTE
    src\drv_timer.c                          0x00000000   Number         0  drv_timer.o ABSOLUTE
    src\drv_uart.c                           0x00000000   Number         0  drv_uart.o ABSOLUTE
    src\hal_clock.c                          0x00000000   Number         0  hal_clock.o ABSOLUTE
    src\hal_delay.c                          0x00000000   Number         0  hal_delay.o ABSOLUTE
    src\hal_gpio.c                           0x00000000   Number         0  hal_gpio.o ABSOLUTE
    src\hal_timer.c                          0x00000000   Number         0  hal_timer.o ABSOLUTE
    src\hal_uart.c                           0x00000000   Number         0  hal_uart.o ABSOLUTE
    startup\startup_stm32f30x.s              0x00000000   Number         0  startup_stm32f30x.o ABSOLUTE
    RESET                                    0x08000000   Section      392  startup_stm32f30x.o(RESET)
    !!!main                                  0x08000188   Section        8  __main.o(!!!main)
    !!!scatter                               0x08000190   Section       52  __scatter.o(!!!scatter)
    !!dczerorl2                              0x080001c4   Section       90  __dczerorl2.o(!!dczerorl2)
    !!handler_zi                             0x08000220   Section       28  __scatter_zi.o(!!handler_zi)
    .ARM.Collect$$libinit$$00000000          0x0800023c   Section        2  libinit.o(.ARM.Collect$$libinit$$00000000)
    .ARM.Collect$$libinit$$00000001          0x0800023e   Section        4  libinit2.o(.ARM.Collect$$libinit$$00000001)
    .ARM.Collect$$libinit$$00000004          0x08000242   Section        0  libinit2.o(.ARM.Collect$$libinit$$00000004)
    .ARM.Collect$$libinit$$0000000A          0x08000242   Section        0  libinit2.o(.ARM.Collect$$libinit$$0000000A)
    .ARM.Collect$$libinit$$0000000C          0x08000242   Section        0  libinit2.o(.ARM.Collect$$libinit$$0000000C)
    .ARM.Collect$$libinit$$0000000E          0x08000242   Section        0  libinit2.o(.ARM.Collect$$libinit$$0000000E)
    .ARM.Collect$$libinit$$00000011          0x08000242   Section        0  libinit2.o(.ARM.Collect$$libinit$$00000011)
    .ARM.Collect$$libinit$$00000013          0x08000242   Section        0  libinit2.o(.ARM.Collect$$libinit$$00000013)
    .ARM.Collect$$libinit$$00000015          0x08000242   Section        0  libinit2.o(.ARM.Collect$$libinit$$00000015)
    .ARM.Collect$$libinit$$00000017          0x08000242   Section        0  libinit2.o(.ARM.Collect$$libinit$$00000017)
    .ARM.Collect$$libinit$$00000019          0x08000242   Section        0  libinit2.o(.ARM.Collect$$libinit$$00000019)
    .ARM.Collect$$libinit$$0000001B          0x08000242   Section        0  libinit2.o(.ARM.Collect$$libinit$$0000001B)
    .ARM.Collect$$libinit$$0000001D          0x08000242   Section        0  libinit2.o(.ARM.Collect$$libinit$$0000001D)
    .ARM.Collect$$libinit$$0000001F          0x08000242   Section        0  libinit2.o(.ARM.Collect$$libinit$$0000001F)
    .ARM.Collect$$libinit$$00000021          0x08000242   Section        0  libinit2.o(.ARM.Collect$$libinit$$00000021)
    .ARM.Collect$$libinit$$00000023          0x08000242   Section        0  libinit2.o(.ARM.Collect$$libinit$$00000023)
    .ARM.Collect$$libinit$$00000025          0x08000242   Section        0  libinit2.o(.ARM.Collect$$libinit$$00000025)
    .ARM.Collect$$libinit$$0000002C          0x08000242   Section        0  libinit2.o(.ARM.Collect$$libinit$$0000002C)
    .ARM.Collect$$libinit$$0000002E          0x08000242   Section        0  libinit2.o(.ARM.Collect$$libinit$$0000002E)
    .ARM.Collect$$libinit$$00000030          0x08000242   Section        0  libinit2.o(.ARM.Collect$$libinit$$00000030)
    .ARM.Collect$$libinit$$00000032          0x08000242   Section        0  libinit2.o(.ARM.Collect$$libinit$$00000032)
    .ARM.Collect$$libinit$$00000033          0x08000242   Section        2  libinit2.o(.ARM.Collect$$libinit$$00000033)
    .ARM.Collect$$libshutdown$$00000000      0x08000244   Section        2  libshutdown.o(.ARM.Collect$$libshutdown$$00000000)
    .ARM.Collect$$libshutdown$$00000002      0x08000246   Section        0  libshutdown2.o(.ARM.Collect$$libshutdown$$00000002)
    .ARM.Collect$$libshutdown$$00000004      0x08000246   Section        0  libshutdown2.o(.ARM.Collect$$libshutdown$$00000004)
    .ARM.Collect$$libshutdown$$00000007      0x08000246   Section        0  libshutdown2.o(.ARM.Collect$$libshutdown$$00000007)
    .ARM.Collect$$libshutdown$$0000000A      0x08000246   Section        0  libshutdown2.o(.ARM.Collect$$libshutdown$$0000000A)
    .ARM.Collect$$libshutdown$$0000000C      0x08000246   Section        0  libshutdown2.o(.ARM.Collect$$libshutdown$$0000000C)
    .ARM.Collect$$libshutdown$$0000000F      0x08000246   Section        0  libshutdown2.o(.ARM.Collect$$libshutdown$$0000000F)
    .ARM.Collect$$libshutdown$$00000010      0x08000246   Section        2  libshutdown2.o(.ARM.Collect$$libshutdown$$00000010)
    .ARM.Collect$$rtentry$$00000000          0x08000248   Section        0  __rtentry.o(.ARM.Collect$$rtentry$$00000000)
    .ARM.Collect$$rtentry$$00000002          0x08000248   Section        0  __rtentry2.o(.ARM.Collect$$rtentry$$00000002)
    .ARM.Collect$$rtentry$$00000004          0x08000248   Section        6  __rtentry4.o(.ARM.Collect$$rtentry$$00000004)
    .ARM.Collect$$rtentry$$00000009          0x0800024e   Section        0  __rtentry2.o(.ARM.Collect$$rtentry$$00000009)
    .ARM.Collect$$rtentry$$0000000A          0x0800024e   Section        4  __rtentry2.o(.ARM.Collect$$rtentry$$0000000A)
    .ARM.Collect$$rtentry$$0000000C          0x08000252   Section        0  __rtentry2.o(.ARM.Collect$$rtentry$$0000000C)
    .ARM.Collect$$rtentry$$0000000D          0x08000252   Section        8  __rtentry2.o(.ARM.Collect$$rtentry$$0000000D)
    .ARM.Collect$$rtexit$$00000000           0x0800025a   Section        2  rtexit.o(.ARM.Collect$$rtexit$$00000000)
    .ARM.Collect$$rtexit$$00000002           0x0800025c   Section        0  rtexit2.o(.ARM.Collect$$rtexit$$00000002)
    .ARM.Collect$$rtexit$$00000003           0x0800025c   Section        4  rtexit2.o(.ARM.Collect$$rtexit$$00000003)
    .ARM.Collect$$rtexit$$00000004           0x08000260   Section        6  rtexit2.o(.ARM.Collect$$rtexit$$00000004)
    .text                                    0x08000268   Section       72  startup_stm32f30x.o(.text)
    $v0                                      0x08000268   Number         0  startup_stm32f30x.o(.text)
    .text                                    0x080002b0   Section       78  rt_memclr_w.o(.text)
    .text                                    0x080002fe   Section        0  heapauxi.o(.text)
    .text                                    0x08000304   Section       74  sys_stackheap_outer.o(.text)
    .text                                    0x0800034e   Section        0  exit.o(.text)
    .text                                    0x08000360   Section        8  libspace.o(.text)
    .text                                    0x08000368   Section        0  sys_exit.o(.text)
    .text                                    0x08000374   Section        2  use_no_semi.o(.text)
    .text                                    0x08000376   Section        0  indicate_semi.o(.text)
    i.BubbleSort                             0x08000378   Section        0  app_led_ctrl.o(i.BubbleSort)
    i.DMA1_Channel2_IRQHandler               0x08000404   Section        0  hal_uart.o(i.DMA1_Channel2_IRQHandler)
    i.DMA1_Channel4_IRQHandler               0x08000440   Section        0  hal_uart.o(i.DMA1_Channel4_IRQHandler)
    i.LedCtrlSendPulse                       0x0800047c   Section        0  app_led_ctrl.o(i.LedCtrlSendPulse)
    i.LedDataSet                             0x080004d4   Section        0  app_led_ctrl.o(i.LedDataSet)
    i.Led_delay                              0x0800055c   Section        0  app_led_ctrl.o(i.Led_delay)
    i.TIM6_DAC_IRQHandler                    0x08000568   Section        0  hal_timer.o(i.TIM6_DAC_IRQHandler)
    i.USART1_IRQHandler                      0x0800057c   Section        0  hal_uart.o(i.USART1_IRQHandler)
    i.USART3_IRQHandler                      0x080006c8   Section        0  hal_uart.o(i.USART3_IRQHandler)
    i.app_main_task                          0x080007c0   Section        0  app_main_task.o(i.app_main_task)
    i.app_uart_extern_msg_packet_process     0x080007f8   Section        0  app_sdwe_ctrl.o(i.app_uart_extern_msg_packet_process)
    i.cal_crc16                              0x080007fc   Section        0  app_crc.o(i.cal_crc16)
    i.clrSdwePointTriger                     0x08000844   Section        0  app_sdwe_ctrl.o(i.clrSdwePointTriger)
    i.clrSdwePointTrigerAll                  0x08000860   Section        0  app_sdwe_ctrl.o(i.clrSdwePointTrigerAll)
    i.drv_debug_apb1_stop                    0x0800088c   Section        0  drv_dbgmcu.o(i.drv_debug_apb1_stop)
    i.drv_delay_init                         0x0800089c   Section        0  drv_delay.o(i.drv_delay_init)
    i.drv_delay_ms                           0x080008e8   Section        0  drv_delay.o(i.drv_delay_ms)
    i.drv_delay_us                           0x0800092c   Section        0  drv_delay.o(i.drv_delay_us)
    i.drv_dma_set_mem_addr_length            0x08000970   Section        0  drv_dma.o(i.drv_dma_set_mem_addr_length)
    i.drv_dma_stream_clear_flag_status       0x0800097c   Section        0  drv_dma.o(i.drv_dma_stream_clear_flag_status)
    i.drv_dma_stream_clear_it_pending_bit    0x080009a4   Section        0  drv_dma.o(i.drv_dma_stream_clear_it_pending_bit)
    i.drv_dma_stream_deinit                  0x080009c0   Section        0  drv_dma.o(i.drv_dma_stream_deinit)
    i.drv_dma_stream_disable                 0x08000ac4   Section        0  drv_dma.o(i.drv_dma_stream_disable)
    i.drv_dma_stream_enable                  0x08000ace   Section        0  drv_dma.o(i.drv_dma_stream_enable)
    i.drv_dma_stream_get_it_status           0x08000adc   Section        0  drv_dma.o(i.drv_dma_stream_get_it_status)
    i.drv_dma_stream_get_left_length         0x08000b40   Section        0  drv_dma.o(i.drv_dma_stream_get_left_length)
    i.drv_dma_stream_init                    0x08000b4e   Section        0  drv_dma.o(i.drv_dma_stream_init)
    i.drv_dma_stream_it_enable               0x08000bba   Section        0  drv_dma.o(i.drv_dma_stream_it_enable)
    i.drv_dma_stream_start_mem_to_periph     0x08000bc2   Section        0  drv_dma.o(i.drv_dma_stream_start_mem_to_periph)
    i.drv_dma_stream_start_periph_to_mem     0x08000bf6   Section        0  drv_dma.o(i.drv_dma_stream_start_periph_to_mem)
    i.drv_flash_erase_sector                 0x08000c2c   Section        0  drv_flash.o(i.drv_flash_erase_sector)
    i.drv_flash_get_status                   0x08000c74   Section        0  drv_flash.o(i.drv_flash_get_status)
    i.drv_flash_lock                         0x08000ca0   Section        0  drv_flash.o(i.drv_flash_lock)
    i.drv_flash_read_words                   0x08000cb4   Section        0  drv_flash.o(i.drv_flash_read_words)
    i.drv_flash_unlock                       0x08000cd4   Section        0  drv_flash.o(i.drv_flash_unlock)
    i.drv_flash_wait_last_operation          0x08000cf8   Section        0  drv_flash.o(i.drv_flash_wait_last_operation)
    i.drv_flash_write_words                  0x08000d20   Section        0  drv_flash.o(i.drv_flash_write_words)
    i.drv_gpio_alternate_function_connect    0x08000da0   Section        0  drv_gpio.o(i.drv_gpio_alternate_function_connect)
    i.drv_gpio_alternate_function_init       0x08000de2   Section        0  drv_gpio.o(i.drv_gpio_alternate_function_init)
    i.drv_gpio_input_init                    0x08000ebe   Section        0  drv_gpio.o(i.drv_gpio_input_init)
    i.drv_gpio_output_init                   0x08000f1e   Section        0  drv_gpio.o(i.drv_gpio_output_init)
    i.drv_gpio_set_pins_high                 0x08000ffa   Section        0  hal_uart.o(i.drv_gpio_set_pins_high)
    i.drv_nvic_enable                        0x08001002   Section        0  drv_nvic.o(i.drv_nvic_enable)
    i.drv_nvic_init                          0x08001018   Section        0  drv_nvic.o(i.drv_nvic_init)
    i.drv_rcc_ahb1_clk_enable                0x08001058   Section        0  drv_rcc.o(i.drv_rcc_ahb1_clk_enable)
    i.drv_rcc_apb1_clk_enable                0x08001068   Section        0  drv_rcc.o(i.drv_rcc_apb1_clk_enable)
    i.drv_rcc_apb1_periph_reset_disable      0x08001078   Section        0  drv_rcc.o(i.drv_rcc_apb1_periph_reset_disable)
    i.drv_rcc_apb1_periph_reset_enable       0x08001088   Section        0  drv_rcc.o(i.drv_rcc_apb1_periph_reset_enable)
    i.drv_rcc_apb2_clk_enable                0x08001098   Section        0  drv_rcc.o(i.drv_rcc_apb2_clk_enable)
    i.drv_rcc_apb2_periph_reset_disable      0x080010a8   Section        0  drv_rcc.o(i.drv_rcc_apb2_periph_reset_disable)
    i.drv_rcc_apb2_periph_reset_enable       0x080010b8   Section        0  drv_rcc.o(i.drv_rcc_apb2_periph_reset_enable)
    i.drv_rcc_get_clocks_freq                0x080010c8   Section        0  drv_rcc.o(i.drv_rcc_get_clocks_freq)
    i.drv_rcc_init                           0x080011cc   Section        0  drv_rcc.o(i.drv_rcc_init)
    i.drv_timer_base_init                    0x080014ac   Section        0  drv_timer.o(i.drv_timer_base_init)
    i.drv_timer_clear_it_pending_bit         0x0800152c   Section        0  drv_timer.o(i.drv_timer_clear_it_pending_bit)
    i.drv_timer_deinit                       0x08001534   Section        0  drv_timer.o(i.drv_timer_deinit)
    i.drv_timer_enable                       0x08001630   Section        0  drv_timer.o(i.drv_timer_enable)
    i.drv_timer_it_enable                    0x0800163c   Section        0  drv_timer.o(i.drv_timer_it_enable)
    i.drv_uart_clear_flag_status             0x08001644   Section        0  drv_uart.o(i.drv_uart_clear_flag_status)
    i.drv_uart_clear_it_pending_bit          0x08001648   Section        0  drv_uart.o(i.drv_uart_clear_it_pending_bit)
    i.drv_uart_deinit                        0x0800165c   Section        0  drv_uart.o(i.drv_uart_deinit)
    i.drv_uart_dma_rx_enable                 0x080016ec   Section        0  drv_uart.o(i.drv_uart_dma_rx_enable)
    i.drv_uart_dma_tx_enable                 0x080016f8   Section        0  drv_uart.o(i.drv_uart_dma_tx_enable)
    i.drv_uart_get_flag_status               0x08001704   Section        0  drv_uart.o(i.drv_uart_get_flag_status)
    i.drv_uart_init                          0x08001714   Section        0  drv_uart.o(i.drv_uart_init)
    i.drv_uart_it_disable                    0x080017d2   Section        0  drv_uart.o(i.drv_uart_it_disable)
    i.drv_uart_it_enable                     0x08001806   Section        0  drv_uart.o(i.drv_uart_it_enable)
    i.drv_uart_put_bytes                     0x0800183a   Section        0  drv_uart.o(i.drv_uart_put_bytes)
    i.drv_uart_set_baudrate                  0x0800185c   Section        0  drv_uart.o(i.drv_uart_set_baudrate)
    i.getChanelStruct                        0x080018d8   Section        0  app_hx711_ctrl.o(i.getChanelStruct)
    i.getSdwePointTriger                     0x080018f0   Section        0  app_sdwe_ctrl.o(i.getSdwePointTriger)
    i.hal_clock_init                         0x08001914   Section        0  hal_clock.o(i.hal_clock_init)
    i.hal_delay_init                         0x0800192c   Section        0  hal_delay.o(i.hal_delay_init)
    i.hal_delay_ms                           0x08001934   Section        0  app_sdwe_ctrl.o(i.hal_delay_ms)
    i.hal_delay_us                           0x08001940   Section        0  app_hx711_ctrl.o(i.hal_delay_us)
    i.hal_di_get                             0x0800194c   Section        0  hal_gpio.o(i.hal_di_get)
    i.hal_gpio_set_do_high                   0x08001978   Section        0  hal_gpio.o(i.hal_gpio_set_do_high)
    i.hal_gpio_set_do_low                    0x08001998   Section        0  hal_gpio.o(i.hal_gpio_set_do_low)
    i.hal_timer_init                         0x080019b8   Section        0  hal_timer.o(i.hal_timer_init)
    i.hal_uart_dma_rx_start                  0x08001a04   Section        0  hal_uart.o(i.hal_uart_dma_rx_start)
    i.hal_uart_gpio_init                     0x08001a5c   Section        0  hal_uart.o(i.hal_uart_gpio_init)
    i.hal_uart_port_init                     0x08001db4   Section        0  hal_uart.o(i.hal_uart_port_init)
    i.hal_uart_rx_irq_disable                0x0800201c   Section        0  hal_uart.o(i.hal_uart_rx_irq_disable)
    i.hal_uart_rx_irq_enable                 0x08002058   Section        0  hal_uart.o(i.hal_uart_rx_irq_enable)
    i.hal_uart_set_braudrate                 0x08002094   Section        0  hal_uart.o(i.hal_uart_set_braudrate)
    i.hal_uart_set_rx_mode                   0x080020c0   Section        0  hal_uart.o(i.hal_uart_set_rx_mode)
    i.hal_uart_set_timeout                   0x080020e4   Section        0  hal_uart.o(i.hal_uart_set_timeout)
    i.hal_uart_set_tx_mode                   0x080020e8   Section        0  hal_uart.o(i.hal_uart_set_tx_mode)
    i.hal_uart_tx_bytes                      0x08002108   Section        0  hal_uart.o(i.hal_uart_tx_bytes)
    i.hx711_AllChanelSample                  0x08002210   Section        0  app_hx711_ctrl.o(i.hx711_AllChanelSample)
    i.hx711_DataSampleCtrl                   0x080022e8   Section        0  app_hx711_ctrl.o(i.hx711_DataSampleCtrl)
    i.hx711_MainFunction                     0x08002310   Section        0  app_hx711_ctrl.o(i.hx711_MainFunction)
    i.hx711_SigChanelAvrgAndWeightCalc       0x080023ec   Section        0  app_hx711_ctrl.o(i.hx711_SigChanelAvrgAndWeightCalc)
    i.hx711_getAvgSample                     0x080024d0   Section        0  app_hx711_ctrl.o(i.hx711_getAvgSample)
    i.hx711_getWeight                        0x080024ec   Section        0  app_hx711_ctrl.o(i.hx711_getWeight)
    i.hx711_init                             0x08002524   Section        0  app_hx711_ctrl.o(i.hx711_init)
    i.hx711_setAllRemoveWeight               0x08002650   Section        0  app_hx711_ctrl.o(i.hx711_setAllRemoveWeight)
    i.key_FilterGet                          0x08002680   Section        0  app_key_ctrl.o(i.key_FilterGet)
    i.key_MainFunction                       0x080026a4   Section        0  app_key_ctrl.o(i.key_MainFunction)
    i.key_filter                             0x080026e0   Section        0  app_key_ctrl.o(i.key_filter)
    i.key_init                               0x0800278c   Section        0  app_key_ctrl.o(i.key_init)
    i.led_MainFunction                       0x080027e4   Section        0  app_led_ctrl.o(i.led_MainFunction)
    i.led_init                               0x08002874   Section        0  app_led_ctrl.o(i.led_init)
    i.main                                   0x080028b2   Section        0  app_main.o(i.main)
    i.readSysDataFromFlash                   0x080028d0   Section        0  app_sdwe_ctrl.o(i.readSysDataFromFlash)
    i.sampleDataPush                         0x080029fc   Section        0  app_hx711_ctrl.o(i.sampleDataPush)
    i.sdweAskRegData                         0x08002a38   Section        0  app_sdwe_ctrl.o(i.sdweAskRegData)
    i.sdweAskVaribleData                     0x08002a50   Section        0  app_sdwe_ctrl.o(i.sdweAskVaribleData)
    i.sdwePointTrigerUpdata                  0x08002bb0   Section        0  app_sdwe_ctrl.o(i.sdwePointTrigerUpdata)
    i.sdweReadRegister                       0x08002bd4   Section        0  app_sdwe_ctrl.o(i.sdweReadRegister)
    i.sdweReadVarible                        0x08002c5c   Section        0  app_sdwe_ctrl.o(i.sdweReadVarible)
    i.sdweSetWeightBackColor                 0x08002cf8   Section        0  app_sdwe_ctrl.o(i.sdweSetWeightBackColor)
    i.sdweWriteVarible                       0x08002d0c   Section        0  app_sdwe_ctrl.o(i.sdweWriteVarible)
    i.sdwe_MainFunction                      0x08002dec   Section        0  app_sdwe_ctrl.o(i.sdwe_MainFunction)
    i.sdwe_RxFunction                        0x08002e0c   Section        0  app_sdwe_ctrl.o(i.sdwe_RxFunction)
    i.sdwe_TxFunction                        0x08002f58   Section        0  app_sdwe_ctrl.o(i.sdwe_TxFunction)
    i.sdwe_init                              0x08003074   Section        0  app_sdwe_ctrl.o(i.sdwe_init)
    i.setSampleWeightValue                   0x08003108   Section        0  app_hx711_ctrl.o(i.setSampleWeightValue)
    i.storeSysDataToFlash                    0x0800312c   Section        0  app_sdwe_ctrl.o(i.storeSysDataToFlash)
    i.system_init                            0x08003290   Section        0  app_main.o(i.system_init)
    i.trigerCalcKB                           0x080032b0   Section        0  app_hx711_ctrl.o(i.trigerCalcKB)
    i.useWeightUpdateLedAndSdweColor         0x080034ac   Section        0  app_led_ctrl.o(i.useWeightUpdateLedAndSdweColor)
    i.wm_hal_gpio_init                       0x0800361c   Section        0  hal_gpio.o(i.wm_hal_gpio_init)
    x$fpl$fpinit                             0x0800368c   Section       10  fpinit.o(x$fpl$fpinit)
    $v0                                      0x0800368c   Number         0  fpinit.o(x$fpl$fpinit)
    .constdata                               0x08003698   Section       40  app_hx711_ctrl.o(.constdata)
    .constdata                               0x080036c0   Section      512  app_crc.o(.constdata)
    .constdata                               0x080038c0   Section      164  hal_gpio.o(.constdata)
    .constdata                               0x08003964   Section      124  hal_uart.o(.constdata)
    .data                                    0x20000000   Section        8  app_main_task.o(.data)
    g_sys_ms_tick                            0x20000004   Data           4  app_main_task.o(.data)
    .data                                    0x20000008   Section       17  app_led_ctrl.o(.data)
    colorLock                                0x2000000c   Data           5  app_led_ctrl.o(.data)
    l_led_test_cycle                         0x20000012   Data           2  app_led_ctrl.o(.data)
    color                                    0x20000014   Data           1  app_led_ctrl.o(.data)
    led_data                                 0x20000015   Data           4  app_led_ctrl.o(.data)
    .data                                    0x20000019   Section        2  app_hx711_ctrl.o(.data)
    status                                   0x20000019   Data           1  app_hx711_ctrl.o(.data)
    l_max_wait_time                          0x2000001a   Data           1  app_hx711_ctrl.o(.data)
    .data                                    0x2000001c   Section      589  app_sdwe_ctrl.o(.data)
    storeTick                                0x20000264   Data           2  app_sdwe_ctrl.o(.data)
    ticks                                    0x20000266   Data           2  app_sdwe_ctrl.o(.data)
    need_send                                0x20000268   Data           1  app_sdwe_ctrl.o(.data)
    .data                                    0x20000269   Section        1  app_key_ctrl.o(.data)
    preRemoveKey                             0x20000269   Data           1  app_key_ctrl.o(.data)
    .data                                    0x2000026a   Section        4  drv_delay.o(.data)
    g_DelayUsFac                             0x2000026a   Data           2  drv_delay.o(.data)
    g_DelayMsFac                             0x2000026c   Data           2  drv_delay.o(.data)
    .data                                    0x20000270   Section      108  hal_gpio.o(.data)
    .data                                    0x200002dc   Section      176  hal_uart.o(.data)
    .data                                    0x2000038c   Section       28  drv_rcc.o(.data)
    l_AhbPrescTable                          0x2000038c   Data          16  drv_rcc.o(.data)
    l_ApbPrescTable                          0x2000039c   Data           8  drv_rcc.o(.data)
    .bss                                     0x200003a8   Section     1984  app_hx711_ctrl.o(.bss)
    .bss                                     0x20000b68   Section     1520  app_sdwe_ctrl.o(.bss)
    g_sdwe_triger_data                       0x200010ec   Data          60  app_sdwe_ctrl.o(.bss)
    weightPre                                0x20001148   Data          16  app_sdwe_ctrl.o(.bss)
    .bss                                     0x20001158   Section       12  app_key_ctrl.o(.bss)
    .bss                                     0x20001164   Section       36  drv_rcc.o(.bss)
    .bss                                     0x20001188   Section       96  libspace.o(.bss)
    HEAP                                     0x200011e8   Section     2048  startup_stm32f30x.o(HEAP)
    Heap_Mem                                 0x200011e8   Data        2048  startup_stm32f30x.o(HEAP)
    STACK                                    0x200019e8   Section     2048  startup_stm32f30x.o(STACK)
    Stack_Mem                                0x200019e8   Data        2048  startup_stm32f30x.o(STACK)
    __initial_sp                             0x200021e8   Data           0  startup_stm32f30x.o(STACK)

    Global Symbols

    Symbol Name                              Value     Ov Type        Size  Object(Section)

    BuildAttributes$$THM_ISAv4$E$P$D$K$B$S$7EM$VFPi3$EXTD16$VFPS$VFMA$PE$A:L22UL41UL21$X:L11$S22US41US21$IEEE1$IW$USESV6$~STKCKD$USESV7$~SHL$OSPACE$ROPI$EBA8$UX$STANDARDLIB$REQ8$PRES8$EABIv2 0x00000000   Number         0  anon$$obj.o ABSOLUTE
    __ARM_use_no_argv                        0x00000000   Number         0  app_main.o ABSOLUTE
    __ARM_exceptions_init                     - Undefined Weak Reference
    __alloca_initialize                       - Undefined Weak Reference
    __arm_preinit_                            - Undefined Weak Reference
    __cpp_initialize__aeabi_                  - Undefined Weak Reference
    __cxa_finalize                            - Undefined Weak Reference
    __rt_locale                               - Undefined Weak Reference
    __sigvec_lookup                           - Undefined Weak Reference
    _atexit_init                              - Undefined Weak Reference
    _call_atexit_fns                          - Undefined Weak Reference
    _clock_init                               - Undefined Weak Reference
    _fp_trap_init                             - Undefined Weak Reference
    _fp_trap_shutdown                         - Undefined Weak Reference
    _get_lc_collate                           - Undefined Weak Reference
    _get_lc_ctype                             - Undefined Weak Reference
    _get_lc_monetary                          - Undefined Weak Reference
    _get_lc_numeric                           - Undefined Weak Reference
    _get_lc_time                              - Undefined Weak Reference
    _getenv_init                              - Undefined Weak Reference
    _handle_redirection                       - Undefined Weak Reference
    _init_alloc                               - Undefined Weak Reference
    _init_user_alloc                          - Undefined Weak Reference
    _initio                                   - Undefined Weak Reference
    _rand_init                                - Undefined Weak Reference
    _signal_finish                            - Undefined Weak Reference
    _signal_init                              - Undefined Weak Reference
    _terminate_alloc                          - Undefined Weak Reference
    _terminate_user_alloc                     - Undefined Weak Reference
    _terminateio                              - Undefined Weak Reference
    __Vectors_Size                           0x00000188   Number         0  startup_stm32f30x.o ABSOLUTE
    __Vectors                                0x08000000   Data           4  startup_stm32f30x.o(RESET)
    __Vectors_End                            0x08000188   Data           0  startup_stm32f30x.o(RESET)
    __main                                   0x08000189   Thumb Code     8  __main.o(!!!main)
    __scatterload                            0x08000191   Thumb Code     0  __scatter.o(!!!scatter)
    __scatterload_rt2                        0x08000191   Thumb Code    44  __scatter.o(!!!scatter)
    __scatterload_rt2_thumb_only             0x08000191   Thumb Code     0  __scatter.o(!!!scatter)
    __scatterload_null                       0x0800019f   Thumb Code     0  __scatter.o(!!!scatter)
    __decompress                             0x080001c5   Thumb Code    90  __dczerorl2.o(!!dczerorl2)
    __decompress1                            0x080001c5   Thumb Code     0  __dczerorl2.o(!!dczerorl2)
    __scatterload_zeroinit                   0x08000221   Thumb Code    28  __scatter_zi.o(!!handler_zi)
    __rt_lib_init                            0x0800023d   Thumb Code     0  libinit.o(.ARM.Collect$$libinit$$00000000)
    __rt_lib_init_fp_1                       0x0800023f   Thumb Code     0  libinit2.o(.ARM.Collect$$libinit$$00000001)
    __rt_lib_init_alloca_1                   0x08000243   Thumb Code     0  libinit2.o(.ARM.Collect$$libinit$$0000002E)
    __rt_lib_init_argv_1                     0x08000243   Thumb Code     0  libinit2.o(.ARM.Collect$$libinit$$0000002C)
    __rt_lib_init_atexit_1                   0x08000243   Thumb Code     0  libinit2.o(.ARM.Collect$$libinit$$0000001B)
    __rt_lib_init_clock_1                    0x08000243   Thumb Code     0  libinit2.o(.ARM.Collect$$libinit$$00000021)
    __rt_lib_init_cpp_1                      0x08000243   Thumb Code     0  libinit2.o(.ARM.Collect$$libinit$$00000032)
    __rt_lib_init_exceptions_1               0x08000243   Thumb Code     0  libinit2.o(.ARM.Collect$$libinit$$00000030)
    __rt_lib_init_fp_trap_1                  0x08000243   Thumb Code     0  libinit2.o(.ARM.Collect$$libinit$$0000001F)
    __rt_lib_init_getenv_1                   0x08000243   Thumb Code     0  libinit2.o(.ARM.Collect$$libinit$$00000023)
    __rt_lib_init_heap_1                     0x08000243   Thumb Code     0  libinit2.o(.ARM.Collect$$libinit$$0000000A)
    __rt_lib_init_lc_collate_1               0x08000243   Thumb Code     0  libinit2.o(.ARM.Collect$$libinit$$00000011)
    __rt_lib_init_lc_ctype_1                 0x08000243   Thumb Code     0  libinit2.o(.ARM.Collect$$libinit$$00000013)
    __rt_lib_init_lc_monetary_1              0x08000243   Thumb Code     0  libinit2.o(.ARM.Collect$$libinit$$00000015)
    __rt_lib_init_lc_numeric_1               0x08000243   Thumb Code     0  libinit2.o(.ARM.Collect$$libinit$$00000017)
    __rt_lib_init_lc_time_1                  0x08000243   Thumb Code     0  libinit2.o(.ARM.Collect$$libinit$$00000019)
    __rt_lib_init_preinit_1                  0x08000243   Thumb Code     0  libinit2.o(.ARM.Collect$$libinit$$00000004)
    __rt_lib_init_rand_1                     0x08000243   Thumb Code     0  libinit2.o(.ARM.Collect$$libinit$$0000000E)
    __rt_lib_init_return                     0x08000243   Thumb Code     0  libinit2.o(.ARM.Collect$$libinit$$00000033)
    __rt_lib_init_signal_1                   0x08000243   Thumb Code     0  libinit2.o(.ARM.Collect$$libinit$$0000001D)
    __rt_lib_init_stdio_1                    0x08000243   Thumb Code     0  libinit2.o(.ARM.Collect$$libinit$$00000025)
    __rt_lib_init_user_alloc_1               0x08000243   Thumb Code     0  libinit2.o(.ARM.Collect$$libinit$$0000000C)
    __rt_lib_shutdown                        0x08000245   Thumb Code     0  libshutdown.o(.ARM.Collect$$libshutdown$$00000000)
    __rt_lib_shutdown_cpp_1                  0x08000247   Thumb Code     0  libshutdown2.o(.ARM.Collect$$libshutdown$$00000002)
    __rt_lib_shutdown_fp_trap_1              0x08000247   Thumb Code     0  libshutdown2.o(.ARM.Collect$$libshutdown$$00000007)
    __rt_lib_shutdown_heap_1                 0x08000247   Thumb Code     0  libshutdown2.o(.ARM.Collect$$libshutdown$$0000000F)
    __rt_lib_shutdown_return                 0x08000247   Thumb Code     0  libshutdown2.o(.ARM.Collect$$libshutdown$$00000010)
    __rt_lib_shutdown_signal_1               0x08000247   Thumb Code     0  libshutdown2.o(.ARM.Collect$$libshutdown$$0000000A)
    __rt_lib_shutdown_stdio_1                0x08000247   Thumb Code     0  libshutdown2.o(.ARM.Collect$$libshutdown$$00000004)
    __rt_lib_shutdown_user_alloc_1           0x08000247   Thumb Code     0  libshutdown2.o(.ARM.Collect$$libshutdown$$0000000C)
    __rt_entry                               0x08000249   Thumb Code     0  __rtentry.o(.ARM.Collect$$rtentry$$00000000)
    __rt_entry_presh_1                       0x08000249   Thumb Code     0  __rtentry2.o(.ARM.Collect$$rtentry$$00000002)
    __rt_entry_sh                            0x08000249   Thumb Code     0  __rtentry4.o(.ARM.Collect$$rtentry$$00000004)
    __rt_entry_li                            0x0800024f   Thumb Code     0  __rtentry2.o(.ARM.Collect$$rtentry$$0000000A)
    __rt_entry_postsh_1                      0x0800024f   Thumb Code     0  __rtentry2.o(.ARM.Collect$$rtentry$$00000009)
    __rt_entry_main                          0x08000253   Thumb Code     0  __rtentry2.o(.ARM.Collect$$rtentry$$0000000D)
    __rt_entry_postli_1                      0x08000253   Thumb Code     0  __rtentry2.o(.ARM.Collect$$rtentry$$0000000C)
    __rt_exit                                0x0800025b   Thumb Code     0  rtexit.o(.ARM.Collect$$rtexit$$00000000)
    __rt_exit_ls                             0x0800025d   Thumb Code     0  rtexit2.o(.ARM.Collect$$rtexit$$00000003)
    __rt_exit_prels_1                        0x0800025d   Thumb Code     0  rtexit2.o(.ARM.Collect$$rtexit$$00000002)
    __rt_exit_exit                           0x08000261   Thumb Code     0  rtexit2.o(.ARM.Collect$$rtexit$$00000004)
    Reset_Handler                            0x08000269   Thumb Code    14  startup_stm32f30x.o(.text)
    NMI_Handler                              0x08000277   Thumb Code     2  startup_stm32f30x.o(.text)
    HardFault_Handler                        0x08000279   Thumb Code     2  startup_stm32f30x.o(.text)
    MemManage_Handler                        0x0800027b   Thumb Code     2  startup_stm32f30x.o(.text)
    BusFault_Handler                         0x0800027d   Thumb Code     2  startup_stm32f30x.o(.text)
    UsageFault_Handler                       0x0800027f   Thumb Code     2  startup_stm32f30x.o(.text)
    SVC_Handler                              0x08000281   Thumb Code     2  startup_stm32f30x.o(.text)
    DebugMon_Handler                         0x08000283   Thumb Code     2  startup_stm32f30x.o(.text)
    PendSV_Handler                           0x08000285   Thumb Code     2  startup_stm32f30x.o(.text)
    SysTick_Handler                          0x08000287   Thumb Code     2  startup_stm32f30x.o(.text)
    ADC1_2_IRQHandler                        0x08000289   Thumb Code     0  startup_stm32f30x.o(.text)
    ADC3_IRQHandler                          0x08000289   Thumb Code     0  startup_stm32f30x.o(.text)
    ADC4_IRQHandler                          0x08000289   Thumb Code     0  startup_stm32f30x.o(.text)
    CAN1_RX1_IRQHandler                      0x08000289   Thumb Code     0  startup_stm32f30x.o(.text)
    CAN1_SCE_IRQHandler                      0x08000289   Thumb Code     0  startup_stm32f30x.o(.text)
    COMP1_2_3_IRQHandler                     0x08000289   Thumb Code     0  startup_stm32f30x.o(.text)
    COMP4_5_6_IRQHandler                     0x08000289   Thumb Code     0  startup_stm32f30x.o(.text)
    COMP7_IRQHandler                         0x08000289   Thumb Code     0  startup_stm32f30x.o(.text)
    DMA1_Channel1_IRQHandler                 0x08000289   Thumb Code     0  startup_stm32f30x.o(.text)
    DMA1_Channel3_IRQHandler                 0x08000289   Thumb Code     0  startup_stm32f30x.o(.text)
    DMA1_Channel5_IRQHandler                 0x08000289   Thumb Code     0  startup_stm32f30x.o(.text)
    DMA1_Channel6_IRQHandler                 0x08000289   Thumb Code     0  startup_stm32f30x.o(.text)
    DMA1_Channel7_IRQHandler                 0x08000289   Thumb Code     0  startup_stm32f30x.o(.text)
    DMA2_Channel1_IRQHandler                 0x08000289   Thumb Code     0  startup_stm32f30x.o(.text)
    DMA2_Channel2_IRQHandler                 0x08000289   Thumb Code     0  startup_stm32f30x.o(.text)
    DMA2_Channel3_IRQHandler                 0x08000289   Thumb Code     0  startup_stm32f30x.o(.text)
    DMA2_Channel4_IRQHandler                 0x08000289   Thumb Code     0  startup_stm32f30x.o(.text)
    DMA2_Channel5_IRQHandler                 0x08000289   Thumb Code     0  startup_stm32f30x.o(.text)
    EXTI0_IRQHandler                         0x08000289   Thumb Code     0  startup_stm32f30x.o(.text)
    EXTI15_10_IRQHandler                     0x08000289   Thumb Code     0  startup_stm32f30x.o(.text)
    EXTI1_IRQHandler                         0x08000289   Thumb Code     0  startup_stm32f30x.o(.text)
    EXTI2_TS_IRQHandler                      0x08000289   Thumb Code     0  startup_stm32f30x.o(.text)
    EXTI3_IRQHandler                         0x08000289   Thumb Code     0  startup_stm32f30x.o(.text)
    EXTI4_IRQHandler                         0x08000289   Thumb Code     0  startup_stm32f30x.o(.text)
    EXTI9_5_IRQHandler                       0x08000289   Thumb Code     0  startup_stm32f30x.o(.text)
    FLASH_IRQHandler                         0x08000289   Thumb Code     0  startup_stm32f30x.o(.text)
    FPU_IRQHandler                           0x08000289   Thumb Code     0  startup_stm32f30x.o(.text)
    I2C1_ER_IRQHandler                       0x08000289   Thumb Code     0  startup_stm32f30x.o(.text)
    I2C1_EV_IRQHandler                       0x08000289   Thumb Code     0  startup_stm32f30x.o(.text)
    I2C2_ER_IRQHandler                       0x08000289   Thumb Code     0  startup_stm32f30x.o(.text)
    I2C2_EV_IRQHandler                       0x08000289   Thumb Code     0  startup_stm32f30x.o(.text)
    PVD_IRQHandler                           0x08000289   Thumb Code     0  startup_stm32f30x.o(.text)
    RCC_IRQHandler                           0x08000289   Thumb Code     0  startup_stm32f30x.o(.text)
    RTC_Alarm_IRQHandler                     0x08000289   Thumb Code     0  startup_stm32f30x.o(.text)
    RTC_WKUP_IRQHandler                      0x08000289   Thumb Code     0  startup_stm32f30x.o(.text)
    SPI1_IRQHandler                          0x08000289   Thumb Code     0  startup_stm32f30x.o(.text)
    SPI2_IRQHandler                          0x08000289   Thumb Code     0  startup_stm32f30x.o(.text)
    SPI3_IRQHandler                          0x08000289   Thumb Code     0  startup_stm32f30x.o(.text)
    TAMPER_STAMP_IRQHandler                  0x08000289   Thumb Code     0  startup_stm32f30x.o(.text)
    TIM1_BRK_TIM15_IRQHandler                0x08000289   Thumb Code     0  startup_stm32f30x.o(.text)
    TIM1_CC_IRQHandler                       0x08000289   Thumb Code     0  startup_stm32f30x.o(.text)
    TIM1_TRG_COM_TIM17_IRQHandler            0x08000289   Thumb Code     0  startup_stm32f30x.o(.text)
    TIM1_UP_TIM16_IRQHandler                 0x08000289   Thumb Code     0  startup_stm32f30x.o(.text)
    TIM2_IRQHandler                          0x08000289   Thumb Code     0  startup_stm32f30x.o(.text)
    TIM3_IRQHandler                          0x08000289   Thumb Code     0  startup_stm32f30x.o(.text)
    TIM4_IRQHandler                          0x08000289   Thumb Code     0  startup_stm32f30x.o(.text)
    TIM7_IRQHandler                          0x08000289   Thumb Code     0  startup_stm32f30x.o(.text)
    TIM8_BRK_IRQHandler                      0x08000289   Thumb Code     0  startup_stm32f30x.o(.text)
    TIM8_CC_IRQHandler                       0x08000289   Thumb Code     0  startup_stm32f30x.o(.text)
    TIM8_TRG_COM_IRQHandler                  0x08000289   Thumb Code     0  startup_stm32f30x.o(.text)
    TIM8_UP_IRQHandler                       0x08000289   Thumb Code     0  startup_stm32f30x.o(.text)
    UART4_IRQHandler                         0x08000289   Thumb Code     0  startup_stm32f30x.o(.text)
    UART5_IRQHandler                         0x08000289   Thumb Code     0  startup_stm32f30x.o(.text)
    USART2_IRQHandler                        0x08000289   Thumb Code     0  startup_stm32f30x.o(.text)
    USBWakeUp_IRQHandler                     0x08000289   Thumb Code     0  startup_stm32f30x.o(.text)
    USBWakeUp_RMP_IRQHandler                 0x08000289   Thumb Code     0  startup_stm32f30x.o(.text)
    USB_HP_CAN1_TX_IRQHandler                0x08000289   Thumb Code     0  startup_stm32f30x.o(.text)
    USB_HP_IRQHandler                        0x08000289   Thumb Code     0  startup_stm32f30x.o(.text)
    USB_LP_CAN1_RX0_IRQHandler               0x08000289   Thumb Code     0  startup_stm32f30x.o(.text)
    USB_LP_IRQHandler                        0x08000289   Thumb Code     0  startup_stm32f30x.o(.text)
    WWDG_IRQHandler                          0x08000289   Thumb Code     0  startup_stm32f30x.o(.text)
    __user_initial_stackheap                 0x0800028d   Thumb Code     0  startup_stm32f30x.o(.text)
    __aeabi_memclr4                          0x080002b1   Thumb Code     0  rt_memclr_w.o(.text)
    __aeabi_memclr8                          0x080002b1   Thumb Code     0  rt_memclr_w.o(.text)
    __rt_memclr_w                            0x080002b1   Thumb Code    78  rt_memclr_w.o(.text)
    _memset_w                                0x080002b5   Thumb Code     0  rt_memclr_w.o(.text)
    __use_two_region_memory                  0x080002ff   Thumb Code     2  heapauxi.o(.text)
    __rt_heap_escrow$2region                 0x08000301   Thumb Code     2  heapauxi.o(.text)
    __rt_heap_expand$2region                 0x08000303   Thumb Code     2  heapauxi.o(.text)
    __user_setup_stackheap                   0x08000305   Thumb Code    74  sys_stackheap_outer.o(.text)
    exit                                     0x0800034f   Thumb Code    18  exit.o(.text)
    __user_libspace                          0x08000361   Thumb Code     8  libspace.o(.text)
    __user_perproc_libspace                  0x08000361   Thumb Code     0  libspace.o(.text)
    __user_perthread_libspace                0x08000361   Thumb Code     0  libspace.o(.text)
    _sys_exit                                0x08000369   Thumb Code     8  sys_exit.o(.text)
    __I$use$semihosting                      0x08000375   Thumb Code     0  use_no_semi.o(.text)
    __use_no_semihosting_swi                 0x08000375   Thumb Code     2  use_no_semi.o(.text)
    __semihosting_library_function           0x08000377   Thumb Code     0  indicate_semi.o(.text)
    BubbleSort                               0x08000379   Thumb Code   136  app_led_ctrl.o(i.BubbleSort)
    DMA1_Channel2_IRQHandler                 0x08000405   Thumb Code    44  hal_uart.o(i.DMA1_Channel2_IRQHandler)
    DMA1_Channel4_IRQHandler                 0x08000441   Thumb Code    44  hal_uart.o(i.DMA1_Channel4_IRQHandler)
    LedCtrlSendPulse                         0x0800047d   Thumb Code    88  app_led_ctrl.o(i.LedCtrlSendPulse)
    LedDataSet                               0x080004d5   Thumb Code   132  app_led_ctrl.o(i.LedDataSet)
    Led_delay                                0x0800055d   Thumb Code    10  app_led_ctrl.o(i.Led_delay)
    TIM6_DAC_IRQHandler                      0x08000569   Thumb Code    16  hal_timer.o(i.TIM6_DAC_IRQHandler)
    USART1_IRQHandler                        0x0800057d   Thumb Code   302  hal_uart.o(i.USART1_IRQHandler)
    USART3_IRQHandler                        0x080006c9   Thumb Code   226  hal_uart.o(i.USART3_IRQHandler)
    app_main_task                            0x080007c1   Thumb Code    50  app_main_task.o(i.app_main_task)
    app_uart_extern_msg_packet_process       0x080007f9   Thumb Code     2  app_sdwe_ctrl.o(i.app_uart_extern_msg_packet_process)
    cal_crc16                                0x080007fd   Thumb Code    62  app_crc.o(i.cal_crc16)
    clrSdwePointTriger                       0x08000845   Thumb Code    24  app_sdwe_ctrl.o(i.clrSdwePointTriger)
    clrSdwePointTrigerAll                    0x08000861   Thumb Code    40  app_sdwe_ctrl.o(i.clrSdwePointTrigerAll)
    drv_debug_apb1_stop                      0x0800088d   Thumb Code    12  drv_dbgmcu.o(i.drv_debug_apb1_stop)
    drv_delay_init                           0x0800089d   Thumb Code    60  drv_delay.o(i.drv_delay_init)
    drv_delay_ms                             0x080008e9   Thumb Code    64  drv_delay.o(i.drv_delay_ms)
    drv_delay_us                             0x0800092d   Thumb Code    64  drv_delay.o(i.drv_delay_us)
    drv_dma_set_mem_addr_length              0x08000971   Thumb Code    12  drv_dma.o(i.drv_dma_set_mem_addr_length)
    drv_dma_stream_clear_flag_status         0x0800097d   Thumb Code    30  drv_dma.o(i.drv_dma_stream_clear_flag_status)
    drv_dma_stream_clear_it_pending_bit      0x080009a5   Thumb Code    18  drv_dma.o(i.drv_dma_stream_clear_it_pending_bit)
    drv_dma_stream_deinit                    0x080009c1   Thumb Code   252  drv_dma.o(i.drv_dma_stream_deinit)
    drv_dma_stream_disable                   0x08000ac5   Thumb Code    10  drv_dma.o(i.drv_dma_stream_disable)
    drv_dma_stream_enable                    0x08000acf   Thumb Code    12  drv_dma.o(i.drv_dma_stream_enable)
    drv_dma_stream_get_it_status             0x08000add   Thumb Code    90  drv_dma.o(i.drv_dma_stream_get_it_status)
    drv_dma_stream_get_left_length           0x08000b41   Thumb Code    14  drv_dma.o(i.drv_dma_stream_get_left_length)
    drv_dma_stream_init                      0x08000b4f   Thumb Code   108  drv_dma.o(i.drv_dma_stream_init)
    drv_dma_stream_it_enable                 0x08000bbb   Thumb Code     8  drv_dma.o(i.drv_dma_stream_it_enable)
    drv_dma_stream_start_mem_to_periph       0x08000bc3   Thumb Code    52  drv_dma.o(i.drv_dma_stream_start_mem_to_periph)
    drv_dma_stream_start_periph_to_mem       0x08000bf7   Thumb Code    52  drv_dma.o(i.drv_dma_stream_start_periph_to_mem)
    drv_flash_erase_sector                   0x08000c2d   Thumb Code    66  drv_flash.o(i.drv_flash_erase_sector)
    drv_flash_get_status                     0x08000c75   Thumb Code    40  drv_flash.o(i.drv_flash_get_status)
    drv_flash_lock                           0x08000ca1   Thumb Code    16  drv_flash.o(i.drv_flash_lock)
    drv_flash_read_words                     0x08000cb5   Thumb Code    32  drv_flash.o(i.drv_flash_read_words)
    drv_flash_unlock                         0x08000cd5   Thumb Code    22  drv_flash.o(i.drv_flash_unlock)
    drv_flash_wait_last_operation            0x08000cf9   Thumb Code    40  drv_flash.o(i.drv_flash_wait_last_operation)
    drv_flash_write_words                    0x08000d21   Thumb Code   122  drv_flash.o(i.drv_flash_write_words)
    drv_gpio_alternate_function_connect      0x08000da1   Thumb Code    66  drv_gpio.o(i.drv_gpio_alternate_function_connect)
    drv_gpio_alternate_function_init         0x08000de3   Thumb Code   220  drv_gpio.o(i.drv_gpio_alternate_function_init)
    drv_gpio_input_init                      0x08000ebf   Thumb Code    96  drv_gpio.o(i.drv_gpio_input_init)
    drv_gpio_output_init                     0x08000f1f   Thumb Code   220  drv_gpio.o(i.drv_gpio_output_init)
    drv_gpio_set_pins_high                   0x08000ffb   Thumb Code     8  hal_uart.o(i.drv_gpio_set_pins_high)
    drv_nvic_enable                          0x08001003   Thumb Code    22  drv_nvic.o(i.drv_nvic_enable)
    drv_nvic_init                            0x08001019   Thumb Code    56  drv_nvic.o(i.drv_nvic_init)
    drv_rcc_ahb1_clk_enable                  0x08001059   Thumb Code    12  drv_rcc.o(i.drv_rcc_ahb1_clk_enable)
    drv_rcc_apb1_clk_enable                  0x08001069   Thumb Code    12  drv_rcc.o(i.drv_rcc_apb1_clk_enable)
    drv_rcc_apb1_periph_reset_disable        0x08001079   Thumb Code    12  drv_rcc.o(i.drv_rcc_apb1_periph_reset_disable)
    drv_rcc_apb1_periph_reset_enable         0x08001089   Thumb Code    12  drv_rcc.o(i.drv_rcc_apb1_periph_reset_enable)
    drv_rcc_apb2_clk_enable                  0x08001099   Thumb Code    12  drv_rcc.o(i.drv_rcc_apb2_clk_enable)
    drv_rcc_apb2_periph_reset_disable        0x080010a9   Thumb Code    12  drv_rcc.o(i.drv_rcc_apb2_periph_reset_disable)
    drv_rcc_apb2_periph_reset_enable         0x080010b9   Thumb Code    12  drv_rcc.o(i.drv_rcc_apb2_periph_reset_enable)
    drv_rcc_get_clocks_freq                  0x080010c9   Thumb Code   238  drv_rcc.o(i.drv_rcc_get_clocks_freq)
    drv_rcc_init                             0x080011cd   Thumb Code   694  drv_rcc.o(i.drv_rcc_init)
    drv_timer_base_init                      0x080014ad   Thumb Code   104  drv_timer.o(i.drv_timer_base_init)
    drv_timer_clear_it_pending_bit           0x0800152d   Thumb Code     8  drv_timer.o(i.drv_timer_clear_it_pending_bit)
    drv_timer_deinit                         0x08001535   Thumb Code   216  drv_timer.o(i.drv_timer_deinit)
    drv_timer_enable                         0x08001631   Thumb Code    12  drv_timer.o(i.drv_timer_enable)
    drv_timer_it_enable                      0x0800163d   Thumb Code     8  drv_timer.o(i.drv_timer_it_enable)
    drv_uart_clear_flag_status               0x08001645   Thumb Code     4  drv_uart.o(i.drv_uart_clear_flag_status)
    drv_uart_clear_it_pending_bit            0x08001649   Thumb Code    18  drv_uart.o(i.drv_uart_clear_it_pending_bit)
    drv_uart_deinit                          0x0800165d   Thumb Code   124  drv_uart.o(i.drv_uart_deinit)
    drv_uart_dma_rx_enable                   0x080016ed   Thumb Code    12  drv_uart.o(i.drv_uart_dma_rx_enable)
    drv_uart_dma_tx_enable                   0x080016f9   Thumb Code    12  drv_uart.o(i.drv_uart_dma_tx_enable)
    drv_uart_get_flag_status                 0x08001705   Thumb Code    16  drv_uart.o(i.drv_uart_get_flag_status)
    drv_uart_init                            0x08001715   Thumb Code   190  drv_uart.o(i.drv_uart_init)
    drv_uart_it_disable                      0x080017d3   Thumb Code    52  drv_uart.o(i.drv_uart_it_disable)
    drv_uart_it_enable                       0x08001807   Thumb Code    52  drv_uart.o(i.drv_uart_it_enable)
    drv_uart_put_bytes                       0x0800183b   Thumb Code    32  drv_uart.o(i.drv_uart_put_bytes)
    drv_uart_set_baudrate                    0x0800185d   Thumb Code   116  drv_uart.o(i.drv_uart_set_baudrate)
    getChanelStruct                          0x080018d9   Thumb Code    20  app_hx711_ctrl.o(i.getChanelStruct)
    getSdwePointTriger                       0x080018f1   Thumb Code    32  app_sdwe_ctrl.o(i.getSdwePointTriger)
    hal_clock_init                           0x08001915   Thumb Code    24  hal_clock.o(i.hal_clock_init)
    hal_delay_init                           0x0800192d   Thumb Code     8  hal_delay.o(i.hal_delay_init)
    hal_delay_ms                             0x08001935   Thumb Code    12  app_sdwe_ctrl.o(i.hal_delay_ms)
    hal_delay_us                             0x08001941   Thumb Code    12  app_hx711_ctrl.o(i.hal_delay_us)
    hal_di_get                               0x0800194d   Thumb Code    36  hal_gpio.o(i.hal_di_get)
    hal_gpio_set_do_high                     0x08001979   Thumb Code    22  hal_gpio.o(i.hal_gpio_set_do_high)
    hal_gpio_set_do_low                      0x08001999   Thumb Code    22  hal_gpio.o(i.hal_gpio_set_do_low)
    hal_timer_init                           0x080019b9   Thumb Code    66  hal_timer.o(i.hal_timer_init)
    hal_uart_dma_rx_start                    0x08001a05   Thumb Code    70  hal_uart.o(i.hal_uart_dma_rx_start)
    hal_uart_gpio_init                       0x08001a5d   Thumb Code   806  hal_uart.o(i.hal_uart_gpio_init)
    hal_uart_port_init                       0x08001db5   Thumb Code   560  hal_uart.o(i.hal_uart_port_init)
    hal_uart_rx_irq_disable                  0x0800201d   Thumb Code    48  hal_uart.o(i.hal_uart_rx_irq_disable)
    hal_uart_rx_irq_enable                   0x08002059   Thumb Code    48  hal_uart.o(i.hal_uart_rx_irq_enable)
    hal_uart_set_braudrate                   0x08002095   Thumb Code    34  hal_uart.o(i.hal_uart_set_braudrate)
    hal_uart_set_rx_mode                     0x080020c1   Thumb Code    26  hal_uart.o(i.hal_uart_set_rx_mode)
    hal_uart_set_timeout                     0x080020e5   Thumb Code     2  hal_uart.o(i.hal_uart_set_timeout)
    hal_uart_set_tx_mode                     0x080020e9   Thumb Code    24  hal_uart.o(i.hal_uart_set_tx_mode)
    hal_uart_tx_bytes                        0x08002109   Thumb Code   246  hal_uart.o(i.hal_uart_tx_bytes)
    hx711_AllChanelSample                    0x08002211   Thumb Code   212  app_hx711_ctrl.o(i.hx711_AllChanelSample)
    hx711_DataSampleCtrl                     0x080022e9   Thumb Code    36  app_hx711_ctrl.o(i.hx711_DataSampleCtrl)
    hx711_MainFunction                       0x08002311   Thumb Code   212  app_hx711_ctrl.o(i.hx711_MainFunction)
    hx711_SigChanelAvrgAndWeightCalc         0x080023ed   Thumb Code   222  app_hx711_ctrl.o(i.hx711_SigChanelAvrgAndWeightCalc)
    hx711_getAvgSample                       0x080024d1   Thumb Code    22  app_hx711_ctrl.o(i.hx711_getAvgSample)
    hx711_getWeight                          0x080024ed   Thumb Code    48  app_hx711_ctrl.o(i.hx711_getWeight)
    hx711_init                               0x08002525   Thumb Code   280  app_hx711_ctrl.o(i.hx711_init)
    hx711_setAllRemoveWeight                 0x08002651   Thumb Code    42  app_hx711_ctrl.o(i.hx711_setAllRemoveWeight)
    key_FilterGet                            0x08002681   Thumb Code    30  app_key_ctrl.o(i.key_FilterGet)
    key_MainFunction                         0x080026a5   Thumb Code    56  app_key_ctrl.o(i.key_MainFunction)
    key_filter                               0x080026e1   Thumb Code   168  app_key_ctrl.o(i.key_filter)
    key_init                                 0x0800278d   Thumb Code    84  app_key_ctrl.o(i.key_init)
    led_MainFunction                         0x080027e5   Thumb Code   136  app_led_ctrl.o(i.led_MainFunction)
    led_init                                 0x08002875   Thumb Code    62  app_led_ctrl.o(i.led_init)
    main                                     0x080028b3   Thumb Code    28  app_main.o(i.main)
    readSysDataFromFlash                     0x080028d1   Thumb Code   296  app_sdwe_ctrl.o(i.readSysDataFromFlash)
    sampleDataPush                           0x080029fd   Thumb Code    58  app_hx711_ctrl.o(i.sampleDataPush)
    sdweAskRegData                           0x08002a39   Thumb Code    18  app_sdwe_ctrl.o(i.sdweAskRegData)
    sdweAskVaribleData                       0x08002a51   Thumb Code   348  app_sdwe_ctrl.o(i.sdweAskVaribleData)
    sdwePointTrigerUpdata                    0x08002bb1   Thumb Code    30  app_sdwe_ctrl.o(i.sdwePointTrigerUpdata)
    sdweReadRegister                         0x08002bd5   Thumb Code   126  app_sdwe_ctrl.o(i.sdweReadRegister)
    sdweReadVarible                          0x08002c5d   Thumb Code   146  app_sdwe_ctrl.o(i.sdweReadVarible)
    sdweSetWeightBackColor                   0x08002cf9   Thumb Code    16  app_sdwe_ctrl.o(i.sdweSetWeightBackColor)
    sdweWriteVarible                         0x08002d0d   Thumb Code   214  app_sdwe_ctrl.o(i.sdweWriteVarible)
    sdwe_MainFunction                        0x08002ded   Thumb Code    28  app_sdwe_ctrl.o(i.sdwe_MainFunction)
    sdwe_RxFunction                          0x08002e0d   Thumb Code   328  app_sdwe_ctrl.o(i.sdwe_RxFunction)
    sdwe_TxFunction                          0x08002f59   Thumb Code   260  app_sdwe_ctrl.o(i.sdwe_TxFunction)
    sdwe_init                                0x08003075   Thumb Code   130  app_sdwe_ctrl.o(i.sdwe_init)
    setSampleWeightValue                     0x08003109   Thumb Code    32  app_hx711_ctrl.o(i.setSampleWeightValue)
    storeSysDataToFlash                      0x0800312d   Thumb Code   342  app_sdwe_ctrl.o(i.storeSysDataToFlash)
    system_init                              0x08003291   Thumb Code    32  app_main.o(i.system_init)
    trigerCalcKB                             0x080032b1   Thumb Code   498  app_hx711_ctrl.o(i.trigerCalcKB)
    useWeightUpdateLedAndSdweColor           0x080034ad   Thumb Code   366  app_led_ctrl.o(i.useWeightUpdateLedAndSdweColor)
    wm_hal_gpio_init                         0x0800361d   Thumb Code    86  hal_gpio.o(i.wm_hal_gpio_init)
    _fp_init                                 0x0800368d   Thumb Code    10  fpinit.o(x$fpl$fpinit)
    __fplib_config_fpu_vfp                   0x08003695   Thumb Code     0  fpinit.o(x$fpl$fpinit)
    __fplib_config_pureend_doubles           0x08003695   Thumb Code     0  fpinit.o(x$fpl$fpinit)
    defaultChanelSamplePoint                 0x08003698   Data          40  app_hx711_ctrl.o(.constdata)
    g_CrcHTable                              0x080036c0   Data         256  app_crc.o(.constdata)
    g_CrcLTable                              0x080037c0   Data         256  app_crc.o(.constdata)
    DO_GPIO_CLK                              0x080038c0   Data          52  hal_gpio.o(.constdata)
    DO_GPIO_PIN                              0x080038f4   Data          26  hal_gpio.o(.constdata)
    DI_GPIO_CLK                              0x08003910   Data          56  hal_gpio.o(.constdata)
    DI_GPIO_PIN                              0x08003948   Data          28  hal_gpio.o(.constdata)
    UART_PORT_CLK                            0x08003964   Data           8  hal_uart.o(.constdata)
    UART_PORT_IRQn                           0x0800396c   Data           2  hal_uart.o(.constdata)
    UART_PORT_GPIO_AF                        0x0800396e   Data           2  hal_uart.o(.constdata)
    UART_TX_GPIO_CLK                         0x08003970   Data           8  hal_uart.o(.constdata)
    UART_TX_GPIO_PIN                         0x08003978   Data           4  hal_uart.o(.constdata)
    UART_TX_PIN_SOURCE                       0x0800397c   Data           4  hal_uart.o(.constdata)
    UART_RX_GPIO_CLK                         0x08003980   Data           8  hal_uart.o(.constdata)
    UART_RX_GPIO_PIN                         0x08003988   Data           4  hal_uart.o(.constdata)
    UART_RX_PIN_SOURCE                       0x0800398c   Data           4  hal_uart.o(.constdata)
    UART_DEA_GPIO_CLK                        0x08003990   Data           8  hal_uart.o(.constdata)
    UART_DEA_GPIO_PIN                        0x08003998   Data           4  hal_uart.o(.constdata)
    UART_TX_DMA_CLK                          0x0800399c   Data           8  hal_uart.o(.constdata)
    UART_TX_DMA_IRQn                         0x080039a4   Data           2  hal_uart.o(.constdata)
    UART_TX_DMA_IT_TCIF                      0x080039a8   Data           8  hal_uart.o(.constdata)
    UART_RX_DMA_CLK                          0x080039b0   Data           8  hal_uart.o(.constdata)
    g_UartBaudTab                            0x080039b8   Data          40  hal_uart.o(.constdata)
    Region$$Table$$Base                      0x080039e0   Number         0  anon$$obj.o(Region$$Table)
    Region$$Table$$Limit                     0x08003a00   Number         0  anon$$obj.o(Region$$Table)
    mainTaskStatus                           0x20000000   Data           1  app_main_task.o(.data)
    g_led_ctrl_data                          0x20000008   Data           4  app_led_ctrl.o(.data)
    g_sdwe                                   0x2000001c   Data         584  app_sdwe_ctrl.o(.data)
    DO_GPIO_PORT                             0x20000270   Data          52  hal_gpio.o(.data)
    DI_GPIO_PORT                             0x200002a4   Data          56  hal_gpio.o(.data)
    UART_PORT                                0x200002dc   Data           8  hal_uart.o(.data)
    UART_TX_GPIO_PORT                        0x200002e4   Data           8  hal_uart.o(.data)
    UART_RX_GPIO_PORT                        0x200002ec   Data           8  hal_uart.o(.data)
    UART_DEA_GPIO_PORT                       0x200002f4   Data           8  hal_uart.o(.data)
    UART_TX_DMA                              0x200002fc   Data           8  hal_uart.o(.data)
    UART_TX_DMA_CHANNEL                      0x20000304   Data           8  hal_uart.o(.data)
    UART_RX_DMA                              0x2000030c   Data           8  hal_uart.o(.data)
    UART_RX_DMA_CHANNEL                      0x20000314   Data           8  hal_uart.o(.data)
    g_UartDevice                             0x2000031c   Data         112  hal_uart.o(.data)
    l_RccWiteTimeOut                         0x200003a4   Data           4  drv_rcc.o(.data)
    HX711Chanel                              0x200003a8   Data        1984  app_hx711_ctrl.o(.bss)
    flashStoreDataBuf                        0x20000b68   Data        1412  app_sdwe_ctrl.o(.bss)
    g_sdwe_dis_data                          0x20001128   Data          32  app_sdwe_ctrl.o(.bss)
    SysKey                                   0x20001158   Data          12  app_key_ctrl.o(.bss)
    g_ClockFrequency                         0x20001164   Data          36  drv_rcc.o(.bss)
    __libspace_start                         0x20001188   Data          96  libspace.o(.bss)
    __temporary_stack_top$libspace           0x200011e8   Data           0  libspace.o(.bss)



==============================================================================

Memory Map of the image

  Image Entry point : 0x08000189

  Load Region LR_IROM1 (Base: 0x08000000, Size: 0x00003da8, Max: 0x00030000, ABSOLUTE, COMPRESSED[0x00003a78])

    Execution Region ER_IROM1 (Base: 0x08000000, Size: 0x00003a00, Max: 0x00030000, ABSOLUTE)

    Base Addr    Size         Type   Attr      Idx    E Section Name        Object

    0x08000000   0x00000188   Data   RO          509    RESET               startup_stm32f30x.o
    0x08000188   0x00000008   Code   RO         2193  * !!!main             c_w.l(__main.o)
    0x08000190   0x00000034   Code   RO         2352    !!!scatter          c_w.l(__scatter.o)
    0x080001c4   0x0000005a   Code   RO         2350    !!dczerorl2         c_w.l(__dczerorl2.o)
    0x0800021e   0x00000002   PAD
    0x08000220   0x0000001c   Code   RO         2354    !!handler_zi        c_w.l(__scatter_zi.o)
    0x0800023c   0x00000002   Code   RO         2220    .ARM.Collect$$libinit$$00000000  c_w.l(libinit.o)
    0x0800023e   0x00000004   Code   RO         2226    .ARM.Collect$$libinit$$00000001  c_w.l(libinit2.o)
    0x08000242   0x00000000   Code   RO         2229    .ARM.Collect$$libinit$$00000004  c_w.l(libinit2.o)
    0x08000242   0x00000000   Code   RO         2232    .ARM.Collect$$libinit$$0000000A  c_w.l(libinit2.o)
    0x08000242   0x00000000   Code   RO         2234    .ARM.Collect$$libinit$$0000000C  c_w.l(libinit2.o)
    0x08000242   0x00000000   Code   RO         2236    .ARM.Collect$$libinit$$0000000E  c_w.l(libinit2.o)
    0x08000242   0x00000000   Code   RO         2239    .ARM.Collect$$libinit$$00000011  c_w.l(libinit2.o)
    0x08000242   0x00000000   Code   RO         2241    .ARM.Collect$$libinit$$00000013  c_w.l(libinit2.o)
    0x08000242   0x00000000   Code   RO         2243    .ARM.Collect$$libinit$$00000015  c_w.l(libinit2.o)
    0x08000242   0x00000000   Code   RO         2245    .ARM.Collect$$libinit$$00000017  c_w.l(libinit2.o)
    0x08000242   0x00000000   Code   RO         2247    .ARM.Collect$$libinit$$00000019  c_w.l(libinit2.o)
    0x08000242   0x00000000   Code   RO         2249    .ARM.Collect$$libinit$$0000001B  c_w.l(libinit2.o)
    0x08000242   0x00000000   Code   RO         2251    .ARM.Collect$$libinit$$0000001D  c_w.l(libinit2.o)
    0x08000242   0x00000000   Code   RO         2253    .ARM.Collect$$libinit$$0000001F  c_w.l(libinit2.o)
    0x08000242   0x00000000   Code   RO         2255    .ARM.Collect$$libinit$$00000021  c_w.l(libinit2.o)
    0x08000242   0x00000000   Code   RO         2257    .ARM.Collect$$libinit$$00000023  c_w.l(libinit2.o)
    0x08000242   0x00000000   Code   RO         2259    .ARM.Collect$$libinit$$00000025  c_w.l(libinit2.o)
    0x08000242   0x00000000   Code   RO         2263    .ARM.Collect$$libinit$$0000002C  c_w.l(libinit2.o)
    0x08000242   0x00000000   Code   RO         2265    .ARM.Collect$$libinit$$0000002E  c_w.l(libinit2.o)
    0x08000242   0x00000000   Code   RO         2267    .ARM.Collect$$libinit$$00000030  c_w.l(libinit2.o)
    0x08000242   0x00000000   Code   RO         2269    .ARM.Collect$$libinit$$00000032  c_w.l(libinit2.o)
    0x08000242   0x00000002   Code   RO         2270    .ARM.Collect$$libinit$$00000033  c_w.l(libinit2.o)
    0x08000244   0x00000002   Code   RO         2290    .ARM.Collect$$libshutdown$$00000000  c_w.l(libshutdown.o)
    0x08000246   0x00000000   Code   RO         2303    .ARM.Collect$$libshutdown$$00000002  c_w.l(libshutdown2.o)
    0x08000246   0x00000000   Code   RO         2305    .ARM.Collect$$libshutdown$$00000004  c_w.l(libshutdown2.o)
    0x08000246   0x00000000   Code   RO         2308    .ARM.Collect$$libshutdown$$00000007  c_w.l(libshutdown2.o)
    0x08000246   0x00000000   Code   RO         2311    .ARM.Collect$$libshutdown$$0000000A  c_w.l(libshutdown2.o)
    0x08000246   0x00000000   Code   RO         2313    .ARM.Collect$$libshutdown$$0000000C  c_w.l(libshutdown2.o)
    0x08000246   0x00000000   Code   RO         2316    .ARM.Collect$$libshutdown$$0000000F  c_w.l(libshutdown2.o)
    0x08000246   0x00000002   Code   RO         2317    .ARM.Collect$$libshutdown$$00000010  c_w.l(libshutdown2.o)
    0x08000248   0x00000000   Code   RO         2195    .ARM.Collect$$rtentry$$00000000  c_w.l(__rtentry.o)
    0x08000248   0x00000000   Code   RO         2197    .ARM.Collect$$rtentry$$00000002  c_w.l(__rtentry2.o)
    0x08000248   0x00000006   Code   RO         2209    .ARM.Collect$$rtentry$$00000004  c_w.l(__rtentry4.o)
    0x0800024e   0x00000000   Code   RO         2199    .ARM.Collect$$rtentry$$00000009  c_w.l(__rtentry2.o)
    0x0800024e   0x00000004   Code   RO         2200    .ARM.Collect$$rtentry$$0000000A  c_w.l(__rtentry2.o)
    0x08000252   0x00000000   Code   RO         2202    .ARM.Collect$$rtentry$$0000000C  c_w.l(__rtentry2.o)
    0x08000252   0x00000008   Code   RO         2203    .ARM.Collect$$rtentry$$0000000D  c_w.l(__rtentry2.o)
    0x0800025a   0x00000002   Code   RO         2224    .ARM.Collect$$rtexit$$00000000  c_w.l(rtexit.o)
    0x0800025c   0x00000000   Code   RO         2272    .ARM.Collect$$rtexit$$00000002  c_w.l(rtexit2.o)
    0x0800025c   0x00000004   Code   RO         2273    .ARM.Collect$$rtexit$$00000003  c_w.l(rtexit2.o)
    0x08000260   0x00000006   Code   RO         2274    .ARM.Collect$$rtexit$$00000004  c_w.l(rtexit2.o)
    0x08000266   0x00000002   PAD
    0x08000268   0x00000048   Code   RO          510    .text               startup_stm32f30x.o
    0x080002b0   0x0000004e   Code   RO         2189    .text               c_w.l(rt_memclr_w.o)
    0x080002fe   0x00000006   Code   RO         2191    .text               c_w.l(heapauxi.o)
    0x08000304   0x0000004a   Code   RO         2211    .text               c_w.l(sys_stackheap_outer.o)
    0x0800034e   0x00000012   Code   RO         2213    .text               c_w.l(exit.o)
    0x08000360   0x00000008   Code   RO         2221    .text               c_w.l(libspace.o)
    0x08000368   0x0000000c   Code   RO         2282    .text               c_w.l(sys_exit.o)
    0x08000374   0x00000002   Code   RO         2293    .text               c_w.l(use_no_semi.o)
    0x08000376   0x00000000   Code   RO         2295    .text               c_w.l(indicate_semi.o)
    0x08000376   0x00000002   PAD
    0x08000378   0x0000008c   Code   RO          136    i.BubbleSort        app_led_ctrl.o
    0x08000404   0x0000003c   Code   RO          877    i.DMA1_Channel2_IRQHandler  firmware_wm_00_hal.lib(hal_uart.o)
    0x08000440   0x0000003c   Code   RO          878    i.DMA1_Channel4_IRQHandler  firmware_wm_00_hal.lib(hal_uart.o)
    0x0800047c   0x00000058   Code   RO          137    i.LedCtrlSendPulse  app_led_ctrl.o
    0x080004d4   0x00000088   Code   RO          138    i.LedDataSet        app_led_ctrl.o
    0x0800055c   0x0000000a   Code   RO          140    i.Led_delay         app_led_ctrl.o
    0x08000566   0x00000002   PAD
    0x08000568   0x00000014   Code   RO          792    i.TIM6_DAC_IRQHandler  firmware_wm_00_hal.lib(hal_timer.o)
    0x0800057c   0x0000014c   Code   RO          879    i.USART1_IRQHandler  firmware_wm_00_hal.lib(hal_uart.o)
    0x080006c8   0x000000f8   Code   RO          880    i.USART3_IRQHandler  firmware_wm_00_hal.lib(hal_uart.o)
    0x080007c0   0x00000038   Code   RO          118    i.app_main_task     app_main_task.o
    0x080007f8   0x00000002   Code   RO          316    i.app_uart_extern_msg_packet_process  app_sdwe_ctrl.o
    0x080007fa   0x00000002   PAD
    0x080007fc   0x00000048   Code   RO          492    i.cal_crc16         app_crc.o
    0x08000844   0x0000001c   Code   RO          317    i.clrSdwePointTriger  app_sdwe_ctrl.o
    0x08000860   0x0000002c   Code   RO          318    i.clrSdwePointTrigerAll  app_sdwe_ctrl.o
    0x0800088c   0x00000010   Code   RO         1005    i.drv_debug_apb1_stop  STM32F303DriverLib.lib(drv_dbgmcu.o)
    0x0800089c   0x0000004c   Code   RO          516    i.drv_delay_init    STM32F303DriverLib.lib(drv_delay.o)
    0x080008e8   0x00000044   Code   RO          517    i.drv_delay_ms      STM32F303DriverLib.lib(drv_delay.o)
    0x0800092c   0x00000044   Code   RO          518    i.drv_delay_us      STM32F303DriverLib.lib(drv_delay.o)
    0x08000970   0x0000000c   Code   RO         1040    i.drv_dma_set_mem_addr_length  STM32F303DriverLib.lib(drv_dma.o)
    0x0800097c   0x00000028   Code   RO         1041    i.drv_dma_stream_clear_flag_status  STM32F303DriverLib.lib(drv_dma.o)
    0x080009a4   0x0000001c   Code   RO         1042    i.drv_dma_stream_clear_it_pending_bit  STM32F303DriverLib.lib(drv_dma.o)
    0x080009c0   0x00000104   Code   RO         1043    i.drv_dma_stream_deinit  STM32F303DriverLib.lib(drv_dma.o)
    0x08000ac4   0x0000000a   Code   RO         1044    i.drv_dma_stream_disable  STM32F303DriverLib.lib(drv_dma.o)
    0x08000ace   0x0000000c   Code   RO         1045    i.drv_dma_stream_enable  STM32F303DriverLib.lib(drv_dma.o)
    0x08000ada   0x00000002   PAD
    0x08000adc   0x00000064   Code   RO         1048    i.drv_dma_stream_get_it_status  STM32F303DriverLib.lib(drv_dma.o)
    0x08000b40   0x0000000e   Code   RO         1049    i.drv_dma_stream_get_left_length  STM32F303DriverLib.lib(drv_dma.o)
    0x08000b4e   0x0000006c   Code   RO         1050    i.drv_dma_stream_init  STM32F303DriverLib.lib(drv_dma.o)
    0x08000bba   0x00000008   Code   RO         1052    i.drv_dma_stream_it_enable  STM32F303DriverLib.lib(drv_dma.o)
    0x08000bc2   0x00000034   Code   RO         1053    i.drv_dma_stream_start_mem_to_periph  STM32F303DriverLib.lib(drv_dma.o)
    0x08000bf6   0x00000034   Code   RO         1054    i.drv_dma_stream_start_periph_to_mem  STM32F303DriverLib.lib(drv_dma.o)
    0x08000c2a   0x00000002   PAD
    0x08000c2c   0x00000048   Code   RO          571    i.drv_flash_erase_sector  STM32F303DriverLib.lib(drv_flash.o)
    0x08000c74   0x0000002c   Code   RO          573    i.drv_flash_get_status  STM32F303DriverLib.lib(drv_flash.o)
    0x08000ca0   0x00000014   Code   RO          574    i.drv_flash_lock    STM32F303DriverLib.lib(drv_flash.o)
    0x08000cb4   0x00000020   Code   RO          576    i.drv_flash_read_words  STM32F303DriverLib.lib(drv_flash.o)
    0x08000cd4   0x00000024   Code   RO          577    i.drv_flash_unlock  STM32F303DriverLib.lib(drv_flash.o)
    0x08000cf8   0x00000028   Code   RO          578    i.drv_flash_wait_last_operation  STM32F303DriverLib.lib(drv_flash.o)
    0x08000d20   0x00000080   Code   RO          582    i.drv_flash_write_words  STM32F303DriverLib.lib(drv_flash.o)
    0x08000da0   0x00000042   Code   RO         1148    i.drv_gpio_alternate_function_connect  STM32F303DriverLib.lib(drv_gpio.o)
    0x08000de2   0x000000dc   Code   RO         1149    i.drv_gpio_alternate_function_init  STM32F303DriverLib.lib(drv_gpio.o)
    0x08000ebe   0x00000060   Code   RO         1152    i.drv_gpio_input_init  STM32F303DriverLib.lib(drv_gpio.o)
    0x08000f1e   0x000000dc   Code   RO         1153    i.drv_gpio_output_init  STM32F303DriverLib.lib(drv_gpio.o)
    0x08000ffa   0x00000008   Code   RO          962    i.drv_gpio_set_pins_high  firmware_wm_00_hal.lib(hal_uart.o)
    0x08001002   0x00000016   Code   RO         1198    i.drv_nvic_enable   STM32F303DriverLib.lib(drv_nvic.o)
    0x08001018   0x00000040   Code   RO         1199    i.drv_nvic_init     STM32F303DriverLib.lib(drv_nvic.o)
    0x08001058   0x00000010   Code   RO         1233    i.drv_rcc_ahb1_clk_enable  STM32F303DriverLib.lib(drv_rcc.o)
    0x08001068   0x00000010   Code   RO         1237    i.drv_rcc_apb1_clk_enable  STM32F303DriverLib.lib(drv_rcc.o)
    0x08001078   0x00000010   Code   RO         1238    i.drv_rcc_apb1_periph_reset_disable  STM32F303DriverLib.lib(drv_rcc.o)
    0x08001088   0x00000010   Code   RO         1239    i.drv_rcc_apb1_periph_reset_enable  STM32F303DriverLib.lib(drv_rcc.o)
    0x08001098   0x00000010   Code   RO         1241    i.drv_rcc_apb2_clk_enable  STM32F303DriverLib.lib(drv_rcc.o)
    0x080010a8   0x00000010   Code   RO         1242    i.drv_rcc_apb2_periph_reset_disable  STM32F303DriverLib.lib(drv_rcc.o)
    0x080010b8   0x00000010   Code   RO         1243    i.drv_rcc_apb2_periph_reset_enable  STM32F303DriverLib.lib(drv_rcc.o)
    0x080010c8   0x00000104   Code   RO         1244    i.drv_rcc_get_clocks_freq  STM32F303DriverLib.lib(drv_rcc.o)
    0x080011cc   0x000002e0   Code   RO         1245    i.drv_rcc_init      STM32F303DriverLib.lib(drv_rcc.o)
    0x080014ac   0x00000080   Code   RO         1342    i.drv_timer_base_init  STM32F303DriverLib.lib(drv_timer.o)
    0x0800152c   0x00000008   Code   RO         1366    i.drv_timer_clear_it_pending_bit  STM32F303DriverLib.lib(drv_timer.o)
    0x08001534   0x000000fc   Code   RO         1367    i.drv_timer_deinit  STM32F303DriverLib.lib(drv_timer.o)
    0x08001630   0x0000000c   Code   RO         1369    i.drv_timer_enable  STM32F303DriverLib.lib(drv_timer.o)
    0x0800163c   0x00000008   Code   RO         1397    i.drv_timer_it_enable  STM32F303DriverLib.lib(drv_timer.o)
    0x08001644   0x00000004   Code   RO         2030    i.drv_uart_clear_flag_status  STM32F303DriverLib.lib(drv_uart.o)
    0x08001648   0x00000012   Code   RO         2031    i.drv_uart_clear_it_pending_bit  STM32F303DriverLib.lib(drv_uart.o)
    0x0800165a   0x00000002   PAD
    0x0800165c   0x00000090   Code   RO         2032    i.drv_uart_deinit   STM32F303DriverLib.lib(drv_uart.o)
    0x080016ec   0x0000000c   Code   RO         2035    i.drv_uart_dma_rx_enable  STM32F303DriverLib.lib(drv_uart.o)
    0x080016f8   0x0000000c   Code   RO         2037    i.drv_uart_dma_tx_enable  STM32F303DriverLib.lib(drv_uart.o)
    0x08001704   0x00000010   Code   RO         2042    i.drv_uart_get_flag_status  STM32F303DriverLib.lib(drv_uart.o)
    0x08001714   0x000000be   Code   RO         2044    i.drv_uart_init     STM32F303DriverLib.lib(drv_uart.o)
    0x080017d2   0x00000034   Code   RO         2045    i.drv_uart_it_disable  STM32F303DriverLib.lib(drv_uart.o)
    0x08001806   0x00000034   Code   RO         2046    i.drv_uart_it_enable  STM32F303DriverLib.lib(drv_uart.o)
    0x0800183a   0x00000020   Code   RO         2047    i.drv_uart_put_bytes  STM32F303DriverLib.lib(drv_uart.o)
    0x0800185a   0x00000002   PAD
    0x0800185c   0x0000007c   Code   RO         2051    i.drv_uart_set_baudrate  STM32F303DriverLib.lib(drv_uart.o)
    0x080018d8   0x00000018   Code   RO          200    i.getChanelStruct   app_hx711_ctrl.o
    0x080018f0   0x00000024   Code   RO          319    i.getSdwePointTriger  app_sdwe_ctrl.o
    0x08001914   0x00000018   Code   RO          662    i.hal_clock_init    firmware_wm_00_hal.lib(hal_clock.o)
    0x0800192c   0x00000008   Code   RO          693    i.hal_delay_init    firmware_wm_00_hal.lib(hal_delay.o)
    0x08001934   0x0000000c   Code   RO          437    i.hal_delay_ms      app_sdwe_ctrl.o
    0x08001940   0x0000000c   Code   RO          298    i.hal_delay_us      app_hx711_ctrl.o
    0x0800194c   0x0000002c   Code   RO          715    i.hal_di_get        firmware_wm_00_hal.lib(hal_gpio.o)
    0x08001978   0x00000020   Code   RO          716    i.hal_gpio_set_do_high  firmware_wm_00_hal.lib(hal_gpio.o)
    0x08001998   0x00000020   Code   RO          717    i.hal_gpio_set_do_low  firmware_wm_00_hal.lib(hal_gpio.o)
    0x080019b8   0x0000004c   Code   RO          796    i.hal_timer_init    firmware_wm_00_hal.lib(hal_timer.o)
    0x08001a04   0x00000058   Code   RO          881    i.hal_uart_dma_rx_start  firmware_wm_00_hal.lib(hal_uart.o)
    0x08001a5c   0x00000358   Code   RO          882    i.hal_uart_gpio_init  firmware_wm_00_hal.lib(hal_uart.o)
    0x08001db4   0x00000268   Code   RO          883    i.hal_uart_port_init  firmware_wm_00_hal.lib(hal_uart.o)
    0x0800201c   0x0000003c   Code   RO          884    i.hal_uart_rx_irq_disable  firmware_wm_00_hal.lib(hal_uart.o)
    0x08002058   0x0000003c   Code   RO          885    i.hal_uart_rx_irq_enable  firmware_wm_00_hal.lib(hal_uart.o)
    0x08002094   0x0000002c   Code   RO          886    i.hal_uart_set_braudrate  firmware_wm_00_hal.lib(hal_uart.o)
    0x080020c0   0x00000024   Code   RO          956    i.hal_uart_set_rx_mode  firmware_wm_00_hal.lib(hal_uart.o)
    0x080020e4   0x00000002   Code   RO          887    i.hal_uart_set_timeout  firmware_wm_00_hal.lib(hal_uart.o)
    0x080020e6   0x00000002   PAD
    0x080020e8   0x00000020   Code   RO          967    i.hal_uart_set_tx_mode  firmware_wm_00_hal.lib(hal_uart.o)
    0x08002108   0x00000108   Code   RO          888    i.hal_uart_tx_bytes  firmware_wm_00_hal.lib(hal_uart.o)
    0x08002210   0x000000d8   Code   RO          201    i.hx711_AllChanelSample  app_hx711_ctrl.o
    0x080022e8   0x00000028   Code   RO          202    i.hx711_DataSampleCtrl  app_hx711_ctrl.o
    0x08002310   0x000000dc   Code   RO          203    i.hx711_MainFunction  app_hx711_ctrl.o
    0x080023ec   0x000000e4   Code   RO          206    i.hx711_SigChanelAvrgAndWeightCalc  app_hx711_ctrl.o
    0x080024d0   0x0000001c   Code   RO          207    i.hx711_getAvgSample  app_hx711_ctrl.o
    0x080024ec   0x00000038   Code   RO          208    i.hx711_getWeight   app_hx711_ctrl.o
    0x08002524   0x0000012c   Code   RO          209    i.hx711_init        app_hx711_ctrl.o
    0x08002650   0x00000030   Code   RO          210    i.hx711_setAllRemoveWeight  app_hx711_ctrl.o
    0x08002680   0x00000024   Code   RO          458    i.key_FilterGet     app_key_ctrl.o
    0x080026a4   0x0000003c   Code   RO          459    i.key_MainFunction  app_key_ctrl.o
    0x080026e0   0x000000ac   Code   RO          460    i.key_filter        app_key_ctrl.o
    0x0800278c   0x00000058   Code   RO          461    i.key_init          app_key_ctrl.o
    0x080027e4   0x00000090   Code   RO          141    i.led_MainFunction  app_led_ctrl.o
    0x08002874   0x0000003e   Code   RO          142    i.led_init          app_led_ctrl.o
    0x080028b2   0x0000001c   Code   RO            1    i.main              app_main.o
    0x080028ce   0x00000002   PAD
    0x080028d0   0x0000012c   Code   RO          320    i.readSysDataFromFlash  app_sdwe_ctrl.o
    0x080029fc   0x0000003a   Code   RO          211    i.sampleDataPush    app_hx711_ctrl.o
    0x08002a36   0x00000002   PAD
    0x08002a38   0x00000018   Code   RO          321    i.sdweAskRegData    app_sdwe_ctrl.o
    0x08002a50   0x00000160   Code   RO          322    i.sdweAskVaribleData  app_sdwe_ctrl.o
    0x08002bb0   0x00000024   Code   RO          323    i.sdwePointTrigerUpdata  app_sdwe_ctrl.o
    0x08002bd4   0x00000088   Code   RO          324    i.sdweReadRegister  app_sdwe_ctrl.o
    0x08002c5c   0x0000009c   Code   RO          325    i.sdweReadVarible   app_sdwe_ctrl.o
    0x08002cf8   0x00000014   Code   RO          327    i.sdweSetWeightBackColor  app_sdwe_ctrl.o
    0x08002d0c   0x000000e0   Code   RO          329    i.sdweWriteVarible  app_sdwe_ctrl.o
    0x08002dec   0x00000020   Code   RO          330    i.sdwe_MainFunction  app_sdwe_ctrl.o
    0x08002e0c   0x0000014c   Code   RO          331    i.sdwe_RxFunction   app_sdwe_ctrl.o
    0x08002f58   0x0000011c   Code   RO          332    i.sdwe_TxFunction   app_sdwe_ctrl.o
    0x08003074   0x00000094   Code   RO          333    i.sdwe_init         app_sdwe_ctrl.o
    0x08003108   0x00000024   Code   RO          213    i.setSampleWeightValue  app_hx711_ctrl.o
    0x0800312c   0x00000164   Code   RO          334    i.storeSysDataToFlash  app_sdwe_ctrl.o
    0x08003290   0x00000020   Code   RO            2    i.system_init       app_main.o
    0x080032b0   0x000001fc   Code   RO          214    i.trigerCalcKB      app_hx711_ctrl.o
    0x080034ac   0x0000016e   Code   RO          144    i.useWeightUpdateLedAndSdweColor  app_led_ctrl.o
    0x0800361a   0x00000002   PAD
    0x0800361c   0x00000070   Code   RO          718    i.wm_hal_gpio_init  firmware_wm_00_hal.lib(hal_gpio.o)
    0x0800368c   0x0000000a   Code   RO         2280    x$fpl$fpinit        fz_wm.l(fpinit.o)
    0x08003696   0x00000002   PAD
    0x08003698   0x00000028   Data   RO          216    .constdata          app_hx711_ctrl.o
    0x080036c0   0x00000200   Data   RO          493    .constdata          app_crc.o
    0x080038c0   0x000000a4   Data   RO          719    .constdata          firmware_wm_00_hal.lib(hal_gpio.o)
    0x08003964   0x0000007c   Data   RO          889    .constdata          firmware_wm_00_hal.lib(hal_uart.o)
    0x080039e0   0x00000020   Data   RO         2348    Region$$Table       anon$$obj.o


    Execution Region RW_IRAM1 (Base: 0x20000000, Size: 0x000021e8, Max: 0x0000c000, ABSOLUTE, COMPRESSED[0x00000078])

    Base Addr    Size         Type   Attr      Idx    E Section Name        Object

    0x20000000   0x00000008   Data   RW          119    .data               app_main_task.o
    0x20000008   0x00000011   Data   RW          146    .data               app_led_ctrl.o
    0x20000019   0x00000002   Data   RW          217    .data               app_hx711_ctrl.o
    0x2000001b   0x00000001   PAD
    0x2000001c   0x0000024d   Data   RW          336    .data               app_sdwe_ctrl.o
    0x20000269   0x00000001   Data   RW          463    .data               app_key_ctrl.o
    0x2000026a   0x00000004   Data   RW          519    .data               STM32F303DriverLib.lib(drv_delay.o)
    0x2000026e   0x00000002   PAD
    0x20000270   0x0000006c   Data   RW          720    .data               firmware_wm_00_hal.lib(hal_gpio.o)
    0x200002dc   0x000000b0   Data   RW          890    .data               firmware_wm_00_hal.lib(hal_uart.o)
    0x2000038c   0x0000001c   Data   RW         1247    .data               STM32F303DriverLib.lib(drv_rcc.o)
    0x200003a8   0x000007c0   Zero   RW          215    .bss                app_hx711_ctrl.o
    0x20000b68   0x000005f0   Zero   RW          335    .bss                app_sdwe_ctrl.o
    0x20001158   0x0000000c   Zero   RW          462    .bss                app_key_ctrl.o
    0x20001164   0x00000024   Zero   RW         1246    .bss                STM32F303DriverLib.lib(drv_rcc.o)
    0x20001188   0x00000060   Zero   RW         2222    .bss                c_w.l(libspace.o)
    0x200011e8   0x00000800   Zero   RW          508    HEAP                startup_stm32f30x.o
    0x200019e8   0x00000800   Zero   RW          507    STACK               startup_stm32f30x.o


==============================================================================

Image component sizes


      Code (inc. data)   RO Data    RW Data    ZI Data      Debug   Object Name

        72         10        512          0          0       1286   app_crc.o
      1774         86         40          2       1984      11753   app_hx711_ctrl.o
       356         18          0          1         12       2836   app_key_ctrl.o
       946         16          0         17          0       7941   app_led_ctrl.o
        60          0          0          0          0      29459   app_main.o
        56          6          0          8          0       1349   app_main_task.o
      2522        130          0        589       1520      14761   app_sdwe_ctrl.o
        72         28        392          0       4096        896   startup_stm32f30x.o

    ----------------------------------------------------------------------
      5868        294        976        618       7612      70281   Object Totals
         0          0         32          0          0          0   (incl. Generated)
        10          0          0          1          0          0   (incl. Padding)

    ----------------------------------------------------------------------

      Code (inc. data)   RO Data    RW Data    ZI Data      Debug   Library Member Name

        16          4          0          0          0        522   drv_dbgmcu.o
       212         24          0          4          0       3859   drv_delay.o
       696         38          0          0          0      16007   drv_dma.o
       372         34          0          0          0       5559   drv_flash.o
       602          0          0          0          0      14305   drv_gpio.o
        86          8          0          0          0       1226   drv_nvic.o
      1108         92          0         28         36      12613   drv_rcc.o
       408         60          0          0          0      13249   drv_timer.o
       656         28          0          0          0      13328   drv_uart.o
        90          0          0          0          0          0   __dczerorl2.o
         8          0          0          0          0         68   __main.o
         0          0          0          0          0          0   __rtentry.o
        12          0          0          0          0          0   __rtentry2.o
         6          0          0          0          0          0   __rtentry4.o
        52          8          0          0          0          0   __scatter.o
        28          0          0          0          0          0   __scatter_zi.o
        18          0          0          0          0         80   exit.o
         6          0          0          0          0        152   heapauxi.o
         0          0          0          0          0          0   indicate_semi.o
         2          0          0          0          0          0   libinit.o
         6          0          0          0          0          0   libinit2.o
         2          0          0          0          0          0   libshutdown.o
         2          0          0          0          0          0   libshutdown2.o
         8          4          0          0         96         68   libspace.o
        78          0          0          0          0         80   rt_memclr_w.o
         2          0          0          0          0          0   rtexit.o
        10          0          0          0          0          0   rtexit2.o
        12          4          0          0          0         68   sys_exit.o
        74          0          0          0          0         80   sys_stackheap_outer.o
         2          0          0          0          0         68   use_no_semi.o
        24          0          0          0          0       2609   hal_clock.o
         8          0          0          0          0        489   hal_delay.o
       220         54        164        108          0      18818   hal_gpio.o
        96         14          0          0          0       7615   hal_timer.o
      2766        286        124        176          0      25805   hal_uart.o
        10          0          0          0          0        116   fpinit.o

    ----------------------------------------------------------------------
      7716        658        288        318        132     136784   Library Totals
        18          0          0          2          0          0   (incl. Padding)

    ----------------------------------------------------------------------

      Code (inc. data)   RO Data    RW Data    ZI Data      Debug   Library Name

      4156        288          0         32         36      80668   STM32F303DriverLib.lib
       418         16          0          0         96        664   c_w.l
      3114        354        288        284          0      55336   firmware_wm_00_hal.lib
        10          0          0          0          0        116   fz_wm.l

    ----------------------------------------------------------------------
      7716        658        288        318        132     136784   Library Totals

    ----------------------------------------------------------------------

==============================================================================


      Code (inc. data)   RO Data    RW Data    ZI Data      Debug   

     13584        952       1264        936       7744     195557   Grand Totals
     13584        952       1264        120       7744     195557   ELF Image Totals (compressed)
     13584        952       1264        120          0          0   ROM Totals

==============================================================================

    Total RO  Size (Code + RO Data)                14848 (  14.50kB)
    Total RW  Size (RW Data + ZI Data)              8680 (   8.48kB)
    Total ROM Size (Code + RO Data + RW Data)      14968 (  14.62kB)

==============================================================================

