Component: ARM Compiler 5.06 (build 20) Tool: armlink [4d35a3]

==============================================================================

Section Cross References

    app_main.o(i.main) refers to app_main.o(i.system_init) for system_init
    app_main.o(i.main) refers to app_key_ctrl.o(i.key_init) for key_init
    app_main.o(i.main) refers to app_led_ctrl.o(i.led_init) for led_init
    app_main.o(i.main) refers to app_hx711_ctrl.o(i.hx711_init) for hx711_init
    app_main.o(i.main) refers to app_sdwe_ctrl.o(i.sdwe_init) for sdwe_init
    app_main.o(i.system_init) refers to hal_clock.o(i.hal_clock_init) for hal_clock_init
    app_main.o(i.system_init) refers to hal_delay.o(i.hal_delay_init) for hal_delay_init
    app_main.o(i.system_init) refers to hal_gpio.o(i.wm_hal_gpio_init) for wm_hal_gpio_init
    app_main.o(i.system_init) refers to hal_timer.o(i.hal_timer_init) for hal_timer_init
    app_main_task.o(i.LedSysTest) refers to app_led_ctrl.o(i.LedDataSet) for LedDataSet
    app_main_task.o(i.LedSysTest) refers to app_main_task.o(.data) for l_led_test_cycle
    app_main_task.o(i.app_main_task) refers to app_key_ctrl.o(i.key_MainFunction) for key_MainFunction
    app_main_task.o(i.app_main_task) refers to app_key_ctrl.o(i.key_FilterGet) for key_FilterGet
    app_main_task.o(i.app_main_task) refers to app_hx711_ctrl.o(i.hx711_MainFunction) for hx711_MainFunction
    app_main_task.o(i.app_main_task) refers to app_led_ctrl.o(i.useWeightUpdateLedColor) for useWeightUpdateLedColor
    app_main_task.o(i.app_main_task) refers to app_led_ctrl.o(i.led_MainFunction) for led_MainFunction
    app_main_task.o(i.app_main_task) refers to app_sdwe_ctrl.o(i.sdwe_MainFunction) for sdwe_MainFunction
    app_main_task.o(i.app_main_task) refers to app_main_task.o(i.LedSysTest) for LedSysTest
    app_main_task.o(i.app_main_task) refers to app_led_ctrl.o(i.led_init) for led_init
    app_main_task.o(i.app_main_task) refers to app_sdwe_ctrl.o(i.sdwe_test) for sdwe_test
    app_main_task.o(i.app_main_task) refers to app_main_task.o(.data) for mainTaskStatus
    app_led_ctrl.o(i.LedCtrlSendPulse) refers to hal_gpio.o(i.hal_gpio_set_do_low) for hal_gpio_set_do_low
    app_led_ctrl.o(i.LedCtrlSendPulse) refers to app_led_ctrl.o(i.Led_delay) for Led_delay
    app_led_ctrl.o(i.LedCtrlSendPulse) refers to hal_gpio.o(i.hal_gpio_set_do_high) for hal_gpio_set_do_high
    app_led_ctrl.o(i.LedDataSet) refers to app_led_ctrl.o(.data) for g_led_ctrl_data
    app_led_ctrl.o(i.led_MainFunction) refers to hal_gpio.o(i.hal_gpio_set_do_high) for hal_gpio_set_do_high
    app_led_ctrl.o(i.led_MainFunction) refers to hal_gpio.o(i.hal_gpio_set_do_low) for hal_gpio_set_do_low
    app_led_ctrl.o(i.led_MainFunction) refers to app_led_ctrl.o(i.LedCtrlSendPulse) for LedCtrlSendPulse
    app_led_ctrl.o(i.led_MainFunction) refers to app_led_ctrl.o(.data) for g_led_ctrl_data
    app_led_ctrl.o(i.led_init) refers to hal_gpio.o(i.hal_gpio_set_do_high) for hal_gpio_set_do_high
    app_led_ctrl.o(i.led_init) refers to hal_gpio.o(i.hal_gpio_set_do_low) for hal_gpio_set_do_low
    app_led_ctrl.o(i.led_init) refers to app_led_ctrl.o(i.LedCtrlSendPulse) for LedCtrlSendPulse
    app_led_ctrl.o(i.useWeightUpdateLedColor) refers to app_hx711_ctrl.o(i.hx711_getWeight) for hx711_getWeight
    app_led_ctrl.o(i.useWeightUpdateLedColor) refers to app_hx711_ctrl.o(i.hx711_getWeightTen) for hx711_getWeightTen
    app_led_ctrl.o(i.useWeightUpdateLedColor) refers to app_led_ctrl.o(i.BubbleSort) for BubbleSort
    app_led_ctrl.o(i.useWeightUpdateLedColor) refers to app_led_ctrl.o(i.LedDataSet) for LedDataSet
    app_hx711_ctrl.o(i.hx711_AllChanelSample) refers to hal_gpio.o(i.hal_gpio_set_do_low) for hal_gpio_set_do_low
    app_hx711_ctrl.o(i.hx711_AllChanelSample) refers to app_hx711_ctrl.o(i.hal_delay_us) for hal_delay_us
    app_hx711_ctrl.o(i.hx711_AllChanelSample) refers to hal_gpio.o(i.hal_gpio_set_do_high) for hal_gpio_set_do_high
    app_hx711_ctrl.o(i.hx711_AllChanelSample) refers to hal_gpio.o(i.hal_di_get) for hal_di_get
    app_hx711_ctrl.o(i.hx711_AllChanelSample) refers to app_hx711_ctrl.o(i.sampleDataPush) for sampleDataPush
    app_hx711_ctrl.o(i.hx711_AllChanelSample) refers to app_hx711_ctrl.o(.bss) for HX711Chanel
    app_hx711_ctrl.o(i.hx711_DataSampleCtrl) refers to app_hx711_ctrl.o(i.hx711_AllChanelSample) for hx711_AllChanelSample
    app_hx711_ctrl.o(i.hx711_DataSampleCtrl) refers to app_hx711_ctrl.o(i.hx711_SigChanelAvrgAndWeightCalc) for hx711_SigChanelAvrgAndWeightCalc
    app_hx711_ctrl.o(i.hx711_DataSampleCtrl) refers to app_hx711_ctrl.o(.bss) for HX711Chanel
    app_hx711_ctrl.o(i.hx711_MainFunction) refers to hal_gpio.o(i.hal_gpio_set_do_high) for hal_gpio_set_do_high
    app_hx711_ctrl.o(i.hx711_MainFunction) refers to hal_gpio.o(i.hal_gpio_set_do_low) for hal_gpio_set_do_low
    app_hx711_ctrl.o(i.hx711_MainFunction) refers to hal_gpio.o(i.hal_di_get) for hal_di_get
[...]
    Removing drv_dma.o(i.drv_dma_stream_it_disable), (8 bytes).
    Removing drv_dma.o(i.drv_dma_wait_to_be_set), (42 bytes).
    Removing drv_gpio.o(i.drv_gpio_analog_init), (84 bytes).
    Removing drv_gpio.o(i.drv_gpio_get_port_value), (8 bytes).
    Removing drv_nvic.o(i.drv_nvic_disable), (24 bytes).
    Removing drv_rcc.o(i.drv_rcc_adc12_presc), (20 bytes).
    Removing drv_rcc.o(i.drv_rcc_adc34_presc), (20 bytes).
    Removing drv_rcc.o(i.drv_rcc_ahb1_clk_disable), (16 bytes).
    Removing drv_rcc.o(i.drv_rcc_ahb_periph_reset_disable), (16 bytes).
    Removing drv_rcc.o(i.drv_rcc_ahb_periph_reset_enable), (16 bytes).
    Removing drv_rcc.o(i.drv_rcc_apb1_clk_disable), (16 bytes).
    Removing drv_rcc.o(i.drv_rcc_apb2_clk_disable), (16 bytes).
    Removing drv_timer.o(i.div_timer_set_div), (10 bytes).
    Removing drv_timer.o(i.drv_timer_auto_reload_disable), (10 bytes).
    Removing drv_timer.o(i.drv_timer_auto_reload_enable), (12 bytes).
    Removing drv_timer.o(i.drv_timer_ccr1_preload_disable), (10 bytes).
    Removing drv_timer.o(i.drv_timer_ccr1_preload_enable), (12 bytes).
    Removing drv_timer.o(i.drv_timer_ccr2_preload_disable), (10 bytes).
    Removing drv_timer.o(i.drv_timer_ccr2_preload_enable), (14 bytes).
    Removing drv_timer.o(i.drv_timer_ccr3_preload_disable), (10 bytes).
    Removing drv_timer.o(i.drv_timer_ccr3_preload_enable), (12 bytes).
    Removing drv_timer.o(i.drv_timer_ccr4_preload_disable), (10 bytes).
    Removing drv_timer.o(i.drv_timer_ccr4_preload_enable), (14 bytes).
    Removing drv_timer.o(i.drv_timer_ccx1_disable), (10 bytes).
    Removing drv_timer.o(i.drv_timer_ccx1_enable), (12 bytes).
    Removing drv_timer.o(i.drv_timer_ccx1n_disable), (10 bytes).
    Removing drv_timer.o(i.drv_timer_ccx1n_enable), (12 bytes).
    Removing drv_timer.o(i.drv_timer_ccx2_disable), (10 bytes).
    Removing drv_timer.o(i.drv_timer_ccx2_enable), (12 bytes).
    Removing drv_timer.o(i.drv_timer_ccx2n_disable), (10 bytes).
    Removing drv_timer.o(i.drv_timer_ccx2n_enable), (12 bytes).
    Removing drv_timer.o(i.drv_timer_ccx3_disable), (10 bytes).
    Removing drv_timer.o(i.drv_timer_ccx3_enable), (14 bytes).
    Removing drv_timer.o(i.drv_timer_ccx3n_disable), (10 bytes).
    Removing drv_timer.o(i.drv_timer_ccx3n_enable), (14 bytes).
    Removing drv_timer.o(i.drv_timer_ccx4_disable), (10 bytes).
    Removing drv_timer.o(i.drv_timer_ccx4_enable), (14 bytes).
    Removing drv_timer.o(i.drv_timer_clear_flag_status), (8 bytes).
    Removing drv_timer.o(i.drv_timer_disable), (10 bytes).
    Removing drv_timer.o(i.drv_timer_encoder_init), (50 bytes).
    Removing drv_timer.o(i.drv_timer_forced_oc2_active), (14 bytes).
    Removing drv_timer.o(i.drv_timer_forced_oc2_inactive), (14 bytes).
    Removing drv_timer.o(i.drv_timer_forced_oc3_active), (12 bytes).
    Removing drv_timer.o(i.drv_timer_forced_oc3_inactive), (12 bytes).
    Removing drv_timer.o(i.drv_timer_forced_oc4_active), (14 bytes).
    Removing drv_timer.o(i.drv_timer_forced_oc4_inactive), (14 bytes).
    Removing drv_timer.o(i.drv_timer_get_compara1), (6 bytes).
    Removing drv_timer.o(i.drv_timer_get_compara2), (6 bytes).
    Removing drv_timer.o(i.drv_timer_get_compara3), (6 bytes).
    Removing drv_timer.o(i.drv_timer_get_compara4), (6 bytes).
    Removing drv_timer.o(i.drv_timer_get_counter), (26 bytes).
    Removing drv_timer.o(i.drv_timer_get_flag_status), (16 bytes).
    Removing drv_timer.o(i.drv_timer_get_it_status), (32 bytes).
    Removing drv_timer.o(i.drv_timer_ic1_disable), (10 bytes).
    Removing drv_timer.o(i.drv_timer_ic1_enable), (12 bytes).
    Removing drv_timer.o(i.drv_timer_ic1_init), (106 bytes).
    Removing drv_timer.o(i.drv_timer_ic2_disable), (10 bytes).
    Removing drv_timer.o(i.drv_timer_ic2_enable), (12 bytes).
    Removing drv_timer.o(i.drv_timer_ic2_init), (106 bytes).
    Removing drv_timer.o(i.drv_timer_ic3_disable), (10 bytes).
    Removing drv_timer.o(i.drv_timer_ic3_enable), (14 bytes).
    Removing drv_timer.o(i.drv_timer_ic3_init), (112 bytes).
    Removing drv_timer.o(i.drv_timer_ic4_disable), (10 bytes).
    Removing drv_timer.o(i.drv_timer_ic4_enable), (14 bytes).
    Removing drv_timer.o(i.drv_timer_ic4_init), (84 bytes).
    Removing drv_timer.o(i.drv_timer_it_disable), (8 bytes).
    Removing drv_timer.o(i.drv_timer_oc1_init), (92 bytes).
    Removing drv_timer.o(i.drv_timer_oc1n_init), (92 bytes).
    Removing drv_timer.o(i.drv_timer_oc2_init), (92 bytes).
    Removing drv_timer.o(i.drv_timer_oc2n_init), (92 bytes).
    Removing drv_timer.o(i.drv_timer_oc3_init), (92 bytes).
    Removing drv_timer.o(i.drv_timer_oc3n_init), (92 bytes).
    Removing drv_timer.o(i.drv_timer_oc4_init), (92 bytes).
    Removing drv_timer.o(i.drv_timer_oc4n_init), (84 bytes).
    Removing drv_timer.o(i.drv_timer_pwm_ic_init), (692 bytes).
    Removing drv_timer.o(i.drv_timer_pwm_output_disable), (10 bytes).
    Removing drv_timer.o(i.drv_timer_pwm_output_enable), (14 bytes).
    Removing drv_timer.o(i.drv_timer_select_input_trigger), (10 bytes).
    Removing drv_timer.o(i.drv_timer_select_output_trigger), (10 bytes).
    Removing drv_timer.o(i.drv_timer_select_slave_mode), (10 bytes).
    Removing drv_timer.o(i.drv_timer_set_arr), (16 bytes).
    Removing drv_timer.o(i.drv_timer_set_compara2), (4 bytes).
    Removing drv_timer.o(i.drv_timer_set_compara3), (4 bytes).
    Removing drv_timer.o(i.drv_timer_set_compara4), (4 bytes).
    Removing drv_timer.o(i.drv_timer_set_counter_mode), (10 bytes).
    Removing drv_timer.o(i.drv_timer_set_deadtime), (10 bytes).
    Removing drv_timer.o(i.drv_timer_set_etr), (28 bytes).
    Removing drv_timer.o(i.drv_timer_set_filter_frequency), (682 bytes).
    Removing drv_timer.o(i.drv_timer_set_ic1_input), (52 bytes).
    Removing drv_timer.o(i.drv_timer_set_ic1_psc), (10 bytes).
    Removing drv_timer.o(i.drv_timer_set_ic2_input), (52 bytes).
    Removing drv_timer.o(i.drv_timer_set_ic2_psc), (10 bytes).
    Removing drv_timer.o(i.drv_timer_set_ic3_input), (56 bytes).
    Removing drv_timer.o(i.drv_timer_set_ic3_psc), (10 bytes).
    Removing drv_timer.o(i.drv_timer_set_ic4_input), (18 bytes).
    Removing drv_timer.o(i.drv_timer_set_ic4_psc), (10 bytes).
    Removing drv_timer.o(i.drv_timer_set_oc1_polarity_high), (12 bytes).
    Removing drv_timer.o(i.drv_timer_set_oc1_polarity_low), (10 bytes).
    Removing drv_timer.o(i.drv_timer_set_oc1_pwm1), (12 bytes).
    Removing drv_timer.o(i.drv_timer_set_oc1n_polarity_high), (12 bytes).
    Removing drv_timer.o(i.drv_timer_set_oc1n_polarity_low), (10 bytes).
    Removing drv_timer.o(i.drv_timer_set_oc2_polarity_high), (12 bytes).
    Removing drv_timer.o(i.drv_timer_set_oc2_polarity_low), (10 bytes).
    Removing drv_timer.o(i.drv_timer_set_oc2_pwm1), (14 bytes).
    Removing drv_timer.o(i.drv_timer_set_oc2n_polarity_high), (12 bytes).
    Removing drv_timer.o(i.drv_timer_set_oc2n_polarity_low), (10 bytes).
    Removing drv_timer.o(i.drv_timer_set_oc3_polarity_high), (14 bytes).
    Removing drv_timer.o(i.drv_timer_set_oc3_polarity_low), (10 bytes).
    Removing drv_timer.o(i.drv_timer_set_oc3_pwm1), (12 bytes).
    Removing drv_timer.o(i.drv_timer_set_oc3n_polarity_high), (14 bytes).
    Removing drv_timer.o(i.drv_timer_set_oc3n_polarity_low), (10 bytes).
    Removing drv_timer.o(i.drv_timer_set_oc4_polarity_high), (14 bytes).
    Removing drv_timer.o(i.drv_timer_set_oc4_polarity_low), (10 bytes).
    Removing drv_timer.o(i.drv_timer_set_oc4_pwm1), (14 bytes).
    Removing drv_timer.o(i.drv_timer_set_psc), (4 bytes).
    Removing drv_timer.o(i.drv_timer_set_run_off_inactive), (14 bytes).
    Removing drv_timer.o(i.drv_timer_slave_mode_disable), (10 bytes).
    Removing drv_timer.o(i.drv_timer_slave_mode_enable), (12 bytes).
    Removing drv_timer.o(i.drv_timer_update_disable), (12 bytes).
    Removing drv_timer.o(i.drv_timer_update_enable), (10 bytes).
    Removing drv_uart.o(i.drv_uart_disable), (10 bytes).
    Removing drv_uart.o(i.drv_uart_dma_rx_disable), (10 bytes).
    Removing drv_uart.o(i.drv_uart_dma_tx_disable), (10 bytes).
    Removing drv_uart.o(i.drv_uart_enable), (12 bytes).
    Removing drv_uart.o(i.drv_uart_get_byte_blocking), (20 bytes).
    Removing drv_uart.o(i.drv_uart_get_byte_noblocking), (24 bytes).
    Removing drv_uart.o(i.drv_uart_get_error_status), (10 bytes).
    Removing drv_uart.o(i.drv_uart_get_it_status), (72 bytes).
    Removing drv_uart.o(i.drv_uart_put_string), (28 bytes).
    Removing drv_uart.o(i.drv_uart_rx_disable), (10 bytes).
    Removing drv_uart.o(i.drv_uart_rx_enable), (12 bytes).
    Removing drv_uart.o(i.drv_uart_tx_disable), (10 bytes).
    Removing drv_uart.o(i.drv_uart_tx_enable), (12 bytes).

149 unused section(s) (total 4926 bytes) removed from the image.

==============================================================================

Image Symbol Table

    Local Symbols

    Symbol Name                              Value     Ov Type        Size  Object(Section)

    ../clib/angel/boardlib.s                 0x00000000   Number         0  boardinit1.o ABSOLUTE
    ../clib/angel/boardlib.s                 0x00000000   Number         0  boardshut.o ABSOLUTE
    ../clib/angel/boardlib.s                 0x00000000   Number         0  boardinit2.o ABSOLUTE
    ../clib/angel/boardlib.s                 0x00000000   Number         0  boardinit3.o ABSOLUTE
    ../clib/angel/dczerorl2.s                0x00000000   Number         0  __dczerorl2.o ABSOLUTE
    ../clib/angel/handlers.s                 0x00000000   Number         0  __scatter_zi.o ABSOLUTE
    ../clib/angel/kernel.s                   0x00000000   Number         0  __rtentry.o ABSOLUTE
    ../clib/angel/kernel.s                   0x00000000   Number         0  __rtentry4.o ABSOLUTE
    ../clib/angel/kernel.s                   0x00000000   Number         0  __rtentry2.o ABSOLUTE
    ../clib/angel/kernel.s                   0x00000000   Number         0  rtexit.o ABSOLUTE
    ../clib/angel/kernel.s                   0x00000000   Number         0  rtexit2.o ABSOLUTE
    ../clib/angel/rt.s                       0x00000000   Number         0  rt_raise.o ABSOLUTE
    ../clib/angel/scatter.s                  0x00000000   Number         0  __scatter.o ABSOLUTE
    ../clib/angel/startup.s                  0x00000000   Number         0  __main.o ABSOLUTE
    ../clib/angel/sys.s                      0x00000000   Number         0  libspace.o ABSOLUTE
    ../clib/angel/sys.s                      0x00000000   Number         0  use_no_semi.o ABSOLUTE
    ../clib/angel/sys.s                      0x00000000   Number         0  sys_stackheap_outer.o ABSOLUTE
    ../clib/angel/sys.s                      0x00000000   Number         0  indicate_semi.o ABSOLUTE
    ../clib/angel/sysapp.c                   0x00000000   Number         0  sys_command.o ABSOLUTE
    ../clib/angel/sysapp.c                   0x00000000   Number         0  sys_exit.o ABSOLUTE
    ../clib/angel/sysapp.c                   0x00000000   Number         0  sys_wrch.o ABSOLUTE
    ../clib/armsys.c                         0x00000000   Number         0  argv_veneer.o ABSOLUTE
    ../clib/armsys.c                         0x00000000   Number         0  no_argv.o ABSOLUTE
    ../clib/armsys.c                         0x00000000   Number         0  _get_argv_nomalloc.o ABSOLUTE
    ../clib/armsys.c                         0x00000000   Number         0  argv_veneer.o ABSOLUTE
    ../clib/heapalloc.c                      0x00000000   Number         0  hrguard.o ABSOLUTE
    ../clib/heapaux.c                        0x00000000   Number         0  heapauxi.o ABSOLUTE
    ../clib/libinit.s                        0x00000000   Number         0  libshutdown.o ABSOLUTE
    ../clib/libinit.s                        0x00000000   Number         0  libshutdown2.o ABSOLUTE
    ../clib/libinit.s                        0x00000000   Number         0  libinit.o ABSOLUTE
    ../clib/libinit.s                        0x00000000   Number         0  libinit2.o ABSOLUTE
    ../clib/signal.c                         0x00000000   Number         0  defsig_abrt_inner.o ABSOLUTE
    ../clib/signal.c                         0x00000000   Number         0  defsig_other.o ABSOLUTE
    ../clib/signal.c                         0x00000000   Number         0  defsig_cppl_inner.o ABSOLUTE
    ../clib/signal.c                         0x00000000   Number         0  defsig_segv_inner.o ABSOLUTE
    ../clib/signal.c                         0x00000000   Number         0  defsig_exit.o ABSOLUTE
    ../clib/signal.c                         0x00000000   Number         0  defsig_pvfn_inner.o ABSOLUTE
    ../clib/signal.c                         0x00000000   Number         0  defsig_stak_inner.o ABSOLUTE
    ../clib/signal.c                         0x00000000   Number         0  defsig_rtred_inner.o ABSOLUTE
    ../clib/signal.c                         0x00000000   Number         0  defsig_general.o ABSOLUTE
    ../clib/signal.c                         0x00000000   Number         0  __raise.o ABSOLUTE
    ../clib/signal.c                         0x00000000   Number         0  defsig_rtmem_inner.o ABSOLUTE
    ../clib/signal.c                         0x00000000   Number         0  defsig_fpe_inner.o ABSOLUTE
    ../clib/signal.c                         0x00000000   Number         0  defsig_rtmem_formal.o ABSOLUTE
    ../clib/signal.c                         0x00000000   Number         0  defsig_rtmem_outer.o ABSOLUTE
    ../clib/signal.s                         0x00000000   Number         0  defsig.o ABSOLUTE
    ../clib/stdlib.c                         0x00000000   Number         0  exit.o ABSOLUTE
    ../fplib/fpinit.s                        0x00000000   Number         0  fpinit.o ABSOLUTE
    dc.s                                     0x00000000   Number         0  dc.o ABSOLUTE
    src\app_crc.c                            0x00000000   Number         0  app_crc.o ABSOLUTE
    src\app_hx711_ctrl.c                     0x00000000   Number         0  app_hx711_ctrl.o ABSOLUTE
    src\app_key_ctrl.c                       0x00000000   Number         0  app_key_ctrl.o ABSOLUTE
    src\app_led_ctrl.c                       0x00000000   Number         0  app_led_ctrl.o ABSOLUTE
    src\app_main.c                           0x00000000   Number         0  app_main.o ABSOLUTE
    src\app_main_task.c                      0x00000000   Number         0  app_main_task.o ABSOLUTE
    src\app_sdwe_ctrl.c                      0x00000000   Number         0  app_sdwe_ctrl.o ABSOLUTE
    src\drv_dbgmcu.c                         0x00000000   Number         0  drv_dbgmcu.o ABSOLUTE
    src\drv_delay.c                          0x00000000   Number         0  drv_delay.o ABSOLUTE
    src\drv_dma.c                            0x00000000   Number         0  drv_dma.o ABSOLUTE
    src\drv_gpio.c                           0x00000000   Number         0  drv_gpio.o ABSOLUTE
    src\drv_nvic.c                           0x00000000   Number         0  drv_nvic.o ABSOLUTE
    src\drv_rcc.c                            0x00000000   Number         0  drv_rcc.o ABSOLUTE
    src\drv_timer.c                          0x00000000   Number         0  drv_timer.o ABSOLUTE
    src\drv_uart.c                           0x00000000   Number         0  drv_uart.o ABSOLUTE
    src\hal_clock.c                          0x00000000   Number         0  hal_clock.o ABSOLUTE
    src\hal_delay.c                          0x00000000   Number         0  hal_delay.o ABSOLUTE
    src\hal_gpio.c                           0x00000000   Number         0  hal_gpio.o ABSOLUTE
    src\hal_timer.c                          0x00000000   Number         0  hal_timer.o ABSOLUTE
    src\hal_uart.c                           0x00000000   Number         0  hal_uart.o ABSOLUTE
    startup\startup_stm32f30x.s              0x00000000   Number         0  startup_stm32f30x.o ABSOLUTE
    RESET                                    0x08000000   Section      392  startup_stm32f30x.o(RESET)
    !!!main                                  0x08000188   Section        8  __main.o(!!!main)
    !!!scatter                               0x08000190   Section       52  __scatter.o(!!!scatter)
    !!dczerorl2                              0x080001c4   Section       90  __dczerorl2.o(!!dczerorl2)
    !!handler_zi                             0x08000220   Section       28  __scatter_zi.o(!!handler_zi)
    .ARM.Collect$$libinit$$00000000          0x0800023c   Section        2  libinit.o(.ARM.Collect$$libinit$$00000000)
    .ARM.Collect$$libinit$$00000001          0x0800023e   Section        4  libinit2.o(.ARM.Collect$$libinit$$00000001)
    .ARM.Collect$$libinit$$00000004          0x08000242   Section        0  libinit2.o(.ARM.Collect$$libinit$$00000004)
    .ARM.Collect$$libinit$$0000000A          0x08000242   Section        0  libinit2.o(.ARM.Collect$$libinit$$0000000A)
    .ARM.Collect$$libinit$$0000000C          0x08000242   Section        0  libinit2.o(.ARM.Collect$$libinit$$0000000C)
    .ARM.Collect$$libinit$$0000000E          0x08000242   Section        0  libinit2.o(.ARM.Collect$$libinit$$0000000E)
    .ARM.Collect$$libinit$$00000011          0x08000242   Section        0  libinit2.o(.ARM.Collect$$libinit$$00000011)
    .ARM.Collect$$libinit$$00000013          0x08000242   Section        0  libinit2.o(.ARM.Collect$$libinit$$00000013)
    .ARM.Collect$$libinit$$00000015          0x08000242   Section        0  libinit2.o(.ARM.Collect$$libinit$$00000015)
    .ARM.Collect$$libinit$$00000017          0x08000242   Section        0  libinit2.o(.ARM.Collect$$libinit$$00000017)
    .ARM.Collect$$libinit$$00000019          0x08000242   Section        0  libinit2.o(.ARM.Collect$$libinit$$00000019)
    .ARM.Collect$$libinit$$0000001B          0x08000242   Section        0  libinit2.o(.ARM.Collect$$libinit$$0000001B)
    .ARM.Collect$$libinit$$0000001D          0x08000242   Section        0  libinit2.o(.ARM.Collect$$libinit$$0000001D)
    .ARM.Collect$$libinit$$0000001F          0x08000242   Section        0  libinit2.o(.ARM.Collect$$libinit$$0000001F)
    .ARM.Collect$$libinit$$00000021          0x08000242   Section        0  libinit2.o(.ARM.Collect$$libinit$$00000021)
    .ARM.Collect$$libinit$$00000023          0x08000242   Section        0  libinit2.o(.ARM.Collect$$libinit$$00000023)
    .ARM.Collect$$libinit$$00000025          0x08000242   Section        0  libinit2.o(.ARM.Collect$$libinit$$00000025)
    .ARM.Collect$$libinit$$0000002C          0x08000242   Section        0  libinit2.o(.ARM.Collect$$libinit$$0000002C)
    .ARM.Collect$$libinit$$0000002E          0x08000242   Section        0  libinit2.o(.ARM.Collect$$libinit$$0000002E)
    .ARM.Collect$$libinit$$00000030          0x08000242   Section        0  libinit2.o(.ARM.Collect$$libinit$$00000030)
    .ARM.Collect$$libinit$$00000032          0x08000242   Section        0  libinit2.o(.ARM.Collect$$libinit$$00000032)
    .ARM.Collect$$libinit$$00000033          0x08000242   Section        2  libinit2.o(.ARM.Collect$$libinit$$00000033)
    .ARM.Collect$$libshutdown$$00000000      0x08000244   Section        2  libshutdown.o(.ARM.Collect$$libshutdown$$00000000)
    .ARM.Collect$$libshutdown$$00000002      0x08000246   Section        0  libshutdown2.o(.ARM.Collect$$libshutdown$$00000002)
    .ARM.Collect$$libshutdown$$00000004      0x08000246   Section        0  libshutdown2.o(.ARM.Collect$$libshutdown$$00000004)
    .ARM.Collect$$libshutdown$$00000007      0x08000246   Section        0  libshutdown2.o(.ARM.Collect$$libshutdown$$00000007)
    .ARM.Collect$$libshutdown$$0000000A      0x08000246   Section        0  libshutdown2.o(.ARM.Collect$$libshutdown$$0000000A)
    .ARM.Collect$$libshutdown$$0000000C      0x08000246   Section        0  libshutdown2.o(.ARM.Collect$$libshutdown$$0000000C)
    .ARM.Collect$$libshutdown$$0000000F      0x08000246   Section        0  libshutdown2.o(.ARM.Collect$$libshutdown$$0000000F)
    .ARM.Collect$$libshutdown$$00000010      0x08000246   Section        2  libshutdown2.o(.ARM.Collect$$libshutdown$$00000010)
    .ARM.Collect$$rtentry$$00000000          0x08000248   Section        0  __rtentry.o(.ARM.Collect$$rtentry$$00000000)
    .ARM.Collect$$rtentry$$00000002          0x08000248   Section        0  __rtentry2.o(.ARM.Collect$$rtentry$$00000002)
    .ARM.Collect$$rtentry$$00000004          0x08000248   Section        6  __rtentry4.o(.ARM.Collect$$rtentry$$00000004)
    .ARM.Collect$$rtentry$$00000009          0x0800024e   Section        0  __rtentry2.o(.ARM.Collect$$rtentry$$00000009)
    .ARM.Collect$$rtentry$$0000000A          0x0800024e   Section        4  __rtentry2.o(.ARM.Collect$$rtentry$$0000000A)
    .ARM.Collect$$rtentry$$0000000C          0x08000252   Section        0  __rtentry2.o(.ARM.Collect$$rtentry$$0000000C)
    .ARM.Collect$$rtentry$$0000000D          0x08000252   Section        8  __rtentry2.o(.ARM.Collect$$rtentry$$0000000D)
    .ARM.Collect$$rtexit$$00000000           0x0800025a   Section        2  rtexit.o(.ARM.Collect$$rtexit$$00000000)
    .ARM.Collect$$rtexit$$00000002           0x0800025c   Section        0  rtexit2.o(.ARM.Collect$$rtexit$$00000002)
    .ARM.Collect$$rtexit$$00000003           0x0800025c   Section        4  rtexit2.o(.ARM.Collect$$rtexit$$00000003)
    .ARM.Collect$$rtexit$$00000004           0x08000260   Section        6  rtexit2.o(.ARM.Collect$$rtexit$$00000004)
    .text                                    0x08000268   Section       72  startup_stm32f30x.o(.text)
    $v0                                      0x08000268   Number         0  startup_stm32f30x.o(.text)
    .text                                    0x080002b0   Section        0  heapauxi.o(.text)
    .text                                    0x080002b6   Section       74  sys_stackheap_outer.o(.text)
    .text                                    0x08000300   Section        0  exit.o(.text)
    .text                                    0x08000314   Section        8  libspace.o(.text)
    .text                                    0x0800031c   Section        0  sys_exit.o(.text)
    .text                                    0x08000328   Section        2  use_no_semi.o(.text)
    .text                                    0x0800032a   Section        0  indicate_semi.o(.text)
    i.BubbleSort                             0x0800032c   Section        0  app_led_ctrl.o(i.BubbleSort)
    i.DMA1_Channel2_IRQHandler               0x080003b8   Section        0  hal_uart.o(i.DMA1_Channel2_IRQHandler)
    i.DMA1_Channel4_IRQHandler               0x080003f4   Section        0  hal_uart.o(i.DMA1_Channel4_IRQHandler)
    i.LedCtrlSendPulse                       0x08000430   Section        0  app_led_ctrl.o(i.LedCtrlSendPulse)
    i.LedDataSet                             0x08000488   Section        0  app_led_ctrl.o(i.LedDataSet)
    i.LedSysTest                             0x08000510   Section        0  app_main_task.o(i.LedSysTest)
    i.Led_delay                              0x0800055c   Section        0  app_led_ctrl.o(i.Led_delay)
    i.TIM6_DAC_IRQHandler                    0x08000568   Section        0  hal_timer.o(i.TIM6_DAC_IRQHandler)
    i.USART1_IRQHandler                      0x0800057c   Section        0  hal_uart.o(i.USART1_IRQHandler)
    i.USART3_IRQHandler                      0x080006c8   Section        0  hal_uart.o(i.USART3_IRQHandler)
    i.app_main_task                          0x080007c0   Section        0  app_main_task.o(i.app_main_task)
    i.app_uart_extern_msg_packet_process     0x080008d8   Section        0  app_sdwe_ctrl.o(i.app_uart_extern_msg_packet_process)
    i.cal_crc16                              0x080008e0   Section        0  app_crc.o(i.cal_crc16)
    i.drv_debug_apb1_stop                    0x08000928   Section        0  drv_dbgmcu.o(i.drv_debug_apb1_stop)
    i.drv_delay_init                         0x08000938   Section        0  drv_delay.o(i.drv_delay_init)
    i.drv_delay_us                           0x08000984   Section        0  drv_delay.o(i.drv_delay_us)
    i.drv_dma_set_mem_addr_length            0x080009c8   Section        0  drv_dma.o(i.drv_dma_set_mem_addr_length)
    i.drv_dma_stream_clear_flag_status       0x080009d4   Section        0  drv_dma.o(i.drv_dma_stream_clear_flag_status)
    i.drv_dma_stream_clear_it_pending_bit    0x080009fc   Section        0  drv_dma.o(i.drv_dma_stream_clear_it_pending_bit)
    i.drv_dma_stream_deinit                  0x08000a18   Section        0  drv_dma.o(i.drv_dma_stream_deinit)
    i.drv_dma_stream_disable                 0x08000b1c   Section        0  drv_dma.o(i.drv_dma_stream_disable)
    i.drv_dma_stream_enable                  0x08000b26   Section        0  drv_dma.o(i.drv_dma_stream_enable)
    i.drv_dma_stream_get_it_status           0x08000b34   Section        0  drv_dma.o(i.drv_dma_stream_get_it_status)
    i.drv_dma_stream_get_left_length         0x08000b98   Section        0  drv_dma.o(i.drv_dma_stream_get_left_length)
    i.drv_dma_stream_init                    0x08000ba6   Section        0  drv_dma.o(i.drv_dma_stream_init)
    i.drv_dma_stream_it_enable               0x08000c12   Section        0  drv_dma.o(i.drv_dma_stream_it_enable)
    i.drv_dma_stream_start_mem_to_periph     0x08000c1a   Section        0  drv_dma.o(i.drv_dma_stream_start_mem_to_periph)
    i.drv_dma_stream_start_periph_to_mem     0x08000c4e   Section        0  drv_dma.o(i.drv_dma_stream_start_periph_to_mem)
    i.drv_gpio_alternate_function_connect    0x08000c82   Section        0  drv_gpio.o(i.drv_gpio_alternate_function_connect)
    i.drv_gpio_alternate_function_init       0x08000cc4   Section        0  drv_gpio.o(i.drv_gpio_alternate_function_init)
    i.drv_gpio_input_init                    0x08000da0   Section        0  drv_gpio.o(i.drv_gpio_input_init)
    i.drv_gpio_output_init                   0x08000e00   Section        0  drv_gpio.o(i.drv_gpio_output_init)
    i.drv_gpio_set_pins_high                 0x08000edc   Section        0  hal_uart.o(i.drv_gpio_set_pins_high)
    i.drv_nvic_enable                        0x08000ee4   Section        0  drv_nvic.o(i.drv_nvic_enable)
    i.drv_nvic_init                          0x08000efc   Section        0  drv_nvic.o(i.drv_nvic_init)
    i.drv_rcc_ahb1_clk_enable                0x08000f3c   Section        0  drv_rcc.o(i.drv_rcc_ahb1_clk_enable)
    i.drv_rcc_apb1_clk_enable                0x08000f4c   Section        0  drv_rcc.o(i.drv_rcc_apb1_clk_enable)
    i.drv_rcc_apb1_periph_reset_disable      0x08000f5c   Section        0  drv_rcc.o(i.drv_rcc_apb1_periph_reset_disable)
    i.drv_rcc_apb1_periph_reset_enable       0x08000f6c   Section        0  drv_rcc.o(i.drv_rcc_apb1_periph_reset_enable)
    i.drv_rcc_apb2_clk_enable                0x08000f7c   Section        0  drv_rcc.o(i.drv_rcc_apb2_clk_enable)
    i.drv_rcc_apb2_periph_reset_disable      0x08000f8c   Section        0  drv_rcc.o(i.drv_rcc_apb2_periph_reset_disable)
    i.drv_rcc_apb2_periph_reset_enable       0x08000f9c   Section        0  drv_rcc.o(i.drv_rcc_apb2_periph_reset_enable)
    i.drv_rcc_get_clocks_freq                0x08000fac   Section        0  drv_rcc.o(i.drv_rcc_get_clocks_freq)
    i.drv_rcc_init                           0x080010b0   Section        0  drv_rcc.o(i.drv_rcc_init)
    i.drv_timer_base_init                    0x08001390   Section        0  drv_timer.o(i.drv_timer_base_init)
    i.drv_timer_clear_it_pending_bit         0x08001410   Section        0  drv_timer.o(i.drv_timer_clear_it_pending_bit)
    i.drv_timer_deinit                       0x08001418   Section        0  drv_timer.o(i.drv_timer_deinit)
    i.drv_timer_enable                       0x08001514   Section        0  drv_timer.o(i.drv_timer_enable)
    i.drv_timer_it_enable                    0x08001520   Section        0  drv_timer.o(i.drv_timer_it_enable)
    i.drv_uart_clear_flag_status             0x08001528   Section        0  drv_uart.o(i.drv_uart_clear_flag_status)
    i.drv_uart_clear_it_pending_bit          0x0800152c   Section        0  drv_uart.o(i.drv_uart_clear_it_pending_bit)
    i.drv_uart_deinit                        0x08001540   Section        0  drv_uart.o(i.drv_uart_deinit)
    i.drv_uart_dma_rx_enable                 0x080015d0   Section        0  drv_uart.o(i.drv_uart_dma_rx_enable)
    i.drv_uart_dma_tx_enable                 0x080015dc   Section        0  drv_uart.o(i.drv_uart_dma_tx_enable)
    i.drv_uart_get_flag_status               0x080015e8   Section        0  drv_uart.o(i.drv_uart_get_flag_status)
    i.drv_uart_init                          0x080015f8   Section        0  drv_uart.o(i.drv_uart_init)
    i.drv_uart_it_disable                    0x080016b6   Section        0  drv_uart.o(i.drv_uart_it_disable)
    i.drv_uart_it_enable                     0x080016ea   Section        0  drv_uart.o(i.drv_uart_it_enable)
    i.drv_uart_put_bytes                     0x0800171e   Section        0  drv_uart.o(i.drv_uart_put_bytes)
    i.drv_uart_set_baudrate                  0x08001740   Section        0  drv_uart.o(i.drv_uart_set_baudrate)
    i.hal_clock_init                         0x080017bc   Section        0  hal_clock.o(i.hal_clock_init)
    i.hal_delay_init                         0x080017d4   Section        0  hal_delay.o(i.hal_delay_init)
    i.hal_delay_us                           0x080017dc   Section        0  app_hx711_ctrl.o(i.hal_delay_us)
    i.hal_di_get                             0x080017e8   Section        0  hal_gpio.o(i.hal_di_get)
    i.hal_gpio_set_do_high                   0x08001814   Section        0  hal_gpio.o(i.hal_gpio_set_do_high)
    i.hal_gpio_set_do_low                    0x08001834   Section        0  hal_gpio.o(i.hal_gpio_set_do_low)
    i.hal_timer_init                         0x08001854   Section        0  hal_timer.o(i.hal_timer_init)
    i.hal_uart_dma_rx_start                  0x080018a0   Section        0  hal_uart.o(i.hal_uart_dma_rx_start)
    i.hal_uart_gpio_init                     0x080018f8   Section        0  hal_uart.o(i.hal_uart_gpio_init)
    i.hal_uart_port_init                     0x08001c50   Section        0  hal_uart.o(i.hal_uart_port_init)
    i.hal_uart_rx_irq_disable                0x08001eb8   Section        0  hal_uart.o(i.hal_uart_rx_irq_disable)
    i.hal_uart_rx_irq_enable                 0x08001ef4   Section        0  hal_uart.o(i.hal_uart_rx_irq_enable)
    i.hal_uart_set_braudrate                 0x08001f30   Section        0  hal_uart.o(i.hal_uart_set_braudrate)
    i.hal_uart_set_rx_mode                   0x08001f5c   Section        0  hal_uart.o(i.hal_uart_set_rx_mode)
    i.hal_uart_set_timeout                   0x08001f80   Section        0  hal_uart.o(i.hal_uart_set_timeout)
    i.hal_uart_set_tx_mode                   0x08001f84   Section        0  hal_uart.o(i.hal_uart_set_tx_mode)
    i.hal_uart_tx_bytes                      0x08001fa4   Section        0  hal_uart.o(i.hal_uart_tx_bytes)
    i.hx711_AllChanelSample                  0x080020ac   Section        0  app_hx711_ctrl.o(i.hx711_AllChanelSample)
    i.hx711_DataSampleCtrl                   0x08002188   Section        0  app_hx711_ctrl.o(i.hx711_DataSampleCtrl)
    i.hx711_MainFunction                     0x080021b4   Section        0  app_hx711_ctrl.o(i.hx711_MainFunction)
    i.hx711_SigChanelAvrgAndWeightCalc       0x0800228c   Section        0  app_hx711_ctrl.o(i.hx711_SigChanelAvrgAndWeightCalc)
    i.hx711_getWeight                        0x08002320   Section        0  app_hx711_ctrl.o(i.hx711_getWeight)
    i.hx711_getWeightTen                     0x0800234c   Section        0  app_hx711_ctrl.o(i.hx711_getWeightTen)
    i.hx711_init                             0x08002378   Section        0  app_hx711_ctrl.o(i.hx711_init)
    i.key_FilterGet                          0x08002484   Section        0  app_key_ctrl.o(i.key_FilterGet)
    i.key_MainFunction                       0x080024a8   Section        0  app_key_ctrl.o(i.key_MainFunction)
    i.key_init                               0x08002554   Section        0  app_key_ctrl.o(i.key_init)
    i.led_MainFunction                       0x080025ac   Section        0  app_led_ctrl.o(i.led_MainFunction)
    i.led_init                               0x08002630   Section        0  app_led_ctrl.o(i.led_init)
    i.main                                   0x0800266e   Section        0  app_main.o(i.main)
    i.sampleDataPush                         0x08002686   Section        0  app_hx711_ctrl.o(i.sampleDataPush)
    i.sdweWrite                              0x08002708   Section        0  app_sdwe_ctrl.o(i.sdweWrite)
    i.sdwe_MainFunction                      0x080027d4   Section        0  app_sdwe_ctrl.o(i.sdwe_MainFunction)
    i.sdwe_init                              0x08002874   Section        0  app_sdwe_ctrl.o(i.sdwe_init)
    i.sdwe_test                              0x080028ac   Section        0  app_sdwe_ctrl.o(i.sdwe_test)
    i.system_init                            0x08002940   Section        0  app_main.o(i.system_init)
    i.useWeightUpdateLedColor                0x08002960   Section        0  app_led_ctrl.o(i.useWeightUpdateLedColor)
    i.wm_hal_gpio_init                       0x08002a6c   Section        0  hal_gpio.o(i.wm_hal_gpio_init)
    x$fpl$fpinit                             0x08002adc   Section       10  fpinit.o(x$fpl$fpinit)
    $v0                                      0x08002adc   Number         0  fpinit.o(x$fpl$fpinit)
    .constdata                               0x08002ae6   Section      512  app_crc.o(.constdata)
    .constdata                               0x08002ce8   Section      164  hal_gpio.o(.constdata)
    .constdata                               0x08002d8c   Section      124  hal_uart.o(.constdata)
    .data                                    0x20000000   Section       15  app_main_task.o(.data)
    g_sys_ms_tick                            0x20000004   Data           4  app_main_task.o(.data)
    g_sys_sdwe_tick                          0x20000008   Data           4  app_main_task.o(.data)
    l_led_test_cycle                         0x2000000c   Data           2  app_main_task.o(.data)
    color                                    0x2000000e   Data           1  app_main_task.o(.data)
    .data                                    0x2000000f   Section        8  app_led_ctrl.o(.data)
    led_data                                 0x20000013   Data           4  app_led_ctrl.o(.data)
    .data                                    0x20000017   Section        2  app_hx711_ctrl.o(.data)
    status                                   0x20000017   Data           1  app_hx711_ctrl.o(.data)
    l_max_wait_time                          0x20000018   Data           1  app_hx711_ctrl.o(.data)
    .data                                    0x2000001c   Section      522  app_sdwe_ctrl.o(.data)
    status                                   0x20000224   Data           1  app_sdwe_ctrl.o(.data)
    teat_data                                0x20000225   Data           1  app_sdwe_ctrl.o(.data)
    .data                                    0x20000226   Section        4  drv_delay.o(.data)
    g_DelayUsFac                             0x20000226   Data           2  drv_delay.o(.data)
    g_DelayMsFac                             0x20000228   Data           2  drv_delay.o(.data)
    .data                                    0x2000022c   Section      108  hal_gpio.o(.data)
    .data                                    0x20000298   Section      176  hal_uart.o(.data)
    .data                                    0x20000348   Section       28  drv_rcc.o(.data)
    l_AhbPrescTable                          0x20000348   Data          16  drv_rcc.o(.data)
    l_ApbPrescTable                          0x20000358   Data           8  drv_rcc.o(.data)
    .bss                                     0x20000364   Section     1728  app_hx711_ctrl.o(.bss)
    HX711Chanel                              0x20000364   Data        1728  app_hx711_ctrl.o(.bss)
    .bss                                     0x20000a24   Section       40  app_sdwe_ctrl.o(.bss)
    wm_data                                  0x20000a3c   Data          16  app_sdwe_ctrl.o(.bss)
    .bss                                     0x20000a4c   Section       12  app_key_ctrl.o(.bss)
    .bss                                     0x20000a58   Section       36  drv_rcc.o(.bss)
    .bss                                     0x20000a7c   Section       96  libspace.o(.bss)
    HEAP                                     0x20000ae0   Section     2048  startup_stm32f30x.o(HEAP)
    Heap_Mem                                 0x20000ae0   Data        2048  startup_stm32f30x.o(HEAP)
    STACK                                    0x200012e0   Section     2048  startup_stm32f30x.o(STACK)
    Stack_Mem                                0x200012e0   Data        2048  startup_stm32f30x.o(STACK)
    __initial_sp                             0x20001ae0   Data           0  startup_stm32f30x.o(STACK)

    Global Symbols

    Symbol Name                              Value     Ov Type        Size  Object(Section)

    BuildAttributes$$THM_ISAv4$E$P$D$K$B$S$7EM$VFPi3$EXTD16$VFPS$VFMA$PE$A:L22UL41UL21$X:L11$S22US41US21$IEEE1$IW$USESV6$~STKCKD$USESV7$~SHL$OSPACE$ROPI$EBA8$UX$STANDARDLIB$REQ8$PRES8$EABIv2 0x00000000   Number         0  anon$$obj.o ABSOLUTE
    __ARM_use_no_argv                        0x00000000   Number         0  app_main.o ABSOLUTE
    __ARM_exceptions_init                     - Undefined Weak Reference
    __alloca_initialize                       - Undefined Weak Reference
    __arm_preinit_                            - Undefined Weak Reference
    __cpp_initialize__aeabi_                  - Undefined Weak Reference
    __cxa_finalize                            - Undefined Weak Reference
    __rt_locale                               - Undefined Weak Reference
    __sigvec_lookup                           - Undefined Weak Reference
    _atexit_init                              - Undefined Weak Reference
    _call_atexit_fns                          - Undefined Weak Reference
    _clock_init                               - Undefined Weak Reference
    _fp_trap_init                             - Undefined Weak Reference
    _fp_trap_shutdown                         - Undefined Weak Reference
    _get_lc_collate                           - Undefined Weak Reference
    _get_lc_ctype                             - Undefined Weak Reference
    _get_lc_monetary                          - Undefined Weak Reference
    _get_lc_numeric                           - Undefined Weak Reference
    _get_lc_time                              - Undefined Weak Reference
    _getenv_init                              - Undefined Weak Reference
    _handle_redirection                       - Undefined Weak Reference
    _init_alloc                               - Undefined Weak Reference
    _init_user_alloc                          - Undefined Weak Reference
    _initio                                   - Undefined Weak Reference
    _rand_init                                - Undefined Weak Reference
    _signal_finish                            - Undefined Weak Reference
    _signal_init                              - Undefined Weak Reference
    _terminate_alloc                          - Undefined Weak Reference
    _terminate_user_alloc                     - Undefined Weak Reference
    _terminateio                              - Undefined Weak Reference
    __Vectors_Size                           0x00000188   Number         0  startup_stm32f30x.o ABSOLUTE
    __Vectors                                0x08000000   Data           4  startup_stm32f30x.o(RESET)
    __Vectors_End                            0x08000188   Data           0  startup_stm32f30x.o(RESET)
    __main                                   0x08000189   Thumb Code     8  __main.o(!!!main)
    __scatterload                            0x08000191   Thumb Code     0  __scatter.o(!!!scatter)
    __scatterload_rt2                        0x08000191   Thumb Code    44  __scatter.o(!!!scatter)
    __scatterload_rt2_thumb_only             0x08000191   Thumb Code     0  __scatter.o(!!!scatter)
    __scatterload_null                       0x0800019f   Thumb Code     0  __scatter.o(!!!scatter)
    __decompress                             0x080001c5   Thumb Code    90  __dczerorl2.o(!!dczerorl2)
    __decompress1                            0x080001c5   Thumb Code     0  __dczerorl2.o(!!dczerorl2)
    __scatterload_zeroinit                   0x08000221   Thumb Code    28  __scatter_zi.o(!!handler_zi)
    __rt_lib_init                            0x0800023d   Thumb Code     0  libinit.o(.ARM.Collect$$libinit$$00000000)
    __rt_lib_init_fp_1                       0x0800023f   Thumb Code     0  libinit2.o(.ARM.Collect$$libinit$$00000001)
    __rt_lib_init_alloca_1                   0x08000243   Thumb Code     0  libinit2.o(.ARM.Collect$$libinit$$0000002E)
    __rt_lib_init_argv_1                     0x08000243   Thumb Code     0  libinit2.o(.ARM.Collect$$libinit$$0000002C)
    __rt_lib_init_atexit_1                   0x08000243   Thumb Code     0  libinit2.o(.ARM.Collect$$libinit$$0000001B)
    __rt_lib_init_clock_1                    0x08000243   Thumb Code     0  libinit2.o(.ARM.Collect$$libinit$$00000021)
    __rt_lib_init_cpp_1                      0x08000243   Thumb Code     0  libinit2.o(.ARM.Collect$$libinit$$00000032)
    __rt_lib_init_exceptions_1               0x08000243   Thumb Code     0  libinit2.o(.ARM.Collect$$libinit$$00000030)
    __rt_lib_init_fp_trap_1                  0x08000243   Thumb Code     0  libinit2.o(.ARM.Collect$$libinit$$0000001F)
    __rt_lib_init_getenv_1                   0x08000243   Thumb Code     0  libinit2.o(.ARM.Collect$$libinit$$00000023)
    __rt_lib_init_heap_1                     0x08000243   Thumb Code     0  libinit2.o(.ARM.Collect$$libinit$$0000000A)
    __rt_lib_init_lc_collate_1               0x08000243   Thumb Code     0  libinit2.o(.ARM.Collect$$libinit$$00000011)
    __rt_lib_init_lc_ctype_1                 0x08000243   Thumb Code     0  libinit2.o(.ARM.Collect$$libinit$$00000013)
    __rt_lib_init_lc_monetary_1              0x08000243   Thumb Code     0  libinit2.o(.ARM.Collect$$libinit$$00000015)
    __rt_lib_init_lc_numeric_1               0x08000243   Thumb Code     0  libinit2.o(.ARM.Collect$$libinit$$00000017)
    __rt_lib_init_lc_time_1                  0x08000243   Thumb Code     0  libinit2.o(.ARM.Collect$$libinit$$00000019)
    __rt_lib_init_preinit_1                  0x08000243   Thumb Code     0  libinit2.o(.ARM.Collect$$libinit$$00000004)
    __rt_lib_init_rand_1                     0x08000243   Thumb Code     0  libinit2.o(.ARM.Collect$$libinit$$0000000E)
    __rt_lib_init_return                     0x08000243   Thumb Code     0  libinit2.o(.ARM.Collect$$libinit$$00000033)
    __rt_lib_init_signal_1                   0x08000243   Thumb Code     0  libinit2.o(.ARM.Collect$$libinit$$0000001D)
    __rt_lib_init_stdio_1                    0x08000243   Thumb Code     0  libinit2.o(.ARM.Collect$$libinit$$00000025)
    __rt_lib_init_user_alloc_1               0x08000243   Thumb Code     0  libinit2.o(.ARM.Collect$$libinit$$0000000C)
    __rt_lib_shutdown                        0x08000245   Thumb Code     0  libshutdown.o(.ARM.Collect$$libshutdown$$00000000)
    __rt_lib_shutdown_cpp_1                  0x08000247   Thumb Code     0  libshutdown2.o(.ARM.Collect$$libshutdown$$00000002)
    __rt_lib_shutdown_fp_trap_1              0x08000247   Thumb Code     0  libshutdown2.o(.ARM.Collect$$libshutdown$$00000007)
    __rt_lib_shutdown_heap_1                 0x08000247   Thumb Code     0  libshutdown2.o(.ARM.Collect$$libshutdown$$0000000F)
    __rt_lib_shutdown_return                 0x08000247   Thumb Code     0  libshutdown2.o(.ARM.Collect$$libshutdown$$00000010)
    __rt_lib_shutdown_signal_1               0x08000247   Thumb Code     0  libshutdown2.o(.ARM.Collect$$libshutdown$$0000000A)
    __rt_lib_shutdown_stdio_1                0x08000247   Thumb Code     0  libshutdown2.o(.ARM.Collect$$libshutdown$$00000004)
    __rt_lib_shutdown_user_alloc_1           0x08000247   Thumb Code     0  libshutdown2.o(.ARM.Collect$$libshutdown$$0000000C)
    __rt_entry                               0x08000249   Thumb Code     0  __rtentry.o(.ARM.Collect$$rtentry$$00000000)
    __rt_entry_presh_1                       0x08000249   Thumb Code     0  __rtentry2.o(.ARM.Collect$$rtentry$$00000002)
    __rt_entry_sh                            0x08000249   Thumb Code     0  __rtentry4.o(.ARM.Collect$$rtentry$$00000004)
    __rt_entry_li                            0x0800024f   Thumb Code     0  __rtentry2.o(.ARM.Collect$$rtentry$$0000000A)
    __rt_entry_postsh_1                      0x0800024f   Thumb Code     0  __rtentry2.o(.ARM.Collect$$rtentry$$00000009)
    __rt_entry_main                          0x08000253   Thumb Code     0  __rtentry2.o(.ARM.Collect$$rtentry$$0000000D)
    __rt_entry_postli_1                      0x08000253   Thumb Code     0  __rtentry2.o(.ARM.Collect$$rtentry$$0000000C)
    __rt_exit                                0x0800025b   Thumb Code     0  rtexit.o(.ARM.Collect$$rtexit$$00000000)
    __rt_exit_ls                             0x0800025d   Thumb Code     0  rtexit2.o(.ARM.Collect$$rtexit$$00000003)
    __rt_exit_prels_1                        0x0800025d   Thumb Code     0  rtexit2.o(.ARM.Collect$$rtexit$$00000002)
    __rt_exit_exit                           0x08000261   Thumb Code     0  rtexit2.o(.ARM.Collect$$rtexit$$00000004)
    Reset_Handler                            0x08000269   Thumb Code    14  startup_stm32f30x.o(.text)
    NMI_Handler                              0x08000277   Thumb Code     2  startup_stm32f30x.o(.text)
    HardFault_Handler                        0x08000279   Thumb Code     2  startup_stm32f30x.o(.text)
    MemManage_Handler                        0x0800027b   Thumb Code     2  startup_stm32f30x.o(.text)
    BusFault_Handler                         0x0800027d   Thumb Code     2  startup_stm32f30x.o(.text)
    UsageFault_Handler                       0x0800027f   Thumb Code     2  startup_stm32f30x.o(.text)
    SVC_Handler                              0x08000281   Thumb Code     2  startup_stm32f30x.o(.text)
    DebugMon_Handler                         0x08000283   Thumb Code     2  startup_stm32f30x.o(.text)
    PendSV_Handler                           0x08000285   Thumb Code     2  startup_stm32f30x.o(.text)
    SysTick_Handler                          0x08000287   Thumb Code     2  startup_stm32f30x.o(.text)
    ADC1_2_IRQHandler                        0x08000289   Thumb Code     0  startup_stm32f30x.o(.text)
    ADC3_IRQHandler                          0x08000289   Thumb Code     0  startup_stm32f30x.o(.text)
    ADC4_IRQHandler                          0x08000289   Thumb Code     0  startup_stm32f30x.o(.text)
    CAN1_RX1_IRQHandler                      0x08000289   Thumb Code     0  startup_stm32f30x.o(.text)
    CAN1_SCE_IRQHandler                      0x08000289   Thumb Code     0  startup_stm32f30x.o(.text)
    COMP1_2_3_IRQHandler                     0x08000289   Thumb Code     0  startup_stm32f30x.o(.text)
    COMP4_5_6_IRQHandler                     0x08000289   Thumb Code     0  startup_stm32f30x.o(.text)
    COMP7_IRQHandler                         0x08000289   Thumb Code     0  startup_stm32f30x.o(.text)
    DMA1_Channel1_IRQHandler                 0x08000289   Thumb Code     0  startup_stm32f30x.o(.text)
    DMA1_Channel3_IRQHandler                 0x08000289   Thumb Code     0  startup_stm32f30x.o(.text)
    DMA1_Channel5_IRQHandler                 0x08000289   Thumb Code     0  startup_stm32f30x.o(.text)
    DMA1_Channel6_IRQHandler                 0x08000289   Thumb Code     0  startup_stm32f30x.o(.text)
    DMA1_Channel7_IRQHandler                 0x08000289   Thumb Code     0  startup_stm32f30x.o(.text)
    DMA2_Channel1_IRQHandler                 0x08000289   Thumb Code     0  startup_stm32f30x.o(.text)
    DMA2_Channel2_IRQHandler                 0x08000289   Thumb Code     0  startup_stm32f30x.o(.text)
    DMA2_Channel3_IRQHandler                 0x08000289   Thumb Code     0  startup_stm32f30x.o(.text)
    DMA2_Channel4_IRQHandler                 0x08000289   Thumb Code     0  startup_stm32f30x.o(.text)
    DMA2_Channel5_IRQHandler                 0x08000289   Thumb Code     0  startup_stm32f30x.o(.text)
    EXTI0_IRQHandler                         0x08000289   Thumb Code     0  startup_stm32f30x.o(.text)
    EXTI15_10_IRQHandler                     0x08000289   Thumb Code     0  startup_stm32f30x.o(.text)
    EXTI1_IRQHandler                         0x08000289   Thumb Code     0  startup_stm32f30x.o(.text)
    EXTI2_TS_IRQHandler                      0x08000289   Thumb Code     0  startup_stm32f30x.o(.text)
    EXTI3_IRQHandler                         0x08000289   Thumb Code     0  startup_stm32f30x.o(.text)
    EXTI4_IRQHandler                         0x08000289   Thumb Code     0  startup_stm32f30x.o(.text)
    EXTI9_5_IRQHandler                       0x08000289   Thumb Code     0  startup_stm32f30x.o(.text)
    FLASH_IRQHandler                         0x08000289   Thumb Code     0  startup_stm32f30x.o(.text)
    FPU_IRQHandler                           0x08000289   Thumb Code     0  startup_stm32f30x.o(.text)
    I2C1_ER_IRQHandler                       0x08000289   Thumb Code     0  startup_stm32f30x.o(.text)
    I2C1_EV_IRQHandler                       0x08000289   Thumb Code     0  startup_stm32f30x.o(.text)
    I2C2_ER_IRQHandler                       0x08000289   Thumb Code     0  startup_stm32f30x.o(.text)
    I2C2_EV_IRQHandler                       0x08000289   Thumb Code     0  startup_stm32f30x.o(.text)
    PVD_IRQHandler                           0x08000289   Thumb Code     0  startup_stm32f30x.o(.text)
    RCC_IRQHandler                           0x08000289   Thumb Code     0  startup_stm32f30x.o(.text)
    RTC_Alarm_IRQHandler                     0x08000289   Thumb Code     0  startup_stm32f30x.o(.text)
    RTC_WKUP_IRQHandler                      0x08000289   Thumb Code     0  startup_stm32f30x.o(.text)
    SPI1_IRQHandler                          0x08000289   Thumb Code     0  startup_stm32f30x.o(.text)
    SPI2_IRQHandler                          0x08000289   Thumb Code     0  startup_stm32f30x.o(.text)
    SPI3_IRQHandler                          0x08000289   Thumb Code     0  startup_stm32f30x.o(.text)
    TAMPER_STAMP_IRQHandler                  0x08000289   Thumb Code     0  startup_stm32f30x.o(.text)
    TIM1_BRK_TIM15_IRQHandler                0x08000289   Thumb Code     0  startup_stm32f30x.o(.text)
    TIM1_CC_IRQHandler                       0x08000289   Thumb Code     0  startup_stm32f30x.o(.text)
    TIM1_TRG_COM_TIM17_IRQHandler            0x08000289   Thumb Code     0  startup_stm32f30x.o(.text)
    TIM1_UP_TIM16_IRQHandler                 0x08000289   Thumb Code     0  startup_stm32f30x.o(.text)
    TIM2_IRQHandler                          0x08000289   Thumb Code     0  startup_stm32f30x.o(.text)
    TIM3_IRQHandler                          0x08000289   Thumb Code     0  startup_stm32f30x.o(.text)
    TIM4_IRQHandler                          0x08000289   Thumb Code     0  startup_stm32f30x.o(.text)
    TIM7_IRQHandler                          0x08000289   Thumb Code     0  startup_stm32f30x.o(.text)
    TIM8_BRK_IRQHandler                      0x08000289   Thumb Code     0  startup_stm32f30x.o(.text)
    TIM8_CC_IRQHandler                       0x08000289   Thumb Code     0  startup_stm32f30x.o(.text)
    TIM8_TRG_COM_IRQHandler                  0x08000289   Thumb Code     0  startup_stm32f30x.o(.text)
    TIM8_UP_IRQHandler                       0x08000289   Thumb Code     0  startup_stm32f30x.o(.text)
    UART4_IRQHandler                         0x08000289   Thumb Code     0  startup_stm32f30x.o(.text)
    UART5_IRQHandler                         0x08000289   Thumb Code     0  startup_stm32f30x.o(.text)
    USART2_IRQHandler                        0x08000289   Thumb Code     0  startup_stm32f30x.o(.text)
    USBWakeUp_IRQHandler                     0x08000289   Thumb Code     0  startup_stm32f30x.o(.text)
    USBWakeUp_RMP_IRQHandler                 0x08000289   Thumb Code     0  startup_stm32f30x.o(.text)
    USB_HP_CAN1_TX_IRQHandler                0x08000289   Thumb Code     0  startup_stm32f30x.o(.text)
    USB_HP_IRQHandler                        0x08000289   Thumb Code     0  startup_stm32f30x.o(.text)
    USB_LP_CAN1_RX0_IRQHandler               0x08000289   Thumb Code     0  startup_stm32f30x.o(.text)
    USB_LP_IRQHandler                        0x08000289   Thumb Code     0  startup_stm32f30x.o(.text)
    WWDG_IRQHandler                          0x08000289   Thumb Code     0  startup_stm32f30x.o(.text)
    __user_initial_stackheap                 0x0800028d   Thumb Code     0  startup_stm32f30x.o(.text)
    __use_two_region_memory                  0x080002b1   Thumb Code     2  heapauxi.o(.text)
    __rt_heap_escrow$2region                 0x080002b3   Thumb Code     2  heapauxi.o(.text)
    __rt_heap_expand$2region                 0x080002b5   Thumb Code     2  heapauxi.o(.text)
    __user_setup_stackheap                   0x080002b7   Thumb Code    74  sys_stackheap_outer.o(.text)
    exit                                     0x08000301   Thumb Code    18  exit.o(.text)
    __user_libspace                          0x08000315   Thumb Code     8  libspace.o(.text)
    __user_perproc_libspace                  0x08000315   Thumb Code     0  libspace.o(.text)
    __user_perthread_libspace                0x08000315   Thumb Code     0  libspace.o(.text)
    _sys_exit                                0x0800031d   Thumb Code     8  sys_exit.o(.text)
    __I$use$semihosting                      0x08000329   Thumb Code     0  use_no_semi.o(.text)
    __use_no_semihosting_swi                 0x08000329   Thumb Code     2  use_no_semi.o(.text)
    __semihosting_library_function           0x0800032b   Thumb Code     0  indicate_semi.o(.text)
    BubbleSort                               0x0800032d   Thumb Code   136  app_led_ctrl.o(i.BubbleSort)
    DMA1_Channel2_IRQHandler                 0x080003b9   Thumb Code    44  hal_uart.o(i.DMA1_Channel2_IRQHandler)
    DMA1_Channel4_IRQHandler                 0x080003f5   Thumb Code    44  hal_uart.o(i.DMA1_Channel4_IRQHandler)
    LedCtrlSendPulse                         0x08000431   Thumb Code    88  app_led_ctrl.o(i.LedCtrlSendPulse)
    LedDataSet                               0x08000489   Thumb Code   132  app_led_ctrl.o(i.LedDataSet)
    LedSysTest                               0x08000511   Thumb Code    66  app_main_task.o(i.LedSysTest)
    Led_delay                                0x0800055d   Thumb Code    10  app_led_ctrl.o(i.Led_delay)
    TIM6_DAC_IRQHandler                      0x08000569   Thumb Code    16  hal_timer.o(i.TIM6_DAC_IRQHandler)
    USART1_IRQHandler                        0x0800057d   Thumb Code   302  hal_uart.o(i.USART1_IRQHandler)
    USART3_IRQHandler                        0x080006c9   Thumb Code   226  hal_uart.o(i.USART3_IRQHandler)
    app_main_task                            0x080007c1   Thumb Code   268  app_main_task.o(i.app_main_task)
    app_uart_extern_msg_packet_process       0x080008d9   Thumb Code     8  app_sdwe_ctrl.o(i.app_uart_extern_msg_packet_process)
    cal_crc16                                0x080008e1   Thumb Code    62  app_crc.o(i.cal_crc16)
    drv_debug_apb1_stop                      0x08000929   Thumb Code    12  drv_dbgmcu.o(i.drv_debug_apb1_stop)
    drv_delay_init                           0x08000939   Thumb Code    60  drv_delay.o(i.drv_delay_init)
    drv_delay_us                             0x08000985   Thumb Code    64  drv_delay.o(i.drv_delay_us)
    drv_dma_set_mem_addr_length              0x080009c9   Thumb Code    12  drv_dma.o(i.drv_dma_set_mem_addr_length)
    drv_dma_stream_clear_flag_status         0x080009d5   Thumb Code    30  drv_dma.o(i.drv_dma_stream_clear_flag_status)
    drv_dma_stream_clear_it_pending_bit      0x080009fd   Thumb Code    18  drv_dma.o(i.drv_dma_stream_clear_it_pending_bit)
    drv_dma_stream_deinit                    0x08000a19   Thumb Code   252  drv_dma.o(i.drv_dma_stream_deinit)
    drv_dma_stream_disable                   0x08000b1d   Thumb Code    10  drv_dma.o(i.drv_dma_stream_disable)
    drv_dma_stream_enable                    0x08000b27   Thumb Code    12  drv_dma.o(i.drv_dma_stream_enable)
    drv_dma_stream_get_it_status             0x08000b35   Thumb Code    90  drv_dma.o(i.drv_dma_stream_get_it_status)
    drv_dma_stream_get_left_length           0x08000b99   Thumb Code    14  drv_dma.o(i.drv_dma_stream_get_left_length)
    drv_dma_stream_init                      0x08000ba7   Thumb Code   108  drv_dma.o(i.drv_dma_stream_init)
    drv_dma_stream_it_enable                 0x08000c13   Thumb Code     8  drv_dma.o(i.drv_dma_stream_it_enable)
    drv_dma_stream_start_mem_to_periph       0x08000c1b   Thumb Code    52  drv_dma.o(i.drv_dma_stream_start_mem_to_periph)
    drv_dma_stream_start_periph_to_mem       0x08000c4f   Thumb Code    52  drv_dma.o(i.drv_dma_stream_start_periph_to_mem)
    drv_gpio_alternate_function_connect      0x08000c83   Thumb Code    66  drv_gpio.o(i.drv_gpio_alternate_function_connect)
    drv_gpio_alternate_function_init         0x08000cc5   Thumb Code   220  drv_gpio.o(i.drv_gpio_alternate_function_init)
    drv_gpio_input_init                      0x08000da1   Thumb Code    96  drv_gpio.o(i.drv_gpio_input_init)
    drv_gpio_output_init                     0x08000e01   Thumb Code   220  drv_gpio.o(i.drv_gpio_output_init)
    drv_gpio_set_pins_high                   0x08000edd   Thumb Code     8  hal_uart.o(i.drv_gpio_set_pins_high)
    drv_nvic_enable                          0x08000ee5   Thumb Code    22  drv_nvic.o(i.drv_nvic_enable)
    drv_nvic_init                            0x08000efd   Thumb Code    56  drv_nvic.o(i.drv_nvic_init)
    drv_rcc_ahb1_clk_enable                  0x08000f3d   Thumb Code    12  drv_rcc.o(i.drv_rcc_ahb1_clk_enable)
    drv_rcc_apb1_clk_enable                  0x08000f4d   Thumb Code    12  drv_rcc.o(i.drv_rcc_apb1_clk_enable)
    drv_rcc_apb1_periph_reset_disable        0x08000f5d   Thumb Code    12  drv_rcc.o(i.drv_rcc_apb1_periph_reset_disable)
    drv_rcc_apb1_periph_reset_enable         0x08000f6d   Thumb Code    12  drv_rcc.o(i.drv_rcc_apb1_periph_reset_enable)
    drv_rcc_apb2_clk_enable                  0x08000f7d   Thumb Code    12  drv_rcc.o(i.drv_rcc_apb2_clk_enable)
    drv_rcc_apb2_periph_reset_disable        0x08000f8d   Thumb Code    12  drv_rcc.o(i.drv_rcc_apb2_periph_reset_disable)
    drv_rcc_apb2_periph_reset_enable         0x08000f9d   Thumb Code    12  drv_rcc.o(i.drv_rcc_apb2_periph_reset_enable)
    drv_rcc_get_clocks_freq                  0x08000fad   Thumb Code   238  drv_rcc.o(i.drv_rcc_get_clocks_freq)
    drv_rcc_init                             0x080010b1   Thumb Code   694  drv_rcc.o(i.drv_rcc_init)
    drv_timer_base_init                      0x08001391   Thumb Code   104  drv_timer.o(i.drv_timer_base_init)
    drv_timer_clear_it_pending_bit           0x08001411   Thumb Code     8  drv_timer.o(i.drv_timer_clear_it_pending_bit)
    drv_timer_deinit                         0x08001419   Thumb Code   216  drv_timer.o(i.drv_timer_deinit)
    drv_timer_enable                         0x08001515   Thumb Code    12  drv_timer.o(i.drv_timer_enable)
    drv_timer_it_enable                      0x08001521   Thumb Code     8  drv_timer.o(i.drv_timer_it_enable)
    drv_uart_clear_flag_status               0x08001529   Thumb Code     4  drv_uart.o(i.drv_uart_clear_flag_status)
    drv_uart_clear_it_pending_bit            0x0800152d   Thumb Code    18  drv_uart.o(i.drv_uart_clear_it_pending_bit)
    drv_uart_deinit                          0x08001541   Thumb Code   124  drv_uart.o(i.drv_uart_deinit)
    drv_uart_dma_rx_enable                   0x080015d1   Thumb Code    12  drv_uart.o(i.drv_uart_dma_rx_enable)
    drv_uart_dma_tx_enable                   0x080015dd   Thumb Code    12  drv_uart.o(i.drv_uart_dma_tx_enable)
    drv_uart_get_flag_status                 0x080015e9   Thumb Code    16  drv_uart.o(i.drv_uart_get_flag_status)
    drv_uart_init                            0x080015f9   Thumb Code   190  drv_uart.o(i.drv_uart_init)
    drv_uart_it_disable                      0x080016b7   Thumb Code    52  drv_uart.o(i.drv_uart_it_disable)
    drv_uart_it_enable                       0x080016eb   Thumb Code    52  drv_uart.o(i.drv_uart_it_enable)
    drv_uart_put_bytes                       0x0800171f   Thumb Code    32  drv_uart.o(i.drv_uart_put_bytes)
    drv_uart_set_baudrate                    0x08001741   Thumb Code   116  drv_uart.o(i.drv_uart_set_baudrate)
    hal_clock_init                           0x080017bd   Thumb Code    24  hal_clock.o(i.hal_clock_init)
    hal_delay_init                           0x080017d5   Thumb Code     8  hal_delay.o(i.hal_delay_init)
    hal_delay_us                             0x080017dd   Thumb Code    12  app_hx711_ctrl.o(i.hal_delay_us)
    hal_di_get                               0x080017e9   Thumb Code    36  hal_gpio.o(i.hal_di_get)
    hal_gpio_set_do_high                     0x08001815   Thumb Code    22  hal_gpio.o(i.hal_gpio_set_do_high)
    hal_gpio_set_do_low                      0x08001835   Thumb Code    22  hal_gpio.o(i.hal_gpio_set_do_low)
    hal_timer_init                           0x08001855   Thumb Code    66  hal_timer.o(i.hal_timer_init)
    hal_uart_dma_rx_start                    0x080018a1   Thumb Code    70  hal_uart.o(i.hal_uart_dma_rx_start)
    hal_uart_gpio_init                       0x080018f9   Thumb Code   806  hal_uart.o(i.hal_uart_gpio_init)
    hal_uart_port_init                       0x08001c51   Thumb Code   560  hal_uart.o(i.hal_uart_port_init)
    hal_uart_rx_irq_disable                  0x08001eb9   Thumb Code    48  hal_uart.o(i.hal_uart_rx_irq_disable)
    hal_uart_rx_irq_enable                   0x08001ef5   Thumb Code    48  hal_uart.o(i.hal_uart_rx_irq_enable)
    hal_uart_set_braudrate                   0x08001f31   Thumb Code    34  hal_uart.o(i.hal_uart_set_braudrate)
    hal_uart_set_rx_mode                     0x08001f5d   Thumb Code    26  hal_uart.o(i.hal_uart_set_rx_mode)
    hal_uart_set_timeout                     0x08001f81   Thumb Code     2  hal_uart.o(i.hal_uart_set_timeout)
    hal_uart_set_tx_mode                     0x08001f85   Thumb Code    24  hal_uart.o(i.hal_uart_set_tx_mode)
    hal_uart_tx_bytes                        0x08001fa5   Thumb Code   246  hal_uart.o(i.hal_uart_tx_bytes)
    hx711_AllChanelSample                    0x080020ad   Thumb Code   216  app_hx711_ctrl.o(i.hx711_AllChanelSample)
    hx711_DataSampleCtrl                     0x08002189   Thumb Code    40  app_hx711_ctrl.o(i.hx711_DataSampleCtrl)
    hx711_MainFunction                       0x080021b5   Thumb Code   206  app_hx711_ctrl.o(i.hx711_MainFunction)
    hx711_SigChanelAvrgAndWeightCalc         0x0800228d   Thumb Code   142  app_hx711_ctrl.o(i.hx711_SigChanelAvrgAndWeightCalc)
    hx711_getWeight                          0x08002321   Thumb Code    36  app_hx711_ctrl.o(i.hx711_getWeight)
    hx711_getWeightTen                       0x0800234d   Thumb Code    36  app_hx711_ctrl.o(i.hx711_getWeightTen)
    hx711_init                               0x08002379   Thumb Code   256  app_hx711_ctrl.o(i.hx711_init)
    key_FilterGet                            0x08002485   Thumb Code    30  app_key_ctrl.o(i.key_FilterGet)
    key_MainFunction                         0x080024a9   Thumb Code   168  app_key_ctrl.o(i.key_MainFunction)
    key_init                                 0x08002555   Thumb Code    84  app_key_ctrl.o(i.key_init)
    led_MainFunction                         0x080025ad   Thumb Code   122  app_led_ctrl.o(i.led_MainFunction)
    led_init                                 0x08002631   Thumb Code    62  app_led_ctrl.o(i.led_init)
    main                                     0x0800266f   Thumb Code    24  app_main.o(i.main)
    sampleDataPush                           0x08002687   Thumb Code   130  app_hx711_ctrl.o(i.sampleDataPush)
    sdweWrite                                0x08002709   Thumb Code   196  app_sdwe_ctrl.o(i.sdweWrite)
    sdwe_MainFunction                        0x080027d5   Thumb Code   154  app_sdwe_ctrl.o(i.sdwe_MainFunction)
    sdwe_init                                0x08002875   Thumb Code    50  app_sdwe_ctrl.o(i.sdwe_init)
    sdwe_test                                0x080028ad   Thumb Code   126  app_sdwe_ctrl.o(i.sdwe_test)
    system_init                              0x08002941   Thumb Code    32  app_main.o(i.system_init)
    useWeightUpdateLedColor                  0x08002961   Thumb Code   268  app_led_ctrl.o(i.useWeightUpdateLedColor)
    wm_hal_gpio_init                         0x08002a6d   Thumb Code    86  hal_gpio.o(i.wm_hal_gpio_init)
    _fp_init                                 0x08002add   Thumb Code    10  fpinit.o(x$fpl$fpinit)
    __fplib_config_fpu_vfp                   0x08002ae5   Thumb Code     0  fpinit.o(x$fpl$fpinit)
    __fplib_config_pureend_doubles           0x08002ae5   Thumb Code     0  fpinit.o(x$fpl$fpinit)
    g_CrcHTable                              0x08002ae6   Data         256  app_crc.o(.constdata)
    g_CrcLTable                              0x08002be6   Data         256  app_crc.o(.constdata)
    DO_GPIO_CLK                              0x08002ce8   Data          52  hal_gpio.o(.constdata)
    DO_GPIO_PIN                              0x08002d1c   Data          26  hal_gpio.o(.constdata)
    DI_GPIO_CLK                              0x08002d38   Data          56  hal_gpio.o(.constdata)
    DI_GPIO_PIN                              0x08002d70   Data          28  hal_gpio.o(.constdata)
    UART_PORT_CLK                            0x08002d8c   Data           8  hal_uart.o(.constdata)
    UART_PORT_IRQn                           0x08002d94   Data           2  hal_uart.o(.constdata)
    UART_PORT_GPIO_AF                        0x08002d96   Data           2  hal_uart.o(.constdata)
    UART_TX_GPIO_CLK                         0x08002d98   Data           8  hal_uart.o(.constdata)
    UART_TX_GPIO_PIN                         0x08002da0   Data           4  hal_uart.o(.constdata)
    UART_TX_PIN_SOURCE                       0x08002da4   Data           4  hal_uart.o(.constdata)
    UART_RX_GPIO_CLK                         0x08002da8   Data           8  hal_uart.o(.constdata)
    UART_RX_GPIO_PIN                         0x08002db0   Data           4  hal_uart.o(.constdata)
    UART_RX_PIN_SOURCE                       0x08002db4   Data           4  hal_uart.o(.constdata)
    UART_DEA_GPIO_CLK                        0x08002db8   Data           8  hal_uart.o(.constdata)
    UART_DEA_GPIO_PIN                        0x08002dc0   Data           4  hal_uart.o(.constdata)
    UART_TX_DMA_CLK                          0x08002dc4   Data           8  hal_uart.o(.constdata)
    UART_TX_DMA_IRQn                         0x08002dcc   Data           2  hal_uart.o(.constdata)
    UART_TX_DMA_IT_TCIF                      0x08002dd0   Data           8  hal_uart.o(.constdata)
    UART_RX_DMA_CLK                          0x08002dd8   Data           8  hal_uart.o(.constdata)
    g_UartBaudTab                            0x08002de0   Data          40  hal_uart.o(.constdata)
    Region$$Table$$Base                      0x08002e08   Number         0  anon$$obj.o(Region$$Table)
    Region$$Table$$Limit                     0x08002e28   Number         0  anon$$obj.o(Region$$Table)
    mainTaskStatus                           0x20000000   Data           1  app_main_task.o(.data)
    g_led_ctrl_data                          0x2000000f   Data           4  app_led_ctrl.o(.data)
    g_sdwe                                   0x2000001c   Data         520  app_sdwe_ctrl.o(.data)
    DO_GPIO_PORT                             0x2000022c   Data          52  hal_gpio.o(.data)
    DI_GPIO_PORT                             0x20000260   Data          56  hal_gpio.o(.data)
    UART_PORT                                0x20000298   Data           8  hal_uart.o(.data)
    UART_TX_GPIO_PORT                        0x200002a0   Data           8  hal_uart.o(.data)
    UART_RX_GPIO_PORT                        0x200002a8   Data           8  hal_uart.o(.data)
    UART_DEA_GPIO_PORT                       0x200002b0   Data           8  hal_uart.o(.data)
    UART_TX_DMA                              0x200002b8   Data           8  hal_uart.o(.data)
    UART_TX_DMA_CHANNEL                      0x200002c0   Data           8  hal_uart.o(.data)
    UART_RX_DMA                              0x200002c8   Data           8  hal_uart.o(.data)
    UART_RX_DMA_CHANNEL                      0x200002d0   Data           8  hal_uart.o(.data)
    g_UartDevice                             0x200002d8   Data         112  hal_uart.o(.data)
    l_RccWiteTimeOut                         0x20000360   Data           4  drv_rcc.o(.data)
    g_sdwe_dis_data                          0x20000a24   Data          24  app_sdwe_ctrl.o(.bss)
    SysKey                                   0x20000a4c   Data          12  app_key_ctrl.o(.bss)
    g_ClockFrequency                         0x20000a58   Data          36  drv_rcc.o(.bss)
    __libspace_start                         0x20000a7c   Data          96  libspace.o(.bss)
    __temporary_stack_top$libspace           0x20000adc   Data           0  libspace.o(.bss)



==============================================================================

Memory Map of the image

  Image Entry point : 0x08000189

  Load Region LR_IROM1 (Base: 0x08000000, Size: 0x0000318c, Max: 0x00040000, ABSOLUTE, COMPRESSED[0x00002e9c])

    Execution Region ER_IROM1 (Base: 0x08000000, Size: 0x00002e28, Max: 0x00040000, ABSOLUTE)

    Base Addr    Size         Type   Attr      Idx    E Section Name        Object

    0x08000000   0x00000188   Data   RO          372    RESET               startup_stm32f30x.o
    0x08000188   0x00000008   Code   RO         1961  * !!!main             c_w.l(__main.o)
    0x08000190   0x00000034   Code   RO         2120    !!!scatter          c_w.l(__scatter.o)
    0x080001c4   0x0000005a   Code   RO         2118    !!dczerorl2         c_w.l(__dczerorl2.o)
    0x0800021e   0x00000002   PAD
    0x08000220   0x0000001c   Code   RO         2122    !!handler_zi        c_w.l(__scatter_zi.o)
    0x0800023c   0x00000002   Code   RO         1988    .ARM.Collect$$libinit$$00000000  c_w.l(libinit.o)
    0x0800023e   0x00000004   Code   RO         1994    .ARM.Collect$$libinit$$00000001  c_w.l(libinit2.o)
    0x08000242   0x00000000   Code   RO         1997    .ARM.Collect$$libinit$$00000004  c_w.l(libinit2.o)
    0x08000242   0x00000000   Code   RO         2000    .ARM.Collect$$libinit$$0000000A  c_w.l(libinit2.o)
    0x08000242   0x00000000   Code   RO         2002    .ARM.Collect$$libinit$$0000000C  c_w.l(libinit2.o)
    0x08000242   0x00000000   Code   RO         2004    .ARM.Collect$$libinit$$0000000E  c_w.l(libinit2.o)
    0x08000242   0x00000000   Code   RO         2007    .ARM.Collect$$libinit$$00000011  c_w.l(libinit2.o)
    0x08000242   0x00000000   Code   RO         2009    .ARM.Collect$$libinit$$00000013  c_w.l(libinit2.o)
    0x08000242   0x00000000   Code   RO         2011    .ARM.Collect$$libinit$$00000015  c_w.l(libinit2.o)
    0x08000242   0x00000000   Code   RO         2013    .ARM.Collect$$libinit$$00000017  c_w.l(libinit2.o)
    0x08000242   0x00000000   Code   RO         2015    .ARM.Collect$$libinit$$00000019  c_w.l(libinit2.o)
    0x08000242   0x00000000   Code   RO         2017    .ARM.Collect$$libinit$$0000001B  c_w.l(libinit2.o)
    0x08000242   0x00000000   Code   RO         2019    .ARM.Collect$$libinit$$0000001D  c_w.l(libinit2.o)
    0x08000242   0x00000000   Code   RO         2021    .ARM.Collect$$libinit$$0000001F  c_w.l(libinit2.o)
    0x08000242   0x00000000   Code   RO         2023    .ARM.Collect$$libinit$$00000021  c_w.l(libinit2.o)
    0x08000242   0x00000000   Code   RO         2025    .ARM.Collect$$libinit$$00000023  c_w.l(libinit2.o)
    0x08000242   0x00000000   Code   RO         2027    .ARM.Collect$$libinit$$00000025  c_w.l(libinit2.o)
    0x08000242   0x00000000   Code   RO         2031    .ARM.Collect$$libinit$$0000002C  c_w.l(libinit2.o)
    0x08000242   0x00000000   Code   RO         2033    .ARM.Collect$$libinit$$0000002E  c_w.l(libinit2.o)
    0x08000242   0x00000000   Code   RO         2035    .ARM.Collect$$libinit$$00000030  c_w.l(libinit2.o)
    0x08000242   0x00000000   Code   RO         2037    .ARM.Collect$$libinit$$00000032  c_w.l(libinit2.o)
    0x08000242   0x00000002   Code   RO         2038    .ARM.Collect$$libinit$$00000033  c_w.l(libinit2.o)
    0x08000244   0x00000002   Code   RO         2058    .ARM.Collect$$libshutdown$$00000000  c_w.l(libshutdown.o)
    0x08000246   0x00000000   Code   RO         2071    .ARM.Collect$$libshutdown$$00000002  c_w.l(libshutdown2.o)
    0x08000246   0x00000000   Code   RO         2073    .ARM.Collect$$libshutdown$$00000004  c_w.l(libshutdown2.o)
    0x08000246   0x00000000   Code   RO         2076    .ARM.Collect$$libshutdown$$00000007  c_w.l(libshutdown2.o)
    0x08000246   0x00000000   Code   RO         2079    .ARM.Collect$$libshutdown$$0000000A  c_w.l(libshutdown2.o)
    0x08000246   0x00000000   Code   RO         2081    .ARM.Collect$$libshutdown$$0000000C  c_w.l(libshutdown2.o)
    0x08000246   0x00000000   Code   RO         2084    .ARM.Collect$$libshutdown$$0000000F  c_w.l(libshutdown2.o)
    0x08000246   0x00000002   Code   RO         2085    .ARM.Collect$$libshutdown$$00000010  c_w.l(libshutdown2.o)
    0x08000248   0x00000000   Code   RO         1963    .ARM.Collect$$rtentry$$00000000  c_w.l(__rtentry.o)
    0x08000248   0x00000000   Code   RO         1965    .ARM.Collect$$rtentry$$00000002  c_w.l(__rtentry2.o)
    0x08000248   0x00000006   Code   RO         1977    .ARM.Collect$$rtentry$$00000004  c_w.l(__rtentry4.o)
    0x0800024e   0x00000000   Code   RO         1967    .ARM.Collect$$rtentry$$00000009  c_w.l(__rtentry2.o)
    0x0800024e   0x00000004   Code   RO         1968    .ARM.Collect$$rtentry$$0000000A  c_w.l(__rtentry2.o)
    0x08000252   0x00000000   Code   RO         1970    .ARM.Collect$$rtentry$$0000000C  c_w.l(__rtentry2.o)
    0x08000252   0x00000008   Code   RO         1971    .ARM.Collect$$rtentry$$0000000D  c_w.l(__rtentry2.o)
    0x0800025a   0x00000002   Code   RO         1992    .ARM.Collect$$rtexit$$00000000  c_w.l(rtexit.o)
    0x0800025c   0x00000000   Code   RO         2040    .ARM.Collect$$rtexit$$00000002  c_w.l(rtexit2.o)
    0x0800025c   0x00000004   Code   RO         2041    .ARM.Collect$$rtexit$$00000003  c_w.l(rtexit2.o)
    0x08000260   0x00000006   Code   RO         2042    .ARM.Collect$$rtexit$$00000004  c_w.l(rtexit2.o)
    0x08000266   0x00000002   PAD
    0x08000268   0x00000048   Code   RO          373    .text               startup_stm32f30x.o
    0x080002b0   0x00000006   Code   RO         1959    .text               c_w.l(heapauxi.o)
    0x080002b6   0x0000004a   Code   RO         1979    .text               c_w.l(sys_stackheap_outer.o)
    0x08000300   0x00000012   Code   RO         1981    .text               c_w.l(exit.o)
    0x08000312   0x00000002   PAD
    0x08000314   0x00000008   Code   RO         1989    .text               c_w.l(libspace.o)
    0x0800031c   0x0000000c   Code   RO         2050    .text               c_w.l(sys_exit.o)
    0x08000328   0x00000002   Code   RO         2061    .text               c_w.l(use_no_semi.o)
    0x0800032a   0x00000000   Code   RO         2063    .text               c_w.l(indicate_semi.o)
    0x0800032a   0x00000002   PAD
    0x0800032c   0x0000008c   Code   RO          141    i.BubbleSort        app_led_ctrl.o
    0x080003b8   0x0000003c   Code   RO          647    i.DMA1_Channel2_IRQHandler  firmware_wm_00_hal.lib(hal_uart.o)
    0x080003f4   0x0000003c   Code   RO          648    i.DMA1_Channel4_IRQHandler  firmware_wm_00_hal.lib(hal_uart.o)
    0x08000430   0x00000058   Code   RO          142    i.LedCtrlSendPulse  app_led_ctrl.o
    0x08000488   0x00000088   Code   RO          143    i.LedDataSet        app_led_ctrl.o
    0x08000510   0x0000004c   Code   RO          117    i.LedSysTest        app_main_task.o
    0x0800055c   0x0000000a   Code   RO          144    i.Led_delay         app_led_ctrl.o
    0x08000566   0x00000002   PAD
    0x08000568   0x00000014   Code   RO          562    i.TIM6_DAC_IRQHandler  firmware_wm_00_hal.lib(hal_timer.o)
    0x0800057c   0x0000014c   Code   RO          649    i.USART1_IRQHandler  firmware_wm_00_hal.lib(hal_uart.o)
    0x080006c8   0x000000f8   Code   RO          650    i.USART3_IRQHandler  firmware_wm_00_hal.lib(hal_uart.o)
    0x080007c0   0x00000118   Code   RO          118    i.app_main_task     app_main_task.o
    0x080008d8   0x00000008   Code   RO          285    i.app_uart_extern_msg_packet_process  app_sdwe_ctrl.o
    0x080008e0   0x00000048   Code   RO          355    i.cal_crc16         app_crc.o
    0x08000928   0x00000010   Code   RO          775    i.drv_debug_apb1_stop  STM32F303DriverLib.lib(drv_dbgmcu.o)
    0x08000938   0x0000004c   Code   RO          379    i.drv_delay_init    STM32F303DriverLib.lib(drv_delay.o)
    0x08000984   0x00000044   Code   RO          381    i.drv_delay_us      STM32F303DriverLib.lib(drv_delay.o)
    0x080009c8   0x0000000c   Code   RO          810    i.drv_dma_set_mem_addr_length  STM32F303DriverLib.lib(drv_dma.o)
    0x080009d4   0x00000028   Code   RO          811    i.drv_dma_stream_clear_flag_status  STM32F303DriverLib.lib(drv_dma.o)
    0x080009fc   0x0000001c   Code   RO          812    i.drv_dma_stream_clear_it_pending_bit  STM32F303DriverLib.lib(drv_dma.o)
    0x08000a18   0x00000104   Code   RO          813    i.drv_dma_stream_deinit  STM32F303DriverLib.lib(drv_dma.o)
    0x08000b1c   0x0000000a   Code   RO          814    i.drv_dma_stream_disable  STM32F303DriverLib.lib(drv_dma.o)
    0x08000b26   0x0000000c   Code   RO          815    i.drv_dma_stream_enable  STM32F303DriverLib.lib(drv_dma.o)
    0x08000b32   0x00000002   PAD
    0x08000b34   0x00000064   Code   RO          818    i.drv_dma_stream_get_it_status  STM32F303DriverLib.lib(drv_dma.o)
    0x08000b98   0x0000000e   Code   RO          819    i.drv_dma_stream_get_left_length  STM32F303DriverLib.lib(drv_dma.o)
    0x08000ba6   0x0000006c   Code   RO          820    i.drv_dma_stream_init  STM32F303DriverLib.lib(drv_dma.o)
    0x08000c12   0x00000008   Code   RO          822    i.drv_dma_stream_it_enable  STM32F303DriverLib.lib(drv_dma.o)
    0x08000c1a   0x00000034   Code   RO          823    i.drv_dma_stream_start_mem_to_periph  STM32F303DriverLib.lib(drv_dma.o)
    0x08000c4e   0x00000034   Code   RO          824    i.drv_dma_stream_start_periph_to_mem  STM32F303DriverLib.lib(drv_dma.o)
    0x08000c82   0x00000042   Code   RO          918    i.drv_gpio_alternate_function_connect  STM32F303DriverLib.lib(drv_gpio.o)
    0x08000cc4   0x000000dc   Code   RO          919    i.drv_gpio_alternate_function_init  STM32F303DriverLib.lib(drv_gpio.o)
    0x08000da0   0x00000060   Code   RO          922    i.drv_gpio_input_init  STM32F303DriverLib.lib(drv_gpio.o)
    0x08000e00   0x000000dc   Code   RO          923    i.drv_gpio_output_init  STM32F303DriverLib.lib(drv_gpio.o)
    0x08000edc   0x00000008   Code   RO          732    i.drv_gpio_set_pins_high  firmware_wm_00_hal.lib(hal_uart.o)
    0x08000ee4   0x00000016   Code   RO          968    i.drv_nvic_enable   STM32F303DriverLib.lib(drv_nvic.o)
    0x08000efa   0x00000002   PAD
    0x08000efc   0x00000040   Code   RO          969    i.drv_nvic_init     STM32F303DriverLib.lib(drv_nvic.o)
    0x08000f3c   0x00000010   Code   RO         1003    i.drv_rcc_ahb1_clk_enable  STM32F303DriverLib.lib(drv_rcc.o)
    0x08000f4c   0x00000010   Code   RO         1007    i.drv_rcc_apb1_clk_enable  STM32F303DriverLib.lib(drv_rcc.o)
    0x08000f5c   0x00000010   Code   RO         1008    i.drv_rcc_apb1_periph_reset_disable  STM32F303DriverLib.lib(drv_rcc.o)
    0x08000f6c   0x00000010   Code   RO         1009    i.drv_rcc_apb1_periph_reset_enable  STM32F303DriverLib.lib(drv_rcc.o)
    0x08000f7c   0x00000010   Code   RO         1011    i.drv_rcc_apb2_clk_enable  STM32F303DriverLib.lib(drv_rcc.o)
    0x08000f8c   0x00000010   Code   RO         1012    i.drv_rcc_apb2_periph_reset_disable  STM32F303DriverLib.lib(drv_rcc.o)
    0x08000f9c   0x00000010   Code   RO         1013    i.drv_rcc_apb2_periph_reset_enable  STM32F303DriverLib.lib(drv_rcc.o)
    0x08000fac   0x00000104   Code   RO         1014    i.drv_rcc_get_clocks_freq  STM32F303DriverLib.lib(drv_rcc.o)
    0x080010b0   0x000002e0   Code   RO         1015    i.drv_rcc_init      STM32F303DriverLib.lib(drv_rcc.o)
    0x08001390   0x00000080   Code   RO         1112    i.drv_timer_base_init  STM32F303DriverLib.lib(drv_timer.o)
    0x08001410   0x00000008   Code   RO         1136    i.drv_timer_clear_it_pending_bit  STM32F303DriverLib.lib(drv_timer.o)
    0x08001418   0x000000fc   Code   RO         1137    i.drv_timer_deinit  STM32F303DriverLib.lib(drv_timer.o)
    0x08001514   0x0000000c   Code   RO         1139    i.drv_timer_enable  STM32F303DriverLib.lib(drv_timer.o)
    0x08001520   0x00000008   Code   RO         1167    i.drv_timer_it_enable  STM32F303DriverLib.lib(drv_timer.o)
    0x08001528   0x00000004   Code   RO         1800    i.drv_uart_clear_flag_status  STM32F303DriverLib.lib(drv_uart.o)
    0x0800152c   0x00000012   Code   RO         1801    i.drv_uart_clear_it_pending_bit  STM32F303DriverLib.lib(drv_uart.o)
    0x0800153e   0x00000002   PAD
    0x08001540   0x00000090   Code   RO         1802    i.drv_uart_deinit   STM32F303DriverLib.lib(drv_uart.o)
    0x080015d0   0x0000000c   Code   RO         1805    i.drv_uart_dma_rx_enable  STM32F303DriverLib.lib(drv_uart.o)
    0x080015dc   0x0000000c   Code   RO         1807    i.drv_uart_dma_tx_enable  STM32F303DriverLib.lib(drv_uart.o)
    0x080015e8   0x00000010   Code   RO         1812    i.drv_uart_get_flag_status  STM32F303DriverLib.lib(drv_uart.o)
    0x080015f8   0x000000be   Code   RO         1814    i.drv_uart_init     STM32F303DriverLib.lib(drv_uart.o)
    0x080016b6   0x00000034   Code   RO         1815    i.drv_uart_it_disable  STM32F303DriverLib.lib(drv_uart.o)
    0x080016ea   0x00000034   Code   RO         1816    i.drv_uart_it_enable  STM32F303DriverLib.lib(drv_uart.o)
    0x0800171e   0x00000020   Code   RO         1817    i.drv_uart_put_bytes  STM32F303DriverLib.lib(drv_uart.o)
    0x0800173e   0x00000002   PAD
    0x08001740   0x0000007c   Code   RO         1821    i.drv_uart_set_baudrate  STM32F303DriverLib.lib(drv_uart.o)
    0x080017bc   0x00000018   Code   RO          432    i.hal_clock_init    firmware_wm_00_hal.lib(hal_clock.o)
    0x080017d4   0x00000008   Code   RO          463    i.hal_delay_init    firmware_wm_00_hal.lib(hal_delay.o)
    0x080017dc   0x0000000c   Code   RO          270    i.hal_delay_us      app_hx711_ctrl.o
    0x080017e8   0x0000002c   Code   RO          485    i.hal_di_get        firmware_wm_00_hal.lib(hal_gpio.o)
    0x08001814   0x00000020   Code   RO          486    i.hal_gpio_set_do_high  firmware_wm_00_hal.lib(hal_gpio.o)
    0x08001834   0x00000020   Code   RO          487    i.hal_gpio_set_do_low  firmware_wm_00_hal.lib(hal_gpio.o)
    0x08001854   0x0000004c   Code   RO          566    i.hal_timer_init    firmware_wm_00_hal.lib(hal_timer.o)
    0x080018a0   0x00000058   Code   RO          651    i.hal_uart_dma_rx_start  firmware_wm_00_hal.lib(hal_uart.o)
    0x080018f8   0x00000358   Code   RO          652    i.hal_uart_gpio_init  firmware_wm_00_hal.lib(hal_uart.o)
    0x08001c50   0x00000268   Code   RO          653    i.hal_uart_port_init  firmware_wm_00_hal.lib(hal_uart.o)
    0x08001eb8   0x0000003c   Code   RO          654    i.hal_uart_rx_irq_disable  firmware_wm_00_hal.lib(hal_uart.o)
    0x08001ef4   0x0000003c   Code   RO          655    i.hal_uart_rx_irq_enable  firmware_wm_00_hal.lib(hal_uart.o)
    0x08001f30   0x0000002c   Code   RO          656    i.hal_uart_set_braudrate  firmware_wm_00_hal.lib(hal_uart.o)
    0x08001f5c   0x00000024   Code   RO          726    i.hal_uart_set_rx_mode  firmware_wm_00_hal.lib(hal_uart.o)
    0x08001f80   0x00000002   Code   RO          657    i.hal_uart_set_timeout  firmware_wm_00_hal.lib(hal_uart.o)
    0x08001f82   0x00000002   PAD
    0x08001f84   0x00000020   Code   RO          737    i.hal_uart_set_tx_mode  firmware_wm_00_hal.lib(hal_uart.o)
    0x08001fa4   0x00000108   Code   RO          658    i.hal_uart_tx_bytes  firmware_wm_00_hal.lib(hal_uart.o)
    0x080020ac   0x000000dc   Code   RO          192    i.hx711_AllChanelSample  app_hx711_ctrl.o
    0x08002188   0x0000002c   Code   RO          193    i.hx711_DataSampleCtrl  app_hx711_ctrl.o
    0x080021b4   0x000000d8   Code   RO          194    i.hx711_MainFunction  app_hx711_ctrl.o
    0x0800228c   0x00000094   Code   RO          197    i.hx711_SigChanelAvrgAndWeightCalc  app_hx711_ctrl.o
    0x08002320   0x0000002c   Code   RO          198    i.hx711_getWeight   app_hx711_ctrl.o
    0x0800234c   0x0000002c   Code   RO          199    i.hx711_getWeightTen  app_hx711_ctrl.o
    0x08002378   0x0000010c   Code   RO          200    i.hx711_init        app_hx711_ctrl.o
    0x08002484   0x00000024   Code   RO          328    i.key_FilterGet     app_key_ctrl.o
    0x080024a8   0x000000ac   Code   RO          329    i.key_MainFunction  app_key_ctrl.o
    0x08002554   0x00000058   Code   RO          330    i.key_init          app_key_ctrl.o
    0x080025ac   0x00000084   Code   RO          145    i.led_MainFunction  app_led_ctrl.o
    0x08002630   0x0000003e   Code   RO          146    i.led_init          app_led_ctrl.o
    0x0800266e   0x00000018   Code   RO            1    i.main              app_main.o
    0x08002686   0x00000082   Code   RO          203    i.sampleDataPush    app_hx711_ctrl.o
    0x08002708   0x000000cc   Code   RO          286    i.sdweWrite         app_sdwe_ctrl.o
    0x080027d4   0x000000a0   Code   RO          287    i.sdwe_MainFunction  app_sdwe_ctrl.o
    0x08002874   0x00000038   Code   RO          288    i.sdwe_init         app_sdwe_ctrl.o
    0x080028ac   0x00000094   Code   RO          289    i.sdwe_test         app_sdwe_ctrl.o
    0x08002940   0x00000020   Code   RO            2    i.system_init       app_main.o
    0x08002960   0x0000010c   Code   RO          147    i.useWeightUpdateLedColor  app_led_ctrl.o
    0x08002a6c   0x00000070   Code   RO          488    i.wm_hal_gpio_init  firmware_wm_00_hal.lib(hal_gpio.o)
    0x08002adc   0x0000000a   Code   RO         2048    x$fpl$fpinit        fz_wm.l(fpinit.o)
    0x08002ae6   0x00000200   Data   RO          356    .constdata          app_crc.o
    0x08002ce6   0x00000002   PAD
    0x08002ce8   0x000000a4   Data   RO          489    .constdata          firmware_wm_00_hal.lib(hal_gpio.o)
    0x08002d8c   0x0000007c   Data   RO          659    .constdata          firmware_wm_00_hal.lib(hal_uart.o)
    0x08002e08   0x00000020   Data   RO         2116    Region$$Table       anon$$obj.o


    Execution Region RW_IRAM1 (Base: 0x20000000, Size: 0x00001ae0, Max: 0x0000c000, ABSOLUTE, COMPRESSED[0x00000074])

    Base Addr    Size         Type   Attr      Idx    E Section Name        Object

    0x20000000   0x0000000f   Data   RW          119    .data               app_main_task.o
    0x2000000f   0x00000008   Data   RW          148    .data               app_led_ctrl.o
    0x20000017   0x00000002   Data   RW          205    .data               app_hx711_ctrl.o
    0x20000019   0x00000003   PAD
    0x2000001c   0x0000020a   Data   RW          291    .data               app_sdwe_ctrl.o
    0x20000226   0x00000004   Data   RW          382    .data               STM32F303DriverLib.lib(drv_delay.o)
    0x2000022a   0x00000002   PAD
    0x2000022c   0x0000006c   Data   RW          490    .data               firmware_wm_00_hal.lib(hal_gpio.o)
    0x20000298   0x000000b0   Data   RW          660    .data               firmware_wm_00_hal.lib(hal_uart.o)
    0x20000348   0x0000001c   Data   RW         1017    .data               STM32F303DriverLib.lib(drv_rcc.o)
    0x20000364   0x000006c0   Zero   RW          204    .bss                app_hx711_ctrl.o
    0x20000a24   0x00000028   Zero   RW          290    .bss                app_sdwe_ctrl.o
    0x20000a4c   0x0000000c   Zero   RW          331    .bss                app_key_ctrl.o
    0x20000a58   0x00000024   Zero   RW         1016    .bss                STM32F303DriverLib.lib(drv_rcc.o)
    0x20000a7c   0x00000060   Zero   RW         1990    .bss                c_w.l(libspace.o)
    0x20000adc   0x00000004   PAD
    0x20000ae0   0x00000800   Zero   RW          371    HEAP                startup_stm32f30x.o
    0x200012e0   0x00000800   Zero   RW          370    STACK               startup_stm32f30x.o


==============================================================================

Image component sizes


      Code (inc. data)   RO Data    RW Data    ZI Data      Debug   Object Name

        72         10        512          0          0       1286   app_crc.o
      1126         58          0          2       1728       6979   app_hx711_ctrl.o
       296         14          0          0         12       2255   app_key_ctrl.o
       836         18          0          8          0       5663   app_led_ctrl.o
        56          0          0          0          0      26548   app_main.o
       356         30          0         15          0       2186   app_main_task.o
       576         42          0        522         40       4122   app_sdwe_ctrl.o
        72         28        392          0       4096        896   startup_stm32f30x.o

    ----------------------------------------------------------------------
      3392        200        938        550       5876      49935   Object Totals
         0          0         32          0          0          0   (incl. Generated)
         2          0          2          3          0          0   (incl. Padding)

    ----------------------------------------------------------------------

      Code (inc. data)   RO Data    RW Data    ZI Data      Debug   Library Member Name

        16          4          0          0          0        522   drv_dbgmcu.o
       144         20          0          4          0       3292   drv_delay.o
       696         38          0          0          0      16007   drv_dma.o
       602          0          0          0          0      14305   drv_gpio.o
        86          8          0          0          0       1226   drv_nvic.o
      1108         92          0         28         36      12613   drv_rcc.o
       408         60          0          0          0      13249   drv_timer.o
       656         28          0          0          0      13328   drv_uart.o
        90          0          0          0          0          0   __dczerorl2.o
         8          0          0          0          0         68   __main.o
         0          0          0          0          0          0   __rtentry.o
        12          0          0          0          0          0   __rtentry2.o
         6          0          0          0          0          0   __rtentry4.o
        52          8          0          0          0          0   __scatter.o
        28          0          0          0          0          0   __scatter_zi.o
        18          0          0          0          0         80   exit.o
         6          0          0          0          0        152   heapauxi.o
         0          0          0          0          0          0   indicate_semi.o
         2          0          0          0          0          0   libinit.o
         6          0          0          0          0          0   libinit2.o
         2          0          0          0          0          0   libshutdown.o
         2          0          0          0          0          0   libshutdown2.o
         8          4          0          0         96         68   libspace.o
         2          0          0          0          0          0   rtexit.o
        10          0          0          0          0          0   rtexit2.o
        12          4          0          0          0         68   sys_exit.o
        74          0          0          0          0         80   sys_stackheap_outer.o
         2          0          0          0          0         68   use_no_semi.o
        24          0          0          0          0       2609   hal_clock.o
         8          0          0          0          0        489   hal_delay.o
       220         54        164        108          0      18818   hal_gpio.o
        96         14          0          0          0       7615   hal_timer.o
      2766        286        124        176          0      25805   hal_uart.o
        10          0          0          0          0        116   fpinit.o

    ----------------------------------------------------------------------
      7198        620        288        318        136     130578   Library Totals
        18          0          0          2          4          0   (incl. Padding)

    ----------------------------------------------------------------------

      Code (inc. data)   RO Data    RW Data    ZI Data      Debug   Library Name

      3716        250          0         32         36      74542   STM32F303DriverLib.lib
       340         16          0          0         96        584   c_w.l
      3114        354        288        284          0      55336   firmware_wm_00_hal.lib
        10          0          0          0          0        116   fz_wm.l

    ----------------------------------------------------------------------
      7198        620        288        318        136     130578   Library Totals

    ----------------------------------------------------------------------

==============================================================================


      Code (inc. data)   RO Data    RW Data    ZI Data      Debug   

     10590        820       1226        868       6012     171457   Grand Totals
     10590        820       1226        116       6012     171457   ELF Image Totals (compressed)
     10590        820       1226        116          0          0   ROM Totals

==============================================================================

    Total RO  Size (Code + RO Data)                11816 (  11.54kB)
    Total RW  Size (RW Data + ZI Data)              6880 (   6.72kB)
    Total ROM Size (Code + RO Data + RW Data)      11932 (  11.65kB)

==============================================================================

