Component: ARM Compiler 5.06 (build 20) Tool: armlink [4d35a3]

==============================================================================

Section Cross References

    app_main.o(i.main) refers to app_main.o(i.system_init) for system_init
    app_main.o(i.main) refers to app_led_ctrl.o(i.LedCtrlModeInit) for LedCtrlModeInit
    app_main.o(i.main) refers to app_sdwe_ctrl.o(i.sdwe_init) for sdwe_init
    app_main.o(i.main) refers to app_hx711_ctrl.o(i.hx711_init) for hx711_init
    app_main.o(i.system_init) refers to hal_clock.o(i.hal_clock_init) for hal_clock_init
    app_main.o(i.system_init) refers to hal_delay.o(i.hal_delay_init) for hal_delay_init
    app_main.o(i.system_init) refers to hal_gpio.o(i.wm_hal_gpio_init) for wm_hal_gpio_init
    app_main.o(i.system_init) refers to hal_timer.o(i.hal_timer_init) for hal_timer_init
    app_main_task.o(i.LedSysTest) refers to app_led_ctrl.o(i.LedDataSet) for LedDataSet
    app_main_task.o(i.LedSysTest) refers to app_main_task.o(.data) for l_led_test_cycle
    app_main_task.o(i.app_main_task) refers to hal_gpio.o(i.hal_di_get) for hal_di_get
    app_main_task.o(i.app_main_task) refers to app_sdwe_ctrl.o(i.sdwe_test) for sdwe_test
    app_main_task.o(i.app_main_task) refers to app_led_ctrl.o(i.LedCtrlModeCrtl) for LedCtrlModeCrtl
    app_main_task.o(i.app_main_task) refers to app_hx711_ctrl.o(i.hx711_DataSampleCtrl) for hx711_DataSampleCtrl
    app_main_task.o(i.app_main_task) refers to app_main_task.o(i.LedSysTest) for LedSysTest
    app_main_task.o(i.app_main_task) refers to app_led_ctrl.o(i.LedCtrlModeInit) for LedCtrlModeInit
    app_main_task.o(i.app_main_task) refers to app_main_task.o(.data) for mainTaskStatus
    app_led_ctrl.o(i.LedCtrlModeCrtl) refers to hal_gpio.o(i.hal_gpio_set_do_high) for hal_gpio_set_do_high
    app_led_ctrl.o(i.LedCtrlModeCrtl) refers to hal_gpio.o(i.hal_gpio_set_do_low) for hal_gpio_set_do_low
    app_led_ctrl.o(i.LedCtrlModeCrtl) refers to app_led_ctrl.o(i.LedCtrlSendPulse) for LedCtrlSendPulse
    app_led_ctrl.o(i.LedCtrlModeCrtl) refers to app_led_ctrl.o(.data) for g_led_ctrl_data
    app_led_ctrl.o(i.LedCtrlModeInit) refers to hal_gpio.o(i.hal_gpio_set_do_high) for hal_gpio_set_do_high
    app_led_ctrl.o(i.LedCtrlModeInit) refers to hal_gpio.o(i.hal_gpio_set_do_low) for hal_gpio_set_do_low
    app_led_ctrl.o(i.LedCtrlModeInit) refers to app_led_ctrl.o(i.LedCtrlSendPulse) for LedCtrlSendPulse
    app_led_ctrl.o(i.LedCtrlSendPulse) refers to hal_gpio.o(i.hal_gpio_set_do_low) for hal_gpio_set_do_low
    app_led_ctrl.o(i.LedCtrlSendPulse) refers to app_led_ctrl.o(i.Led_delay) for Led_delay
    app_led_ctrl.o(i.LedCtrlSendPulse) refers to hal_gpio.o(i.hal_gpio_set_do_high) for hal_gpio_set_do_high
    app_led_ctrl.o(i.LedDataSet) refers to app_led_ctrl.o(.data) for g_led_ctrl_data
    app_hx711_ctrl.o(i.hx711_AllChanelSample) refers to hal_gpio.o(i.hal_gpio_set_do_low) for hal_gpio_set_do_low
    app_hx711_ctrl.o(i.hx711_AllChanelSample) refers to app_hx711_ctrl.o(i.hal_delay_us) for hal_delay_us
    app_hx711_ctrl.o(i.hx711_AllChanelSample) refers to hal_gpio.o(i.hal_gpio_set_do_high) for hal_gpio_set_do_high
    app_hx711_ctrl.o(i.hx711_AllChanelSample) refers to hal_gpio.o(i.hal_di_get) for hal_di_get
    app_hx711_ctrl.o(i.hx711_AllChanelSample) refers to app_hx711_ctrl.o(i.sampleDataPush) for sampleDataPush
    app_hx711_ctrl.o(i.hx711_AllChanelSample) refers to app_hx711_ctrl.o(.bss) for HX711Chanel
    app_hx711_ctrl.o(i.hx711_DataSample) refers to hal_gpio.o(i.hal_gpio_set_do_low) for hal_gpio_set_do_low
    app_hx711_ctrl.o(i.hx711_DataSample) refers to app_hx711_ctrl.o(i.hal_delay_us) for hal_delay_us
    app_hx711_ctrl.o(i.hx711_DataSample) refers to hal_gpio.o(i.hal_gpio_set_do_high) for hal_gpio_set_do_high
    app_hx711_ctrl.o(i.hx711_DataSample) refers to hal_gpio.o(i.hal_di_get) for hal_di_get
    app_hx711_ctrl.o(i.hx711_DataSample) refers to app_hx711_ctrl.o(.bss) for l_sampleBuff
    app_hx711_ctrl.o(i.hx711_DataSample) refers to app_hx711_ctrl.o(.data) for sample_i
    app_hx711_ctrl.o(i.hx711_DataSampleCtrl) refers to hal_gpio.o(i.hal_gpio_set_do_high) for hal_gpio_set_do_high
    app_hx711_ctrl.o(i.hx711_DataSampleCtrl) refers to hal_gpio.o(i.hal_gpio_set_do_low) for hal_gpio_set_do_low
    app_hx711_ctrl.o(i.hx711_DataSampleCtrl) refers to hal_gpio.o(i.hal_di_get) for hal_di_get
    app_hx711_ctrl.o(i.hx711_DataSampleCtrl) refers to app_hx711_ctrl.o(i.hx711_MainFunction) for hx711_MainFunction
    app_hx711_ctrl.o(i.hx711_DataSampleCtrl) refers to app_hx711_ctrl.o(.data) for status
    app_hx711_ctrl.o(i.hx711_DataSampleCtrl) refers to app_hx711_ctrl.o(.bss) for l_sampleTotal
    app_hx711_ctrl.o(i.hx711_MainFunction) refers to app_hx711_ctrl.o(i.hx711_AllChanelSample) for hx711_AllChanelSample
    app_hx711_ctrl.o(i.hx711_MainFunction) refers to app_hx711_ctrl.o(i.hx711_SigChanelAvrgAndWeightCalc) for hx711_SigChanelAvrgAndWeightCalc
[...]
    Removing drv_timer.o(i.drv_timer_ccx1_enable), (12 bytes).
    Removing drv_timer.o(i.drv_timer_ccx1n_disable), (10 bytes).
    Removing drv_timer.o(i.drv_timer_ccx1n_enable), (12 bytes).
    Removing drv_timer.o(i.drv_timer_ccx2_disable), (10 bytes).
    Removing drv_timer.o(i.drv_timer_ccx2_enable), (12 bytes).
    Removing drv_timer.o(i.drv_timer_ccx2n_disable), (10 bytes).
    Removing drv_timer.o(i.drv_timer_ccx2n_enable), (12 bytes).
    Removing drv_timer.o(i.drv_timer_ccx3_disable), (10 bytes).
    Removing drv_timer.o(i.drv_timer_ccx3_enable), (14 bytes).
    Removing drv_timer.o(i.drv_timer_ccx3n_disable), (10 bytes).
    Removing drv_timer.o(i.drv_timer_ccx3n_enable), (14 bytes).
    Removing drv_timer.o(i.drv_timer_ccx4_disable), (10 bytes).
    Removing drv_timer.o(i.drv_timer_ccx4_enable), (14 bytes).
    Removing drv_timer.o(i.drv_timer_clear_flag_status), (8 bytes).
    Removing drv_timer.o(i.drv_timer_disable), (10 bytes).
    Removing drv_timer.o(i.drv_timer_encoder_init), (50 bytes).
    Removing drv_timer.o(i.drv_timer_forced_oc2_active), (14 bytes).
    Removing drv_timer.o(i.drv_timer_forced_oc2_inactive), (14 bytes).
    Removing drv_timer.o(i.drv_timer_forced_oc3_active), (12 bytes).
    Removing drv_timer.o(i.drv_timer_forced_oc3_inactive), (12 bytes).
    Removing drv_timer.o(i.drv_timer_forced_oc4_active), (14 bytes).
    Removing drv_timer.o(i.drv_timer_forced_oc4_inactive), (14 bytes).
    Removing drv_timer.o(i.drv_timer_get_compara1), (6 bytes).
    Removing drv_timer.o(i.drv_timer_get_compara2), (6 bytes).
    Removing drv_timer.o(i.drv_timer_get_compara3), (6 bytes).
    Removing drv_timer.o(i.drv_timer_get_compara4), (6 bytes).
    Removing drv_timer.o(i.drv_timer_get_counter), (26 bytes).
    Removing drv_timer.o(i.drv_timer_get_flag_status), (16 bytes).
    Removing drv_timer.o(i.drv_timer_get_it_status), (32 bytes).
    Removing drv_timer.o(i.drv_timer_ic1_disable), (10 bytes).
    Removing drv_timer.o(i.drv_timer_ic1_enable), (12 bytes).
    Removing drv_timer.o(i.drv_timer_ic1_init), (106 bytes).
    Removing drv_timer.o(i.drv_timer_ic2_disable), (10 bytes).
    Removing drv_timer.o(i.drv_timer_ic2_enable), (12 bytes).
    Removing drv_timer.o(i.drv_timer_ic2_init), (106 bytes).
    Removing drv_timer.o(i.drv_timer_ic3_disable), (10 bytes).
    Removing drv_timer.o(i.drv_timer_ic3_enable), (14 bytes).
    Removing drv_timer.o(i.drv_timer_ic3_init), (112 bytes).
    Removing drv_timer.o(i.drv_timer_ic4_disable), (10 bytes).
    Removing drv_timer.o(i.drv_timer_ic4_enable), (14 bytes).
    Removing drv_timer.o(i.drv_timer_ic4_init), (84 bytes).
    Removing drv_timer.o(i.drv_timer_it_disable), (8 bytes).
    Removing drv_timer.o(i.drv_timer_oc1_init), (92 bytes).
    Removing drv_timer.o(i.drv_timer_oc1n_init), (92 bytes).
    Removing drv_timer.o(i.drv_timer_oc2_init), (92 bytes).
    Removing drv_timer.o(i.drv_timer_oc2n_init), (92 bytes).
    Removing drv_timer.o(i.drv_timer_oc3_init), (92 bytes).
    Removing drv_timer.o(i.drv_timer_oc3n_init), (92 bytes).
    Removing drv_timer.o(i.drv_timer_oc4_init), (92 bytes).
    Removing drv_timer.o(i.drv_timer_oc4n_init), (84 bytes).
    Removing drv_timer.o(i.drv_timer_pwm_ic_init), (692 bytes).
    Removing drv_timer.o(i.drv_timer_pwm_output_disable), (10 bytes).
    Removing drv_timer.o(i.drv_timer_pwm_output_enable), (14 bytes).
    Removing drv_timer.o(i.drv_timer_select_input_trigger), (10 bytes).
    Removing drv_timer.o(i.drv_timer_select_output_trigger), (10 bytes).
    Removing drv_timer.o(i.drv_timer_select_slave_mode), (10 bytes).
    Removing drv_timer.o(i.drv_timer_set_arr), (16 bytes).
    Removing drv_timer.o(i.drv_timer_set_compara2), (4 bytes).
    Removing drv_timer.o(i.drv_timer_set_compara3), (4 bytes).
    Removing drv_timer.o(i.drv_timer_set_compara4), (4 bytes).
    Removing drv_timer.o(i.drv_timer_set_counter_mode), (10 bytes).
    Removing drv_timer.o(i.drv_timer_set_deadtime), (10 bytes).
    Removing drv_timer.o(i.drv_timer_set_etr), (28 bytes).
    Removing drv_timer.o(i.drv_timer_set_filter_frequency), (682 bytes).
    Removing drv_timer.o(i.drv_timer_set_ic1_input), (52 bytes).
    Removing drv_timer.o(i.drv_timer_set_ic1_psc), (10 bytes).
    Removing drv_timer.o(i.drv_timer_set_ic2_input), (52 bytes).
    Removing drv_timer.o(i.drv_timer_set_ic2_psc), (10 bytes).
    Removing drv_timer.o(i.drv_timer_set_ic3_input), (56 bytes).
    Removing drv_timer.o(i.drv_timer_set_ic3_psc), (10 bytes).
    Removing drv_timer.o(i.drv_timer_set_ic4_input), (18 bytes).
    Removing drv_timer.o(i.drv_timer_set_ic4_psc), (10 bytes).
    Removing drv_timer.o(i.drv_timer_set_oc1_polarity_high), (12 bytes).
    Removing drv_timer.o(i.drv_timer_set_oc1_polarity_low), (10 bytes).
    Removing drv_timer.o(i.drv_timer_set_oc1_pwm1), (12 bytes).
    Removing drv_timer.o(i.drv_timer_set_oc1n_polarity_high), (12 bytes).
    Removing drv_timer.o(i.drv_timer_set_oc1n_polarity_low), (10 bytes).
    Removing drv_timer.o(i.drv_timer_set_oc2_polarity_high), (12 bytes).
    Removing drv_timer.o(i.drv_timer_set_oc2_polarity_low), (10 bytes).
    Removing drv_timer.o(i.drv_timer_set_oc2_pwm1), (14 bytes).
    Removing drv_timer.o(i.drv_timer_set_oc2n_polarity_high), (12 bytes).
    Removing drv_timer.o(i.drv_timer_set_oc2n_polarity_low), (10 bytes).
    Removing drv_timer.o(i.drv_timer_set_oc3_polarity_high), (14 bytes).
    Removing drv_timer.o(i.drv_timer_set_oc3_polarity_low), (10 bytes).
    Removing drv_timer.o(i.drv_timer_set_oc3_pwm1), (12 bytes).
    Removing drv_timer.o(i.drv_timer_set_oc3n_polarity_high), (14 bytes).
    Removing drv_timer.o(i.drv_timer_set_oc3n_polarity_low), (10 bytes).
    Removing drv_timer.o(i.drv_timer_set_oc4_polarity_high), (14 bytes).
    Removing drv_timer.o(i.drv_timer_set_oc4_polarity_low), (10 bytes).
    Removing drv_timer.o(i.drv_timer_set_oc4_pwm1), (14 bytes).
    Removing drv_timer.o(i.drv_timer_set_psc), (4 bytes).
    Removing drv_timer.o(i.drv_timer_set_run_off_inactive), (14 bytes).
    Removing drv_timer.o(i.drv_timer_slave_mode_disable), (10 bytes).
    Removing drv_timer.o(i.drv_timer_slave_mode_enable), (12 bytes).
    Removing drv_timer.o(i.drv_timer_update_disable), (12 bytes).
    Removing drv_timer.o(i.drv_timer_update_enable), (10 bytes).
    Removing drv_uart.o(i.drv_uart_disable), (10 bytes).
    Removing drv_uart.o(i.drv_uart_dma_rx_disable), (10 bytes).
    Removing drv_uart.o(i.drv_uart_dma_tx_disable), (10 bytes).
    Removing drv_uart.o(i.drv_uart_enable), (12 bytes).
    Removing drv_uart.o(i.drv_uart_get_byte_blocking), (20 bytes).
    Removing drv_uart.o(i.drv_uart_get_byte_noblocking), (24 bytes).
    Removing drv_uart.o(i.drv_uart_get_error_status), (10 bytes).
    Removing drv_uart.o(i.drv_uart_get_it_status), (72 bytes).
    Removing drv_uart.o(i.drv_uart_put_string), (28 bytes).
    Removing drv_uart.o(i.drv_uart_rx_disable), (10 bytes).
    Removing drv_uart.o(i.drv_uart_rx_enable), (12 bytes).
    Removing drv_uart.o(i.drv_uart_tx_disable), (10 bytes).
    Removing drv_uart.o(i.drv_uart_tx_enable), (12 bytes).

150 unused section(s) (total 5478 bytes) removed from the image.

==============================================================================

Image Symbol Table

    Local Symbols

    Symbol Name                              Value     Ov Type        Size  Object(Section)

    ../clib/angel/boardlib.s                 0x00000000   Number         0  boardinit3.o ABSOLUTE
    ../clib/angel/boardlib.s                 0x00000000   Number         0  boardshut.o ABSOLUTE
    ../clib/angel/boardlib.s                 0x00000000   Number         0  boardinit1.o ABSOLUTE
    ../clib/angel/boardlib.s                 0x00000000   Number         0  boardinit2.o ABSOLUTE
    ../clib/angel/dczerorl2.s                0x00000000   Number         0  __dczerorl2.o ABSOLUTE
    ../clib/angel/handlers.s                 0x00000000   Number         0  __scatter_zi.o ABSOLUTE
    ../clib/angel/kernel.s                   0x00000000   Number         0  rtexit2.o ABSOLUTE
    ../clib/angel/kernel.s                   0x00000000   Number         0  __rtentry.o ABSOLUTE
    ../clib/angel/kernel.s                   0x00000000   Number         0  rtexit.o ABSOLUTE
    ../clib/angel/kernel.s                   0x00000000   Number         0  __rtentry2.o ABSOLUTE
    ../clib/angel/kernel.s                   0x00000000   Number         0  __rtentry4.o ABSOLUTE
    ../clib/angel/rt.s                       0x00000000   Number         0  rt_raise.o ABSOLUTE
    ../clib/angel/scatter.s                  0x00000000   Number         0  __scatter.o ABSOLUTE
    ../clib/angel/startup.s                  0x00000000   Number         0  __main.o ABSOLUTE
    ../clib/angel/sys.s                      0x00000000   Number         0  libspace.o ABSOLUTE
    ../clib/angel/sys.s                      0x00000000   Number         0  indicate_semi.o ABSOLUTE
    ../clib/angel/sys.s                      0x00000000   Number         0  use_no_semi.o ABSOLUTE
    ../clib/angel/sys.s                      0x00000000   Number         0  sys_stackheap_outer.o ABSOLUTE
    ../clib/angel/sysapp.c                   0x00000000   Number         0  sys_command.o ABSOLUTE
    ../clib/angel/sysapp.c                   0x00000000   Number         0  sys_exit.o ABSOLUTE
    ../clib/angel/sysapp.c                   0x00000000   Number         0  sys_wrch.o ABSOLUTE
    ../clib/armsys.c                         0x00000000   Number         0  argv_veneer.o ABSOLUTE
    ../clib/armsys.c                         0x00000000   Number         0  argv_veneer.o ABSOLUTE
    ../clib/armsys.c                         0x00000000   Number         0  no_argv.o ABSOLUTE
    ../clib/armsys.c                         0x00000000   Number         0  _get_argv_nomalloc.o ABSOLUTE
    ../clib/heapalloc.c                      0x00000000   Number         0  hrguard.o ABSOLUTE
    ../clib/heapaux.c                        0x00000000   Number         0  heapauxi.o ABSOLUTE
    ../clib/libinit.s                        0x00000000   Number         0  libshutdown.o ABSOLUTE
    ../clib/libinit.s                        0x00000000   Number         0  libinit2.o ABSOLUTE
    ../clib/libinit.s                        0x00000000   Number         0  libinit.o ABSOLUTE
    ../clib/libinit.s                        0x00000000   Number         0  libshutdown2.o ABSOLUTE
    ../clib/signal.c                         0x00000000   Number         0  defsig_rtmem_outer.o ABSOLUTE
    ../clib/signal.c                         0x00000000   Number         0  defsig_stak_inner.o ABSOLUTE
    ../clib/signal.c                         0x00000000   Number         0  defsig_pvfn_inner.o ABSOLUTE
    ../clib/signal.c                         0x00000000   Number         0  defsig_cppl_inner.o ABSOLUTE
    ../clib/signal.c                         0x00000000   Number         0  defsig_fpe_inner.o ABSOLUTE
    ../clib/signal.c                         0x00000000   Number         0  defsig_other.o ABSOLUTE
    ../clib/signal.c                         0x00000000   Number         0  defsig_segv_inner.o ABSOLUTE
    ../clib/signal.c                         0x00000000   Number         0  defsig_rtred_inner.o ABSOLUTE
    ../clib/signal.c                         0x00000000   Number         0  defsig_abrt_inner.o ABSOLUTE
    ../clib/signal.c                         0x00000000   Number         0  defsig_general.o ABSOLUTE
    ../clib/signal.c                         0x00000000   Number         0  __raise.o ABSOLUTE
    ../clib/signal.c                         0x00000000   Number         0  defsig_rtmem_inner.o ABSOLUTE
    ../clib/signal.c                         0x00000000   Number         0  defsig_exit.o ABSOLUTE
    ../clib/signal.c                         0x00000000   Number         0  defsig_rtmem_formal.o ABSOLUTE
    ../clib/signal.s                         0x00000000   Number         0  defsig.o ABSOLUTE
    ../clib/stdlib.c                         0x00000000   Number         0  exit.o ABSOLUTE
    ../fplib/daddsub.s                       0x00000000   Number         0  daddsub_clz.o ABSOLUTE
    ../fplib/dfixu.s                         0x00000000   Number         0  dfixu.o ABSOLUTE
    ../fplib/dnaninf.s                       0x00000000   Number         0  dnaninf.o ABSOLUTE
    ../fplib/dretinf.s                       0x00000000   Number         0  dretinf.o ABSOLUTE
    ../fplib/f2d.s                           0x00000000   Number         0  f2d.o ABSOLUTE
    ../fplib/fnaninf.s                       0x00000000   Number         0  fnaninf.o ABSOLUTE
    ../fplib/fpinit.s                        0x00000000   Number         0  fpinit.o ABSOLUTE
    ../fplib/usenofp.s                       0x00000000   Number         0  usenofp.o ABSOLUTE
    dc.s                                     0x00000000   Number         0  dc.o ABSOLUTE
    src\app_hx711_ctrl.c                     0x00000000   Number         0  app_hx711_ctrl.o ABSOLUTE
    src\app_led_ctrl.c                       0x00000000   Number         0  app_led_ctrl.o ABSOLUTE
    src\app_main.c                           0x00000000   Number         0  app_main.o ABSOLUTE
    src\app_main_task.c                      0x00000000   Number         0  app_main_task.o ABSOLUTE
    src\app_sdwe_ctrl.c                      0x00000000   Number         0  app_sdwe_ctrl.o ABSOLUTE
    src\drv_dbgmcu.c                         0x00000000   Number         0  drv_dbgmcu.o ABSOLUTE
    src\drv_delay.c                          0x00000000   Number         0  drv_delay.o ABSOLUTE
    src\drv_dma.c                            0x00000000   Number         0  drv_dma.o ABSOLUTE
    src\drv_gpio.c                           0x00000000   Number         0  drv_gpio.o ABSOLUTE
    src\drv_nvic.c                           0x00000000   Number         0  drv_nvic.o ABSOLUTE
    src\drv_rcc.c                            0x00000000   Number         0  drv_rcc.o ABSOLUTE
    src\drv_timer.c                          0x00000000   Number         0  drv_timer.o ABSOLUTE
    src\drv_uart.c                           0x00000000   Number         0  drv_uart.o ABSOLUTE
    src\hal_clock.c                          0x00000000   Number         0  hal_clock.o ABSOLUTE
    src\hal_delay.c                          0x00000000   Number         0  hal_delay.o ABSOLUTE
    src\hal_gpio.c                           0x00000000   Number         0  hal_gpio.o ABSOLUTE
    src\hal_timer.c                          0x00000000   Number         0  hal_timer.o ABSOLUTE
    src\hal_uart.c                           0x00000000   Number         0  hal_uart.o ABSOLUTE
    startup\startup_stm32f30x.s              0x00000000   Number         0  startup_stm32f30x.o ABSOLUTE
    RESET                                    0x08000000   Section      392  startup_stm32f30x.o(RESET)
    !!!main                                  0x08000188   Section        8  __main.o(!!!main)
    !!!scatter                               0x08000190   Section       52  __scatter.o(!!!scatter)
    !!dczerorl2                              0x080001c4   Section       90  __dczerorl2.o(!!dczerorl2)
    !!handler_zi                             0x08000220   Section       28  __scatter_zi.o(!!handler_zi)
    .ARM.Collect$$libinit$$00000000          0x0800023c   Section        2  libinit.o(.ARM.Collect$$libinit$$00000000)
    .ARM.Collect$$libinit$$00000001          0x0800023e   Section        4  libinit2.o(.ARM.Collect$$libinit$$00000001)
    .ARM.Collect$$libinit$$00000004          0x08000242   Section        0  libinit2.o(.ARM.Collect$$libinit$$00000004)
    .ARM.Collect$$libinit$$0000000A          0x08000242   Section        0  libinit2.o(.ARM.Collect$$libinit$$0000000A)
    .ARM.Collect$$libinit$$0000000C          0x08000242   Section        0  libinit2.o(.ARM.Collect$$libinit$$0000000C)
    .ARM.Collect$$libinit$$0000000E          0x08000242   Section        0  libinit2.o(.ARM.Collect$$libinit$$0000000E)
    .ARM.Collect$$libinit$$00000011          0x08000242   Section        0  libinit2.o(.ARM.Collect$$libinit$$00000011)
    .ARM.Collect$$libinit$$00000013          0x08000242   Section        0  libinit2.o(.ARM.Collect$$libinit$$00000013)
    .ARM.Collect$$libinit$$00000015          0x08000242   Section        0  libinit2.o(.ARM.Collect$$libinit$$00000015)
    .ARM.Collect$$libinit$$00000017          0x08000242   Section        0  libinit2.o(.ARM.Collect$$libinit$$00000017)
    .ARM.Collect$$libinit$$00000019          0x08000242   Section        0  libinit2.o(.ARM.Collect$$libinit$$00000019)
    .ARM.Collect$$libinit$$0000001B          0x08000242   Section        0  libinit2.o(.ARM.Collect$$libinit$$0000001B)
    .ARM.Collect$$libinit$$0000001D          0x08000242   Section        0  libinit2.o(.ARM.Collect$$libinit$$0000001D)
    .ARM.Collect$$libinit$$0000001F          0x08000242   Section        0  libinit2.o(.ARM.Collect$$libinit$$0000001F)
    .ARM.Collect$$libinit$$00000021          0x08000242   Section        0  libinit2.o(.ARM.Collect$$libinit$$00000021)
    .ARM.Collect$$libinit$$00000023          0x08000242   Section        0  libinit2.o(.ARM.Collect$$libinit$$00000023)
    .ARM.Collect$$libinit$$00000025          0x08000242   Section        0  libinit2.o(.ARM.Collect$$libinit$$00000025)
    .ARM.Collect$$libinit$$0000002C          0x08000242   Section        0  libinit2.o(.ARM.Collect$$libinit$$0000002C)
    .ARM.Collect$$libinit$$0000002E          0x08000242   Section        0  libinit2.o(.ARM.Collect$$libinit$$0000002E)
    .ARM.Collect$$libinit$$00000030          0x08000242   Section        0  libinit2.o(.ARM.Collect$$libinit$$00000030)
    .ARM.Collect$$libinit$$00000032          0x08000242   Section        0  libinit2.o(.ARM.Collect$$libinit$$00000032)
    .ARM.Collect$$libinit$$00000033          0x08000242   Section        2  libinit2.o(.ARM.Collect$$libinit$$00000033)
    .ARM.Collect$$libshutdown$$00000000      0x08000244   Section        2  libshutdown.o(.ARM.Collect$$libshutdown$$00000000)
    .ARM.Collect$$libshutdown$$00000002      0x08000246   Section        0  libshutdown2.o(.ARM.Collect$$libshutdown$$00000002)
    .ARM.Collect$$libshutdown$$00000004      0x08000246   Section        0  libshutdown2.o(.ARM.Collect$$libshutdown$$00000004)
    .ARM.Collect$$libshutdown$$00000007      0x08000246   Section        0  libshutdown2.o(.ARM.Collect$$libshutdown$$00000007)
    .ARM.Collect$$libshutdown$$0000000A      0x08000246   Section        0  libshutdown2.o(.ARM.Collect$$libshutdown$$0000000A)
    .ARM.Collect$$libshutdown$$0000000C      0x08000246   Section        0  libshutdown2.o(.ARM.Collect$$libshutdown$$0000000C)
    .ARM.Collect$$libshutdown$$0000000F      0x08000246   Section        0  libshutdown2.o(.ARM.Collect$$libshutdown$$0000000F)
    .ARM.Collect$$libshutdown$$00000010      0x08000246   Section        2  libshutdown2.o(.ARM.Collect$$libshutdown$$00000010)
    .ARM.Collect$$rtentry$$00000000          0x08000248   Section        0  __rtentry.o(.ARM.Collect$$rtentry$$00000000)
    .ARM.Collect$$rtentry$$00000002          0x08000248   Section        0  __rtentry2.o(.ARM.Collect$$rtentry$$00000002)
    .ARM.Collect$$rtentry$$00000004          0x08000248   Section        6  __rtentry4.o(.ARM.Collect$$rtentry$$00000004)
    .ARM.Collect$$rtentry$$00000009          0x0800024e   Section        0  __rtentry2.o(.ARM.Collect$$rtentry$$00000009)
    .ARM.Collect$$rtentry$$0000000A          0x0800024e   Section        4  __rtentry2.o(.ARM.Collect$$rtentry$$0000000A)
    .ARM.Collect$$rtentry$$0000000C          0x08000252   Section        0  __rtentry2.o(.ARM.Collect$$rtentry$$0000000C)
    .ARM.Collect$$rtentry$$0000000D          0x08000252   Section        8  __rtentry2.o(.ARM.Collect$$rtentry$$0000000D)
    .ARM.Collect$$rtexit$$00000000           0x0800025a   Section        2  rtexit.o(.ARM.Collect$$rtexit$$00000000)
    .ARM.Collect$$rtexit$$00000002           0x0800025c   Section        0  rtexit2.o(.ARM.Collect$$rtexit$$00000002)
    .ARM.Collect$$rtexit$$00000003           0x0800025c   Section        4  rtexit2.o(.ARM.Collect$$rtexit$$00000003)
    .ARM.Collect$$rtexit$$00000004           0x08000260   Section        6  rtexit2.o(.ARM.Collect$$rtexit$$00000004)
    .text                                    0x08000268   Section       72  startup_stm32f30x.o(.text)
    $v0                                      0x08000268   Number         0  startup_stm32f30x.o(.text)
    .text                                    0x080002b0   Section        0  heapauxi.o(.text)
    .text                                    0x080002b6   Section       74  sys_stackheap_outer.o(.text)
    .text                                    0x08000300   Section        0  exit.o(.text)
    .text                                    0x08000314   Section        8  libspace.o(.text)
    .text                                    0x0800031c   Section        0  sys_exit.o(.text)
    .text                                    0x08000328   Section        2  use_no_semi.o(.text)
    .text                                    0x0800032a   Section        0  indicate_semi.o(.text)
    i.DMA1_Channel2_IRQHandler               0x0800032c   Section        0  hal_uart.o(i.DMA1_Channel2_IRQHandler)
    i.DMA1_Channel4_IRQHandler               0x08000368   Section        0  hal_uart.o(i.DMA1_Channel4_IRQHandler)
    i.LedCtrlModeCrtl                        0x080003a4   Section        0  app_led_ctrl.o(i.LedCtrlModeCrtl)
    i.LedCtrlModeInit                        0x08000428   Section        0  app_led_ctrl.o(i.LedCtrlModeInit)
    i.LedCtrlSendPulse                       0x08000466   Section        0  app_led_ctrl.o(i.LedCtrlSendPulse)
    i.LedDataSet                             0x080004c0   Section        0  app_led_ctrl.o(i.LedDataSet)
    i.LedSysTest                             0x08000548   Section        0  app_main_task.o(i.LedSysTest)
    i.Led_delay                              0x08000594   Section        0  app_led_ctrl.o(i.Led_delay)
    i.TIM6_DAC_IRQHandler                    0x080005a0   Section        0  hal_timer.o(i.TIM6_DAC_IRQHandler)
    i.USART1_IRQHandler                      0x080005b4   Section        0  hal_uart.o(i.USART1_IRQHandler)
    i.USART3_IRQHandler                      0x08000700   Section        0  hal_uart.o(i.USART3_IRQHandler)
    i.app_main_task                          0x080007f8   Section        0  app_main_task.o(i.app_main_task)
    i.app_uart_extern_msg_packet_process     0x080008d0   Section        0  app_sdwe_ctrl.o(i.app_uart_extern_msg_packet_process)
    i.drv_debug_apb1_stop                    0x080008d8   Section        0  drv_dbgmcu.o(i.drv_debug_apb1_stop)
    i.drv_delay_init                         0x080008e8   Section        0  drv_delay.o(i.drv_delay_init)
    i.drv_delay_us                           0x08000934   Section        0  drv_delay.o(i.drv_delay_us)
    i.drv_dma_set_mem_addr_length            0x08000978   Section        0  drv_dma.o(i.drv_dma_set_mem_addr_length)
    i.drv_dma_stream_clear_flag_status       0x08000984   Section        0  drv_dma.o(i.drv_dma_stream_clear_flag_status)
    i.drv_dma_stream_clear_it_pending_bit    0x080009ac   Section        0  drv_dma.o(i.drv_dma_stream_clear_it_pending_bit)
    i.drv_dma_stream_deinit                  0x080009c8   Section        0  drv_dma.o(i.drv_dma_stream_deinit)
    i.drv_dma_stream_disable                 0x08000acc   Section        0  drv_dma.o(i.drv_dma_stream_disable)
    i.drv_dma_stream_enable                  0x08000ad6   Section        0  drv_dma.o(i.drv_dma_stream_enable)
    i.drv_dma_stream_get_it_status           0x08000ae4   Section        0  drv_dma.o(i.drv_dma_stream_get_it_status)
    i.drv_dma_stream_get_left_length         0x08000b48   Section        0  drv_dma.o(i.drv_dma_stream_get_left_length)
    i.drv_dma_stream_init                    0x08000b56   Section        0  drv_dma.o(i.drv_dma_stream_init)
    i.drv_dma_stream_it_enable               0x08000bc2   Section        0  drv_dma.o(i.drv_dma_stream_it_enable)
    i.drv_dma_stream_start_mem_to_periph     0x08000bca   Section        0  drv_dma.o(i.drv_dma_stream_start_mem_to_periph)
    i.drv_dma_stream_start_periph_to_mem     0x08000bfe   Section        0  drv_dma.o(i.drv_dma_stream_start_periph_to_mem)
    i.drv_gpio_alternate_function_connect    0x08000c32   Section        0  drv_gpio.o(i.drv_gpio_alternate_function_connect)
    i.drv_gpio_alternate_function_init       0x08000c74   Section        0  drv_gpio.o(i.drv_gpio_alternate_function_init)
    i.drv_gpio_input_init                    0x08000d50   Section        0  drv_gpio.o(i.drv_gpio_input_init)
    i.drv_gpio_output_init                   0x08000db0   Section        0  drv_gpio.o(i.drv_gpio_output_init)
    i.drv_gpio_set_pins_high                 0x08000e8c   Section        0  hal_uart.o(i.drv_gpio_set_pins_high)
    i.drv_nvic_enable                        0x08000e94   Section        0  drv_nvic.o(i.drv_nvic_enable)
    i.drv_nvic_init                          0x08000eac   Section        0  drv_nvic.o(i.drv_nvic_init)
    i.drv_rcc_ahb1_clk_enable                0x08000eec   Section        0  drv_rcc.o(i.drv_rcc_ahb1_clk_enable)
    i.drv_rcc_apb1_clk_enable                0x08000efc   Section        0  drv_rcc.o(i.drv_rcc_apb1_clk_enable)
    i.drv_rcc_apb1_periph_reset_disable      0x08000f0c   Section        0  drv_rcc.o(i.drv_rcc_apb1_periph_reset_disable)
    i.drv_rcc_apb1_periph_reset_enable       0x08000f1c   Section        0  drv_rcc.o(i.drv_rcc_apb1_periph_reset_enable)
    i.drv_rcc_apb2_clk_enable                0x08000f2c   Section        0  drv_rcc.o(i.drv_rcc_apb2_clk_enable)
    i.drv_rcc_apb2_periph_reset_disable      0x08000f3c   Section        0  drv_rcc.o(i.drv_rcc_apb2_periph_reset_disable)
    i.drv_rcc_apb2_periph_reset_enable       0x08000f4c   Section        0  drv_rcc.o(i.drv_rcc_apb2_periph_reset_enable)
    i.drv_rcc_get_clocks_freq                0x08000f5c   Section        0  drv_rcc.o(i.drv_rcc_get_clocks_freq)
    i.drv_rcc_init                           0x08001060   Section        0  drv_rcc.o(i.drv_rcc_init)
    i.drv_timer_base_init                    0x08001340   Section        0  drv_timer.o(i.drv_timer_base_init)
    i.drv_timer_clear_it_pending_bit         0x080013c0   Section        0  drv_timer.o(i.drv_timer_clear_it_pending_bit)
    i.drv_timer_deinit                       0x080013c8   Section        0  drv_timer.o(i.drv_timer_deinit)
    i.drv_timer_enable                       0x080014c4   Section        0  drv_timer.o(i.drv_timer_enable)
    i.drv_timer_it_enable                    0x080014d0   Section        0  drv_timer.o(i.drv_timer_it_enable)
    i.drv_uart_clear_flag_status             0x080014d8   Section        0  drv_uart.o(i.drv_uart_clear_flag_status)
    i.drv_uart_clear_it_pending_bit          0x080014dc   Section        0  drv_uart.o(i.drv_uart_clear_it_pending_bit)
    i.drv_uart_deinit                        0x080014f0   Section        0  drv_uart.o(i.drv_uart_deinit)
    i.drv_uart_dma_rx_enable                 0x08001580   Section        0  drv_uart.o(i.drv_uart_dma_rx_enable)
    i.drv_uart_dma_tx_enable                 0x0800158c   Section        0  drv_uart.o(i.drv_uart_dma_tx_enable)
    i.drv_uart_get_flag_status               0x08001598   Section        0  drv_uart.o(i.drv_uart_get_flag_status)
    i.drv_uart_init                          0x080015a8   Section        0  drv_uart.o(i.drv_uart_init)
    i.drv_uart_it_disable                    0x08001666   Section        0  drv_uart.o(i.drv_uart_it_disable)
    i.drv_uart_it_enable                     0x0800169a   Section        0  drv_uart.o(i.drv_uart_it_enable)
    i.drv_uart_put_bytes                     0x080016ce   Section        0  drv_uart.o(i.drv_uart_put_bytes)
    i.drv_uart_set_baudrate                  0x080016f0   Section        0  drv_uart.o(i.drv_uart_set_baudrate)
    i.hal_clock_init                         0x0800176c   Section        0  hal_clock.o(i.hal_clock_init)
    i.hal_delay_init                         0x08001784   Section        0  hal_delay.o(i.hal_delay_init)
    i.hal_delay_us                           0x0800178c   Section        0  app_hx711_ctrl.o(i.hal_delay_us)
    i.hal_di_get                             0x08001798   Section        0  hal_gpio.o(i.hal_di_get)
    i.hal_gpio_set_do_high                   0x080017c4   Section        0  hal_gpio.o(i.hal_gpio_set_do_high)
    i.hal_gpio_set_do_low                    0x080017e4   Section        0  hal_gpio.o(i.hal_gpio_set_do_low)
    i.hal_timer_init                         0x08001804   Section        0  hal_timer.o(i.hal_timer_init)
    i.hal_uart_dma_rx_start                  0x08001850   Section        0  hal_uart.o(i.hal_uart_dma_rx_start)
    i.hal_uart_gpio_init                     0x080018a8   Section        0  hal_uart.o(i.hal_uart_gpio_init)
    i.hal_uart_port_init                     0x08001c00   Section        0  hal_uart.o(i.hal_uart_port_init)
    i.hal_uart_rx_irq_disable                0x08001e68   Section        0  hal_uart.o(i.hal_uart_rx_irq_disable)
    i.hal_uart_rx_irq_enable                 0x08001ea4   Section        0  hal_uart.o(i.hal_uart_rx_irq_enable)
    i.hal_uart_set_braudrate                 0x08001ee0   Section        0  hal_uart.o(i.hal_uart_set_braudrate)
    i.hal_uart_set_rx_mode                   0x08001f0c   Section        0  hal_uart.o(i.hal_uart_set_rx_mode)
    i.hal_uart_set_timeout                   0x08001f30   Section        0  hal_uart.o(i.hal_uart_set_timeout)
    i.hal_uart_set_tx_mode                   0x08001f34   Section        0  hal_uart.o(i.hal_uart_set_tx_mode)
    i.hal_uart_tx_bytes                      0x08001f54   Section        0  hal_uart.o(i.hal_uart_tx_bytes)
    i.hx711_AllChanelSample                  0x0800205c   Section        0  app_hx711_ctrl.o(i.hx711_AllChanelSample)
    i.hx711_DataSampleCtrl                   0x08002138   Section        0  app_hx711_ctrl.o(i.hx711_DataSampleCtrl)
    i.hx711_MainFunction                     0x08002228   Section        0  app_hx711_ctrl.o(i.hx711_MainFunction)
    i.hx711_SigChanelAvrgAndWeightCalc       0x08002284   Section        0  app_hx711_ctrl.o(i.hx711_SigChanelAvrgAndWeightCalc)
    i.hx711_init                             0x08002330   Section        0  app_hx711_ctrl.o(i.hx711_init)
    i.main                                   0x08002420   Section        0  app_main.o(i.main)
    i.sampleDataPush                         0x08002434   Section        0  app_hx711_ctrl.o(i.sampleDataPush)
    i.sdweWrite                              0x080024ac   Section        0  app_sdwe_ctrl.o(i.sdweWrite)
    i.sdwe_init                              0x08002540   Section        0  app_sdwe_ctrl.o(i.sdwe_init)
    i.sdwe_test                              0x08002578   Section        0  app_sdwe_ctrl.o(i.sdwe_test)
    i.system_init                            0x08002608   Section        0  app_main.o(i.system_init)
    i.wm_hal_gpio_init                       0x08002628   Section        0  hal_gpio.o(i.wm_hal_gpio_init)
    x$fpl$dadd                               0x08002698   Section      336  daddsub_clz.o(x$fpl$dadd)
    $v0                                      0x08002698   Number         0  daddsub_clz.o(x$fpl$dadd)
    _dadd1                                   0x080026a9   Thumb Code     0  daddsub_clz.o(x$fpl$dadd)
    x$fpl$dfixu                              0x080027e8   Section       90  dfixu.o(x$fpl$dfixu)
    $v0                                      0x080027e8   Number         0  dfixu.o(x$fpl$dfixu)
    x$fpl$dnaninf                            0x08002842   Section      156  dnaninf.o(x$fpl$dnaninf)
    $v0                                      0x08002842   Number         0  dnaninf.o(x$fpl$dnaninf)
    x$fpl$dretinf                            0x080028de   Section       12  dretinf.o(x$fpl$dretinf)
    $v0                                      0x080028de   Number         0  dretinf.o(x$fpl$dretinf)
    x$fpl$dsub                               0x080028ec   Section      468  daddsub_clz.o(x$fpl$dsub)
    $v0                                      0x080028ec   Number         0  daddsub_clz.o(x$fpl$dsub)
    _dsub1                                   0x080028fd   Thumb Code     0  daddsub_clz.o(x$fpl$dsub)
    x$fpl$f2d                                0x08002ac0   Section       86  f2d.o(x$fpl$f2d)
    $v0                                      0x08002ac0   Number         0  f2d.o(x$fpl$f2d)
    x$fpl$fnaninf                            0x08002b16   Section      140  fnaninf.o(x$fpl$fnaninf)
    $v0                                      0x08002b16   Number         0  fnaninf.o(x$fpl$fnaninf)
    x$fpl$fpinit                             0x08002ba2   Section       10  fpinit.o(x$fpl$fpinit)
    $v0                                      0x08002ba2   Number         0  fpinit.o(x$fpl$fpinit)
    .constdata                               0x08002bac   Section      164  hal_gpio.o(.constdata)
    x$fpl$usenofp                            0x08002bac   Section        0  usenofp.o(x$fpl$usenofp)
    .constdata                               0x08002c50   Section      124  hal_uart.o(.constdata)
    .data                                    0x20000000   Section       11  app_main_task.o(.data)
    g_sys_ms_tick                            0x20000004   Data           4  app_main_task.o(.data)
    l_led_test_cycle                         0x20000008   Data           2  app_main_task.o(.data)
    color                                    0x2000000a   Data           1  app_main_task.o(.data)
    .data                                    0x2000000b   Section        8  app_led_ctrl.o(.data)
    led_data                                 0x2000000f   Data           4  app_led_ctrl.o(.data)
    .data                                    0x20000014   Section       36  app_hx711_ctrl.o(.data)
    sample_i                                 0x20000034   Data           1  app_hx711_ctrl.o(.data)
    status                                   0x20000035   Data           1  app_hx711_ctrl.o(.data)
    l_max_wait_time                          0x20000036   Data           1  app_hx711_ctrl.o(.data)
    i                                        0x20000037   Data           1  app_hx711_ctrl.o(.data)
    .data                                    0x20000038   Section      522  app_sdwe_ctrl.o(.data)
    status                                   0x20000240   Data           1  app_sdwe_ctrl.o(.data)
    teat_data                                0x20000241   Data           1  app_sdwe_ctrl.o(.data)
    .data                                    0x20000242   Section        4  drv_delay.o(.data)
    g_DelayUsFac                             0x20000242   Data           2  drv_delay.o(.data)
    g_DelayMsFac                             0x20000244   Data           2  drv_delay.o(.data)
    .data                                    0x20000248   Section      108  hal_gpio.o(.data)
    .data                                    0x200002b4   Section      176  hal_uart.o(.data)
    .data                                    0x20000364   Section       28  drv_rcc.o(.data)
    l_AhbPrescTable                          0x20000364   Data          16  drv_rcc.o(.data)
    l_ApbPrescTable                          0x20000374   Data           8  drv_rcc.o(.data)
    .bss                                     0x20000380   Section     2448  app_hx711_ctrl.o(.bss)
    HX711Chanel                              0x20000500   Data        1664  app_hx711_ctrl.o(.bss)
    dataT                                    0x20000b80   Data         400  app_hx711_ctrl.o(.bss)
    .bss                                     0x20000d10   Section       16  app_sdwe_ctrl.o(.bss)
    wm_data                                  0x20000d10   Data          16  app_sdwe_ctrl.o(.bss)
    .bss                                     0x20000d20   Section       36  drv_rcc.o(.bss)
    .bss                                     0x20000d44   Section       96  libspace.o(.bss)
    HEAP                                     0x20000da8   Section     2048  startup_stm32f30x.o(HEAP)
    Heap_Mem                                 0x20000da8   Data        2048  startup_stm32f30x.o(HEAP)
    STACK                                    0x200015a8   Section     2048  startup_stm32f30x.o(STACK)
    Stack_Mem                                0x200015a8   Data        2048  startup_stm32f30x.o(STACK)
    __initial_sp                             0x20001da8   Data           0  startup_stm32f30x.o(STACK)

    Global Symbols

    Symbol Name                              Value     Ov Type        Size  Object(Section)

    BuildAttributes$$THM_ISAv4$E$P$D$K$B$S$7EM$VFPi3$EXTD16$VFPS$VFMA$PE$A:L22UL41UL21$X:L11$S22US41US21$IEEE1$IW$USESV6$~STKCKD$USESV7$~SHL$OSPACE$ROPI$EBA8$UX$STANDARDLIB$REQ8$PRES8$EABIv2 0x00000000   Number         0  anon$$obj.o ABSOLUTE
    __ARM_use_no_argv                        0x00000000   Number         0  app_main.o ABSOLUTE
    __ARM_exceptions_init                     - Undefined Weak Reference
    __alloca_initialize                       - Undefined Weak Reference
    __arm_preinit_                            - Undefined Weak Reference
    __cpp_initialize__aeabi_                  - Undefined Weak Reference
    __cxa_finalize                            - Undefined Weak Reference
    __rt_locale                               - Undefined Weak Reference
    __sigvec_lookup                           - Undefined Weak Reference
    _atexit_init                              - Undefined Weak Reference
    _call_atexit_fns                          - Undefined Weak Reference
    _clock_init                               - Undefined Weak Reference
    _fp_trap_init                             - Undefined Weak Reference
    _fp_trap_shutdown                         - Undefined Weak Reference
    _get_lc_collate                           - Undefined Weak Reference
    _get_lc_ctype                             - Undefined Weak Reference
    _get_lc_monetary                          - Undefined Weak Reference
    _get_lc_numeric                           - Undefined Weak Reference
    _get_lc_time                              - Undefined Weak Reference
    _getenv_init                              - Undefined Weak Reference
    _handle_redirection                       - Undefined Weak Reference
    _init_alloc                               - Undefined Weak Reference
    _init_user_alloc                          - Undefined Weak Reference
    _initio                                   - Undefined Weak Reference
    _rand_init                                - Undefined Weak Reference
    _signal_finish                            - Undefined Weak Reference
    _signal_init                              - Undefined Weak Reference
    _terminate_alloc                          - Undefined Weak Reference
    _terminate_user_alloc                     - Undefined Weak Reference
    _terminateio                              - Undefined Weak Reference
    __Vectors_Size                           0x00000188   Number         0  startup_stm32f30x.o ABSOLUTE
    __Vectors                                0x08000000   Data           4  startup_stm32f30x.o(RESET)
    __Vectors_End                            0x08000188   Data           0  startup_stm32f30x.o(RESET)
    __main                                   0x08000189   Thumb Code     8  __main.o(!!!main)
    __scatterload                            0x08000191   Thumb Code     0  __scatter.o(!!!scatter)
    __scatterload_rt2                        0x08000191   Thumb Code    44  __scatter.o(!!!scatter)
    __scatterload_rt2_thumb_only             0x08000191   Thumb Code     0  __scatter.o(!!!scatter)
    __scatterload_null                       0x0800019f   Thumb Code     0  __scatter.o(!!!scatter)
    __decompress                             0x080001c5   Thumb Code    90  __dczerorl2.o(!!dczerorl2)
    __decompress1                            0x080001c5   Thumb Code     0  __dczerorl2.o(!!dczerorl2)
    __scatterload_zeroinit                   0x08000221   Thumb Code    28  __scatter_zi.o(!!handler_zi)
    __rt_lib_init                            0x0800023d   Thumb Code     0  libinit.o(.ARM.Collect$$libinit$$00000000)
    __rt_lib_init_fp_1                       0x0800023f   Thumb Code     0  libinit2.o(.ARM.Collect$$libinit$$00000001)
    __rt_lib_init_alloca_1                   0x08000243   Thumb Code     0  libinit2.o(.ARM.Collect$$libinit$$0000002E)
    __rt_lib_init_argv_1                     0x08000243   Thumb Code     0  libinit2.o(.ARM.Collect$$libinit$$0000002C)
    __rt_lib_init_atexit_1                   0x08000243   Thumb Code     0  libinit2.o(.ARM.Collect$$libinit$$0000001B)
    __rt_lib_init_clock_1                    0x08000243   Thumb Code     0  libinit2.o(.ARM.Collect$$libinit$$00000021)
    __rt_lib_init_cpp_1                      0x08000243   Thumb Code     0  libinit2.o(.ARM.Collect$$libinit$$00000032)
    __rt_lib_init_exceptions_1               0x08000243   Thumb Code     0  libinit2.o(.ARM.Collect$$libinit$$00000030)
    __rt_lib_init_fp_trap_1                  0x08000243   Thumb Code     0  libinit2.o(.ARM.Collect$$libinit$$0000001F)
    __rt_lib_init_getenv_1                   0x08000243   Thumb Code     0  libinit2.o(.ARM.Collect$$libinit$$00000023)
    __rt_lib_init_heap_1                     0x08000243   Thumb Code     0  libinit2.o(.ARM.Collect$$libinit$$0000000A)
    __rt_lib_init_lc_collate_1               0x08000243   Thumb Code     0  libinit2.o(.ARM.Collect$$libinit$$00000011)
    __rt_lib_init_lc_ctype_1                 0x08000243   Thumb Code     0  libinit2.o(.ARM.Collect$$libinit$$00000013)
    __rt_lib_init_lc_monetary_1              0x08000243   Thumb Code     0  libinit2.o(.ARM.Collect$$libinit$$00000015)
    __rt_lib_init_lc_numeric_1               0x08000243   Thumb Code     0  libinit2.o(.ARM.Collect$$libinit$$00000017)
    __rt_lib_init_lc_time_1                  0x08000243   Thumb Code     0  libinit2.o(.ARM.Collect$$libinit$$00000019)
    __rt_lib_init_preinit_1                  0x08000243   Thumb Code     0  libinit2.o(.ARM.Collect$$libinit$$00000004)
    __rt_lib_init_rand_1                     0x08000243   Thumb Code     0  libinit2.o(.ARM.Collect$$libinit$$0000000E)
    __rt_lib_init_return                     0x08000243   Thumb Code     0  libinit2.o(.ARM.Collect$$libinit$$00000033)
    __rt_lib_init_signal_1                   0x08000243   Thumb Code     0  libinit2.o(.ARM.Collect$$libinit$$0000001D)
    __rt_lib_init_stdio_1                    0x08000243   Thumb Code     0  libinit2.o(.ARM.Collect$$libinit$$00000025)
    __rt_lib_init_user_alloc_1               0x08000243   Thumb Code     0  libinit2.o(.ARM.Collect$$libinit$$0000000C)
    __rt_lib_shutdown                        0x08000245   Thumb Code     0  libshutdown.o(.ARM.Collect$$libshutdown$$00000000)
    __rt_lib_shutdown_cpp_1                  0x08000247   Thumb Code     0  libshutdown2.o(.ARM.Collect$$libshutdown$$00000002)
    __rt_lib_shutdown_fp_trap_1              0x08000247   Thumb Code     0  libshutdown2.o(.ARM.Collect$$libshutdown$$00000007)
    __rt_lib_shutdown_heap_1                 0x08000247   Thumb Code     0  libshutdown2.o(.ARM.Collect$$libshutdown$$0000000F)
    __rt_lib_shutdown_return                 0x08000247   Thumb Code     0  libshutdown2.o(.ARM.Collect$$libshutdown$$00000010)
    __rt_lib_shutdown_signal_1               0x08000247   Thumb Code     0  libshutdown2.o(.ARM.Collect$$libshutdown$$0000000A)
    __rt_lib_shutdown_stdio_1                0x08000247   Thumb Code     0  libshutdown2.o(.ARM.Collect$$libshutdown$$00000004)
    __rt_lib_shutdown_user_alloc_1           0x08000247   Thumb Code     0  libshutdown2.o(.ARM.Collect$$libshutdown$$0000000C)
    __rt_entry                               0x08000249   Thumb Code     0  __rtentry.o(.ARM.Collect$$rtentry$$00000000)
    __rt_entry_presh_1                       0x08000249   Thumb Code     0  __rtentry2.o(.ARM.Collect$$rtentry$$00000002)
    __rt_entry_sh                            0x08000249   Thumb Code     0  __rtentry4.o(.ARM.Collect$$rtentry$$00000004)
    __rt_entry_li                            0x0800024f   Thumb Code     0  __rtentry2.o(.ARM.Collect$$rtentry$$0000000A)
    __rt_entry_postsh_1                      0x0800024f   Thumb Code     0  __rtentry2.o(.ARM.Collect$$rtentry$$00000009)
    __rt_entry_main                          0x08000253   Thumb Code     0  __rtentry2.o(.ARM.Collect$$rtentry$$0000000D)
    __rt_entry_postli_1                      0x08000253   Thumb Code     0  __rtentry2.o(.ARM.Collect$$rtentry$$0000000C)
    __rt_exit                                0x0800025b   Thumb Code     0  rtexit.o(.ARM.Collect$$rtexit$$00000000)
    __rt_exit_ls                             0x0800025d   Thumb Code     0  rtexit2.o(.ARM.Collect$$rtexit$$00000003)
    __rt_exit_prels_1                        0x0800025d   Thumb Code     0  rtexit2.o(.ARM.Collect$$rtexit$$00000002)
    __rt_exit_exit                           0x08000261   Thumb Code     0  rtexit2.o(.ARM.Collect$$rtexit$$00000004)
    Reset_Handler                            0x08000269   Thumb Code    14  startup_stm32f30x.o(.text)
    NMI_Handler                              0x08000277   Thumb Code     2  startup_stm32f30x.o(.text)
    HardFault_Handler                        0x08000279   Thumb Code     2  startup_stm32f30x.o(.text)
    MemManage_Handler                        0x0800027b   Thumb Code     2  startup_stm32f30x.o(.text)
    BusFault_Handler                         0x0800027d   Thumb Code     2  startup_stm32f30x.o(.text)
    UsageFault_Handler                       0x0800027f   Thumb Code     2  startup_stm32f30x.o(.text)
    SVC_Handler                              0x08000281   Thumb Code     2  startup_stm32f30x.o(.text)
    DebugMon_Handler                         0x08000283   Thumb Code     2  startup_stm32f30x.o(.text)
    PendSV_Handler                           0x08000285   Thumb Code     2  startup_stm32f30x.o(.text)
    SysTick_Handler                          0x08000287   Thumb Code     2  startup_stm32f30x.o(.text)
    ADC1_2_IRQHandler                        0x08000289   Thumb Code     0  startup_stm32f30x.o(.text)
    ADC3_IRQHandler                          0x08000289   Thumb Code     0  startup_stm32f30x.o(.text)
    ADC4_IRQHandler                          0x08000289   Thumb Code     0  startup_stm32f30x.o(.text)
    CAN1_RX1_IRQHandler                      0x08000289   Thumb Code     0  startup_stm32f30x.o(.text)
    CAN1_SCE_IRQHandler                      0x08000289   Thumb Code     0  startup_stm32f30x.o(.text)
    COMP1_2_3_IRQHandler                     0x08000289   Thumb Code     0  startup_stm32f30x.o(.text)
    COMP4_5_6_IRQHandler                     0x08000289   Thumb Code     0  startup_stm32f30x.o(.text)
    COMP7_IRQHandler                         0x08000289   Thumb Code     0  startup_stm32f30x.o(.text)
    DMA1_Channel1_IRQHandler                 0x08000289   Thumb Code     0  startup_stm32f30x.o(.text)
    DMA1_Channel3_IRQHandler                 0x08000289   Thumb Code     0  startup_stm32f30x.o(.text)
    DMA1_Channel5_IRQHandler                 0x08000289   Thumb Code     0  startup_stm32f30x.o(.text)
    DMA1_Channel6_IRQHandler                 0x08000289   Thumb Code     0  startup_stm32f30x.o(.text)
    DMA1_Channel7_IRQHandler                 0x08000289   Thumb Code     0  startup_stm32f30x.o(.text)
    DMA2_Channel1_IRQHandler                 0x08000289   Thumb Code     0  startup_stm32f30x.o(.text)
    DMA2_Channel2_IRQHandler                 0x08000289   Thumb Code     0  startup_stm32f30x.o(.text)
    DMA2_Channel3_IRQHandler                 0x08000289   Thumb Code     0  startup_stm32f30x.o(.text)
    DMA2_Channel4_IRQHandler                 0x08000289   Thumb Code     0  startup_stm32f30x.o(.text)
    DMA2_Channel5_IRQHandler                 0x08000289   Thumb Code     0  startup_stm32f30x.o(.text)
    EXTI0_IRQHandler                         0x08000289   Thumb Code     0  startup_stm32f30x.o(.text)
    EXTI15_10_IRQHandler                     0x08000289   Thumb Code     0  startup_stm32f30x.o(.text)
    EXTI1_IRQHandler                         0x08000289   Thumb Code     0  startup_stm32f30x.o(.text)
    EXTI2_TS_IRQHandler                      0x08000289   Thumb Code     0  startup_stm32f30x.o(.text)
    EXTI3_IRQHandler                         0x08000289   Thumb Code     0  startup_stm32f30x.o(.text)
    EXTI4_IRQHandler                         0x08000289   Thumb Code     0  startup_stm32f30x.o(.text)
    EXTI9_5_IRQHandler                       0x08000289   Thumb Code     0  startup_stm32f30x.o(.text)
    FLASH_IRQHandler                         0x08000289   Thumb Code     0  startup_stm32f30x.o(.text)
    FPU_IRQHandler                           0x08000289   Thumb Code     0  startup_stm32f30x.o(.text)
    I2C1_ER_IRQHandler                       0x08000289   Thumb Code     0  startup_stm32f30x.o(.text)
    I2C1_EV_IRQHandler                       0x08000289   Thumb Code     0  startup_stm32f30x.o(.text)
    I2C2_ER_IRQHandler                       0x08000289   Thumb Code     0  startup_stm32f30x.o(.text)
    I2C2_EV_IRQHandler                       0x08000289   Thumb Code     0  startup_stm32f30x.o(.text)
    PVD_IRQHandler                           0x08000289   Thumb Code     0  startup_stm32f30x.o(.text)
    RCC_IRQHandler                           0x08000289   Thumb Code     0  startup_stm32f30x.o(.text)
    RTC_Alarm_IRQHandler                     0x08000289   Thumb Code     0  startup_stm32f30x.o(.text)
    RTC_WKUP_IRQHandler                      0x08000289   Thumb Code     0  startup_stm32f30x.o(.text)
    SPI1_IRQHandler                          0x08000289   Thumb Code     0  startup_stm32f30x.o(.text)
    SPI2_IRQHandler                          0x08000289   Thumb Code     0  startup_stm32f30x.o(.text)
    SPI3_IRQHandler                          0x08000289   Thumb Code     0  startup_stm32f30x.o(.text)
    TAMPER_STAMP_IRQHandler                  0x08000289   Thumb Code     0  startup_stm32f30x.o(.text)
    TIM1_BRK_TIM15_IRQHandler                0x08000289   Thumb Code     0  startup_stm32f30x.o(.text)
    TIM1_CC_IRQHandler                       0x08000289   Thumb Code     0  startup_stm32f30x.o(.text)
    TIM1_TRG_COM_TIM17_IRQHandler            0x08000289   Thumb Code     0  startup_stm32f30x.o(.text)
    TIM1_UP_TIM16_IRQHandler                 0x08000289   Thumb Code     0  startup_stm32f30x.o(.text)
    TIM2_IRQHandler                          0x08000289   Thumb Code     0  startup_stm32f30x.o(.text)
    TIM3_IRQHandler                          0x08000289   Thumb Code     0  startup_stm32f30x.o(.text)
    TIM4_IRQHandler                          0x08000289   Thumb Code     0  startup_stm32f30x.o(.text)
    TIM7_IRQHandler                          0x08000289   Thumb Code     0  startup_stm32f30x.o(.text)
    TIM8_BRK_IRQHandler                      0x08000289   Thumb Code     0  startup_stm32f30x.o(.text)
    TIM8_CC_IRQHandler                       0x08000289   Thumb Code     0  startup_stm32f30x.o(.text)
    TIM8_TRG_COM_IRQHandler                  0x08000289   Thumb Code     0  startup_stm32f30x.o(.text)
    TIM8_UP_IRQHandler                       0x08000289   Thumb Code     0  startup_stm32f30x.o(.text)
    UART4_IRQHandler                         0x08000289   Thumb Code     0  startup_stm32f30x.o(.text)
    UART5_IRQHandler                         0x08000289   Thumb Code     0  startup_stm32f30x.o(.text)
    USART2_IRQHandler                        0x08000289   Thumb Code     0  startup_stm32f30x.o(.text)
    USBWakeUp_IRQHandler                     0x08000289   Thumb Code     0  startup_stm32f30x.o(.text)
    USBWakeUp_RMP_IRQHandler                 0x08000289   Thumb Code     0  startup_stm32f30x.o(.text)
    USB_HP_CAN1_TX_IRQHandler                0x08000289   Thumb Code     0  startup_stm32f30x.o(.text)
    USB_HP_IRQHandler                        0x08000289   Thumb Code     0  startup_stm32f30x.o(.text)
    USB_LP_CAN1_RX0_IRQHandler               0x08000289   Thumb Code     0  startup_stm32f30x.o(.text)
    USB_LP_IRQHandler                        0x08000289   Thumb Code     0  startup_stm32f30x.o(.text)
    WWDG_IRQHandler                          0x08000289   Thumb Code     0  startup_stm32f30x.o(.text)
    __user_initial_stackheap                 0x0800028d   Thumb Code     0  startup_stm32f30x.o(.text)
    __use_two_region_memory                  0x080002b1   Thumb Code     2  heapauxi.o(.text)
    __rt_heap_escrow$2region                 0x080002b3   Thumb Code     2  heapauxi.o(.text)
    __rt_heap_expand$2region                 0x080002b5   Thumb Code     2  heapauxi.o(.text)
    __user_setup_stackheap                   0x080002b7   Thumb Code    74  sys_stackheap_outer.o(.text)
    exit                                     0x08000301   Thumb Code    18  exit.o(.text)
    __user_libspace                          0x08000315   Thumb Code     8  libspace.o(.text)
    __user_perproc_libspace                  0x08000315   Thumb Code     0  libspace.o(.text)
    __user_perthread_libspace                0x08000315   Thumb Code     0  libspace.o(.text)
    _sys_exit                                0x0800031d   Thumb Code     8  sys_exit.o(.text)
    __I$use$semihosting                      0x08000329   Thumb Code     0  use_no_semi.o(.text)
    __use_no_semihosting_swi                 0x08000329   Thumb Code     2  use_no_semi.o(.text)
    __semihosting_library_function           0x0800032b   Thumb Code     0  indicate_semi.o(.text)
    DMA1_Channel2_IRQHandler                 0x0800032d   Thumb Code    44  hal_uart.o(i.DMA1_Channel2_IRQHandler)
    DMA1_Channel4_IRQHandler                 0x08000369   Thumb Code    44  hal_uart.o(i.DMA1_Channel4_IRQHandler)
    LedCtrlModeCrtl                          0x080003a5   Thumb Code   122  app_led_ctrl.o(i.LedCtrlModeCrtl)
    LedCtrlModeInit                          0x08000429   Thumb Code    62  app_led_ctrl.o(i.LedCtrlModeInit)
    LedCtrlSendPulse                         0x08000467   Thumb Code    88  app_led_ctrl.o(i.LedCtrlSendPulse)
    LedDataSet                               0x080004c1   Thumb Code   132  app_led_ctrl.o(i.LedDataSet)
    LedSysTest                               0x08000549   Thumb Code    66  app_main_task.o(i.LedSysTest)
    Led_delay                                0x08000595   Thumb Code    10  app_led_ctrl.o(i.Led_delay)
    TIM6_DAC_IRQHandler                      0x080005a1   Thumb Code    16  hal_timer.o(i.TIM6_DAC_IRQHandler)
    USART1_IRQHandler                        0x080005b5   Thumb Code   302  hal_uart.o(i.USART1_IRQHandler)
    USART3_IRQHandler                        0x08000701   Thumb Code   226  hal_uart.o(i.USART3_IRQHandler)
    app_main_task                            0x080007f9   Thumb Code   208  app_main_task.o(i.app_main_task)
    app_uart_extern_msg_packet_process       0x080008d1   Thumb Code     8  app_sdwe_ctrl.o(i.app_uart_extern_msg_packet_process)
    drv_debug_apb1_stop                      0x080008d9   Thumb Code    12  drv_dbgmcu.o(i.drv_debug_apb1_stop)
    drv_delay_init                           0x080008e9   Thumb Code    60  drv_delay.o(i.drv_delay_init)
    drv_delay_us                             0x08000935   Thumb Code    64  drv_delay.o(i.drv_delay_us)
    drv_dma_set_mem_addr_length              0x08000979   Thumb Code    12  drv_dma.o(i.drv_dma_set_mem_addr_length)
    drv_dma_stream_clear_flag_status         0x08000985   Thumb Code    30  drv_dma.o(i.drv_dma_stream_clear_flag_status)
    drv_dma_stream_clear_it_pending_bit      0x080009ad   Thumb Code    18  drv_dma.o(i.drv_dma_stream_clear_it_pending_bit)
    drv_dma_stream_deinit                    0x080009c9   Thumb Code   252  drv_dma.o(i.drv_dma_stream_deinit)
    drv_dma_stream_disable                   0x08000acd   Thumb Code    10  drv_dma.o(i.drv_dma_stream_disable)
    drv_dma_stream_enable                    0x08000ad7   Thumb Code    12  drv_dma.o(i.drv_dma_stream_enable)
    drv_dma_stream_get_it_status             0x08000ae5   Thumb Code    90  drv_dma.o(i.drv_dma_stream_get_it_status)
    drv_dma_stream_get_left_length           0x08000b49   Thumb Code    14  drv_dma.o(i.drv_dma_stream_get_left_length)
    drv_dma_stream_init                      0x08000b57   Thumb Code   108  drv_dma.o(i.drv_dma_stream_init)
    drv_dma_stream_it_enable                 0x08000bc3   Thumb Code     8  drv_dma.o(i.drv_dma_stream_it_enable)
    drv_dma_stream_start_mem_to_periph       0x08000bcb   Thumb Code    52  drv_dma.o(i.drv_dma_stream_start_mem_to_periph)
    drv_dma_stream_start_periph_to_mem       0x08000bff   Thumb Code    52  drv_dma.o(i.drv_dma_stream_start_periph_to_mem)
    drv_gpio_alternate_function_connect      0x08000c33   Thumb Code    66  drv_gpio.o(i.drv_gpio_alternate_function_connect)
    drv_gpio_alternate_function_init         0x08000c75   Thumb Code   220  drv_gpio.o(i.drv_gpio_alternate_function_init)
    drv_gpio_input_init                      0x08000d51   Thumb Code    96  drv_gpio.o(i.drv_gpio_input_init)
    drv_gpio_output_init                     0x08000db1   Thumb Code   220  drv_gpio.o(i.drv_gpio_output_init)
    drv_gpio_set_pins_high                   0x08000e8d   Thumb Code     8  hal_uart.o(i.drv_gpio_set_pins_high)
    drv_nvic_enable                          0x08000e95   Thumb Code    22  drv_nvic.o(i.drv_nvic_enable)
    drv_nvic_init                            0x08000ead   Thumb Code    56  drv_nvic.o(i.drv_nvic_init)
    drv_rcc_ahb1_clk_enable                  0x08000eed   Thumb Code    12  drv_rcc.o(i.drv_rcc_ahb1_clk_enable)
    drv_rcc_apb1_clk_enable                  0x08000efd   Thumb Code    12  drv_rcc.o(i.drv_rcc_apb1_clk_enable)
    drv_rcc_apb1_periph_reset_disable        0x08000f0d   Thumb Code    12  drv_rcc.o(i.drv_rcc_apb1_periph_reset_disable)
    drv_rcc_apb1_periph_reset_enable         0x08000f1d   Thumb Code    12  drv_rcc.o(i.drv_rcc_apb1_periph_reset_enable)
    drv_rcc_apb2_clk_enable                  0x08000f2d   Thumb Code    12  drv_rcc.o(i.drv_rcc_apb2_clk_enable)
    drv_rcc_apb2_periph_reset_disable        0x08000f3d   Thumb Code    12  drv_rcc.o(i.drv_rcc_apb2_periph_reset_disable)
    drv_rcc_apb2_periph_reset_enable         0x08000f4d   Thumb Code    12  drv_rcc.o(i.drv_rcc_apb2_periph_reset_enable)
    drv_rcc_get_clocks_freq                  0x08000f5d   Thumb Code   238  drv_rcc.o(i.drv_rcc_get_clocks_freq)
    drv_rcc_init                             0x08001061   Thumb Code   694  drv_rcc.o(i.drv_rcc_init)
    drv_timer_base_init                      0x08001341   Thumb Code   104  drv_timer.o(i.drv_timer_base_init)
    drv_timer_clear_it_pending_bit           0x080013c1   Thumb Code     8  drv_timer.o(i.drv_timer_clear_it_pending_bit)
    drv_timer_deinit                         0x080013c9   Thumb Code   216  drv_timer.o(i.drv_timer_deinit)
    drv_timer_enable                         0x080014c5   Thumb Code    12  drv_timer.o(i.drv_timer_enable)
    drv_timer_it_enable                      0x080014d1   Thumb Code     8  drv_timer.o(i.drv_timer_it_enable)
    drv_uart_clear_flag_status               0x080014d9   Thumb Code     4  drv_uart.o(i.drv_uart_clear_flag_status)
    drv_uart_clear_it_pending_bit            0x080014dd   Thumb Code    18  drv_uart.o(i.drv_uart_clear_it_pending_bit)
    drv_uart_deinit                          0x080014f1   Thumb Code   124  drv_uart.o(i.drv_uart_deinit)
    drv_uart_dma_rx_enable                   0x08001581   Thumb Code    12  drv_uart.o(i.drv_uart_dma_rx_enable)
    drv_uart_dma_tx_enable                   0x0800158d   Thumb Code    12  drv_uart.o(i.drv_uart_dma_tx_enable)
    drv_uart_get_flag_status                 0x08001599   Thumb Code    16  drv_uart.o(i.drv_uart_get_flag_status)
    drv_uart_init                            0x080015a9   Thumb Code   190  drv_uart.o(i.drv_uart_init)
    drv_uart_it_disable                      0x08001667   Thumb Code    52  drv_uart.o(i.drv_uart_it_disable)
    drv_uart_it_enable                       0x0800169b   Thumb Code    52  drv_uart.o(i.drv_uart_it_enable)
    drv_uart_put_bytes                       0x080016cf   Thumb Code    32  drv_uart.o(i.drv_uart_put_bytes)
    drv_uart_set_baudrate                    0x080016f1   Thumb Code   116  drv_uart.o(i.drv_uart_set_baudrate)
    hal_clock_init                           0x0800176d   Thumb Code    24  hal_clock.o(i.hal_clock_init)
    hal_delay_init                           0x08001785   Thumb Code     8  hal_delay.o(i.hal_delay_init)
    hal_delay_us                             0x0800178d   Thumb Code    12  app_hx711_ctrl.o(i.hal_delay_us)
    hal_di_get                               0x08001799   Thumb Code    36  hal_gpio.o(i.hal_di_get)
    hal_gpio_set_do_high                     0x080017c5   Thumb Code    22  hal_gpio.o(i.hal_gpio_set_do_high)
    hal_gpio_set_do_low                      0x080017e5   Thumb Code    22  hal_gpio.o(i.hal_gpio_set_do_low)
    hal_timer_init                           0x08001805   Thumb Code    66  hal_timer.o(i.hal_timer_init)
    hal_uart_dma_rx_start                    0x08001851   Thumb Code    70  hal_uart.o(i.hal_uart_dma_rx_start)
    hal_uart_gpio_init                       0x080018a9   Thumb Code   806  hal_uart.o(i.hal_uart_gpio_init)
    hal_uart_port_init                       0x08001c01   Thumb Code   560  hal_uart.o(i.hal_uart_port_init)
    hal_uart_rx_irq_disable                  0x08001e69   Thumb Code    48  hal_uart.o(i.hal_uart_rx_irq_disable)
    hal_uart_rx_irq_enable                   0x08001ea5   Thumb Code    48  hal_uart.o(i.hal_uart_rx_irq_enable)
    hal_uart_set_braudrate                   0x08001ee1   Thumb Code    34  hal_uart.o(i.hal_uart_set_braudrate)
    hal_uart_set_rx_mode                     0x08001f0d   Thumb Code    26  hal_uart.o(i.hal_uart_set_rx_mode)
    hal_uart_set_timeout                     0x08001f31   Thumb Code     2  hal_uart.o(i.hal_uart_set_timeout)
    hal_uart_set_tx_mode                     0x08001f35   Thumb Code    24  hal_uart.o(i.hal_uart_set_tx_mode)
    hal_uart_tx_bytes                        0x08001f55   Thumb Code   246  hal_uart.o(i.hal_uart_tx_bytes)
    hx711_AllChanelSample                    0x0800205d   Thumb Code   216  app_hx711_ctrl.o(i.hx711_AllChanelSample)
    hx711_DataSampleCtrl                     0x08002139   Thumb Code   226  app_hx711_ctrl.o(i.hx711_DataSampleCtrl)
    hx711_MainFunction                       0x08002229   Thumb Code    80  app_hx711_ctrl.o(i.hx711_MainFunction)
    hx711_SigChanelAvrgAndWeightCalc         0x08002285   Thumb Code   158  app_hx711_ctrl.o(i.hx711_SigChanelAvrgAndWeightCalc)
    hx711_init                               0x08002331   Thumb Code   228  app_hx711_ctrl.o(i.hx711_init)
    main                                     0x08002421   Thumb Code    20  app_main.o(i.main)
    sampleDataPush                           0x08002435   Thumb Code   120  app_hx711_ctrl.o(i.sampleDataPush)
    sdweWrite                                0x080024ad   Thumb Code   140  app_sdwe_ctrl.o(i.sdweWrite)
    sdwe_init                                0x08002541   Thumb Code    50  app_sdwe_ctrl.o(i.sdwe_init)
    sdwe_test                                0x08002579   Thumb Code   122  app_sdwe_ctrl.o(i.sdwe_test)
    system_init                              0x08002609   Thumb Code    32  app_main.o(i.system_init)
    wm_hal_gpio_init                         0x08002629   Thumb Code    86  hal_gpio.o(i.wm_hal_gpio_init)
    __aeabi_dadd                             0x08002699   Thumb Code     0  daddsub_clz.o(x$fpl$dadd)
    _dadd                                    0x08002699   Thumb Code   332  daddsub_clz.o(x$fpl$dadd)
    __aeabi_d2uiz                            0x080027e9   Thumb Code     0  dfixu.o(x$fpl$dfixu)
    _dfixu                                   0x080027e9   Thumb Code    90  dfixu.o(x$fpl$dfixu)
    __fpl_dnaninf                            0x08002843   Thumb Code   156  dnaninf.o(x$fpl$dnaninf)
    __fpl_dretinf                            0x080028df   Thumb Code    12  dretinf.o(x$fpl$dretinf)
    __aeabi_dsub                             0x080028ed   Thumb Code     0  daddsub_clz.o(x$fpl$dsub)
    _dsub                                    0x080028ed   Thumb Code   464  daddsub_clz.o(x$fpl$dsub)
    __aeabi_f2d                              0x08002ac1   Thumb Code     0  f2d.o(x$fpl$f2d)
    _f2d                                     0x08002ac1   Thumb Code    86  f2d.o(x$fpl$f2d)
    __fpl_fnaninf                            0x08002b17   Thumb Code   140  fnaninf.o(x$fpl$fnaninf)
    _fp_init                                 0x08002ba3   Thumb Code    10  fpinit.o(x$fpl$fpinit)
    __fplib_config_fpu_vfp                   0x08002bab   Thumb Code     0  fpinit.o(x$fpl$fpinit)
    __fplib_config_pureend_doubles           0x08002bab   Thumb Code     0  fpinit.o(x$fpl$fpinit)
    DO_GPIO_CLK                              0x08002bac   Data          52  hal_gpio.o(.constdata)
    __I$use$fp                               0x08002bac   Number         0  usenofp.o(x$fpl$usenofp)
    DO_GPIO_PIN                              0x08002be0   Data          26  hal_gpio.o(.constdata)
    DI_GPIO_CLK                              0x08002bfc   Data          56  hal_gpio.o(.constdata)
    DI_GPIO_PIN                              0x08002c34   Data          28  hal_gpio.o(.constdata)
    UART_PORT_CLK                            0x08002c50   Data           8  hal_uart.o(.constdata)
    UART_PORT_IRQn                           0x08002c58   Data           2  hal_uart.o(.constdata)
    UART_PORT_GPIO_AF                        0x08002c5a   Data           2  hal_uart.o(.constdata)
    UART_TX_GPIO_CLK                         0x08002c5c   Data           8  hal_uart.o(.constdata)
    UART_TX_GPIO_PIN                         0x08002c64   Data           4  hal_uart.o(.constdata)
    UART_TX_PIN_SOURCE                       0x08002c68   Data           4  hal_uart.o(.constdata)
    UART_RX_GPIO_CLK                         0x08002c6c   Data           8  hal_uart.o(.constdata)
    UART_RX_GPIO_PIN                         0x08002c74   Data           4  hal_uart.o(.constdata)
    UART_RX_PIN_SOURCE                       0x08002c78   Data           4  hal_uart.o(.constdata)
    UART_DEA_GPIO_CLK                        0x08002c7c   Data           8  hal_uart.o(.constdata)
    UART_DEA_GPIO_PIN                        0x08002c84   Data           4  hal_uart.o(.constdata)
    UART_TX_DMA_CLK                          0x08002c88   Data           8  hal_uart.o(.constdata)
    UART_TX_DMA_IRQn                         0x08002c90   Data           2  hal_uart.o(.constdata)
    UART_TX_DMA_IT_TCIF                      0x08002c94   Data           8  hal_uart.o(.constdata)
    UART_RX_DMA_CLK                          0x08002c9c   Data           8  hal_uart.o(.constdata)
    g_UartBaudTab                            0x08002ca4   Data          40  hal_uart.o(.constdata)
    Region$$Table$$Base                      0x08002ccc   Number         0  anon$$obj.o(Region$$Table)
    Region$$Table$$Limit                     0x08002cec   Number         0  anon$$obj.o(Region$$Table)
    mainTaskStatus                           0x20000000   Data           1  app_main_task.o(.data)
    g_led_ctrl_data                          0x2000000b   Data           4  app_led_ctrl.o(.data)
    g_HX711_Data                             0x20000014   Data          32  app_hx711_ctrl.o(.data)
    g_sdwe                                   0x20000038   Data         520  app_sdwe_ctrl.o(.data)
    DO_GPIO_PORT                             0x20000248   Data          52  hal_gpio.o(.data)
    DI_GPIO_PORT                             0x2000027c   Data          56  hal_gpio.o(.data)
    UART_PORT                                0x200002b4   Data           8  hal_uart.o(.data)
    UART_TX_GPIO_PORT                        0x200002bc   Data           8  hal_uart.o(.data)
    UART_RX_GPIO_PORT                        0x200002c4   Data           8  hal_uart.o(.data)
    UART_DEA_GPIO_PORT                       0x200002cc   Data           8  hal_uart.o(.data)
    UART_TX_DMA                              0x200002d4   Data           8  hal_uart.o(.data)
    UART_TX_DMA_CHANNEL                      0x200002dc   Data           8  hal_uart.o(.data)
    UART_RX_DMA                              0x200002e4   Data           8  hal_uart.o(.data)
    UART_RX_DMA_CHANNEL                      0x200002ec   Data           8  hal_uart.o(.data)
    g_UartDevice                             0x200002f4   Data         112  hal_uart.o(.data)
    l_RccWiteTimeOut                         0x2000037c   Data           4  drv_rcc.o(.data)
    l_sampleBuff                             0x20000380   Data         320  app_hx711_ctrl.o(.bss)
    l_sampleTotal                            0x200004c0   Data          32  app_hx711_ctrl.o(.bss)
    g_Weirgt                                 0x200004e0   Data          32  app_hx711_ctrl.o(.bss)
    g_ClockFrequency                         0x20000d20   Data          36  drv_rcc.o(.bss)
    __libspace_start                         0x20000d44   Data          96  libspace.o(.bss)
    __temporary_stack_top$libspace           0x20000da4   Data           0  libspace.o(.bss)



==============================================================================

Memory Map of the image

  Image Entry point : 0x08000189

  Load Region LR_IROM1 (Base: 0x08000000, Size: 0x0000306c, Max: 0x00040000, ABSOLUTE, COMPRESSED[0x00002d68])

    Execution Region ER_IROM1 (Base: 0x08000000, Size: 0x00002cec, Max: 0x00040000, ABSOLUTE)

    Base Addr    Size         Type   Attr      Idx    E Section Name        Object

    0x08000000   0x00000188   Data   RO          301    RESET               startup_stm32f30x.o
    0x08000188   0x00000008   Code   RO         1890  * !!!main             c_w.l(__main.o)
    0x08000190   0x00000034   Code   RO         2068    !!!scatter          c_w.l(__scatter.o)
    0x080001c4   0x0000005a   Code   RO         2066    !!dczerorl2         c_w.l(__dczerorl2.o)
    0x0800021e   0x00000002   PAD
    0x08000220   0x0000001c   Code   RO         2070    !!handler_zi        c_w.l(__scatter_zi.o)
    0x0800023c   0x00000002   Code   RO         1936    .ARM.Collect$$libinit$$00000000  c_w.l(libinit.o)
    0x0800023e   0x00000004   Code   RO         1942    .ARM.Collect$$libinit$$00000001  c_w.l(libinit2.o)
    0x08000242   0x00000000   Code   RO         1945    .ARM.Collect$$libinit$$00000004  c_w.l(libinit2.o)
    0x08000242   0x00000000   Code   RO         1948    .ARM.Collect$$libinit$$0000000A  c_w.l(libinit2.o)
    0x08000242   0x00000000   Code   RO         1950    .ARM.Collect$$libinit$$0000000C  c_w.l(libinit2.o)
    0x08000242   0x00000000   Code   RO         1952    .ARM.Collect$$libinit$$0000000E  c_w.l(libinit2.o)
    0x08000242   0x00000000   Code   RO         1955    .ARM.Collect$$libinit$$00000011  c_w.l(libinit2.o)
    0x08000242   0x00000000   Code   RO         1957    .ARM.Collect$$libinit$$00000013  c_w.l(libinit2.o)
    0x08000242   0x00000000   Code   RO         1959    .ARM.Collect$$libinit$$00000015  c_w.l(libinit2.o)
    0x08000242   0x00000000   Code   RO         1961    .ARM.Collect$$libinit$$00000017  c_w.l(libinit2.o)
    0x08000242   0x00000000   Code   RO         1963    .ARM.Collect$$libinit$$00000019  c_w.l(libinit2.o)
    0x08000242   0x00000000   Code   RO         1965    .ARM.Collect$$libinit$$0000001B  c_w.l(libinit2.o)
    0x08000242   0x00000000   Code   RO         1967    .ARM.Collect$$libinit$$0000001D  c_w.l(libinit2.o)
    0x08000242   0x00000000   Code   RO         1969    .ARM.Collect$$libinit$$0000001F  c_w.l(libinit2.o)
    0x08000242   0x00000000   Code   RO         1971    .ARM.Collect$$libinit$$00000021  c_w.l(libinit2.o)
    0x08000242   0x00000000   Code   RO         1973    .ARM.Collect$$libinit$$00000023  c_w.l(libinit2.o)
    0x08000242   0x00000000   Code   RO         1975    .ARM.Collect$$libinit$$00000025  c_w.l(libinit2.o)
    0x08000242   0x00000000   Code   RO         1979    .ARM.Collect$$libinit$$0000002C  c_w.l(libinit2.o)
    0x08000242   0x00000000   Code   RO         1981    .ARM.Collect$$libinit$$0000002E  c_w.l(libinit2.o)
    0x08000242   0x00000000   Code   RO         1983    .ARM.Collect$$libinit$$00000030  c_w.l(libinit2.o)
    0x08000242   0x00000000   Code   RO         1985    .ARM.Collect$$libinit$$00000032  c_w.l(libinit2.o)
    0x08000242   0x00000002   Code   RO         1986    .ARM.Collect$$libinit$$00000033  c_w.l(libinit2.o)
    0x08000244   0x00000002   Code   RO         2006    .ARM.Collect$$libshutdown$$00000000  c_w.l(libshutdown.o)
    0x08000246   0x00000000   Code   RO         2019    .ARM.Collect$$libshutdown$$00000002  c_w.l(libshutdown2.o)
    0x08000246   0x00000000   Code   RO         2021    .ARM.Collect$$libshutdown$$00000004  c_w.l(libshutdown2.o)
    0x08000246   0x00000000   Code   RO         2024    .ARM.Collect$$libshutdown$$00000007  c_w.l(libshutdown2.o)
    0x08000246   0x00000000   Code   RO         2027    .ARM.Collect$$libshutdown$$0000000A  c_w.l(libshutdown2.o)
    0x08000246   0x00000000   Code   RO         2029    .ARM.Collect$$libshutdown$$0000000C  c_w.l(libshutdown2.o)
    0x08000246   0x00000000   Code   RO         2032    .ARM.Collect$$libshutdown$$0000000F  c_w.l(libshutdown2.o)
    0x08000246   0x00000002   Code   RO         2033    .ARM.Collect$$libshutdown$$00000010  c_w.l(libshutdown2.o)
    0x08000248   0x00000000   Code   RO         1904    .ARM.Collect$$rtentry$$00000000  c_w.l(__rtentry.o)
    0x08000248   0x00000000   Code   RO         1913    .ARM.Collect$$rtentry$$00000002  c_w.l(__rtentry2.o)
    0x08000248   0x00000006   Code   RO         1925    .ARM.Collect$$rtentry$$00000004  c_w.l(__rtentry4.o)
    0x0800024e   0x00000000   Code   RO         1915    .ARM.Collect$$rtentry$$00000009  c_w.l(__rtentry2.o)
    0x0800024e   0x00000004   Code   RO         1916    .ARM.Collect$$rtentry$$0000000A  c_w.l(__rtentry2.o)
    0x08000252   0x00000000   Code   RO         1918    .ARM.Collect$$rtentry$$0000000C  c_w.l(__rtentry2.o)
    0x08000252   0x00000008   Code   RO         1919    .ARM.Collect$$rtentry$$0000000D  c_w.l(__rtentry2.o)
    0x0800025a   0x00000002   Code   RO         1940    .ARM.Collect$$rtexit$$00000000  c_w.l(rtexit.o)
    0x0800025c   0x00000000   Code   RO         1988    .ARM.Collect$$rtexit$$00000002  c_w.l(rtexit2.o)
    0x0800025c   0x00000004   Code   RO         1989    .ARM.Collect$$rtexit$$00000003  c_w.l(rtexit2.o)
    0x08000260   0x00000006   Code   RO         1990    .ARM.Collect$$rtexit$$00000004  c_w.l(rtexit2.o)
    0x08000266   0x00000002   PAD
    0x08000268   0x00000048   Code   RO          302    .text               startup_stm32f30x.o
    0x080002b0   0x00000006   Code   RO         1888    .text               c_w.l(heapauxi.o)
    0x080002b6   0x0000004a   Code   RO         1927    .text               c_w.l(sys_stackheap_outer.o)
    0x08000300   0x00000012   Code   RO         1929    .text               c_w.l(exit.o)
    0x08000312   0x00000002   PAD
    0x08000314   0x00000008   Code   RO         1937    .text               c_w.l(libspace.o)
    0x0800031c   0x0000000c   Code   RO         1998    .text               c_w.l(sys_exit.o)
    0x08000328   0x00000002   Code   RO         2009    .text               c_w.l(use_no_semi.o)
    0x0800032a   0x00000000   Code   RO         2011    .text               c_w.l(indicate_semi.o)
    0x0800032a   0x00000002   PAD
    0x0800032c   0x0000003c   Code   RO          576    i.DMA1_Channel2_IRQHandler  firmware_wm_00_hal.lib(hal_uart.o)
    0x08000368   0x0000003c   Code   RO          577    i.DMA1_Channel4_IRQHandler  firmware_wm_00_hal.lib(hal_uart.o)
    0x080003a4   0x00000084   Code   RO          138    i.LedCtrlModeCrtl   app_led_ctrl.o
    0x08000428   0x0000003e   Code   RO          139    i.LedCtrlModeInit   app_led_ctrl.o
    0x08000466   0x00000058   Code   RO          140    i.LedCtrlSendPulse  app_led_ctrl.o
    0x080004be   0x00000002   PAD
    0x080004c0   0x00000088   Code   RO          141    i.LedDataSet        app_led_ctrl.o
    0x08000548   0x0000004c   Code   RO          111    i.LedSysTest        app_main_task.o
    0x08000594   0x0000000a   Code   RO          142    i.Led_delay         app_led_ctrl.o
    0x0800059e   0x00000002   PAD
    0x080005a0   0x00000014   Code   RO          491    i.TIM6_DAC_IRQHandler  firmware_wm_00_hal.lib(hal_timer.o)
    0x080005b4   0x0000014c   Code   RO          578    i.USART1_IRQHandler  firmware_wm_00_hal.lib(hal_uart.o)
    0x08000700   0x000000f8   Code   RO          579    i.USART3_IRQHandler  firmware_wm_00_hal.lib(hal_uart.o)
    0x080007f8   0x000000d8   Code   RO          112    i.app_main_task     app_main_task.o
    0x080008d0   0x00000008   Code   RO          265    i.app_uart_extern_msg_packet_process  app_sdwe_ctrl.o
    0x080008d8   0x00000010   Code   RO          704    i.drv_debug_apb1_stop  STM32F303DriverLib.lib(drv_dbgmcu.o)
    0x080008e8   0x0000004c   Code   RO          308    i.drv_delay_init    STM32F303DriverLib.lib(drv_delay.o)
    0x08000934   0x00000044   Code   RO          310    i.drv_delay_us      STM32F303DriverLib.lib(drv_delay.o)
    0x08000978   0x0000000c   Code   RO          739    i.drv_dma_set_mem_addr_length  STM32F303DriverLib.lib(drv_dma.o)
    0x08000984   0x00000028   Code   RO          740    i.drv_dma_stream_clear_flag_status  STM32F303DriverLib.lib(drv_dma.o)
    0x080009ac   0x0000001c   Code   RO          741    i.drv_dma_stream_clear_it_pending_bit  STM32F303DriverLib.lib(drv_dma.o)
    0x080009c8   0x00000104   Code   RO          742    i.drv_dma_stream_deinit  STM32F303DriverLib.lib(drv_dma.o)
    0x08000acc   0x0000000a   Code   RO          743    i.drv_dma_stream_disable  STM32F303DriverLib.lib(drv_dma.o)
    0x08000ad6   0x0000000c   Code   RO          744    i.drv_dma_stream_enable  STM32F303DriverLib.lib(drv_dma.o)
    0x08000ae2   0x00000002   PAD
    0x08000ae4   0x00000064   Code   RO          747    i.drv_dma_stream_get_it_status  STM32F303DriverLib.lib(drv_dma.o)
    0x08000b48   0x0000000e   Code   RO          748    i.drv_dma_stream_get_left_length  STM32F303DriverLib.lib(drv_dma.o)
    0x08000b56   0x0000006c   Code   RO          749    i.drv_dma_stream_init  STM32F303DriverLib.lib(drv_dma.o)
    0x08000bc2   0x00000008   Code   RO          751    i.drv_dma_stream_it_enable  STM32F303DriverLib.lib(drv_dma.o)
    0x08000bca   0x00000034   Code   RO          752    i.drv_dma_stream_start_mem_to_periph  STM32F303DriverLib.lib(drv_dma.o)
    0x08000bfe   0x00000034   Code   RO          753    i.drv_dma_stream_start_periph_to_mem  STM32F303DriverLib.lib(drv_dma.o)
    0x08000c32   0x00000042   Code   RO          847    i.drv_gpio_alternate_function_connect  STM32F303DriverLib.lib(drv_gpio.o)
    0x08000c74   0x000000dc   Code   RO          848    i.drv_gpio_alternate_function_init  STM32F303DriverLib.lib(drv_gpio.o)
    0x08000d50   0x00000060   Code   RO          851    i.drv_gpio_input_init  STM32F303DriverLib.lib(drv_gpio.o)
    0x08000db0   0x000000dc   Code   RO          852    i.drv_gpio_output_init  STM32F303DriverLib.lib(drv_gpio.o)
    0x08000e8c   0x00000008   Code   RO          661    i.drv_gpio_set_pins_high  firmware_wm_00_hal.lib(hal_uart.o)
    0x08000e94   0x00000016   Code   RO          897    i.drv_nvic_enable   STM32F303DriverLib.lib(drv_nvic.o)
    0x08000eaa   0x00000002   PAD
    0x08000eac   0x00000040   Code   RO          898    i.drv_nvic_init     STM32F303DriverLib.lib(drv_nvic.o)
    0x08000eec   0x00000010   Code   RO          932    i.drv_rcc_ahb1_clk_enable  STM32F303DriverLib.lib(drv_rcc.o)
    0x08000efc   0x00000010   Code   RO          936    i.drv_rcc_apb1_clk_enable  STM32F303DriverLib.lib(drv_rcc.o)
    0x08000f0c   0x00000010   Code   RO          937    i.drv_rcc_apb1_periph_reset_disable  STM32F303DriverLib.lib(drv_rcc.o)
    0x08000f1c   0x00000010   Code   RO          938    i.drv_rcc_apb1_periph_reset_enable  STM32F303DriverLib.lib(drv_rcc.o)
    0x08000f2c   0x00000010   Code   RO          940    i.drv_rcc_apb2_clk_enable  STM32F303DriverLib.lib(drv_rcc.o)
    0x08000f3c   0x00000010   Code   RO          941    i.drv_rcc_apb2_periph_reset_disable  STM32F303DriverLib.lib(drv_rcc.o)
    0x08000f4c   0x00000010   Code   RO          942    i.drv_rcc_apb2_periph_reset_enable  STM32F303DriverLib.lib(drv_rcc.o)
    0x08000f5c   0x00000104   Code   RO          943    i.drv_rcc_get_clocks_freq  STM32F303DriverLib.lib(drv_rcc.o)
    0x08001060   0x000002e0   Code   RO          944    i.drv_rcc_init      STM32F303DriverLib.lib(drv_rcc.o)
    0x08001340   0x00000080   Code   RO         1041    i.drv_timer_base_init  STM32F303DriverLib.lib(drv_timer.o)
    0x080013c0   0x00000008   Code   RO         1065    i.drv_timer_clear_it_pending_bit  STM32F303DriverLib.lib(drv_timer.o)
    0x080013c8   0x000000fc   Code   RO         1066    i.drv_timer_deinit  STM32F303DriverLib.lib(drv_timer.o)
    0x080014c4   0x0000000c   Code   RO         1068    i.drv_timer_enable  STM32F303DriverLib.lib(drv_timer.o)
    0x080014d0   0x00000008   Code   RO         1096    i.drv_timer_it_enable  STM32F303DriverLib.lib(drv_timer.o)
    0x080014d8   0x00000004   Code   RO         1729    i.drv_uart_clear_flag_status  STM32F303DriverLib.lib(drv_uart.o)
    0x080014dc   0x00000012   Code   RO         1730    i.drv_uart_clear_it_pending_bit  STM32F303DriverLib.lib(drv_uart.o)
    0x080014ee   0x00000002   PAD
    0x080014f0   0x00000090   Code   RO         1731    i.drv_uart_deinit   STM32F303DriverLib.lib(drv_uart.o)
    0x08001580   0x0000000c   Code   RO         1734    i.drv_uart_dma_rx_enable  STM32F303DriverLib.lib(drv_uart.o)
    0x0800158c   0x0000000c   Code   RO         1736    i.drv_uart_dma_tx_enable  STM32F303DriverLib.lib(drv_uart.o)
    0x08001598   0x00000010   Code   RO         1741    i.drv_uart_get_flag_status  STM32F303DriverLib.lib(drv_uart.o)
    0x080015a8   0x000000be   Code   RO         1743    i.drv_uart_init     STM32F303DriverLib.lib(drv_uart.o)
    0x08001666   0x00000034   Code   RO         1744    i.drv_uart_it_disable  STM32F303DriverLib.lib(drv_uart.o)
    0x0800169a   0x00000034   Code   RO         1745    i.drv_uart_it_enable  STM32F303DriverLib.lib(drv_uart.o)
    0x080016ce   0x00000020   Code   RO         1746    i.drv_uart_put_bytes  STM32F303DriverLib.lib(drv_uart.o)
    0x080016ee   0x00000002   PAD
    0x080016f0   0x0000007c   Code   RO         1750    i.drv_uart_set_baudrate  STM32F303DriverLib.lib(drv_uart.o)
    0x0800176c   0x00000018   Code   RO          361    i.hal_clock_init    firmware_wm_00_hal.lib(hal_clock.o)
    0x08001784   0x00000008   Code   RO          392    i.hal_delay_init    firmware_wm_00_hal.lib(hal_delay.o)
    0x0800178c   0x0000000c   Code   RO          250    i.hal_delay_us      app_hx711_ctrl.o
    0x08001798   0x0000002c   Code   RO          414    i.hal_di_get        firmware_wm_00_hal.lib(hal_gpio.o)
    0x080017c4   0x00000020   Code   RO          415    i.hal_gpio_set_do_high  firmware_wm_00_hal.lib(hal_gpio.o)
    0x080017e4   0x00000020   Code   RO          416    i.hal_gpio_set_do_low  firmware_wm_00_hal.lib(hal_gpio.o)
    0x08001804   0x0000004c   Code   RO          495    i.hal_timer_init    firmware_wm_00_hal.lib(hal_timer.o)
    0x08001850   0x00000058   Code   RO          580    i.hal_uart_dma_rx_start  firmware_wm_00_hal.lib(hal_uart.o)
    0x080018a8   0x00000358   Code   RO          581    i.hal_uart_gpio_init  firmware_wm_00_hal.lib(hal_uart.o)
    0x08001c00   0x00000268   Code   RO          582    i.hal_uart_port_init  firmware_wm_00_hal.lib(hal_uart.o)
    0x08001e68   0x0000003c   Code   RO          583    i.hal_uart_rx_irq_disable  firmware_wm_00_hal.lib(hal_uart.o)
    0x08001ea4   0x0000003c   Code   RO          584    i.hal_uart_rx_irq_enable  firmware_wm_00_hal.lib(hal_uart.o)
    0x08001ee0   0x0000002c   Code   RO          585    i.hal_uart_set_braudrate  firmware_wm_00_hal.lib(hal_uart.o)
    0x08001f0c   0x00000024   Code   RO          655    i.hal_uart_set_rx_mode  firmware_wm_00_hal.lib(hal_uart.o)
    0x08001f30   0x00000002   Code   RO          586    i.hal_uart_set_timeout  firmware_wm_00_hal.lib(hal_uart.o)
    0x08001f32   0x00000002   PAD
    0x08001f34   0x00000020   Code   RO          666    i.hal_uart_set_tx_mode  firmware_wm_00_hal.lib(hal_uart.o)
    0x08001f54   0x00000108   Code   RO          587    i.hal_uart_tx_bytes  firmware_wm_00_hal.lib(hal_uart.o)
    0x0800205c   0x000000dc   Code   RO          177    i.hx711_AllChanelSample  app_hx711_ctrl.o
    0x08002138   0x000000f0   Code   RO          179    i.hx711_DataSampleCtrl  app_hx711_ctrl.o
    0x08002228   0x0000005c   Code   RO          180    i.hx711_MainFunction  app_hx711_ctrl.o
    0x08002284   0x000000ac   Code   RO          183    i.hx711_SigChanelAvrgAndWeightCalc  app_hx711_ctrl.o
    0x08002330   0x000000f0   Code   RO          184    i.hx711_init        app_hx711_ctrl.o
    0x08002420   0x00000014   Code   RO            1    i.main              app_main.o
    0x08002434   0x00000078   Code   RO          187    i.sampleDataPush    app_hx711_ctrl.o
    0x080024ac   0x00000094   Code   RO          266    i.sdweWrite         app_sdwe_ctrl.o
    0x08002540   0x00000038   Code   RO          267    i.sdwe_init         app_sdwe_ctrl.o
    0x08002578   0x00000090   Code   RO          268    i.sdwe_test         app_sdwe_ctrl.o
    0x08002608   0x00000020   Code   RO            2    i.system_init       app_main.o
    0x08002628   0x00000070   Code   RO          417    i.wm_hal_gpio_init  firmware_wm_00_hal.lib(hal_gpio.o)
    0x08002698   0x00000150   Code   RO         1892    x$fpl$dadd          fz_wm.l(daddsub_clz.o)
    0x080027e8   0x0000005a   Code   RO         1898    x$fpl$dfixu         fz_wm.l(dfixu.o)
    0x08002842   0x0000009c   Code   RO         1905    x$fpl$dnaninf       fz_wm.l(dnaninf.o)
    0x080028de   0x0000000c   Code   RO         1907    x$fpl$dretinf       fz_wm.l(dretinf.o)
    0x080028ea   0x00000002   PAD
    0x080028ec   0x000001d4   Code   RO         1894    x$fpl$dsub          fz_wm.l(daddsub_clz.o)
    0x08002ac0   0x00000056   Code   RO         1902    x$fpl$f2d           fz_wm.l(f2d.o)
    0x08002b16   0x0000008c   Code   RO         1909    x$fpl$fnaninf       fz_wm.l(fnaninf.o)
    0x08002ba2   0x0000000a   Code   RO         1996    x$fpl$fpinit        fz_wm.l(fpinit.o)
    0x08002bac   0x00000000   Code   RO         1911    x$fpl$usenofp       fz_wm.l(usenofp.o)
    0x08002bac   0x000000a4   Data   RO          418    .constdata          firmware_wm_00_hal.lib(hal_gpio.o)
    0x08002c50   0x0000007c   Data   RO          588    .constdata          firmware_wm_00_hal.lib(hal_uart.o)
    0x08002ccc   0x00000020   Data   RO         2064    Region$$Table       anon$$obj.o


    Execution Region RW_IRAM1 (Base: 0x20000000, Size: 0x00001da8, Max: 0x0000c000, ABSOLUTE, COMPRESSED[0x0000007c])

    Base Addr    Size         Type   Attr      Idx    E Section Name        Object

    0x20000000   0x0000000b   Data   RW          113    .data               app_main_task.o
    0x2000000b   0x00000008   Data   RW          143    .data               app_led_ctrl.o
    0x20000013   0x00000001   PAD
    0x20000014   0x00000024   Data   RW          189    .data               app_hx711_ctrl.o
    0x20000038   0x0000020a   Data   RW          270    .data               app_sdwe_ctrl.o
    0x20000242   0x00000004   Data   RW          311    .data               STM32F303DriverLib.lib(drv_delay.o)
    0x20000246   0x00000002   PAD
    0x20000248   0x0000006c   Data   RW          419    .data               firmware_wm_00_hal.lib(hal_gpio.o)
    0x200002b4   0x000000b0   Data   RW          589    .data               firmware_wm_00_hal.lib(hal_uart.o)
    0x20000364   0x0000001c   Data   RW          946    .data               STM32F303DriverLib.lib(drv_rcc.o)
    0x20000380   0x00000990   Zero   RW          188    .bss                app_hx711_ctrl.o
    0x20000d10   0x00000010   Zero   RW          269    .bss                app_sdwe_ctrl.o
    0x20000d20   0x00000024   Zero   RW          945    .bss                STM32F303DriverLib.lib(drv_rcc.o)
    0x20000d44   0x00000060   Zero   RW         1938    .bss                c_w.l(libspace.o)
    0x20000da4   0x00000004   PAD
    0x20000da8   0x00000800   Zero   RW          300    HEAP                startup_stm32f30x.o
    0x200015a8   0x00000800   Zero   RW          299    STACK               startup_stm32f30x.o


==============================================================================

Image component sizes


      Code (inc. data)   RO Data    RW Data    ZI Data      Debug   Object Name

      1096         62          0         36       2448       7034   app_hx711_ctrl.o
       428         14          0          8          0       3930   app_led_ctrl.o
        52          0          0          0          0      24456   app_main.o
       292         24          0         11          0       3478   app_main_task.o
       356         36          0        522         16       2838   app_sdwe_ctrl.o
        72         28        392          0       4096        896   startup_stm32f30x.o

    ----------------------------------------------------------------------
      2300        164        424        578       6560      42632   Object Totals
         0          0         32          0          0          0   (incl. Generated)
         4          0          0          1          0          0   (incl. Padding)

    ----------------------------------------------------------------------

      Code (inc. data)   RO Data    RW Data    ZI Data      Debug   Library Member Name

        16          4          0          0          0        522   drv_dbgmcu.o
       144         20          0          4          0       3292   drv_delay.o
       696         38          0          0          0      16007   drv_dma.o
       602          0          0          0          0      14305   drv_gpio.o
        86          8          0          0          0       1226   drv_nvic.o
      1108         92          0         28         36      12613   drv_rcc.o
       408         60          0          0          0      13249   drv_timer.o
       656         28          0          0          0      13328   drv_uart.o
        90          0          0          0          0          0   __dczerorl2.o
         8          0          0          0          0         68   __main.o
         0          0          0          0          0          0   __rtentry.o
        12          0          0          0          0          0   __rtentry2.o
         6          0          0          0          0          0   __rtentry4.o
        52          8          0          0          0          0   __scatter.o
        28          0          0          0          0          0   __scatter_zi.o
        18          0          0          0          0         80   exit.o
         6          0          0          0          0        152   heapauxi.o
         0          0          0          0          0          0   indicate_semi.o
         2          0          0          0          0          0   libinit.o
         6          0          0          0          0          0   libinit2.o
         2          0          0          0          0          0   libshutdown.o
         2          0          0          0          0          0   libshutdown2.o
         8          4          0          0         96         68   libspace.o
         2          0          0          0          0          0   rtexit.o
        10          0          0          0          0          0   rtexit2.o
        12          4          0          0          0         68   sys_exit.o
        74          0          0          0          0         80   sys_stackheap_outer.o
         2          0          0          0          0         68   use_no_semi.o
        24          0          0          0          0       2609   hal_clock.o
         8          0          0          0          0        489   hal_delay.o
       220         54        164        108          0      18818   hal_gpio.o
        96         14          0          0          0       7615   hal_timer.o
      2766        286        124        176          0      25805   hal_uart.o
       804         16          0          0          0        368   daddsub_clz.o
        90          4          0          0          0        140   dfixu.o
       156          4          0          0          0        140   dnaninf.o
        12          0          0          0          0        116   dretinf.o
        86          4          0          0          0        132   f2d.o
       140          4          0          0          0        132   fnaninf.o
        10          0          0          0          0        116   fpinit.o
         0          0          0          0          0          0   usenofp.o

    ----------------------------------------------------------------------
      8488        652        288        318        136     131606   Library Totals
        20          0          0          2          4          0   (incl. Padding)

    ----------------------------------------------------------------------

      Code (inc. data)   RO Data    RW Data    ZI Data      Debug   Library Name

      3716        250          0         32         36      74542   STM32F303DriverLib.lib
       340         16          0          0         96        584   c_w.l
      3114        354        288        284          0      55336   firmware_wm_00_hal.lib
      1298         32          0          0          0       1144   fz_wm.l

    ----------------------------------------------------------------------
      8488        652        288        318        136     131606   Library Totals

    ----------------------------------------------------------------------

==============================================================================


      Code (inc. data)   RO Data    RW Data    ZI Data      Debug   

     10788        816        712        896       6696     165182   Grand Totals
     10788        816        712        124       6696     165182   ELF Image Totals (compressed)
     10788        816        712        124          0          0   ROM Totals

==============================================================================

    Total RO  Size (Code + RO Data)                11500 (  11.23kB)
    Total RW  Size (RW Data + ZI Data)              7592 (   7.41kB)
    Total ROM Size (Code + RO Data + RW Data)      11624 (  11.35kB)

==============================================================================

