Component: ARM Compiler 5.06 (build 20) Tool: armlink [4d35a3]

==============================================================================

Section Cross References

    app_main.o(i.main) refers to app_main.o(i.system_init) for system_init
    app_main.o(i.main) refers to app_key_ctrl.o(i.key_init) for key_init
    app_main.o(i.main) refers to app_led_ctrl.o(i.led_init) for led_init
    app_main.o(i.main) refers to app_hx711_ctrl.o(i.hx711_init) for hx711_init
    app_main.o(i.main) refers to app_sdwe_ctrl.o(i.sdwe_init) for sdwe_init
    app_main.o(i.system_init) refers to hal_clock.o(i.hal_clock_init) for hal_clock_init
    app_main.o(i.system_init) refers to hal_delay.o(i.hal_delay_init) for hal_delay_init
    app_main.o(i.system_init) refers to hal_gpio.o(i.wm_hal_gpio_init) for wm_hal_gpio_init
    app_main.o(i.system_init) refers to hal_timer.o(i.hal_timer_init) for hal_timer_init
    app_main_task.o(i.LedSysTest) refers to app_led_ctrl.o(i.LedDataSet) for LedDataSet
    app_main_task.o(i.LedSysTest) refers to app_main_task.o(.data) for l_led_test_cycle
    app_main_task.o(i.app_main_task) refers to app_key_ctrl.o(i.key_MainFunction) for key_MainFunction
    app_main_task.o(i.app_main_task) refers to app_key_ctrl.o(i.key_FilterGet) for key_FilterGet
    app_main_task.o(i.app_main_task) refers to app_hx711_ctrl.o(i.hx711_MainFunction) for hx711_MainFunction
    app_main_task.o(i.app_main_task) refers to app_led_ctrl.o(i.useWeightUpdateLedColor) for useWeightUpdateLedColor
    app_main_task.o(i.app_main_task) refers to app_led_ctrl.o(i.led_MainFunction) for led_MainFunction
    app_main_task.o(i.app_main_task) refers to app_sdwe_ctrl.o(i.sdwe_MainCalFunction) for sdwe_MainCalFunction
    app_main_task.o(i.app_main_task) refers to app_sdwe_ctrl.o(i.sdwe_MainFunction) for sdwe_MainFunction
    app_main_task.o(i.app_main_task) refers to app_main_task.o(i.LedSysTest) for LedSysTest
    app_main_task.o(i.app_main_task) refers to app_led_ctrl.o(i.led_init) for led_init
    app_main_task.o(i.app_main_task) refers to app_hx711_ctrl.o(i.sampleCalcKB) for sampleCalcKB
    app_main_task.o(i.app_main_task) refers to app_sdwe_ctrl.o(i.sdwe_test) for sdwe_test
    app_main_task.o(i.app_main_task) refers to app_main_task.o(.data) for mainTaskStatus
    app_led_ctrl.o(i.LedCtrlSendPulse) refers to hal_gpio.o(i.hal_gpio_set_do_low) for hal_gpio_set_do_low
    app_led_ctrl.o(i.LedCtrlSendPulse) refers to app_led_ctrl.o(i.Led_delay) for Led_delay
    app_led_ctrl.o(i.LedCtrlSendPulse) refers to hal_gpio.o(i.hal_gpio_set_do_high) for hal_gpio_set_do_high
    app_led_ctrl.o(i.LedDataSet) refers to app_led_ctrl.o(.data) for g_led_ctrl_data
    app_led_ctrl.o(i.led_MainFunction) refers to hal_gpio.o(i.hal_gpio_set_do_high) for hal_gpio_set_do_high
    app_led_ctrl.o(i.led_MainFunction) refers to hal_gpio.o(i.hal_gpio_set_do_low) for hal_gpio_set_do_low
    app_led_ctrl.o(i.led_MainFunction) refers to app_led_ctrl.o(i.LedCtrlSendPulse) for LedCtrlSendPulse
    app_led_ctrl.o(i.led_MainFunction) refers to app_led_ctrl.o(.data) for g_led_ctrl_data
    app_led_ctrl.o(i.led_init) refers to hal_gpio.o(i.hal_gpio_set_do_high) for hal_gpio_set_do_high
    app_led_ctrl.o(i.led_init) refers to hal_gpio.o(i.hal_gpio_set_do_low) for hal_gpio_set_do_low
    app_led_ctrl.o(i.led_init) refers to app_led_ctrl.o(i.LedCtrlSendPulse) for LedCtrlSendPulse
    app_led_ctrl.o(i.useWeightUpdateLedColor) refers to app_hx711_ctrl.o(i.hx711_getWeight) for hx711_getWeight
    app_led_ctrl.o(i.useWeightUpdateLedColor) refers to app_hx711_ctrl.o(i.hx711_getWeightTen) for hx711_getWeightTen
    app_led_ctrl.o(i.useWeightUpdateLedColor) refers to app_led_ctrl.o(i.BubbleSort) for BubbleSort
    app_led_ctrl.o(i.useWeightUpdateLedColor) refers to app_led_ctrl.o(i.LedDataSet) for LedDataSet
    app_hx711_ctrl.o(i.hx711_AllChanelSample) refers to hal_gpio.o(i.hal_gpio_set_do_low) for hal_gpio_set_do_low
    app_hx711_ctrl.o(i.hx711_AllChanelSample) refers to app_hx711_ctrl.o(i.hal_delay_us) for hal_delay_us
    app_hx711_ctrl.o(i.hx711_AllChanelSample) refers to hal_gpio.o(i.hal_gpio_set_do_high) for hal_gpio_set_do_high
    app_hx711_ctrl.o(i.hx711_AllChanelSample) refers to hal_gpio.o(i.hal_di_get) for hal_di_get
    app_hx711_ctrl.o(i.hx711_AllChanelSample) refers to app_hx711_ctrl.o(i.sampleDataPush) for sampleDataPush
    app_hx711_ctrl.o(i.hx711_AllChanelSample) refers to app_hx711_ctrl.o(.bss) for HX711Chanel
    app_hx711_ctrl.o(i.hx711_DataSampleCtrl) refers to app_hx711_ctrl.o(i.hx711_AllChanelSample) for hx711_AllChanelSample
    app_hx711_ctrl.o(i.hx711_DataSampleCtrl) refers to app_hx711_ctrl.o(i.hx711_SigChanelAvrgAndWeightCalc) for hx711_SigChanelAvrgAndWeightCalc
    app_hx711_ctrl.o(i.hx711_DataSampleCtrl) refers to app_hx711_ctrl.o(.bss) for HX711Chanel
    app_hx711_ctrl.o(i.hx711_MainFunction) refers to hal_gpio.o(i.hal_gpio_set_do_high) for hal_gpio_set_do_high
[...]
    Removing drv_timer.o(i.drv_timer_ccr3_preload_disable), (10 bytes).
    Removing drv_timer.o(i.drv_timer_ccr3_preload_enable), (12 bytes).
    Removing drv_timer.o(i.drv_timer_ccr4_preload_disable), (10 bytes).
    Removing drv_timer.o(i.drv_timer_ccr4_preload_enable), (14 bytes).
    Removing drv_timer.o(i.drv_timer_ccx1_disable), (10 bytes).
    Removing drv_timer.o(i.drv_timer_ccx1_enable), (12 bytes).
    Removing drv_timer.o(i.drv_timer_ccx1n_disable), (10 bytes).
    Removing drv_timer.o(i.drv_timer_ccx1n_enable), (12 bytes).
    Removing drv_timer.o(i.drv_timer_ccx2_disable), (10 bytes).
    Removing drv_timer.o(i.drv_timer_ccx2_enable), (12 bytes).
    Removing drv_timer.o(i.drv_timer_ccx2n_disable), (10 bytes).
    Removing drv_timer.o(i.drv_timer_ccx2n_enable), (12 bytes).
    Removing drv_timer.o(i.drv_timer_ccx3_disable), (10 bytes).
    Removing drv_timer.o(i.drv_timer_ccx3_enable), (14 bytes).
    Removing drv_timer.o(i.drv_timer_ccx3n_disable), (10 bytes).
    Removing drv_timer.o(i.drv_timer_ccx3n_enable), (14 bytes).
    Removing drv_timer.o(i.drv_timer_ccx4_disable), (10 bytes).
    Removing drv_timer.o(i.drv_timer_ccx4_enable), (14 bytes).
    Removing drv_timer.o(i.drv_timer_clear_flag_status), (8 bytes).
    Removing drv_timer.o(i.drv_timer_disable), (10 bytes).
    Removing drv_timer.o(i.drv_timer_encoder_init), (50 bytes).
    Removing drv_timer.o(i.drv_timer_forced_oc2_active), (14 bytes).
    Removing drv_timer.o(i.drv_timer_forced_oc2_inactive), (14 bytes).
    Removing drv_timer.o(i.drv_timer_forced_oc3_active), (12 bytes).
    Removing drv_timer.o(i.drv_timer_forced_oc3_inactive), (12 bytes).
    Removing drv_timer.o(i.drv_timer_forced_oc4_active), (14 bytes).
    Removing drv_timer.o(i.drv_timer_forced_oc4_inactive), (14 bytes).
    Removing drv_timer.o(i.drv_timer_get_compara1), (6 bytes).
    Removing drv_timer.o(i.drv_timer_get_compara2), (6 bytes).
    Removing drv_timer.o(i.drv_timer_get_compara3), (6 bytes).
    Removing drv_timer.o(i.drv_timer_get_compara4), (6 bytes).
    Removing drv_timer.o(i.drv_timer_get_counter), (26 bytes).
    Removing drv_timer.o(i.drv_timer_get_flag_status), (16 bytes).
    Removing drv_timer.o(i.drv_timer_get_it_status), (32 bytes).
    Removing drv_timer.o(i.drv_timer_ic1_disable), (10 bytes).
    Removing drv_timer.o(i.drv_timer_ic1_enable), (12 bytes).
    Removing drv_timer.o(i.drv_timer_ic1_init), (106 bytes).
    Removing drv_timer.o(i.drv_timer_ic2_disable), (10 bytes).
    Removing drv_timer.o(i.drv_timer_ic2_enable), (12 bytes).
    Removing drv_timer.o(i.drv_timer_ic2_init), (106 bytes).
    Removing drv_timer.o(i.drv_timer_ic3_disable), (10 bytes).
    Removing drv_timer.o(i.drv_timer_ic3_enable), (14 bytes).
    Removing drv_timer.o(i.drv_timer_ic3_init), (112 bytes).
    Removing drv_timer.o(i.drv_timer_ic4_disable), (10 bytes).
    Removing drv_timer.o(i.drv_timer_ic4_enable), (14 bytes).
    Removing drv_timer.o(i.drv_timer_ic4_init), (84 bytes).
    Removing drv_timer.o(i.drv_timer_it_disable), (8 bytes).
    Removing drv_timer.o(i.drv_timer_oc1_init), (92 bytes).
    Removing drv_timer.o(i.drv_timer_oc1n_init), (92 bytes).
    Removing drv_timer.o(i.drv_timer_oc2_init), (92 bytes).
    Removing drv_timer.o(i.drv_timer_oc2n_init), (92 bytes).
    Removing drv_timer.o(i.drv_timer_oc3_init), (92 bytes).
    Removing drv_timer.o(i.drv_timer_oc3n_init), (92 bytes).
    Removing drv_timer.o(i.drv_timer_oc4_init), (92 bytes).
    Removing drv_timer.o(i.drv_timer_oc4n_init), (84 bytes).
    Removing drv_timer.o(i.drv_timer_pwm_ic_init), (692 bytes).
    Removing drv_timer.o(i.drv_timer_pwm_output_disable), (10 bytes).
    Removing drv_timer.o(i.drv_timer_pwm_output_enable), (14 bytes).
    Removing drv_timer.o(i.drv_timer_select_input_trigger), (10 bytes).
    Removing drv_timer.o(i.drv_timer_select_output_trigger), (10 bytes).
    Removing drv_timer.o(i.drv_timer_select_slave_mode), (10 bytes).
    Removing drv_timer.o(i.drv_timer_set_arr), (16 bytes).
    Removing drv_timer.o(i.drv_timer_set_compara2), (4 bytes).
    Removing drv_timer.o(i.drv_timer_set_compara3), (4 bytes).
    Removing drv_timer.o(i.drv_timer_set_compara4), (4 bytes).
    Removing drv_timer.o(i.drv_timer_set_counter_mode), (10 bytes).
    Removing drv_timer.o(i.drv_timer_set_deadtime), (10 bytes).
    Removing drv_timer.o(i.drv_timer_set_etr), (28 bytes).
    Removing drv_timer.o(i.drv_timer_set_filter_frequency), (682 bytes).
    Removing drv_timer.o(i.drv_timer_set_ic1_input), (52 bytes).
    Removing drv_timer.o(i.drv_timer_set_ic1_psc), (10 bytes).
    Removing drv_timer.o(i.drv_timer_set_ic2_input), (52 bytes).
    Removing drv_timer.o(i.drv_timer_set_ic2_psc), (10 bytes).
    Removing drv_timer.o(i.drv_timer_set_ic3_input), (56 bytes).
    Removing drv_timer.o(i.drv_timer_set_ic3_psc), (10 bytes).
    Removing drv_timer.o(i.drv_timer_set_ic4_input), (18 bytes).
    Removing drv_timer.o(i.drv_timer_set_ic4_psc), (10 bytes).
    Removing drv_timer.o(i.drv_timer_set_oc1_polarity_high), (12 bytes).
    Removing drv_timer.o(i.drv_timer_set_oc1_polarity_low), (10 bytes).
    Removing drv_timer.o(i.drv_timer_set_oc1_pwm1), (12 bytes).
    Removing drv_timer.o(i.drv_timer_set_oc1n_polarity_high), (12 bytes).
    Removing drv_timer.o(i.drv_timer_set_oc1n_polarity_low), (10 bytes).
    Removing drv_timer.o(i.drv_timer_set_oc2_polarity_high), (12 bytes).
    Removing drv_timer.o(i.drv_timer_set_oc2_polarity_low), (10 bytes).
    Removing drv_timer.o(i.drv_timer_set_oc2_pwm1), (14 bytes).
    Removing drv_timer.o(i.drv_timer_set_oc2n_polarity_high), (12 bytes).
    Removing drv_timer.o(i.drv_timer_set_oc2n_polarity_low), (10 bytes).
    Removing drv_timer.o(i.drv_timer_set_oc3_polarity_high), (14 bytes).
    Removing drv_timer.o(i.drv_timer_set_oc3_polarity_low), (10 bytes).
    Removing drv_timer.o(i.drv_timer_set_oc3_pwm1), (12 bytes).
    Removing drv_timer.o(i.drv_timer_set_oc3n_polarity_high), (14 bytes).
    Removing drv_timer.o(i.drv_timer_set_oc3n_polarity_low), (10 bytes).
    Removing drv_timer.o(i.drv_timer_set_oc4_polarity_high), (14 bytes).
    Removing drv_timer.o(i.drv_timer_set_oc4_polarity_low), (10 bytes).
    Removing drv_timer.o(i.drv_timer_set_oc4_pwm1), (14 bytes).
    Removing drv_timer.o(i.drv_timer_set_psc), (4 bytes).
    Removing drv_timer.o(i.drv_timer_set_run_off_inactive), (14 bytes).
    Removing drv_timer.o(i.drv_timer_slave_mode_disable), (10 bytes).
    Removing drv_timer.o(i.drv_timer_slave_mode_enable), (12 bytes).
    Removing drv_timer.o(i.drv_timer_update_disable), (12 bytes).
    Removing drv_timer.o(i.drv_timer_update_enable), (10 bytes).
    Removing drv_uart.o(i.drv_uart_disable), (10 bytes).
    Removing drv_uart.o(i.drv_uart_dma_rx_disable), (10 bytes).
    Removing drv_uart.o(i.drv_uart_dma_tx_disable), (10 bytes).
    Removing drv_uart.o(i.drv_uart_enable), (12 bytes).
    Removing drv_uart.o(i.drv_uart_get_byte_blocking), (20 bytes).
    Removing drv_uart.o(i.drv_uart_get_byte_noblocking), (24 bytes).
    Removing drv_uart.o(i.drv_uart_get_error_status), (10 bytes).
    Removing drv_uart.o(i.drv_uart_get_it_status), (72 bytes).
    Removing drv_uart.o(i.drv_uart_put_string), (28 bytes).
    Removing drv_uart.o(i.drv_uart_rx_disable), (10 bytes).
    Removing drv_uart.o(i.drv_uart_rx_enable), (12 bytes).
    Removing drv_uart.o(i.drv_uart_tx_disable), (10 bytes).
    Removing drv_uart.o(i.drv_uart_tx_enable), (12 bytes).

148 unused section(s) (total 4678 bytes) removed from the image.

==============================================================================

Image Symbol Table

    Local Symbols

    Symbol Name                              Value     Ov Type        Size  Object(Section)

    ../clib/angel/boardlib.s                 0x00000000   Number         0  boardinit1.o ABSOLUTE
    ../clib/angel/boardlib.s                 0x00000000   Number         0  boardinit2.o ABSOLUTE
    ../clib/angel/boardlib.s                 0x00000000   Number         0  boardinit3.o ABSOLUTE
    ../clib/angel/boardlib.s                 0x00000000   Number         0  boardshut.o ABSOLUTE
    ../clib/angel/dczerorl2.s                0x00000000   Number         0  __dczerorl2.o ABSOLUTE
    ../clib/angel/handlers.s                 0x00000000   Number         0  __scatter_zi.o ABSOLUTE
    ../clib/angel/kernel.s                   0x00000000   Number         0  rtexit.o ABSOLUTE
    ../clib/angel/kernel.s                   0x00000000   Number         0  __rtentry2.o ABSOLUTE
    ../clib/angel/kernel.s                   0x00000000   Number         0  __rtentry.o ABSOLUTE
    ../clib/angel/kernel.s                   0x00000000   Number         0  __rtentry4.o ABSOLUTE
    ../clib/angel/kernel.s                   0x00000000   Number         0  rtexit2.o ABSOLUTE
    ../clib/angel/rt.s                       0x00000000   Number         0  rt_raise.o ABSOLUTE
    ../clib/angel/scatter.s                  0x00000000   Number         0  __scatter.o ABSOLUTE
    ../clib/angel/startup.s                  0x00000000   Number         0  __main.o ABSOLUTE
    ../clib/angel/sys.s                      0x00000000   Number         0  libspace.o ABSOLUTE
    ../clib/angel/sys.s                      0x00000000   Number         0  indicate_semi.o ABSOLUTE
    ../clib/angel/sys.s                      0x00000000   Number         0  use_no_semi.o ABSOLUTE
    ../clib/angel/sys.s                      0x00000000   Number         0  sys_stackheap_outer.o ABSOLUTE
    ../clib/angel/sysapp.c                   0x00000000   Number         0  sys_wrch.o ABSOLUTE
    ../clib/angel/sysapp.c                   0x00000000   Number         0  sys_command.o ABSOLUTE
    ../clib/angel/sysapp.c                   0x00000000   Number         0  sys_exit.o ABSOLUTE
    ../clib/armsys.c                         0x00000000   Number         0  _get_argv_nomalloc.o ABSOLUTE
    ../clib/armsys.c                         0x00000000   Number         0  no_argv.o ABSOLUTE
    ../clib/armsys.c                         0x00000000   Number         0  argv_veneer.o ABSOLUTE
    ../clib/armsys.c                         0x00000000   Number         0  argv_veneer.o ABSOLUTE
    ../clib/heapalloc.c                      0x00000000   Number         0  hrguard.o ABSOLUTE
    ../clib/heapaux.c                        0x00000000   Number         0  heapauxi.o ABSOLUTE
    ../clib/libinit.s                        0x00000000   Number         0  libshutdown2.o ABSOLUTE
    ../clib/libinit.s                        0x00000000   Number         0  libshutdown.o ABSOLUTE
    ../clib/libinit.s                        0x00000000   Number         0  libinit2.o ABSOLUTE
    ../clib/libinit.s                        0x00000000   Number         0  libinit.o ABSOLUTE
    ../clib/signal.c                         0x00000000   Number         0  defsig_other.o ABSOLUTE
    ../clib/signal.c                         0x00000000   Number         0  defsig_segv_inner.o ABSOLUTE
    ../clib/signal.c                         0x00000000   Number         0  defsig_pvfn_inner.o ABSOLUTE
    ../clib/signal.c                         0x00000000   Number         0  defsig_stak_inner.o ABSOLUTE
    ../clib/signal.c                         0x00000000   Number         0  defsig_rtred_inner.o ABSOLUTE
    ../clib/signal.c                         0x00000000   Number         0  defsig_fpe_inner.o ABSOLUTE
    ../clib/signal.c                         0x00000000   Number         0  defsig_abrt_inner.o ABSOLUTE
    ../clib/signal.c                         0x00000000   Number         0  defsig_general.o ABSOLUTE
    ../clib/signal.c                         0x00000000   Number         0  __raise.o ABSOLUTE
    ../clib/signal.c                         0x00000000   Number         0  defsig_rtmem_inner.o ABSOLUTE
    ../clib/signal.c                         0x00000000   Number         0  defsig_exit.o ABSOLUTE
    ../clib/signal.c                         0x00000000   Number         0  defsig_rtmem_formal.o ABSOLUTE
    ../clib/signal.c                         0x00000000   Number         0  defsig_rtmem_outer.o ABSOLUTE
    ../clib/signal.c                         0x00000000   Number         0  defsig_cppl_inner.o ABSOLUTE
    ../clib/signal.s                         0x00000000   Number         0  defsig.o ABSOLUTE
    ../clib/stdlib.c                         0x00000000   Number         0  exit.o ABSOLUTE
    ../fplib/fpinit.s                        0x00000000   Number         0  fpinit.o ABSOLUTE
    dc.s                                     0x00000000   Number         0  dc.o ABSOLUTE
    src\app_crc.c                            0x00000000   Number         0  app_crc.o ABSOLUTE
    src\app_hx711_ctrl.c                     0x00000000   Number         0  app_hx711_ctrl.o ABSOLUTE
    src\app_key_ctrl.c                       0x00000000   Number         0  app_key_ctrl.o ABSOLUTE
    src\app_led_ctrl.c                       0x00000000   Number         0  app_led_ctrl.o ABSOLUTE
    src\app_main.c                           0x00000000   Number         0  app_main.o ABSOLUTE
    src\app_main_task.c                      0x00000000   Number         0  app_main_task.o ABSOLUTE
    src\app_sdwe_ctrl.c                      0x00000000   Number         0  app_sdwe_ctrl.o ABSOLUTE
    src\drv_dbgmcu.c                         0x00000000   Number         0  drv_dbgmcu.o ABSOLUTE
    src\drv_delay.c                          0x00000000   Number         0  drv_delay.o ABSOLUTE
    src\drv_dma.c                            0x00000000   Number         0  drv_dma.o ABSOLUTE
    src\drv_gpio.c                           0x00000000   Number         0  drv_gpio.o ABSOLUTE
    src\drv_nvic.c                           0x00000000   Number         0  drv_nvic.o ABSOLUTE
    src\drv_rcc.c                            0x00000000   Number         0  drv_rcc.o ABSOLUTE
    src\drv_timer.c                          0x00000000   Number         0  drv_timer.o ABSOLUTE
    src\drv_uart.c                           0x00000000   Number         0  drv_uart.o ABSOLUTE
    src\hal_clock.c                          0x00000000   Number         0  hal_clock.o ABSOLUTE
    src\hal_delay.c                          0x00000000   Number         0  hal_delay.o ABSOLUTE
    src\hal_gpio.c                           0x00000000   Number         0  hal_gpio.o ABSOLUTE
    src\hal_timer.c                          0x00000000   Number         0  hal_timer.o ABSOLUTE
    src\hal_uart.c                           0x00000000   Number         0  hal_uart.o ABSOLUTE
    startup\startup_stm32f30x.s              0x00000000   Number         0  startup_stm32f30x.o ABSOLUTE
    RESET                                    0x08000000   Section      392  startup_stm32f30x.o(RESET)
    !!!main                                  0x08000188   Section        8  __main.o(!!!main)
    !!!scatter                               0x08000190   Section       52  __scatter.o(!!!scatter)
    !!dczerorl2                              0x080001c4   Section       90  __dczerorl2.o(!!dczerorl2)
    !!handler_zi                             0x08000220   Section       28  __scatter_zi.o(!!handler_zi)
    .ARM.Collect$$libinit$$00000000          0x0800023c   Section        2  libinit.o(.ARM.Collect$$libinit$$00000000)
    .ARM.Collect$$libinit$$00000001          0x0800023e   Section        4  libinit2.o(.ARM.Collect$$libinit$$00000001)
    .ARM.Collect$$libinit$$00000004          0x08000242   Section        0  libinit2.o(.ARM.Collect$$libinit$$00000004)
    .ARM.Collect$$libinit$$0000000A          0x08000242   Section        0  libinit2.o(.ARM.Collect$$libinit$$0000000A)
    .ARM.Collect$$libinit$$0000000C          0x08000242   Section        0  libinit2.o(.ARM.Collect$$libinit$$0000000C)
    .ARM.Collect$$libinit$$0000000E          0x08000242   Section        0  libinit2.o(.ARM.Collect$$libinit$$0000000E)
    .ARM.Collect$$libinit$$00000011          0x08000242   Section        0  libinit2.o(.ARM.Collect$$libinit$$00000011)
    .ARM.Collect$$libinit$$00000013          0x08000242   Section        0  libinit2.o(.ARM.Collect$$libinit$$00000013)
    .ARM.Collect$$libinit$$00000015          0x08000242   Section        0  libinit2.o(.ARM.Collect$$libinit$$00000015)
    .ARM.Collect$$libinit$$00000017          0x08000242   Section        0  libinit2.o(.ARM.Collect$$libinit$$00000017)
    .ARM.Collect$$libinit$$00000019          0x08000242   Section        0  libinit2.o(.ARM.Collect$$libinit$$00000019)
    .ARM.Collect$$libinit$$0000001B          0x08000242   Section        0  libinit2.o(.ARM.Collect$$libinit$$0000001B)
    .ARM.Collect$$libinit$$0000001D          0x08000242   Section        0  libinit2.o(.ARM.Collect$$libinit$$0000001D)
    .ARM.Collect$$libinit$$0000001F          0x08000242   Section        0  libinit2.o(.ARM.Collect$$libinit$$0000001F)
    .ARM.Collect$$libinit$$00000021          0x08000242   Section        0  libinit2.o(.ARM.Collect$$libinit$$00000021)
    .ARM.Collect$$libinit$$00000023          0x08000242   Section        0  libinit2.o(.ARM.Collect$$libinit$$00000023)
    .ARM.Collect$$libinit$$00000025          0x08000242   Section        0  libinit2.o(.ARM.Collect$$libinit$$00000025)
    .ARM.Collect$$libinit$$0000002C          0x08000242   Section        0  libinit2.o(.ARM.Collect$$libinit$$0000002C)
    .ARM.Collect$$libinit$$0000002E          0x08000242   Section        0  libinit2.o(.ARM.Collect$$libinit$$0000002E)
    .ARM.Collect$$libinit$$00000030          0x08000242   Section        0  libinit2.o(.ARM.Collect$$libinit$$00000030)
    .ARM.Collect$$libinit$$00000032          0x08000242   Section        0  libinit2.o(.ARM.Collect$$libinit$$00000032)
    .ARM.Collect$$libinit$$00000033          0x08000242   Section        2  libinit2.o(.ARM.Collect$$libinit$$00000033)
    .ARM.Collect$$libshutdown$$00000000      0x08000244   Section        2  libshutdown.o(.ARM.Collect$$libshutdown$$00000000)
    .ARM.Collect$$libshutdown$$00000002      0x08000246   Section        0  libshutdown2.o(.ARM.Collect$$libshutdown$$00000002)
    .ARM.Collect$$libshutdown$$00000004      0x08000246   Section        0  libshutdown2.o(.ARM.Collect$$libshutdown$$00000004)
    .ARM.Collect$$libshutdown$$00000007      0x08000246   Section        0  libshutdown2.o(.ARM.Collect$$libshutdown$$00000007)
    .ARM.Collect$$libshutdown$$0000000A      0x08000246   Section        0  libshutdown2.o(.ARM.Collect$$libshutdown$$0000000A)
    .ARM.Collect$$libshutdown$$0000000C      0x08000246   Section        0  libshutdown2.o(.ARM.Collect$$libshutdown$$0000000C)
    .ARM.Collect$$libshutdown$$0000000F      0x08000246   Section        0  libshutdown2.o(.ARM.Collect$$libshutdown$$0000000F)
    .ARM.Collect$$libshutdown$$00000010      0x08000246   Section        2  libshutdown2.o(.ARM.Collect$$libshutdown$$00000010)
    .ARM.Collect$$rtentry$$00000000          0x08000248   Section        0  __rtentry.o(.ARM.Collect$$rtentry$$00000000)
    .ARM.Collect$$rtentry$$00000002          0x08000248   Section        0  __rtentry2.o(.ARM.Collect$$rtentry$$00000002)
    .ARM.Collect$$rtentry$$00000004          0x08000248   Section        6  __rtentry4.o(.ARM.Collect$$rtentry$$00000004)
    .ARM.Collect$$rtentry$$00000009          0x0800024e   Section        0  __rtentry2.o(.ARM.Collect$$rtentry$$00000009)
    .ARM.Collect$$rtentry$$0000000A          0x0800024e   Section        4  __rtentry2.o(.ARM.Collect$$rtentry$$0000000A)
    .ARM.Collect$$rtentry$$0000000C          0x08000252   Section        0  __rtentry2.o(.ARM.Collect$$rtentry$$0000000C)
    .ARM.Collect$$rtentry$$0000000D          0x08000252   Section        8  __rtentry2.o(.ARM.Collect$$rtentry$$0000000D)
    .ARM.Collect$$rtexit$$00000000           0x0800025a   Section        2  rtexit.o(.ARM.Collect$$rtexit$$00000000)
    .ARM.Collect$$rtexit$$00000002           0x0800025c   Section        0  rtexit2.o(.ARM.Collect$$rtexit$$00000002)
    .ARM.Collect$$rtexit$$00000003           0x0800025c   Section        4  rtexit2.o(.ARM.Collect$$rtexit$$00000003)
    .ARM.Collect$$rtexit$$00000004           0x08000260   Section        6  rtexit2.o(.ARM.Collect$$rtexit$$00000004)
    .text                                    0x08000268   Section       72  startup_stm32f30x.o(.text)
    $v0                                      0x08000268   Number         0  startup_stm32f30x.o(.text)
    .text                                    0x080002b0   Section        0  heapauxi.o(.text)
    .text                                    0x080002b6   Section       74  sys_stackheap_outer.o(.text)
    .text                                    0x08000300   Section        0  exit.o(.text)
    .text                                    0x08000314   Section        8  libspace.o(.text)
    .text                                    0x0800031c   Section        0  sys_exit.o(.text)
    .text                                    0x08000328   Section        2  use_no_semi.o(.text)
    .text                                    0x0800032a   Section        0  indicate_semi.o(.text)
    i.BubbleSort                             0x0800032c   Section        0  app_led_ctrl.o(i.BubbleSort)
    i.DMA1_Channel2_IRQHandler               0x080003b8   Section        0  hal_uart.o(i.DMA1_Channel2_IRQHandler)
    i.DMA1_Channel4_IRQHandler               0x080003f4   Section        0  hal_uart.o(i.DMA1_Channel4_IRQHandler)
    i.LedCtrlSendPulse                       0x08000430   Section        0  app_led_ctrl.o(i.LedCtrlSendPulse)
    i.LedDataSet                             0x08000488   Section        0  app_led_ctrl.o(i.LedDataSet)
    i.LedSysTest                             0x08000510   Section        0  app_main_task.o(i.LedSysTest)
    i.Led_delay                              0x0800055c   Section        0  app_led_ctrl.o(i.Led_delay)
    i.TIM6_DAC_IRQHandler                    0x08000568   Section        0  hal_timer.o(i.TIM6_DAC_IRQHandler)
    i.USART1_IRQHandler                      0x0800057c   Section        0  hal_uart.o(i.USART1_IRQHandler)
    i.USART3_IRQHandler                      0x080006c8   Section        0  hal_uart.o(i.USART3_IRQHandler)
    i.app_main_task                          0x080007c0   Section        0  app_main_task.o(i.app_main_task)
    i.app_uart_extern_msg_packet_process     0x08000910   Section        0  app_sdwe_ctrl.o(i.app_uart_extern_msg_packet_process)
    i.cal_crc16                              0x08000920   Section        0  app_crc.o(i.cal_crc16)
    i.drv_debug_apb1_stop                    0x08000968   Section        0  drv_dbgmcu.o(i.drv_debug_apb1_stop)
    i.drv_delay_init                         0x08000978   Section        0  drv_delay.o(i.drv_delay_init)
    i.drv_delay_us                           0x080009c4   Section        0  drv_delay.o(i.drv_delay_us)
    i.drv_dma_set_mem_addr_length            0x08000a08   Section        0  drv_dma.o(i.drv_dma_set_mem_addr_length)
    i.drv_dma_stream_clear_flag_status       0x08000a14   Section        0  drv_dma.o(i.drv_dma_stream_clear_flag_status)
    i.drv_dma_stream_clear_it_pending_bit    0x08000a3c   Section        0  drv_dma.o(i.drv_dma_stream_clear_it_pending_bit)
    i.drv_dma_stream_deinit                  0x08000a58   Section        0  drv_dma.o(i.drv_dma_stream_deinit)
    i.drv_dma_stream_disable                 0x08000b5c   Section        0  drv_dma.o(i.drv_dma_stream_disable)
    i.drv_dma_stream_enable                  0x08000b66   Section        0  drv_dma.o(i.drv_dma_stream_enable)
    i.drv_dma_stream_get_it_status           0x08000b74   Section        0  drv_dma.o(i.drv_dma_stream_get_it_status)
    i.drv_dma_stream_get_left_length         0x08000bd8   Section        0  drv_dma.o(i.drv_dma_stream_get_left_length)
    i.drv_dma_stream_init                    0x08000be6   Section        0  drv_dma.o(i.drv_dma_stream_init)
    i.drv_dma_stream_it_enable               0x08000c52   Section        0  drv_dma.o(i.drv_dma_stream_it_enable)
    i.drv_dma_stream_start_mem_to_periph     0x08000c5a   Section        0  drv_dma.o(i.drv_dma_stream_start_mem_to_periph)
    i.drv_dma_stream_start_periph_to_mem     0x08000c8e   Section        0  drv_dma.o(i.drv_dma_stream_start_periph_to_mem)
    i.drv_gpio_alternate_function_connect    0x08000cc2   Section        0  drv_gpio.o(i.drv_gpio_alternate_function_connect)
    i.drv_gpio_alternate_function_init       0x08000d04   Section        0  drv_gpio.o(i.drv_gpio_alternate_function_init)
    i.drv_gpio_input_init                    0x08000de0   Section        0  drv_gpio.o(i.drv_gpio_input_init)
    i.drv_gpio_output_init                   0x08000e40   Section        0  drv_gpio.o(i.drv_gpio_output_init)
    i.drv_gpio_set_pins_high                 0x08000f1c   Section        0  hal_uart.o(i.drv_gpio_set_pins_high)
    i.drv_nvic_enable                        0x08000f24   Section        0  drv_nvic.o(i.drv_nvic_enable)
    i.drv_nvic_init                          0x08000f3c   Section        0  drv_nvic.o(i.drv_nvic_init)
    i.drv_rcc_ahb1_clk_enable                0x08000f7c   Section        0  drv_rcc.o(i.drv_rcc_ahb1_clk_enable)
    i.drv_rcc_apb1_clk_enable                0x08000f8c   Section        0  drv_rcc.o(i.drv_rcc_apb1_clk_enable)
    i.drv_rcc_apb1_periph_reset_disable      0x08000f9c   Section        0  drv_rcc.o(i.drv_rcc_apb1_periph_reset_disable)
    i.drv_rcc_apb1_periph_reset_enable       0x08000fac   Section        0  drv_rcc.o(i.drv_rcc_apb1_periph_reset_enable)
    i.drv_rcc_apb2_clk_enable                0x08000fbc   Section        0  drv_rcc.o(i.drv_rcc_apb2_clk_enable)
    i.drv_rcc_apb2_periph_reset_disable      0x08000fcc   Section        0  drv_rcc.o(i.drv_rcc_apb2_periph_reset_disable)
    i.drv_rcc_apb2_periph_reset_enable       0x08000fdc   Section        0  drv_rcc.o(i.drv_rcc_apb2_periph_reset_enable)
    i.drv_rcc_get_clocks_freq                0x08000fec   Section        0  drv_rcc.o(i.drv_rcc_get_clocks_freq)
    i.drv_rcc_init                           0x080010f0   Section        0  drv_rcc.o(i.drv_rcc_init)
    i.drv_timer_base_init                    0x080013d0   Section        0  drv_timer.o(i.drv_timer_base_init)
    i.drv_timer_clear_it_pending_bit         0x08001450   Section        0  drv_timer.o(i.drv_timer_clear_it_pending_bit)
    i.drv_timer_deinit                       0x08001458   Section        0  drv_timer.o(i.drv_timer_deinit)
    i.drv_timer_enable                       0x08001554   Section        0  drv_timer.o(i.drv_timer_enable)
    i.drv_timer_it_enable                    0x08001560   Section        0  drv_timer.o(i.drv_timer_it_enable)
    i.drv_uart_clear_flag_status             0x08001568   Section        0  drv_uart.o(i.drv_uart_clear_flag_status)
    i.drv_uart_clear_it_pending_bit          0x0800156c   Section        0  drv_uart.o(i.drv_uart_clear_it_pending_bit)
    i.drv_uart_deinit                        0x08001580   Section        0  drv_uart.o(i.drv_uart_deinit)
    i.drv_uart_dma_rx_enable                 0x08001610   Section        0  drv_uart.o(i.drv_uart_dma_rx_enable)
    i.drv_uart_dma_tx_enable                 0x0800161c   Section        0  drv_uart.o(i.drv_uart_dma_tx_enable)
    i.drv_uart_get_flag_status               0x08001628   Section        0  drv_uart.o(i.drv_uart_get_flag_status)
    i.drv_uart_init                          0x08001638   Section        0  drv_uart.o(i.drv_uart_init)
    i.drv_uart_it_disable                    0x080016f6   Section        0  drv_uart.o(i.drv_uart_it_disable)
    i.drv_uart_it_enable                     0x0800172a   Section        0  drv_uart.o(i.drv_uart_it_enable)
    i.drv_uart_put_bytes                     0x0800175e   Section        0  drv_uart.o(i.drv_uart_put_bytes)
    i.drv_uart_set_baudrate                  0x08001780   Section        0  drv_uart.o(i.drv_uart_set_baudrate)
    i.hal_clock_init                         0x080017fc   Section        0  hal_clock.o(i.hal_clock_init)
    i.hal_delay_init                         0x08001814   Section        0  hal_delay.o(i.hal_delay_init)
    i.hal_delay_us                           0x0800181c   Section        0  app_hx711_ctrl.o(i.hal_delay_us)
    i.hal_di_get                             0x08001828   Section        0  hal_gpio.o(i.hal_di_get)
    i.hal_gpio_set_do_high                   0x08001854   Section        0  hal_gpio.o(i.hal_gpio_set_do_high)
    i.hal_gpio_set_do_low                    0x08001874   Section        0  hal_gpio.o(i.hal_gpio_set_do_low)
    i.hal_timer_init                         0x08001894   Section        0  hal_timer.o(i.hal_timer_init)
    i.hal_uart_dma_rx_start                  0x080018e0   Section        0  hal_uart.o(i.hal_uart_dma_rx_start)
    i.hal_uart_gpio_init                     0x08001938   Section        0  hal_uart.o(i.hal_uart_gpio_init)
    i.hal_uart_port_init                     0x08001c90   Section        0  hal_uart.o(i.hal_uart_port_init)
    i.hal_uart_rx_irq_disable                0x08001ef8   Section        0  hal_uart.o(i.hal_uart_rx_irq_disable)
    i.hal_uart_rx_irq_enable                 0x08001f34   Section        0  hal_uart.o(i.hal_uart_rx_irq_enable)
    i.hal_uart_set_braudrate                 0x08001f70   Section        0  hal_uart.o(i.hal_uart_set_braudrate)
    i.hal_uart_set_rx_mode                   0x08001f9c   Section        0  hal_uart.o(i.hal_uart_set_rx_mode)
    i.hal_uart_set_timeout                   0x08001fc0   Section        0  hal_uart.o(i.hal_uart_set_timeout)
    i.hal_uart_set_tx_mode                   0x08001fc4   Section        0  hal_uart.o(i.hal_uart_set_tx_mode)
    i.hal_uart_tx_bytes                      0x08001fe4   Section        0  hal_uart.o(i.hal_uart_tx_bytes)
    i.hx711_AllChanelSample                  0x080020ec   Section        0  app_hx711_ctrl.o(i.hx711_AllChanelSample)
    i.hx711_DataSampleCtrl                   0x080021c4   Section        0  app_hx711_ctrl.o(i.hx711_DataSampleCtrl)
    i.hx711_MainFunction                     0x080021ec   Section        0  app_hx711_ctrl.o(i.hx711_MainFunction)
    i.hx711_SigChanelAvrgAndWeightCalc       0x080022c4   Section        0  app_hx711_ctrl.o(i.hx711_SigChanelAvrgAndWeightCalc)
    i.hx711_getWeight                        0x08002358   Section        0  app_hx711_ctrl.o(i.hx711_getWeight)
    i.hx711_getWeightTen                     0x08002384   Section        0  app_hx711_ctrl.o(i.hx711_getWeightTen)
    i.hx711_init                             0x080023b0   Section        0  app_hx711_ctrl.o(i.hx711_init)
    i.key_FilterGet                          0x0800248c   Section        0  app_key_ctrl.o(i.key_FilterGet)
    i.key_MainFunction                       0x080024b0   Section        0  app_key_ctrl.o(i.key_MainFunction)
    i.key_init                               0x0800255c   Section        0  app_key_ctrl.o(i.key_init)
    i.led_MainFunction                       0x080025b4   Section        0  app_led_ctrl.o(i.led_MainFunction)
    i.led_init                               0x08002638   Section        0  app_led_ctrl.o(i.led_init)
    i.main                                   0x08002676   Section        0  app_main.o(i.main)
    i.sampleCalcKB                           0x08002690   Section        0  app_hx711_ctrl.o(i.sampleCalcKB)
    i.sampleDataPush                         0x080027d4   Section        0  app_hx711_ctrl.o(i.sampleDataPush)
    i.sdweRxDeal                             0x08002858   Section        0  app_sdwe_ctrl.o(i.sdweRxDeal)
    i.sdweWrite                              0x080028dc   Section        0  app_sdwe_ctrl.o(i.sdweWrite)
    i.sdwe_MainCalFunction                   0x080029a8   Section        0  app_sdwe_ctrl.o(i.sdwe_MainCalFunction)
    i.sdwe_MainFunction                      0x08002a54   Section        0  app_sdwe_ctrl.o(i.sdwe_MainFunction)
    i.sdwe_init                              0x08002af4   Section        0  app_sdwe_ctrl.o(i.sdwe_init)
    i.sdwe_test                              0x08002b50   Section        0  app_sdwe_ctrl.o(i.sdwe_test)
    i.system_init                            0x08002be4   Section        0  app_main.o(i.system_init)
    i.useWeightUpdateLedColor                0x08002c04   Section        0  app_led_ctrl.o(i.useWeightUpdateLedColor)
    i.wm_hal_gpio_init                       0x08002d44   Section        0  hal_gpio.o(i.wm_hal_gpio_init)
    x$fpl$fpinit                             0x08002db4   Section       10  fpinit.o(x$fpl$fpinit)
    $v0                                      0x08002db4   Number         0  fpinit.o(x$fpl$fpinit)
    .constdata                               0x08002dbe   Section      512  app_crc.o(.constdata)
    .constdata                               0x08002fc0   Section      164  hal_gpio.o(.constdata)
    .constdata                               0x08003064   Section      124  hal_uart.o(.constdata)
    .data                                    0x20000000   Section       15  app_main_task.o(.data)
    g_sys_ms_tick                            0x20000004   Data           4  app_main_task.o(.data)
    g_sys_sdwe_tick                          0x20000008   Data           4  app_main_task.o(.data)
    l_led_test_cycle                         0x2000000c   Data           2  app_main_task.o(.data)
    color                                    0x2000000e   Data           1  app_main_task.o(.data)
    .data                                    0x2000000f   Section        8  app_led_ctrl.o(.data)
    led_data                                 0x20000013   Data           4  app_led_ctrl.o(.data)
    .data                                    0x20000017   Section        2  app_hx711_ctrl.o(.data)
    status                                   0x20000017   Data           1  app_hx711_ctrl.o(.data)
    l_max_wait_time                          0x20000018   Data           1  app_hx711_ctrl.o(.data)
    .data                                    0x2000001c   Section      618  app_sdwe_ctrl.o(.data)
    defaultChanelSamplePoint                 0x20000258   Data          44  app_sdwe_ctrl.o(.data)
    status                                   0x20000284   Data           1  app_sdwe_ctrl.o(.data)
    teat_data                                0x20000285   Data           1  app_sdwe_ctrl.o(.data)
    .data                                    0x20000286   Section        4  drv_delay.o(.data)
    g_DelayUsFac                             0x20000286   Data           2  drv_delay.o(.data)
    g_DelayMsFac                             0x20000288   Data           2  drv_delay.o(.data)
    .data                                    0x2000028c   Section      108  hal_gpio.o(.data)
    .data                                    0x200002f8   Section      176  hal_uart.o(.data)
    .data                                    0x200003a8   Section       28  drv_rcc.o(.data)
    l_AhbPrescTable                          0x200003a8   Data          16  drv_rcc.o(.data)
    l_ApbPrescTable                          0x200003b8   Data           8  drv_rcc.o(.data)
    .bss                                     0x200003c4   Section     1984  app_hx711_ctrl.o(.bss)
    HX711Chanel                              0x200003c4   Data        1984  app_hx711_ctrl.o(.bss)
    .bss                                     0x20000b84   Section       40  app_sdwe_ctrl.o(.bss)
    wm_data                                  0x20000b9c   Data          16  app_sdwe_ctrl.o(.bss)
    .bss                                     0x20000bac   Section       12  app_key_ctrl.o(.bss)
    .bss                                     0x20000bb8   Section       36  drv_rcc.o(.bss)
    .bss                                     0x20000bdc   Section       96  libspace.o(.bss)
    HEAP                                     0x20000c40   Section     2048  startup_stm32f30x.o(HEAP)
    Heap_Mem                                 0x20000c40   Data        2048  startup_stm32f30x.o(HEAP)
    STACK                                    0x20001440   Section     2048  startup_stm32f30x.o(STACK)
    Stack_Mem                                0x20001440   Data        2048  startup_stm32f30x.o(STACK)
    __initial_sp                             0x20001c40   Data           0  startup_stm32f30x.o(STACK)

    Global Symbols

    Symbol Name                              Value     Ov Type        Size  Object(Section)

    BuildAttributes$$THM_ISAv4$E$P$D$K$B$S$7EM$VFPi3$EXTD16$VFPS$VFMA$PE$A:L22UL41UL21$X:L11$S22US41US21$IEEE1$IW$USESV6$~STKCKD$USESV7$~SHL$OSPACE$ROPI$EBA8$UX$STANDARDLIB$REQ8$PRES8$EABIv2 0x00000000   Number         0  anon$$obj.o ABSOLUTE
    __ARM_use_no_argv                        0x00000000   Number         0  app_main.o ABSOLUTE
    __ARM_exceptions_init                     - Undefined Weak Reference
    __alloca_initialize                       - Undefined Weak Reference
    __arm_preinit_                            - Undefined Weak Reference
    __cpp_initialize__aeabi_                  - Undefined Weak Reference
    __cxa_finalize                            - Undefined Weak Reference
    __rt_locale                               - Undefined Weak Reference
    __sigvec_lookup                           - Undefined Weak Reference
    _atexit_init                              - Undefined Weak Reference
    _call_atexit_fns                          - Undefined Weak Reference
    _clock_init                               - Undefined Weak Reference
    _fp_trap_init                             - Undefined Weak Reference
    _fp_trap_shutdown                         - Undefined Weak Reference
    _get_lc_collate                           - Undefined Weak Reference
    _get_lc_ctype                             - Undefined Weak Reference
    _get_lc_monetary                          - Undefined Weak Reference
    _get_lc_numeric                           - Undefined Weak Reference
    _get_lc_time                              - Undefined Weak Reference
    _getenv_init                              - Undefined Weak Reference
    _handle_redirection                       - Undefined Weak Reference
    _init_alloc                               - Undefined Weak Reference
    _init_user_alloc                          - Undefined Weak Reference
    _initio                                   - Undefined Weak Reference
    _rand_init                                - Undefined Weak Reference
    _signal_finish                            - Undefined Weak Reference
    _signal_init                              - Undefined Weak Reference
    _terminate_alloc                          - Undefined Weak Reference
    _terminate_user_alloc                     - Undefined Weak Reference
    _terminateio                              - Undefined Weak Reference
    __Vectors_Size                           0x00000188   Number         0  startup_stm32f30x.o ABSOLUTE
    __Vectors                                0x08000000   Data           4  startup_stm32f30x.o(RESET)
    __Vectors_End                            0x08000188   Data           0  startup_stm32f30x.o(RESET)
    __main                                   0x08000189   Thumb Code     8  __main.o(!!!main)
    __scatterload                            0x08000191   Thumb Code     0  __scatter.o(!!!scatter)
    __scatterload_rt2                        0x08000191   Thumb Code    44  __scatter.o(!!!scatter)
    __scatterload_rt2_thumb_only             0x08000191   Thumb Code     0  __scatter.o(!!!scatter)
    __scatterload_null                       0x0800019f   Thumb Code     0  __scatter.o(!!!scatter)
    __decompress                             0x080001c5   Thumb Code    90  __dczerorl2.o(!!dczerorl2)
    __decompress1                            0x080001c5   Thumb Code     0  __dczerorl2.o(!!dczerorl2)
    __scatterload_zeroinit                   0x08000221   Thumb Code    28  __scatter_zi.o(!!handler_zi)
    __rt_lib_init                            0x0800023d   Thumb Code     0  libinit.o(.ARM.Collect$$libinit$$00000000)
    __rt_lib_init_fp_1                       0x0800023f   Thumb Code     0  libinit2.o(.ARM.Collect$$libinit$$00000001)
    __rt_lib_init_alloca_1                   0x08000243   Thumb Code     0  libinit2.o(.ARM.Collect$$libinit$$0000002E)
    __rt_lib_init_argv_1                     0x08000243   Thumb Code     0  libinit2.o(.ARM.Collect$$libinit$$0000002C)
    __rt_lib_init_atexit_1                   0x08000243   Thumb Code     0  libinit2.o(.ARM.Collect$$libinit$$0000001B)
    __rt_lib_init_clock_1                    0x08000243   Thumb Code     0  libinit2.o(.ARM.Collect$$libinit$$00000021)
    __rt_lib_init_cpp_1                      0x08000243   Thumb Code     0  libinit2.o(.ARM.Collect$$libinit$$00000032)
    __rt_lib_init_exceptions_1               0x08000243   Thumb Code     0  libinit2.o(.ARM.Collect$$libinit$$00000030)
    __rt_lib_init_fp_trap_1                  0x08000243   Thumb Code     0  libinit2.o(.ARM.Collect$$libinit$$0000001F)
    __rt_lib_init_getenv_1                   0x08000243   Thumb Code     0  libinit2.o(.ARM.Collect$$libinit$$00000023)
    __rt_lib_init_heap_1                     0x08000243   Thumb Code     0  libinit2.o(.ARM.Collect$$libinit$$0000000A)
    __rt_lib_init_lc_collate_1               0x08000243   Thumb Code     0  libinit2.o(.ARM.Collect$$libinit$$00000011)
    __rt_lib_init_lc_ctype_1                 0x08000243   Thumb Code     0  libinit2.o(.ARM.Collect$$libinit$$00000013)
    __rt_lib_init_lc_monetary_1              0x08000243   Thumb Code     0  libinit2.o(.ARM.Collect$$libinit$$00000015)
    __rt_lib_init_lc_numeric_1               0x08000243   Thumb Code     0  libinit2.o(.ARM.Collect$$libinit$$00000017)
    __rt_lib_init_lc_time_1                  0x08000243   Thumb Code     0  libinit2.o(.ARM.Collect$$libinit$$00000019)
    __rt_lib_init_preinit_1                  0x08000243   Thumb Code     0  libinit2.o(.ARM.Collect$$libinit$$00000004)
    __rt_lib_init_rand_1                     0x08000243   Thumb Code     0  libinit2.o(.ARM.Collect$$libinit$$0000000E)
    __rt_lib_init_return                     0x08000243   Thumb Code     0  libinit2.o(.ARM.Collect$$libinit$$00000033)
    __rt_lib_init_signal_1                   0x08000243   Thumb Code     0  libinit2.o(.ARM.Collect$$libinit$$0000001D)
    __rt_lib_init_stdio_1                    0x08000243   Thumb Code     0  libinit2.o(.ARM.Collect$$libinit$$00000025)
    __rt_lib_init_user_alloc_1               0x08000243   Thumb Code     0  libinit2.o(.ARM.Collect$$libinit$$0000000C)
    __rt_lib_shutdown                        0x08000245   Thumb Code     0  libshutdown.o(.ARM.Collect$$libshutdown$$00000000)
    __rt_lib_shutdown_cpp_1                  0x08000247   Thumb Code     0  libshutdown2.o(.ARM.Collect$$libshutdown$$00000002)
    __rt_lib_shutdown_fp_trap_1              0x08000247   Thumb Code     0  libshutdown2.o(.ARM.Collect$$libshutdown$$00000007)
    __rt_lib_shutdown_heap_1                 0x08000247   Thumb Code     0  libshutdown2.o(.ARM.Collect$$libshutdown$$0000000F)
    __rt_lib_shutdown_return                 0x08000247   Thumb Code     0  libshutdown2.o(.ARM.Collect$$libshutdown$$00000010)
    __rt_lib_shutdown_signal_1               0x08000247   Thumb Code     0  libshutdown2.o(.ARM.Collect$$libshutdown$$0000000A)
    __rt_lib_shutdown_stdio_1                0x08000247   Thumb Code     0  libshutdown2.o(.ARM.Collect$$libshutdown$$00000004)
    __rt_lib_shutdown_user_alloc_1           0x08000247   Thumb Code     0  libshutdown2.o(.ARM.Collect$$libshutdown$$0000000C)
    __rt_entry                               0x08000249   Thumb Code     0  __rtentry.o(.ARM.Collect$$rtentry$$00000000)
    __rt_entry_presh_1                       0x08000249   Thumb Code     0  __rtentry2.o(.ARM.Collect$$rtentry$$00000002)
    __rt_entry_sh                            0x08000249   Thumb Code     0  __rtentry4.o(.ARM.Collect$$rtentry$$00000004)
    __rt_entry_li                            0x0800024f   Thumb Code     0  __rtentry2.o(.ARM.Collect$$rtentry$$0000000A)
    __rt_entry_postsh_1                      0x0800024f   Thumb Code     0  __rtentry2.o(.ARM.Collect$$rtentry$$00000009)
    __rt_entry_main                          0x08000253   Thumb Code     0  __rtentry2.o(.ARM.Collect$$rtentry$$0000000D)
    __rt_entry_postli_1                      0x08000253   Thumb Code     0  __rtentry2.o(.ARM.Collect$$rtentry$$0000000C)
    __rt_exit                                0x0800025b   Thumb Code     0  rtexit.o(.ARM.Collect$$rtexit$$00000000)
    __rt_exit_ls                             0x0800025d   Thumb Code     0  rtexit2.o(.ARM.Collect$$rtexit$$00000003)
    __rt_exit_prels_1                        0x0800025d   Thumb Code     0  rtexit2.o(.ARM.Collect$$rtexit$$00000002)
    __rt_exit_exit                           0x08000261   Thumb Code     0  rtexit2.o(.ARM.Collect$$rtexit$$00000004)
    Reset_Handler                            0x08000269   Thumb Code    14  startup_stm32f30x.o(.text)
    NMI_Handler                              0x08000277   Thumb Code     2  startup_stm32f30x.o(.text)
    HardFault_Handler                        0x08000279   Thumb Code     2  startup_stm32f30x.o(.text)
    MemManage_Handler                        0x0800027b   Thumb Code     2  startup_stm32f30x.o(.text)
    BusFault_Handler                         0x0800027d   Thumb Code     2  startup_stm32f30x.o(.text)
    UsageFault_Handler                       0x0800027f   Thumb Code     2  startup_stm32f30x.o(.text)
    SVC_Handler                              0x08000281   Thumb Code     2  startup_stm32f30x.o(.text)
    DebugMon_Handler                         0x08000283   Thumb Code     2  startup_stm32f30x.o(.text)
    PendSV_Handler                           0x08000285   Thumb Code     2  startup_stm32f30x.o(.text)
    SysTick_Handler                          0x08000287   Thumb Code     2  startup_stm32f30x.o(.text)
    ADC1_2_IRQHandler                        0x08000289   Thumb Code     0  startup_stm32f30x.o(.text)
    ADC3_IRQHandler                          0x08000289   Thumb Code     0  startup_stm32f30x.o(.text)
    ADC4_IRQHandler                          0x08000289   Thumb Code     0  startup_stm32f30x.o(.text)
    CAN1_RX1_IRQHandler                      0x08000289   Thumb Code     0  startup_stm32f30x.o(.text)
    CAN1_SCE_IRQHandler                      0x08000289   Thumb Code     0  startup_stm32f30x.o(.text)
    COMP1_2_3_IRQHandler                     0x08000289   Thumb Code     0  startup_stm32f30x.o(.text)
    COMP4_5_6_IRQHandler                     0x08000289   Thumb Code     0  startup_stm32f30x.o(.text)
    COMP7_IRQHandler                         0x08000289   Thumb Code     0  startup_stm32f30x.o(.text)
    DMA1_Channel1_IRQHandler                 0x08000289   Thumb Code     0  startup_stm32f30x.o(.text)
    DMA1_Channel3_IRQHandler                 0x08000289   Thumb Code     0  startup_stm32f30x.o(.text)
    DMA1_Channel5_IRQHandler                 0x08000289   Thumb Code     0  startup_stm32f30x.o(.text)
    DMA1_Channel6_IRQHandler                 0x08000289   Thumb Code     0  startup_stm32f30x.o(.text)
    DMA1_Channel7_IRQHandler                 0x08000289   Thumb Code     0  startup_stm32f30x.o(.text)
    DMA2_Channel1_IRQHandler                 0x08000289   Thumb Code     0  startup_stm32f30x.o(.text)
    DMA2_Channel2_IRQHandler                 0x08000289   Thumb Code     0  startup_stm32f30x.o(.text)
    DMA2_Channel3_IRQHandler                 0x08000289   Thumb Code     0  startup_stm32f30x.o(.text)
    DMA2_Channel4_IRQHandler                 0x08000289   Thumb Code     0  startup_stm32f30x.o(.text)
    DMA2_Channel5_IRQHandler                 0x08000289   Thumb Code     0  startup_stm32f30x.o(.text)
    EXTI0_IRQHandler                         0x08000289   Thumb Code     0  startup_stm32f30x.o(.text)
    EXTI15_10_IRQHandler                     0x08000289   Thumb Code     0  startup_stm32f30x.o(.text)
    EXTI1_IRQHandler                         0x08000289   Thumb Code     0  startup_stm32f30x.o(.text)
    EXTI2_TS_IRQHandler                      0x08000289   Thumb Code     0  startup_stm32f30x.o(.text)
    EXTI3_IRQHandler                         0x08000289   Thumb Code     0  startup_stm32f30x.o(.text)
    EXTI4_IRQHandler                         0x08000289   Thumb Code     0  startup_stm32f30x.o(.text)
    EXTI9_5_IRQHandler                       0x08000289   Thumb Code     0  startup_stm32f30x.o(.text)
    FLASH_IRQHandler                         0x08000289   Thumb Code     0  startup_stm32f30x.o(.text)
    FPU_IRQHandler                           0x08000289   Thumb Code     0  startup_stm32f30x.o(.text)
    I2C1_ER_IRQHandler                       0x08000289   Thumb Code     0  startup_stm32f30x.o(.text)
    I2C1_EV_IRQHandler                       0x08000289   Thumb Code     0  startup_stm32f30x.o(.text)
    I2C2_ER_IRQHandler                       0x08000289   Thumb Code     0  startup_stm32f30x.o(.text)
    I2C2_EV_IRQHandler                       0x08000289   Thumb Code     0  startup_stm32f30x.o(.text)
    PVD_IRQHandler                           0x08000289   Thumb Code     0  startup_stm32f30x.o(.text)
    RCC_IRQHandler                           0x08000289   Thumb Code     0  startup_stm32f30x.o(.text)
    RTC_Alarm_IRQHandler                     0x08000289   Thumb Code     0  startup_stm32f30x.o(.text)
    RTC_WKUP_IRQHandler                      0x08000289   Thumb Code     0  startup_stm32f30x.o(.text)
    SPI1_IRQHandler                          0x08000289   Thumb Code     0  startup_stm32f30x.o(.text)
    SPI2_IRQHandler                          0x08000289   Thumb Code     0  startup_stm32f30x.o(.text)
    SPI3_IRQHandler                          0x08000289   Thumb Code     0  startup_stm32f30x.o(.text)
    TAMPER_STAMP_IRQHandler                  0x08000289   Thumb Code     0  startup_stm32f30x.o(.text)
    TIM1_BRK_TIM15_IRQHandler                0x08000289   Thumb Code     0  startup_stm32f30x.o(.text)
    TIM1_CC_IRQHandler                       0x08000289   Thumb Code     0  startup_stm32f30x.o(.text)
    TIM1_TRG_COM_TIM17_IRQHandler            0x08000289   Thumb Code     0  startup_stm32f30x.o(.text)
    TIM1_UP_TIM16_IRQHandler                 0x08000289   Thumb Code     0  startup_stm32f30x.o(.text)
    TIM2_IRQHandler                          0x08000289   Thumb Code     0  startup_stm32f30x.o(.text)
    TIM3_IRQHandler                          0x08000289   Thumb Code     0  startup_stm32f30x.o(.text)
    TIM4_IRQHandler                          0x08000289   Thumb Code     0  startup_stm32f30x.o(.text)
    TIM7_IRQHandler                          0x08000289   Thumb Code     0  startup_stm32f30x.o(.text)
    TIM8_BRK_IRQHandler                      0x08000289   Thumb Code     0  startup_stm32f30x.o(.text)
    TIM8_CC_IRQHandler                       0x08000289   Thumb Code     0  startup_stm32f30x.o(.text)
    TIM8_TRG_COM_IRQHandler                  0x08000289   Thumb Code     0  startup_stm32f30x.o(.text)
    TIM8_UP_IRQHandler                       0x08000289   Thumb Code     0  startup_stm32f30x.o(.text)
    UART4_IRQHandler                         0x08000289   Thumb Code     0  startup_stm32f30x.o(.text)
    UART5_IRQHandler                         0x08000289   Thumb Code     0  startup_stm32f30x.o(.text)
    USART2_IRQHandler                        0x08000289   Thumb Code     0  startup_stm32f30x.o(.text)
    USBWakeUp_IRQHandler                     0x08000289   Thumb Code     0  startup_stm32f30x.o(.text)
    USBWakeUp_RMP_IRQHandler                 0x08000289   Thumb Code     0  startup_stm32f30x.o(.text)
    USB_HP_CAN1_TX_IRQHandler                0x08000289   Thumb Code     0  startup_stm32f30x.o(.text)
    USB_HP_IRQHandler                        0x08000289   Thumb Code     0  startup_stm32f30x.o(.text)
    USB_LP_CAN1_RX0_IRQHandler               0x08000289   Thumb Code     0  startup_stm32f30x.o(.text)
    USB_LP_IRQHandler                        0x08000289   Thumb Code     0  startup_stm32f30x.o(.text)
    WWDG_IRQHandler                          0x08000289   Thumb Code     0  startup_stm32f30x.o(.text)
    __user_initial_stackheap                 0x0800028d   Thumb Code     0  startup_stm32f30x.o(.text)
    __use_two_region_memory                  0x080002b1   Thumb Code     2  heapauxi.o(.text)
    __rt_heap_escrow$2region                 0x080002b3   Thumb Code     2  heapauxi.o(.text)
    __rt_heap_expand$2region                 0x080002b5   Thumb Code     2  heapauxi.o(.text)
    __user_setup_stackheap                   0x080002b7   Thumb Code    74  sys_stackheap_outer.o(.text)
    exit                                     0x08000301   Thumb Code    18  exit.o(.text)
    __user_libspace                          0x08000315   Thumb Code     8  libspace.o(.text)
    __user_perproc_libspace                  0x08000315   Thumb Code     0  libspace.o(.text)
    __user_perthread_libspace                0x08000315   Thumb Code     0  libspace.o(.text)
    _sys_exit                                0x0800031d   Thumb Code     8  sys_exit.o(.text)
    __I$use$semihosting                      0x08000329   Thumb Code     0  use_no_semi.o(.text)
    __use_no_semihosting_swi                 0x08000329   Thumb Code     2  use_no_semi.o(.text)
    __semihosting_library_function           0x0800032b   Thumb Code     0  indicate_semi.o(.text)
    BubbleSort                               0x0800032d   Thumb Code   136  app_led_ctrl.o(i.BubbleSort)
    DMA1_Channel2_IRQHandler                 0x080003b9   Thumb Code    44  hal_uart.o(i.DMA1_Channel2_IRQHandler)
    DMA1_Channel4_IRQHandler                 0x080003f5   Thumb Code    44  hal_uart.o(i.DMA1_Channel4_IRQHandler)
    LedCtrlSendPulse                         0x08000431   Thumb Code    88  app_led_ctrl.o(i.LedCtrlSendPulse)
    LedDataSet                               0x08000489   Thumb Code   132  app_led_ctrl.o(i.LedDataSet)
    LedSysTest                               0x08000511   Thumb Code    66  app_main_task.o(i.LedSysTest)
    Led_delay                                0x0800055d   Thumb Code    10  app_led_ctrl.o(i.Led_delay)
    TIM6_DAC_IRQHandler                      0x08000569   Thumb Code    16  hal_timer.o(i.TIM6_DAC_IRQHandler)
    USART1_IRQHandler                        0x0800057d   Thumb Code   302  hal_uart.o(i.USART1_IRQHandler)
    USART3_IRQHandler                        0x080006c9   Thumb Code   226  hal_uart.o(i.USART3_IRQHandler)
    app_main_task                            0x080007c1   Thumb Code   320  app_main_task.o(i.app_main_task)
    app_uart_extern_msg_packet_process       0x08000911   Thumb Code    14  app_sdwe_ctrl.o(i.app_uart_extern_msg_packet_process)
    cal_crc16                                0x08000921   Thumb Code    62  app_crc.o(i.cal_crc16)
    drv_debug_apb1_stop                      0x08000969   Thumb Code    12  drv_dbgmcu.o(i.drv_debug_apb1_stop)
    drv_delay_init                           0x08000979   Thumb Code    60  drv_delay.o(i.drv_delay_init)
    drv_delay_us                             0x080009c5   Thumb Code    64  drv_delay.o(i.drv_delay_us)
    drv_dma_set_mem_addr_length              0x08000a09   Thumb Code    12  drv_dma.o(i.drv_dma_set_mem_addr_length)
    drv_dma_stream_clear_flag_status         0x08000a15   Thumb Code    30  drv_dma.o(i.drv_dma_stream_clear_flag_status)
    drv_dma_stream_clear_it_pending_bit      0x08000a3d   Thumb Code    18  drv_dma.o(i.drv_dma_stream_clear_it_pending_bit)
    drv_dma_stream_deinit                    0x08000a59   Thumb Code   252  drv_dma.o(i.drv_dma_stream_deinit)
    drv_dma_stream_disable                   0x08000b5d   Thumb Code    10  drv_dma.o(i.drv_dma_stream_disable)
    drv_dma_stream_enable                    0x08000b67   Thumb Code    12  drv_dma.o(i.drv_dma_stream_enable)
    drv_dma_stream_get_it_status             0x08000b75   Thumb Code    90  drv_dma.o(i.drv_dma_stream_get_it_status)
    drv_dma_stream_get_left_length           0x08000bd9   Thumb Code    14  drv_dma.o(i.drv_dma_stream_get_left_length)
    drv_dma_stream_init                      0x08000be7   Thumb Code   108  drv_dma.o(i.drv_dma_stream_init)
    drv_dma_stream_it_enable                 0x08000c53   Thumb Code     8  drv_dma.o(i.drv_dma_stream_it_enable)
    drv_dma_stream_start_mem_to_periph       0x08000c5b   Thumb Code    52  drv_dma.o(i.drv_dma_stream_start_mem_to_periph)
    drv_dma_stream_start_periph_to_mem       0x08000c8f   Thumb Code    52  drv_dma.o(i.drv_dma_stream_start_periph_to_mem)
    drv_gpio_alternate_function_connect      0x08000cc3   Thumb Code    66  drv_gpio.o(i.drv_gpio_alternate_function_connect)
    drv_gpio_alternate_function_init         0x08000d05   Thumb Code   220  drv_gpio.o(i.drv_gpio_alternate_function_init)
    drv_gpio_input_init                      0x08000de1   Thumb Code    96  drv_gpio.o(i.drv_gpio_input_init)
    drv_gpio_output_init                     0x08000e41   Thumb Code   220  drv_gpio.o(i.drv_gpio_output_init)
    drv_gpio_set_pins_high                   0x08000f1d   Thumb Code     8  hal_uart.o(i.drv_gpio_set_pins_high)
    drv_nvic_enable                          0x08000f25   Thumb Code    22  drv_nvic.o(i.drv_nvic_enable)
    drv_nvic_init                            0x08000f3d   Thumb Code    56  drv_nvic.o(i.drv_nvic_init)
    drv_rcc_ahb1_clk_enable                  0x08000f7d   Thumb Code    12  drv_rcc.o(i.drv_rcc_ahb1_clk_enable)
    drv_rcc_apb1_clk_enable                  0x08000f8d   Thumb Code    12  drv_rcc.o(i.drv_rcc_apb1_clk_enable)
    drv_rcc_apb1_periph_reset_disable        0x08000f9d   Thumb Code    12  drv_rcc.o(i.drv_rcc_apb1_periph_reset_disable)
    drv_rcc_apb1_periph_reset_enable         0x08000fad   Thumb Code    12  drv_rcc.o(i.drv_rcc_apb1_periph_reset_enable)
    drv_rcc_apb2_clk_enable                  0x08000fbd   Thumb Code    12  drv_rcc.o(i.drv_rcc_apb2_clk_enable)
    drv_rcc_apb2_periph_reset_disable        0x08000fcd   Thumb Code    12  drv_rcc.o(i.drv_rcc_apb2_periph_reset_disable)
    drv_rcc_apb2_periph_reset_enable         0x08000fdd   Thumb Code    12  drv_rcc.o(i.drv_rcc_apb2_periph_reset_enable)
    drv_rcc_get_clocks_freq                  0x08000fed   Thumb Code   238  drv_rcc.o(i.drv_rcc_get_clocks_freq)
    drv_rcc_init                             0x080010f1   Thumb Code   694  drv_rcc.o(i.drv_rcc_init)
    drv_timer_base_init                      0x080013d1   Thumb Code   104  drv_timer.o(i.drv_timer_base_init)
    drv_timer_clear_it_pending_bit           0x08001451   Thumb Code     8  drv_timer.o(i.drv_timer_clear_it_pending_bit)
    drv_timer_deinit                         0x08001459   Thumb Code   216  drv_timer.o(i.drv_timer_deinit)
    drv_timer_enable                         0x08001555   Thumb Code    12  drv_timer.o(i.drv_timer_enable)
    drv_timer_it_enable                      0x08001561   Thumb Code     8  drv_timer.o(i.drv_timer_it_enable)
    drv_uart_clear_flag_status               0x08001569   Thumb Code     4  drv_uart.o(i.drv_uart_clear_flag_status)
    drv_uart_clear_it_pending_bit            0x0800156d   Thumb Code    18  drv_uart.o(i.drv_uart_clear_it_pending_bit)
    drv_uart_deinit                          0x08001581   Thumb Code   124  drv_uart.o(i.drv_uart_deinit)
    drv_uart_dma_rx_enable                   0x08001611   Thumb Code    12  drv_uart.o(i.drv_uart_dma_rx_enable)
    drv_uart_dma_tx_enable                   0x0800161d   Thumb Code    12  drv_uart.o(i.drv_uart_dma_tx_enable)
    drv_uart_get_flag_status                 0x08001629   Thumb Code    16  drv_uart.o(i.drv_uart_get_flag_status)
    drv_uart_init                            0x08001639   Thumb Code   190  drv_uart.o(i.drv_uart_init)
    drv_uart_it_disable                      0x080016f7   Thumb Code    52  drv_uart.o(i.drv_uart_it_disable)
    drv_uart_it_enable                       0x0800172b   Thumb Code    52  drv_uart.o(i.drv_uart_it_enable)
    drv_uart_put_bytes                       0x0800175f   Thumb Code    32  drv_uart.o(i.drv_uart_put_bytes)
    drv_uart_set_baudrate                    0x08001781   Thumb Code   116  drv_uart.o(i.drv_uart_set_baudrate)
    hal_clock_init                           0x080017fd   Thumb Code    24  hal_clock.o(i.hal_clock_init)
    hal_delay_init                           0x08001815   Thumb Code     8  hal_delay.o(i.hal_delay_init)
    hal_delay_us                             0x0800181d   Thumb Code    12  app_hx711_ctrl.o(i.hal_delay_us)
    hal_di_get                               0x08001829   Thumb Code    36  hal_gpio.o(i.hal_di_get)
    hal_gpio_set_do_high                     0x08001855   Thumb Code    22  hal_gpio.o(i.hal_gpio_set_do_high)
    hal_gpio_set_do_low                      0x08001875   Thumb Code    22  hal_gpio.o(i.hal_gpio_set_do_low)
    hal_timer_init                           0x08001895   Thumb Code    66  hal_timer.o(i.hal_timer_init)
    hal_uart_dma_rx_start                    0x080018e1   Thumb Code    70  hal_uart.o(i.hal_uart_dma_rx_start)
    hal_uart_gpio_init                       0x08001939   Thumb Code   806  hal_uart.o(i.hal_uart_gpio_init)
    hal_uart_port_init                       0x08001c91   Thumb Code   560  hal_uart.o(i.hal_uart_port_init)
    hal_uart_rx_irq_disable                  0x08001ef9   Thumb Code    48  hal_uart.o(i.hal_uart_rx_irq_disable)
    hal_uart_rx_irq_enable                   0x08001f35   Thumb Code    48  hal_uart.o(i.hal_uart_rx_irq_enable)
    hal_uart_set_braudrate                   0x08001f71   Thumb Code    34  hal_uart.o(i.hal_uart_set_braudrate)
    hal_uart_set_rx_mode                     0x08001f9d   Thumb Code    26  hal_uart.o(i.hal_uart_set_rx_mode)
    hal_uart_set_timeout                     0x08001fc1   Thumb Code     2  hal_uart.o(i.hal_uart_set_timeout)
    hal_uart_set_tx_mode                     0x08001fc5   Thumb Code    24  hal_uart.o(i.hal_uart_set_tx_mode)
    hal_uart_tx_bytes                        0x08001fe5   Thumb Code   246  hal_uart.o(i.hal_uart_tx_bytes)
    hx711_AllChanelSample                    0x080020ed   Thumb Code   212  app_hx711_ctrl.o(i.hx711_AllChanelSample)
    hx711_DataSampleCtrl                     0x080021c5   Thumb Code    36  app_hx711_ctrl.o(i.hx711_DataSampleCtrl)
    hx711_MainFunction                       0x080021ed   Thumb Code   206  app_hx711_ctrl.o(i.hx711_MainFunction)
    hx711_SigChanelAvrgAndWeightCalc         0x080022c5   Thumb Code   142  app_hx711_ctrl.o(i.hx711_SigChanelAvrgAndWeightCalc)
    hx711_getWeight                          0x08002359   Thumb Code    36  app_hx711_ctrl.o(i.hx711_getWeight)
    hx711_getWeightTen                       0x08002385   Thumb Code    36  app_hx711_ctrl.o(i.hx711_getWeightTen)
    hx711_init                               0x080023b1   Thumb Code   208  app_hx711_ctrl.o(i.hx711_init)
    key_FilterGet                            0x0800248d   Thumb Code    30  app_key_ctrl.o(i.key_FilterGet)
    key_MainFunction                         0x080024b1   Thumb Code   168  app_key_ctrl.o(i.key_MainFunction)
    key_init                                 0x0800255d   Thumb Code    84  app_key_ctrl.o(i.key_init)
    led_MainFunction                         0x080025b5   Thumb Code   122  app_led_ctrl.o(i.led_MainFunction)
    led_init                                 0x08002639   Thumb Code    62  app_led_ctrl.o(i.led_init)
    main                                     0x08002677   Thumb Code    24  app_main.o(i.main)
    sampleCalcKB                             0x08002691   Thumb Code   316  app_hx711_ctrl.o(i.sampleCalcKB)
    sampleDataPush                           0x080027d5   Thumb Code   130  app_hx711_ctrl.o(i.sampleDataPush)
    sdweRxDeal                               0x08002859   Thumb Code   126  app_sdwe_ctrl.o(i.sdweRxDeal)
    sdweWrite                                0x080028dd   Thumb Code   196  app_sdwe_ctrl.o(i.sdweWrite)
    sdwe_MainCalFunction                     0x080029a9   Thumb Code   166  app_sdwe_ctrl.o(i.sdwe_MainCalFunction)
    sdwe_MainFunction                        0x08002a55   Thumb Code   154  app_sdwe_ctrl.o(i.sdwe_MainFunction)
    sdwe_init                                0x08002af5   Thumb Code    78  app_sdwe_ctrl.o(i.sdwe_init)
    sdwe_test                                0x08002b51   Thumb Code   126  app_sdwe_ctrl.o(i.sdwe_test)
    system_init                              0x08002be5   Thumb Code    32  app_main.o(i.system_init)
    useWeightUpdateLedColor                  0x08002c05   Thumb Code   320  app_led_ctrl.o(i.useWeightUpdateLedColor)
    wm_hal_gpio_init                         0x08002d45   Thumb Code    86  hal_gpio.o(i.wm_hal_gpio_init)
    _fp_init                                 0x08002db5   Thumb Code    10  fpinit.o(x$fpl$fpinit)
    __fplib_config_fpu_vfp                   0x08002dbd   Thumb Code     0  fpinit.o(x$fpl$fpinit)
    __fplib_config_pureend_doubles           0x08002dbd   Thumb Code     0  fpinit.o(x$fpl$fpinit)
    g_CrcHTable                              0x08002dbe   Data         256  app_crc.o(.constdata)
    g_CrcLTable                              0x08002ebe   Data         256  app_crc.o(.constdata)
    DO_GPIO_CLK                              0x08002fc0   Data          52  hal_gpio.o(.constdata)
    DO_GPIO_PIN                              0x08002ff4   Data          26  hal_gpio.o(.constdata)
    DI_GPIO_CLK                              0x08003010   Data          56  hal_gpio.o(.constdata)
    DI_GPIO_PIN                              0x08003048   Data          28  hal_gpio.o(.constdata)
    UART_PORT_CLK                            0x08003064   Data           8  hal_uart.o(.constdata)
    UART_PORT_IRQn                           0x0800306c   Data           2  hal_uart.o(.constdata)
    UART_PORT_GPIO_AF                        0x0800306e   Data           2  hal_uart.o(.constdata)
    UART_TX_GPIO_CLK                         0x08003070   Data           8  hal_uart.o(.constdata)
    UART_TX_GPIO_PIN                         0x08003078   Data           4  hal_uart.o(.constdata)
    UART_TX_PIN_SOURCE                       0x0800307c   Data           4  hal_uart.o(.constdata)
    UART_RX_GPIO_CLK                         0x08003080   Data           8  hal_uart.o(.constdata)
    UART_RX_GPIO_PIN                         0x08003088   Data           4  hal_uart.o(.constdata)
    UART_RX_PIN_SOURCE                       0x0800308c   Data           4  hal_uart.o(.constdata)
    UART_DEA_GPIO_CLK                        0x08003090   Data           8  hal_uart.o(.constdata)
    UART_DEA_GPIO_PIN                        0x08003098   Data           4  hal_uart.o(.constdata)
    UART_TX_DMA_CLK                          0x0800309c   Data           8  hal_uart.o(.constdata)
    UART_TX_DMA_IRQn                         0x080030a4   Data           2  hal_uart.o(.constdata)
    UART_TX_DMA_IT_TCIF                      0x080030a8   Data           8  hal_uart.o(.constdata)
    UART_RX_DMA_CLK                          0x080030b0   Data           8  hal_uart.o(.constdata)
    g_UartBaudTab                            0x080030b8   Data          40  hal_uart.o(.constdata)
    Region$$Table$$Base                      0x080030e0   Number         0  anon$$obj.o(Region$$Table)
    Region$$Table$$Limit                     0x08003100   Number         0  anon$$obj.o(Region$$Table)
    mainTaskStatus                           0x20000000   Data           1  app_main_task.o(.data)
    KEY_COMBIN                               0x20000001   Data           1  app_main_task.o(.data)
    g_led_ctrl_data                          0x2000000f   Data           4  app_led_ctrl.o(.data)
    g_sdwe                                   0x2000001c   Data         572  app_sdwe_ctrl.o(.data)
    DO_GPIO_PORT                             0x2000028c   Data          52  hal_gpio.o(.data)
    DI_GPIO_PORT                             0x200002c0   Data          56  hal_gpio.o(.data)
    UART_PORT                                0x200002f8   Data           8  hal_uart.o(.data)
    UART_TX_GPIO_PORT                        0x20000300   Data           8  hal_uart.o(.data)
    UART_RX_GPIO_PORT                        0x20000308   Data           8  hal_uart.o(.data)
    UART_DEA_GPIO_PORT                       0x20000310   Data           8  hal_uart.o(.data)
    UART_TX_DMA                              0x20000318   Data           8  hal_uart.o(.data)
    UART_TX_DMA_CHANNEL                      0x20000320   Data           8  hal_uart.o(.data)
    UART_RX_DMA                              0x20000328   Data           8  hal_uart.o(.data)
    UART_RX_DMA_CHANNEL                      0x20000330   Data           8  hal_uart.o(.data)
    g_UartDevice                             0x20000338   Data         112  hal_uart.o(.data)
    l_RccWiteTimeOut                         0x200003c0   Data           4  drv_rcc.o(.data)
    g_sdwe_dis_data                          0x20000b84   Data          24  app_sdwe_ctrl.o(.bss)
    SysKey                                   0x20000bac   Data          12  app_key_ctrl.o(.bss)
    g_ClockFrequency                         0x20000bb8   Data          36  drv_rcc.o(.bss)
    __libspace_start                         0x20000bdc   Data          96  libspace.o(.bss)
    __temporary_stack_top$libspace           0x20000c3c   Data           0  libspace.o(.bss)



==============================================================================

Memory Map of the image

  Image Entry point : 0x08000189

  Load Region LR_IROM1 (Base: 0x08000000, Size: 0x000034c4, Max: 0x00040000, ABSOLUTE, COMPRESSED[0x00003198])

    Execution Region ER_IROM1 (Base: 0x08000000, Size: 0x00003100, Max: 0x00040000, ABSOLUTE)

    Base Addr    Size         Type   Attr      Idx    E Section Name        Object

    0x08000000   0x00000188   Data   RO          384    RESET               startup_stm32f30x.o
    0x08000188   0x00000008   Code   RO         1973  * !!!main             c_w.l(__main.o)
    0x08000190   0x00000034   Code   RO         2132    !!!scatter          c_w.l(__scatter.o)
    0x080001c4   0x0000005a   Code   RO         2130    !!dczerorl2         c_w.l(__dczerorl2.o)
    0x0800021e   0x00000002   PAD
    0x08000220   0x0000001c   Code   RO         2134    !!handler_zi        c_w.l(__scatter_zi.o)
    0x0800023c   0x00000002   Code   RO         2000    .ARM.Collect$$libinit$$00000000  c_w.l(libinit.o)
    0x0800023e   0x00000004   Code   RO         2006    .ARM.Collect$$libinit$$00000001  c_w.l(libinit2.o)
    0x08000242   0x00000000   Code   RO         2009    .ARM.Collect$$libinit$$00000004  c_w.l(libinit2.o)
    0x08000242   0x00000000   Code   RO         2012    .ARM.Collect$$libinit$$0000000A  c_w.l(libinit2.o)
    0x08000242   0x00000000   Code   RO         2014    .ARM.Collect$$libinit$$0000000C  c_w.l(libinit2.o)
    0x08000242   0x00000000   Code   RO         2016    .ARM.Collect$$libinit$$0000000E  c_w.l(libinit2.o)
    0x08000242   0x00000000   Code   RO         2019    .ARM.Collect$$libinit$$00000011  c_w.l(libinit2.o)
    0x08000242   0x00000000   Code   RO         2021    .ARM.Collect$$libinit$$00000013  c_w.l(libinit2.o)
    0x08000242   0x00000000   Code   RO         2023    .ARM.Collect$$libinit$$00000015  c_w.l(libinit2.o)
    0x08000242   0x00000000   Code   RO         2025    .ARM.Collect$$libinit$$00000017  c_w.l(libinit2.o)
    0x08000242   0x00000000   Code   RO         2027    .ARM.Collect$$libinit$$00000019  c_w.l(libinit2.o)
    0x08000242   0x00000000   Code   RO         2029    .ARM.Collect$$libinit$$0000001B  c_w.l(libinit2.o)
    0x08000242   0x00000000   Code   RO         2031    .ARM.Collect$$libinit$$0000001D  c_w.l(libinit2.o)
    0x08000242   0x00000000   Code   RO         2033    .ARM.Collect$$libinit$$0000001F  c_w.l(libinit2.o)
    0x08000242   0x00000000   Code   RO         2035    .ARM.Collect$$libinit$$00000021  c_w.l(libinit2.o)
    0x08000242   0x00000000   Code   RO         2037    .ARM.Collect$$libinit$$00000023  c_w.l(libinit2.o)
    0x08000242   0x00000000   Code   RO         2039    .ARM.Collect$$libinit$$00000025  c_w.l(libinit2.o)
    0x08000242   0x00000000   Code   RO         2043    .ARM.Collect$$libinit$$0000002C  c_w.l(libinit2.o)
    0x08000242   0x00000000   Code   RO         2045    .ARM.Collect$$libinit$$0000002E  c_w.l(libinit2.o)
    0x08000242   0x00000000   Code   RO         2047    .ARM.Collect$$libinit$$00000030  c_w.l(libinit2.o)
    0x08000242   0x00000000   Code   RO         2049    .ARM.Collect$$libinit$$00000032  c_w.l(libinit2.o)
    0x08000242   0x00000002   Code   RO         2050    .ARM.Collect$$libinit$$00000033  c_w.l(libinit2.o)
    0x08000244   0x00000002   Code   RO         2070    .ARM.Collect$$libshutdown$$00000000  c_w.l(libshutdown.o)
    0x08000246   0x00000000   Code   RO         2083    .ARM.Collect$$libshutdown$$00000002  c_w.l(libshutdown2.o)
    0x08000246   0x00000000   Code   RO         2085    .ARM.Collect$$libshutdown$$00000004  c_w.l(libshutdown2.o)
    0x08000246   0x00000000   Code   RO         2088    .ARM.Collect$$libshutdown$$00000007  c_w.l(libshutdown2.o)
    0x08000246   0x00000000   Code   RO         2091    .ARM.Collect$$libshutdown$$0000000A  c_w.l(libshutdown2.o)
    0x08000246   0x00000000   Code   RO         2093    .ARM.Collect$$libshutdown$$0000000C  c_w.l(libshutdown2.o)
    0x08000246   0x00000000   Code   RO         2096    .ARM.Collect$$libshutdown$$0000000F  c_w.l(libshutdown2.o)
    0x08000246   0x00000002   Code   RO         2097    .ARM.Collect$$libshutdown$$00000010  c_w.l(libshutdown2.o)
    0x08000248   0x00000000   Code   RO         1975    .ARM.Collect$$rtentry$$00000000  c_w.l(__rtentry.o)
    0x08000248   0x00000000   Code   RO         1977    .ARM.Collect$$rtentry$$00000002  c_w.l(__rtentry2.o)
    0x08000248   0x00000006   Code   RO         1989    .ARM.Collect$$rtentry$$00000004  c_w.l(__rtentry4.o)
    0x0800024e   0x00000000   Code   RO         1979    .ARM.Collect$$rtentry$$00000009  c_w.l(__rtentry2.o)
    0x0800024e   0x00000004   Code   RO         1980    .ARM.Collect$$rtentry$$0000000A  c_w.l(__rtentry2.o)
    0x08000252   0x00000000   Code   RO         1982    .ARM.Collect$$rtentry$$0000000C  c_w.l(__rtentry2.o)
    0x08000252   0x00000008   Code   RO         1983    .ARM.Collect$$rtentry$$0000000D  c_w.l(__rtentry2.o)
    0x0800025a   0x00000002   Code   RO         2004    .ARM.Collect$$rtexit$$00000000  c_w.l(rtexit.o)
    0x0800025c   0x00000000   Code   RO         2052    .ARM.Collect$$rtexit$$00000002  c_w.l(rtexit2.o)
    0x0800025c   0x00000004   Code   RO         2053    .ARM.Collect$$rtexit$$00000003  c_w.l(rtexit2.o)
    0x08000260   0x00000006   Code   RO         2054    .ARM.Collect$$rtexit$$00000004  c_w.l(rtexit2.o)
    0x08000266   0x00000002   PAD
    0x08000268   0x00000048   Code   RO          385    .text               startup_stm32f30x.o
    0x080002b0   0x00000006   Code   RO         1971    .text               c_w.l(heapauxi.o)
    0x080002b6   0x0000004a   Code   RO         1991    .text               c_w.l(sys_stackheap_outer.o)
    0x08000300   0x00000012   Code   RO         1993    .text               c_w.l(exit.o)
    0x08000312   0x00000002   PAD
    0x08000314   0x00000008   Code   RO         2001    .text               c_w.l(libspace.o)
    0x0800031c   0x0000000c   Code   RO         2062    .text               c_w.l(sys_exit.o)
    0x08000328   0x00000002   Code   RO         2073    .text               c_w.l(use_no_semi.o)
    0x0800032a   0x00000000   Code   RO         2075    .text               c_w.l(indicate_semi.o)
    0x0800032a   0x00000002   PAD
    0x0800032c   0x0000008c   Code   RO          141    i.BubbleSort        app_led_ctrl.o
    0x080003b8   0x0000003c   Code   RO          659    i.DMA1_Channel2_IRQHandler  firmware_wm_00_hal.lib(hal_uart.o)
    0x080003f4   0x0000003c   Code   RO          660    i.DMA1_Channel4_IRQHandler  firmware_wm_00_hal.lib(hal_uart.o)
    0x08000430   0x00000058   Code   RO          142    i.LedCtrlSendPulse  app_led_ctrl.o
    0x08000488   0x00000088   Code   RO          143    i.LedDataSet        app_led_ctrl.o
    0x08000510   0x0000004c   Code   RO          117    i.LedSysTest        app_main_task.o
    0x0800055c   0x0000000a   Code   RO          144    i.Led_delay         app_led_ctrl.o
    0x08000566   0x00000002   PAD
    0x08000568   0x00000014   Code   RO          574    i.TIM6_DAC_IRQHandler  firmware_wm_00_hal.lib(hal_timer.o)
    0x0800057c   0x0000014c   Code   RO          661    i.USART1_IRQHandler  firmware_wm_00_hal.lib(hal_uart.o)
    0x080006c8   0x000000f8   Code   RO          662    i.USART3_IRQHandler  firmware_wm_00_hal.lib(hal_uart.o)
    0x080007c0   0x00000150   Code   RO          118    i.app_main_task     app_main_task.o
    0x08000910   0x0000000e   Code   RO          285    i.app_uart_extern_msg_packet_process  app_sdwe_ctrl.o
    0x0800091e   0x00000002   PAD
    0x08000920   0x00000048   Code   RO          367    i.cal_crc16         app_crc.o
    0x08000968   0x00000010   Code   RO          787    i.drv_debug_apb1_stop  STM32F303DriverLib.lib(drv_dbgmcu.o)
    0x08000978   0x0000004c   Code   RO          391    i.drv_delay_init    STM32F303DriverLib.lib(drv_delay.o)
    0x080009c4   0x00000044   Code   RO          393    i.drv_delay_us      STM32F303DriverLib.lib(drv_delay.o)
    0x08000a08   0x0000000c   Code   RO          822    i.drv_dma_set_mem_addr_length  STM32F303DriverLib.lib(drv_dma.o)
    0x08000a14   0x00000028   Code   RO          823    i.drv_dma_stream_clear_flag_status  STM32F303DriverLib.lib(drv_dma.o)
    0x08000a3c   0x0000001c   Code   RO          824    i.drv_dma_stream_clear_it_pending_bit  STM32F303DriverLib.lib(drv_dma.o)
    0x08000a58   0x00000104   Code   RO          825    i.drv_dma_stream_deinit  STM32F303DriverLib.lib(drv_dma.o)
    0x08000b5c   0x0000000a   Code   RO          826    i.drv_dma_stream_disable  STM32F303DriverLib.lib(drv_dma.o)
    0x08000b66   0x0000000c   Code   RO          827    i.drv_dma_stream_enable  STM32F303DriverLib.lib(drv_dma.o)
    0x08000b72   0x00000002   PAD
    0x08000b74   0x00000064   Code   RO          830    i.drv_dma_stream_get_it_status  STM32F303DriverLib.lib(drv_dma.o)
    0x08000bd8   0x0000000e   Code   RO          831    i.drv_dma_stream_get_left_length  STM32F303DriverLib.lib(drv_dma.o)
    0x08000be6   0x0000006c   Code   RO          832    i.drv_dma_stream_init  STM32F303DriverLib.lib(drv_dma.o)
    0x08000c52   0x00000008   Code   RO          834    i.drv_dma_stream_it_enable  STM32F303DriverLib.lib(drv_dma.o)
    0x08000c5a   0x00000034   Code   RO          835    i.drv_dma_stream_start_mem_to_periph  STM32F303DriverLib.lib(drv_dma.o)
    0x08000c8e   0x00000034   Code   RO          836    i.drv_dma_stream_start_periph_to_mem  STM32F303DriverLib.lib(drv_dma.o)
    0x08000cc2   0x00000042   Code   RO          930    i.drv_gpio_alternate_function_connect  STM32F303DriverLib.lib(drv_gpio.o)
    0x08000d04   0x000000dc   Code   RO          931    i.drv_gpio_alternate_function_init  STM32F303DriverLib.lib(drv_gpio.o)
    0x08000de0   0x00000060   Code   RO          934    i.drv_gpio_input_init  STM32F303DriverLib.lib(drv_gpio.o)
    0x08000e40   0x000000dc   Code   RO          935    i.drv_gpio_output_init  STM32F303DriverLib.lib(drv_gpio.o)
    0x08000f1c   0x00000008   Code   RO          744    i.drv_gpio_set_pins_high  firmware_wm_00_hal.lib(hal_uart.o)
    0x08000f24   0x00000016   Code   RO          980    i.drv_nvic_enable   STM32F303DriverLib.lib(drv_nvic.o)
    0x08000f3a   0x00000002   PAD
    0x08000f3c   0x00000040   Code   RO          981    i.drv_nvic_init     STM32F303DriverLib.lib(drv_nvic.o)
    0x08000f7c   0x00000010   Code   RO         1015    i.drv_rcc_ahb1_clk_enable  STM32F303DriverLib.lib(drv_rcc.o)
    0x08000f8c   0x00000010   Code   RO         1019    i.drv_rcc_apb1_clk_enable  STM32F303DriverLib.lib(drv_rcc.o)
    0x08000f9c   0x00000010   Code   RO         1020    i.drv_rcc_apb1_periph_reset_disable  STM32F303DriverLib.lib(drv_rcc.o)
    0x08000fac   0x00000010   Code   RO         1021    i.drv_rcc_apb1_periph_reset_enable  STM32F303DriverLib.lib(drv_rcc.o)
    0x08000fbc   0x00000010   Code   RO         1023    i.drv_rcc_apb2_clk_enable  STM32F303DriverLib.lib(drv_rcc.o)
    0x08000fcc   0x00000010   Code   RO         1024    i.drv_rcc_apb2_periph_reset_disable  STM32F303DriverLib.lib(drv_rcc.o)
    0x08000fdc   0x00000010   Code   RO         1025    i.drv_rcc_apb2_periph_reset_enable  STM32F303DriverLib.lib(drv_rcc.o)
    0x08000fec   0x00000104   Code   RO         1026    i.drv_rcc_get_clocks_freq  STM32F303DriverLib.lib(drv_rcc.o)
    0x080010f0   0x000002e0   Code   RO         1027    i.drv_rcc_init      STM32F303DriverLib.lib(drv_rcc.o)
    0x080013d0   0x00000080   Code   RO         1124    i.drv_timer_base_init  STM32F303DriverLib.lib(drv_timer.o)
    0x08001450   0x00000008   Code   RO         1148    i.drv_timer_clear_it_pending_bit  STM32F303DriverLib.lib(drv_timer.o)
    0x08001458   0x000000fc   Code   RO         1149    i.drv_timer_deinit  STM32F303DriverLib.lib(drv_timer.o)
    0x08001554   0x0000000c   Code   RO         1151    i.drv_timer_enable  STM32F303DriverLib.lib(drv_timer.o)
    0x08001560   0x00000008   Code   RO         1179    i.drv_timer_it_enable  STM32F303DriverLib.lib(drv_timer.o)
    0x08001568   0x00000004   Code   RO         1812    i.drv_uart_clear_flag_status  STM32F303DriverLib.lib(drv_uart.o)
    0x0800156c   0x00000012   Code   RO         1813    i.drv_uart_clear_it_pending_bit  STM32F303DriverLib.lib(drv_uart.o)
    0x0800157e   0x00000002   PAD
    0x08001580   0x00000090   Code   RO         1814    i.drv_uart_deinit   STM32F303DriverLib.lib(drv_uart.o)
    0x08001610   0x0000000c   Code   RO         1817    i.drv_uart_dma_rx_enable  STM32F303DriverLib.lib(drv_uart.o)
    0x0800161c   0x0000000c   Code   RO         1819    i.drv_uart_dma_tx_enable  STM32F303DriverLib.lib(drv_uart.o)
    0x08001628   0x00000010   Code   RO         1824    i.drv_uart_get_flag_status  STM32F303DriverLib.lib(drv_uart.o)
    0x08001638   0x000000be   Code   RO         1826    i.drv_uart_init     STM32F303DriverLib.lib(drv_uart.o)
    0x080016f6   0x00000034   Code   RO         1827    i.drv_uart_it_disable  STM32F303DriverLib.lib(drv_uart.o)
    0x0800172a   0x00000034   Code   RO         1828    i.drv_uart_it_enable  STM32F303DriverLib.lib(drv_uart.o)
    0x0800175e   0x00000020   Code   RO         1829    i.drv_uart_put_bytes  STM32F303DriverLib.lib(drv_uart.o)
    0x0800177e   0x00000002   PAD
    0x08001780   0x0000007c   Code   RO         1833    i.drv_uart_set_baudrate  STM32F303DriverLib.lib(drv_uart.o)
    0x080017fc   0x00000018   Code   RO          444    i.hal_clock_init    firmware_wm_00_hal.lib(hal_clock.o)
    0x08001814   0x00000008   Code   RO          475    i.hal_delay_init    firmware_wm_00_hal.lib(hal_delay.o)
    0x0800181c   0x0000000c   Code   RO          270    i.hal_delay_us      app_hx711_ctrl.o
    0x08001828   0x0000002c   Code   RO          497    i.hal_di_get        firmware_wm_00_hal.lib(hal_gpio.o)
    0x08001854   0x00000020   Code   RO          498    i.hal_gpio_set_do_high  firmware_wm_00_hal.lib(hal_gpio.o)
    0x08001874   0x00000020   Code   RO          499    i.hal_gpio_set_do_low  firmware_wm_00_hal.lib(hal_gpio.o)
    0x08001894   0x0000004c   Code   RO          578    i.hal_timer_init    firmware_wm_00_hal.lib(hal_timer.o)
    0x080018e0   0x00000058   Code   RO          663    i.hal_uart_dma_rx_start  firmware_wm_00_hal.lib(hal_uart.o)
    0x08001938   0x00000358   Code   RO          664    i.hal_uart_gpio_init  firmware_wm_00_hal.lib(hal_uart.o)
    0x08001c90   0x00000268   Code   RO          665    i.hal_uart_port_init  firmware_wm_00_hal.lib(hal_uart.o)
    0x08001ef8   0x0000003c   Code   RO          666    i.hal_uart_rx_irq_disable  firmware_wm_00_hal.lib(hal_uart.o)
    0x08001f34   0x0000003c   Code   RO          667    i.hal_uart_rx_irq_enable  firmware_wm_00_hal.lib(hal_uart.o)
    0x08001f70   0x0000002c   Code   RO          668    i.hal_uart_set_braudrate  firmware_wm_00_hal.lib(hal_uart.o)
    0x08001f9c   0x00000024   Code   RO          738    i.hal_uart_set_rx_mode  firmware_wm_00_hal.lib(hal_uart.o)
    0x08001fc0   0x00000002   Code   RO          669    i.hal_uart_set_timeout  firmware_wm_00_hal.lib(hal_uart.o)
    0x08001fc2   0x00000002   PAD
    0x08001fc4   0x00000020   Code   RO          749    i.hal_uart_set_tx_mode  firmware_wm_00_hal.lib(hal_uart.o)
    0x08001fe4   0x00000108   Code   RO          670    i.hal_uart_tx_bytes  firmware_wm_00_hal.lib(hal_uart.o)
    0x080020ec   0x000000d8   Code   RO          192    i.hx711_AllChanelSample  app_hx711_ctrl.o
    0x080021c4   0x00000028   Code   RO          193    i.hx711_DataSampleCtrl  app_hx711_ctrl.o
    0x080021ec   0x000000d8   Code   RO          194    i.hx711_MainFunction  app_hx711_ctrl.o
    0x080022c4   0x00000094   Code   RO          197    i.hx711_SigChanelAvrgAndWeightCalc  app_hx711_ctrl.o
    0x08002358   0x0000002c   Code   RO          198    i.hx711_getWeight   app_hx711_ctrl.o
    0x08002384   0x0000002c   Code   RO          199    i.hx711_getWeightTen  app_hx711_ctrl.o
    0x080023b0   0x000000dc   Code   RO          200    i.hx711_init        app_hx711_ctrl.o
    0x0800248c   0x00000024   Code   RO          340    i.key_FilterGet     app_key_ctrl.o
    0x080024b0   0x000000ac   Code   RO          341    i.key_MainFunction  app_key_ctrl.o
    0x0800255c   0x00000058   Code   RO          342    i.key_init          app_key_ctrl.o
    0x080025b4   0x00000084   Code   RO          145    i.led_MainFunction  app_led_ctrl.o
    0x08002638   0x0000003e   Code   RO          146    i.led_init          app_led_ctrl.o
    0x08002676   0x00000018   Code   RO            1    i.main              app_main.o
    0x0800268e   0x00000002   PAD
    0x08002690   0x00000144   Code   RO          202    i.sampleCalcKB      app_hx711_ctrl.o
    0x080027d4   0x00000082   Code   RO          203    i.sampleDataPush    app_hx711_ctrl.o
    0x08002856   0x00000002   PAD
    0x08002858   0x00000084   Code   RO          286    i.sdweRxDeal        app_sdwe_ctrl.o
    0x080028dc   0x000000cc   Code   RO          287    i.sdweWrite         app_sdwe_ctrl.o
    0x080029a8   0x000000ac   Code   RO          288    i.sdwe_MainCalFunction  app_sdwe_ctrl.o
    0x08002a54   0x000000a0   Code   RO          289    i.sdwe_MainFunction  app_sdwe_ctrl.o
    0x08002af4   0x0000005c   Code   RO          290    i.sdwe_init         app_sdwe_ctrl.o
    0x08002b50   0x00000094   Code   RO          291    i.sdwe_test         app_sdwe_ctrl.o
    0x08002be4   0x00000020   Code   RO            2    i.system_init       app_main.o
    0x08002c04   0x00000140   Code   RO          147    i.useWeightUpdateLedColor  app_led_ctrl.o
    0x08002d44   0x00000070   Code   RO          500    i.wm_hal_gpio_init  firmware_wm_00_hal.lib(hal_gpio.o)
    0x08002db4   0x0000000a   Code   RO         2060    x$fpl$fpinit        fz_wm.l(fpinit.o)
    0x08002dbe   0x00000200   Data   RO          368    .constdata          app_crc.o
    0x08002fbe   0x00000002   PAD
    0x08002fc0   0x000000a4   Data   RO          501    .constdata          firmware_wm_00_hal.lib(hal_gpio.o)
    0x08003064   0x0000007c   Data   RO          671    .constdata          firmware_wm_00_hal.lib(hal_uart.o)
    0x080030e0   0x00000020   Data   RO         2128    Region$$Table       anon$$obj.o


    Execution Region RW_IRAM1 (Base: 0x20000000, Size: 0x00001c40, Max: 0x0000c000, ABSOLUTE, COMPRESSED[0x00000098])

    Base Addr    Size         Type   Attr      Idx    E Section Name        Object

    0x20000000   0x0000000f   Data   RW          119    .data               app_main_task.o
    0x2000000f   0x00000008   Data   RW          148    .data               app_led_ctrl.o
    0x20000017   0x00000002   Data   RW          205    .data               app_hx711_ctrl.o
    0x20000019   0x00000003   PAD
    0x2000001c   0x0000026a   Data   RW          293    .data               app_sdwe_ctrl.o
    0x20000286   0x00000004   Data   RW          394    .data               STM32F303DriverLib.lib(drv_delay.o)
    0x2000028a   0x00000002   PAD
    0x2000028c   0x0000006c   Data   RW          502    .data               firmware_wm_00_hal.lib(hal_gpio.o)
    0x200002f8   0x000000b0   Data   RW          672    .data               firmware_wm_00_hal.lib(hal_uart.o)
    0x200003a8   0x0000001c   Data   RW         1029    .data               STM32F303DriverLib.lib(drv_rcc.o)
    0x200003c4   0x000007c0   Zero   RW          204    .bss                app_hx711_ctrl.o
    0x20000b84   0x00000028   Zero   RW          292    .bss                app_sdwe_ctrl.o
    0x20000bac   0x0000000c   Zero   RW          343    .bss                app_key_ctrl.o
    0x20000bb8   0x00000024   Zero   RW         1028    .bss                STM32F303DriverLib.lib(drv_rcc.o)
    0x20000bdc   0x00000060   Zero   RW         2002    .bss                c_w.l(libspace.o)
    0x20000c3c   0x00000004   PAD
    0x20000c40   0x00000800   Zero   RW          383    HEAP                startup_stm32f30x.o
    0x20001440   0x00000800   Zero   RW          382    STACK               startup_stm32f30x.o


==============================================================================

Image component sizes


      Code (inc. data)   RO Data    RW Data    ZI Data      Debug   Object Name

        72         10        512          0          0       1286   app_crc.o
      1394         66          0          2       1984       7850   app_hx711_ctrl.o
       296         14          0          0         12       2255   app_key_ctrl.o
       888         18          0          8          0       5675   app_led_ctrl.o
        56          0          0          0          0      27016   app_main.o
       412         34          0         15          0       2301   app_main_task.o
       922         62          0        618         40       5506   app_sdwe_ctrl.o
        72         28        392          0       4096        896   startup_stm32f30x.o

    ----------------------------------------------------------------------
      4120        232        938        646       6132      52785   Object Totals
         0          0         32          0          0          0   (incl. Generated)
         8          0          2          3          0          0   (incl. Padding)

    ----------------------------------------------------------------------

      Code (inc. data)   RO Data    RW Data    ZI Data      Debug   Library Member Name

        16          4          0          0          0        522   drv_dbgmcu.o
       144         20          0          4          0       3292   drv_delay.o
       696         38          0          0          0      16007   drv_dma.o
       602          0          0          0          0      14305   drv_gpio.o
        86          8          0          0          0       1226   drv_nvic.o
      1108         92          0         28         36      12613   drv_rcc.o
       408         60          0          0          0      13249   drv_timer.o
       656         28          0          0          0      13328   drv_uart.o
        90          0          0          0          0          0   __dczerorl2.o
         8          0          0          0          0         68   __main.o
         0          0          0          0          0          0   __rtentry.o
        12          0          0          0          0          0   __rtentry2.o
         6          0          0          0          0          0   __rtentry4.o
        52          8          0          0          0          0   __scatter.o
        28          0          0          0          0          0   __scatter_zi.o
        18          0          0          0          0         80   exit.o
         6          0          0          0          0        152   heapauxi.o
         0          0          0          0          0          0   indicate_semi.o
         2          0          0          0          0          0   libinit.o
         6          0          0          0          0          0   libinit2.o
         2          0          0          0          0          0   libshutdown.o
         2          0          0          0          0          0   libshutdown2.o
         8          4          0          0         96         68   libspace.o
         2          0          0          0          0          0   rtexit.o
        10          0          0          0          0          0   rtexit2.o
        12          4          0          0          0         68   sys_exit.o
        74          0          0          0          0         80   sys_stackheap_outer.o
         2          0          0          0          0         68   use_no_semi.o
        24          0          0          0          0       2609   hal_clock.o
         8          0          0          0          0        489   hal_delay.o
       220         54        164        108          0      18818   hal_gpio.o
        96         14          0          0          0       7615   hal_timer.o
      2766        286        124        176          0      25805   hal_uart.o
        10          0          0          0          0        116   fpinit.o

    ----------------------------------------------------------------------
      7198        620        288        318        136     130578   Library Totals
        18          0          0          2          4          0   (incl. Padding)

    ----------------------------------------------------------------------

      Code (inc. data)   RO Data    RW Data    ZI Data      Debug   Library Name

      3716        250          0         32         36      74542   STM32F303DriverLib.lib
       340         16          0          0         96        584   c_w.l
      3114        354        288        284          0      55336   firmware_wm_00_hal.lib
        10          0          0          0          0        116   fz_wm.l

    ----------------------------------------------------------------------
      7198        620        288        318        136     130578   Library Totals

    ----------------------------------------------------------------------

==============================================================================


      Code (inc. data)   RO Data    RW Data    ZI Data      Debug   

     11318        852       1226        964       6268     174007   Grand Totals
     11318        852       1226        152       6268     174007   ELF Image Totals (compressed)
     11318        852       1226        152          0          0   ROM Totals

==============================================================================

    Total RO  Size (Code + RO Data)                12544 (  12.25kB)
    Total RW  Size (RW Data + ZI Data)              7232 (   7.06kB)
    Total ROM Size (Code + RO Data + RW Data)      12696 (  12.40kB)

==============================================================================

