Component: ARM Compiler 5.06 (build 20) Tool: armlink [4d35a3]

==============================================================================

Section Cross References

    app_main.o(i.STM32CheckPassWord) refers to app_main.o(.bss) for STM32McuId
    app_main.o(i.STM32CheckPassWord) refers to app_main.o(.data) for g_passWordId
    app_main.o(i.STM32MCUIDGet) refers to app_main.o(.data) for idAddr
    app_main.o(i.main) refers to app_main.o(i.system_init) for system_init
    app_main.o(i.main) refers to app_key_ctrl.o(i.key_init) for key_init
    app_main.o(i.main) refers to app_led_ctrl.o(i.led_init) for led_init
    app_main.o(i.main) refers to app_hx711_ctrl.o(i.hx711_init) for hx711_init
    app_main.o(i.main) refers to app_sdwe_ctrl.o(i.sdwe_init) for sdwe_init
    app_main.o(i.main) refers to app_modbus_rtu_ctrl.o(i.ModbusRtu_init) for ModbusRtu_init
    app_main.o(i.main) refers to app_sdwe_ctrl.o(i.readSysDataFromFlash) for readSysDataFromFlash
    app_main.o(i.main) refers to app_sdwe_ctrl.o(i.readSysDataFromFlash_3030) for readSysDataFromFlash_3030
    app_main.o(i.main) refers to app_main.o(i.STM32MCUIDGet) for STM32MCUIDGet
    app_main.o(i.main) refers to app_main.o(i.STM32CheckPassWord) for STM32CheckPassWord
    app_main.o(i.main) refers to app_main.o(.bss) for STM32McuId
    app_main.o(i.main) refers to app_main.o(.data) for g_passWordStore
    app_main.o(i.system_init) refers to hal_clock.o(i.hal_clock_init) for hal_clock_init
    app_main.o(i.system_init) refers to hal_delay.o(i.hal_delay_init) for hal_delay_init
    app_main.o(i.system_init) refers to hal_gpio.o(i.wm_hal_gpio_init) for wm_hal_gpio_init
    app_main.o(i.system_init) refers to hal_timer.o(i.hal_timer_init) for hal_timer_init
    app_main_task.o(i.app_main_task) refers to app_key_ctrl.o(i.key_MainFunction) for key_MainFunction
    app_main_task.o(i.app_main_task) refers to app_hx711_ctrl.o(i.hx711_MainFunction) for hx711_MainFunction
    app_main_task.o(i.app_main_task) refers to app_led_ctrl.o(i.useWeightUpdataOutColor) for useWeightUpdataOutColor
    app_main_task.o(i.app_main_task) refers to app_led_ctrl.o(i.led_MainFunction) for led_MainFunction
    app_main_task.o(i.app_main_task) refers to app_sdwe_ctrl.o(i.sdwe_MainFunction) for sdwe_MainFunction
    app_main_task.o(i.app_main_task) refers to app_modbus_rtu_ctrl.o(i.ModbusRtu_MainFunction) for ModbusRtu_MainFunction
    app_main_task.o(i.app_main_task) refers to app_hx711_ctrl.o(i.hx711_setAllRemoveWeight) for hx711_setAllRemoveWeight
    app_main_task.o(i.app_main_task) refers to app_main_task.o(.data) for removeWeight
    app_led_ctrl.o(i.LedCtrlSendPulse) refers to hal_gpio.o(i.hal_gpio_set_do_low) for hal_gpio_set_do_low
    app_led_ctrl.o(i.LedCtrlSendPulse) refers to app_led_ctrl.o(i.Led_delay) for Led_delay
    app_led_ctrl.o(i.LedCtrlSendPulse) refers to hal_gpio.o(i.hal_gpio_set_do_high) for hal_gpio_set_do_high
    app_led_ctrl.o(i.LedDataSet) refers to app_led_ctrl.o(.data) for g_led_ctrl_data
    app_led_ctrl.o(i.LedSysTest) refers to app_led_ctrl.o(i.LedDataSet) for LedDataSet
    app_led_ctrl.o(i.LedSysTest) refers to app_led_ctrl.o(.data) for l_led_test_cycle
    app_led_ctrl.o(i.led_MainFunction) refers to hal_gpio.o(i.hal_gpio_set_do_high) for hal_gpio_set_do_high
    app_led_ctrl.o(i.led_MainFunction) refers to hal_gpio.o(i.hal_gpio_set_do_low) for hal_gpio_set_do_low
    app_led_ctrl.o(i.led_MainFunction) refers to app_led_ctrl.o(i.LedCtrlSendPulse) for LedCtrlSendPulse
    app_led_ctrl.o(i.led_MainFunction) refers to app_led_ctrl.o(.data) for g_led_ctrl_data
    app_led_ctrl.o(i.led_MainFunction) refers to app_main_task.o(.data) for gSystemPara
    app_led_ctrl.o(i.led_init) refers to hal_gpio.o(i.hal_gpio_set_do_high) for hal_gpio_set_do_high
    app_led_ctrl.o(i.led_init) refers to hal_gpio.o(i.hal_gpio_set_do_low) for hal_gpio_set_do_low
    app_led_ctrl.o(i.led_init) refers to app_led_ctrl.o(i.LedCtrlSendPulse) for LedCtrlSendPulse
    app_led_ctrl.o(i.useWeightUpdataOutColor) refers to rt_memclr_w.o(.text) for __aeabi_memclr4
    app_led_ctrl.o(i.useWeightUpdataOutColor) refers to app_hx711_ctrl.o(i.hx711_getWeight) for hx711_getWeight
    app_led_ctrl.o(i.useWeightUpdataOutColor) refers to app_led_ctrl.o(i.LedDataSet) for LedDataSet
    app_led_ctrl.o(i.useWeightUpdataOutColor) refers to app_sdwe_ctrl.o(i.sdweSetWeightBackColor) for sdweSetWeightBackColor
    app_led_ctrl.o(i.useWeightUpdataOutColor) refers to app_crc.o(i.BubbleSort) for BubbleSort
    app_led_ctrl.o(i.useWeightUpdataOutColor) refers to app_led_ctrl.o(.bss) for chanelCompareInfo
    app_led_ctrl.o(i.useWeightUpdataOutColor) refers to app_main_task.o(.data) for gSystemPara
    app_led_ctrl.o(i.useWeightUpdataOutColor) refers to app_led_ctrl.o(.data) for colorLock
    app_led_ctrl.o(i.useWeightUpdataOutColor_3030) refers to rt_memclr_w.o(.text) for __aeabi_memclr4
[...]
    i.drv_rcc_ahb1_clk_enable                0x08001c74   Section        0  drv_rcc.o(i.drv_rcc_ahb1_clk_enable)
    i.drv_rcc_apb1_clk_enable                0x08001c84   Section        0  drv_rcc.o(i.drv_rcc_apb1_clk_enable)
    i.drv_rcc_apb1_periph_reset_disable      0x08001c94   Section        0  drv_rcc.o(i.drv_rcc_apb1_periph_reset_disable)
    i.drv_rcc_apb1_periph_reset_enable       0x08001ca4   Section        0  drv_rcc.o(i.drv_rcc_apb1_periph_reset_enable)
    i.drv_rcc_apb2_clk_enable                0x08001cb4   Section        0  drv_rcc.o(i.drv_rcc_apb2_clk_enable)
    i.drv_rcc_apb2_periph_reset_disable      0x08001cc4   Section        0  drv_rcc.o(i.drv_rcc_apb2_periph_reset_disable)
    i.drv_rcc_apb2_periph_reset_enable       0x08001cd4   Section        0  drv_rcc.o(i.drv_rcc_apb2_periph_reset_enable)
    i.drv_rcc_get_clocks_freq                0x08001ce4   Section        0  drv_rcc.o(i.drv_rcc_get_clocks_freq)
    i.drv_rcc_init                           0x08001de8   Section        0  drv_rcc.o(i.drv_rcc_init)
    i.drv_timer_base_init                    0x080020c8   Section        0  drv_timer.o(i.drv_timer_base_init)
    i.drv_timer_clear_it_pending_bit         0x08002148   Section        0  drv_timer.o(i.drv_timer_clear_it_pending_bit)
    i.drv_timer_deinit                       0x08002150   Section        0  drv_timer.o(i.drv_timer_deinit)
    i.drv_timer_enable                       0x0800224c   Section        0  drv_timer.o(i.drv_timer_enable)
    i.drv_timer_it_enable                    0x08002258   Section        0  drv_timer.o(i.drv_timer_it_enable)
    i.drv_uart_clear_flag_status             0x08002260   Section        0  drv_uart.o(i.drv_uart_clear_flag_status)
    i.drv_uart_clear_it_pending_bit          0x08002264   Section        0  drv_uart.o(i.drv_uart_clear_it_pending_bit)
    i.drv_uart_deinit                        0x08002278   Section        0  drv_uart.o(i.drv_uart_deinit)
    i.drv_uart_dma_rx_enable                 0x08002308   Section        0  drv_uart.o(i.drv_uart_dma_rx_enable)
    i.drv_uart_dma_tx_enable                 0x08002314   Section        0  drv_uart.o(i.drv_uart_dma_tx_enable)
    i.drv_uart_get_flag_status               0x08002320   Section        0  drv_uart.o(i.drv_uart_get_flag_status)
    i.drv_uart_init                          0x08002330   Section        0  drv_uart.o(i.drv_uart_init)
    i.drv_uart_it_disable                    0x080023ee   Section        0  drv_uart.o(i.drv_uart_it_disable)
    i.drv_uart_it_enable                     0x08002422   Section        0  drv_uart.o(i.drv_uart_it_enable)
    i.drv_uart_put_bytes                     0x08002456   Section        0  drv_uart.o(i.drv_uart_put_bytes)
    i.drv_uart_set_baudrate                  0x08002478   Section        0  drv_uart.o(i.drv_uart_set_baudrate)
    i.getChanelStruct                        0x080024f4   Section        0  app_hx711_ctrl.o(i.getChanelStruct)
    i.hal_clock_init                         0x08002510   Section        0  hal_clock.o(i.hal_clock_init)
    i.hal_delay_init                         0x08002528   Section        0  hal_delay.o(i.hal_delay_init)
    i.hal_delay_ms                           0x08002530   Section        0  app_sdwe_ctrl.o(i.hal_delay_ms)
    i.hal_delay_us                           0x0800253c   Section        0  app_hx711_ctrl.o(i.hal_delay_us)
    i.hal_di_get                             0x08002548   Section        0  hal_gpio.o(i.hal_di_get)
    i.hal_gpio_set_do_high                   0x08002574   Section        0  hal_gpio.o(i.hal_gpio_set_do_high)
    i.hal_gpio_set_do_low                    0x08002594   Section        0  hal_gpio.o(i.hal_gpio_set_do_low)
    i.hal_timer_init                         0x080025b4   Section        0  hal_timer.o(i.hal_timer_init)
    i.hal_uart_dma_rx_start                  0x08002600   Section        0  hal_uart.o(i.hal_uart_dma_rx_start)
    i.hal_uart_gpio_init                     0x08002658   Section        0  hal_uart.o(i.hal_uart_gpio_init)
    i.hal_uart_port_init                     0x080029b0   Section        0  hal_uart.o(i.hal_uart_port_init)
    i.hal_uart_rx_irq_disable                0x08002c18   Section        0  hal_uart.o(i.hal_uart_rx_irq_disable)
    i.hal_uart_rx_irq_enable                 0x08002c54   Section        0  hal_uart.o(i.hal_uart_rx_irq_enable)
    i.hal_uart_set_braudrate                 0x08002c90   Section        0  hal_uart.o(i.hal_uart_set_braudrate)
    i.hal_uart_set_rx_mode                   0x08002cbc   Section        0  hal_uart.o(i.hal_uart_set_rx_mode)
    i.hal_uart_set_timeout                   0x08002ce0   Section        0  hal_uart.o(i.hal_uart_set_timeout)
    i.hal_uart_set_tx_mode                   0x08002ce4   Section        0  hal_uart.o(i.hal_uart_set_tx_mode)
    i.hal_uart_tx_bytes                      0x08002d04   Section        0  hal_uart.o(i.hal_uart_tx_bytes)
    i.hx711_AllChanelSample                  0x08002e0c   Section        0  app_hx711_ctrl.o(i.hx711_AllChanelSample)
    i.hx711_DataSampleCtrl                   0x08002ee8   Section        0  app_hx711_ctrl.o(i.hx711_DataSampleCtrl)
    i.hx711_MainFunction                     0x08002f14   Section        0  app_hx711_ctrl.o(i.hx711_MainFunction)
    i.hx711_SigChanelAvrgAndWeightCalc       0x08002ff0   Section        0  app_hx711_ctrl.o(i.hx711_SigChanelAvrgAndWeightCalc)
    i.hx711_getAvgSample                     0x080030d0   Section        0  app_hx711_ctrl.o(i.hx711_getAvgSample)
    i.hx711_getWeight                        0x080030f0   Section        0  app_hx711_ctrl.o(i.hx711_getWeight)
    i.hx711_init                             0x0800317c   Section        0  app_hx711_ctrl.o(i.hx711_init)
    i.hx711_setAllRemoveWeight               0x080032e4   Section        0  app_hx711_ctrl.o(i.hx711_setAllRemoveWeight)
    i.jumpToActivePage                       0x08003320   Section        0  app_sdwe_ctrl.o(i.jumpToActivePage)
    i.jumpToBalancingCleanPage               0x08003388   Section        0  app_sdwe_ctrl.o(i.jumpToBalancingCleanPage)
    i.jumpToBalancingHomePage                0x08003404   Section        0  app_sdwe_ctrl.o(i.jumpToBalancingHomePage)
    i.jumpToBalancingPage                    0x08003480   Section        0  app_sdwe_ctrl.o(i.jumpToBalancingPage)
    i.jumpToBanlingPage                      0x080034fc   Section        0  app_sdwe_ctrl.o(i.jumpToBanlingPage)
    i.jumpToCalibrationPage                  0x08003578   Section        0  app_sdwe_ctrl.o(i.jumpToCalibrationPage)
    i.jumpToHomePage                         0x080035e0   Section        0  app_sdwe_ctrl.o(i.jumpToHomePage)
    i.key_FilterGet                          0x08003648   Section        0  app_key_ctrl.o(i.key_FilterGet)
    i.key_MainFunction                       0x0800366c   Section        0  app_key_ctrl.o(i.key_MainFunction)
    i.key_filter                             0x0800370c   Section        0  app_key_ctrl.o(i.key_filter)
    i.key_init                               0x080037b8   Section        0  app_key_ctrl.o(i.key_init)
    i.led_MainFunction                       0x08003810   Section        0  app_led_ctrl.o(i.led_MainFunction)
    i.led_init                               0x080038ac   Section        0  app_led_ctrl.o(i.led_init)
    i.main                                   0x080038ec   Section        0  app_main.o(i.main)
    i.pointSampleTrigerDataSet               0x08003928   Section        0  app_sdwe_ctrl.o(i.pointSampleTrigerDataSet)
    i.pointTrigerDataSet                     0x0800394c   Section        0  app_sdwe_ctrl.o(i.pointTrigerDataSet)
    i.pointTrigerDeal                        0x08003990   Section        0  app_sdwe_ctrl.o(i.pointTrigerDeal)
    i.pointWeightTrigerDataSet               0x08003ad8   Section        0  app_sdwe_ctrl.o(i.pointWeightTrigerDataSet)
    i.readSysDataFromFlash                   0x08003afc   Section        0  app_sdwe_ctrl.o(i.readSysDataFromFlash)
    i.readSysDataFromFlash_3030              0x08003c7c   Section        0  app_sdwe_ctrl.o(i.readSysDataFromFlash_3030)
    i.removeWeightTrigerDeal                 0x08003d4c   Section        0  app_sdwe_ctrl.o(i.removeWeightTrigerDeal)
    i.resetCalibrationTrigerDeal             0x08003e64   Section        0  app_sdwe_ctrl.o(i.resetCalibrationTrigerDeal)
    i.sampleDataPush                         0x08003fac   Section        0  app_hx711_ctrl.o(i.sampleDataPush)
    i.sdweAskRegData                         0x08003fe8   Section        0  app_sdwe_ctrl.o(i.sdweAskRegData)
    i.sdweAskVaribleData                     0x08004000   Section        0  app_sdwe_ctrl.o(i.sdweAskVaribleData)
    i.sdweSetWeightBackColor                 0x080043ac   Section        0  app_sdwe_ctrl.o(i.sdweSetWeightBackColor)
    i.sdweWriteVarible                       0x080043c0   Section        0  app_sdwe_ctrl.o(i.sdweWriteVarible)
    i.sdwe_MainFunction                      0x080044ac   Section        0  app_sdwe_ctrl.o(i.sdwe_MainFunction)
    i.sdwe_RxFunction                        0x080044dc   Section        0  app_sdwe_ctrl.o(i.sdwe_RxFunction)
    i.sdwe_TxFunction                        0x08004634   Section        0  app_sdwe_ctrl.o(i.sdwe_TxFunction)
    i.sdwe_init                              0x080047c0   Section        0  app_sdwe_ctrl.o(i.sdwe_init)
    i.sendBalancingModelData                 0x0800485c   Section        0  app_sdwe_ctrl.o(i.sendBalancingModelData)
    i.sendHelpDataDiff                       0x08004a18   Section        0  app_sdwe_ctrl.o(i.sendHelpDataDiff)
    i.sendSysParaDataToDiwen                 0x08004cd0   Section        0  app_sdwe_ctrl.o(i.sendSysParaDataToDiwen)
    i.setSampleWeightValue                   0x08004fe8   Section        0  app_hx711_ctrl.o(i.setSampleWeightValue)
    i.storeSysDataToFlash                    0x08005010   Section        0  app_sdwe_ctrl.o(i.storeSysDataToFlash)
    i.storeSysDataToFlash_3030               0x08005174   Section        0  app_sdwe_ctrl.o(i.storeSysDataToFlash_3030)
    i.system_init                            0x080052d4   Section        0  app_main.o(i.system_init)
    i.trigerCalcKB                           0x080052f4   Section        0  app_hx711_ctrl.o(i.trigerCalcKB)
    i.useWeightUpdataOutColor                0x080054f4   Section        0  app_led_ctrl.o(i.useWeightUpdataOutColor)
    i.wm_hal_gpio_init                       0x080059a4   Section        0  hal_gpio.o(i.wm_hal_gpio_init)
    x$fpl$d2f                                0x08005a14   Section       98  d2f.o(x$fpl$d2f)
    $v0                                      0x08005a14   Number         0  d2f.o(x$fpl$d2f)
    x$fpl$dflt                               0x08005a76   Section       46  dflt_clz.o(x$fpl$dflt)
    $v0                                      0x08005a76   Number         0  dflt_clz.o(x$fpl$dflt)
    x$fpl$dmul                               0x08005aa4   Section      340  dmul.o(x$fpl$dmul)
    $v0                                      0x08005aa4   Number         0  dmul.o(x$fpl$dmul)
    x$fpl$dnaninf                            0x08005bf8   Section      156  dnaninf.o(x$fpl$dnaninf)
    $v0                                      0x08005bf8   Number         0  dnaninf.o(x$fpl$dnaninf)
    x$fpl$dretinf                            0x08005c94   Section       12  dretinf.o(x$fpl$dretinf)
    $v0                                      0x08005c94   Number         0  dretinf.o(x$fpl$dretinf)
    x$fpl$fpinit                             0x08005ca0   Section       10  fpinit.o(x$fpl$fpinit)
    $v0                                      0x08005ca0   Number         0  fpinit.o(x$fpl$fpinit)
    x$fpl$fretinf                            0x08005caa   Section       10  fretinf.o(x$fpl$fretinf)
    $v0                                      0x08005caa   Number         0  fretinf.o(x$fpl$fretinf)
    .constdata                               0x08005cb4   Section       40  app_hx711_ctrl.o(.constdata)
    x$fpl$usenofp                            0x08005cb4   Section        0  usenofp.o(x$fpl$usenofp)
    .constdata                               0x08005cdc   Section       32  app_sdwe_ctrl.o(.constdata)
    .constdata                               0x08005cfc   Section      512  app_crc.o(.constdata)
    .constdata                               0x08005efc   Section      164  hal_gpio.o(.constdata)
    .constdata                               0x08005fa0   Section      124  hal_uart.o(.constdata)
    .data                                    0x20000000   Section       52  app_main.o(.data)
    .data                                    0x20000034   Section       61  app_main_task.o(.data)
    g_sys_ms_tick                            0x20000038   Data           4  app_main_task.o(.data)
    removeWeight                             0x20000070   Data           1  app_main_task.o(.data)
    .data                                    0x20000072   Section       16  app_led_ctrl.o(.data)
    colorLock                                0x20000076   Data           5  app_led_ctrl.o(.data)
    l_led_test_cycle                         0x2000007c   Data           2  app_led_ctrl.o(.data)
    color                                    0x2000007e   Data           1  app_led_ctrl.o(.data)
    led_data                                 0x2000007f   Data           3  app_led_ctrl.o(.data)
    .data                                    0x20000082   Section        2  app_hx711_ctrl.o(.data)
    status                                   0x20000082   Data           1  app_hx711_ctrl.o(.data)
    l_max_wait_time                          0x20000083   Data           1  app_hx711_ctrl.o(.data)
    .data                                    0x20000084   Section      674  app_sdwe_ctrl.o(.data)
    inerStatus                               0x200002e8   Data           1  app_sdwe_ctrl.o(.data)
    localChanel                              0x200002e9   Data           1  app_sdwe_ctrl.o(.data)
    storeTick                                0x200002ea   Data           2  app_sdwe_ctrl.o(.data)
    storeTick                                0x200002ec   Data           2  app_sdwe_ctrl.o(.data)
    storeTick                                0x200002ee   Data           2  app_sdwe_ctrl.o(.data)
    inerStatus                               0x200002f0   Data           1  app_sdwe_ctrl.o(.data)
    localChanel                              0x200002f1   Data           1  app_sdwe_ctrl.o(.data)
    inerStatus                               0x200002f2   Data           1  app_sdwe_ctrl.o(.data)
    localChanel                              0x200002f3   Data           1  app_sdwe_ctrl.o(.data)
    inerStatus                               0x200002f4   Data           1  app_sdwe_ctrl.o(.data)
    si16Number1                              0x200002f6   Data           4  app_sdwe_ctrl.o(.data)
    si16Number2                              0x200002fa   Data           4  app_sdwe_ctrl.o(.data)
    si16Min                                  0x200002fe   Data           4  app_sdwe_ctrl.o(.data)
    need_send                                0x20000302   Data           1  app_sdwe_ctrl.o(.data)
    need_send                                0x20000303   Data           1  app_sdwe_ctrl.o(.data)
    weightPre                                0x20000304   Data          12  app_sdwe_ctrl.o(.data)
    inerStatus                               0x20000310   Data           1  app_sdwe_ctrl.o(.data)
    inerStatus                               0x20000311   Data           1  app_sdwe_ctrl.o(.data)
    test                                     0x20000312   Data           2  app_sdwe_ctrl.o(.data)
    test_id                                  0x20000314   Data           2  app_sdwe_ctrl.o(.data)
    chanelTestEn                             0x20000316   Data           1  app_sdwe_ctrl.o(.data)
    cnt                                      0x20000318   Data           4  app_sdwe_ctrl.o(.data)
    chanelDataEn                             0x2000031c   Data           1  app_sdwe_ctrl.o(.data)
    chanelDataAddress                        0x2000031e   Data           2  app_sdwe_ctrl.o(.data)
    chanelColorEn                            0x20000320   Data           1  app_sdwe_ctrl.o(.data)
    chanelColorAddress                       0x20000322   Data           2  app_sdwe_ctrl.o(.data)
    chanelDataLen                            0x20000324   Data           2  app_sdwe_ctrl.o(.data)
    .data                                    0x20000326   Section        3  app_key_ctrl.o(.data)
    preRemoveKey                             0x20000326   Data           1  app_key_ctrl.o(.data)
    preHomeAndCalibrateKey                   0x20000327   Data           1  app_key_ctrl.o(.data)
    preHomeAndCalibrateStatus                0x20000328   Data           1  app_key_ctrl.o(.data)
    .data                                    0x2000032c   Section      596  app_modbus_rtu_ctrl.o(.data)
    .data                                    0x20000580   Section        4  drv_delay.o(.data)
    g_DelayUsFac                             0x20000580   Data           2  drv_delay.o(.data)
    g_DelayMsFac                             0x20000582   Data           2  drv_delay.o(.data)
    .data                                    0x20000584   Section      108  hal_gpio.o(.data)
    .data                                    0x200005f0   Section      176  hal_uart.o(.data)
    .data                                    0x200006a0   Section       28  drv_rcc.o(.data)
    l_AhbPrescTable                          0x200006a0   Data          16  drv_rcc.o(.data)
    l_ApbPrescTable                          0x200006b0   Data           8  drv_rcc.o(.data)
    .bss                                     0x200006bc   Section       12  app_main.o(.bss)
    .bss                                     0x200006c8   Section       84  app_led_ctrl.o(.bss)
    tWeightUpdateColorArr                    0x200006c8   Data          72  app_led_ctrl.o(.bss)
    chanelCompareInfo                        0x20000710   Data          12  app_led_ctrl.o(.bss)
    .bss                                     0x2000071c   Section     1368  app_hx711_ctrl.o(.bss)
    .bss                                     0x20000c74   Section     2076  app_sdwe_ctrl.o(.bss)
    g_sdwe_triger_data                       0x200010cc   Data          80  app_sdwe_ctrl.o(.bss)
    g_dmg_triger_data                        0x2000117c   Data         560  app_sdwe_ctrl.o(.bss)
    sysPara                                  0x200013ac   Data          48  app_sdwe_ctrl.o(.bss)
    flashSysParaStoreDataBuf                 0x200013dc   Data          52  app_sdwe_ctrl.o(.bss)
    chanelDataTest                           0x20001410   Data          64  app_sdwe_ctrl.o(.bss)
    chanelColorTest                          0x20001450   Data          64  app_sdwe_ctrl.o(.bss)
    .bss                                     0x20001490   Section       12  app_key_ctrl.o(.bss)
    .bss                                     0x2000149c   Section       36  drv_rcc.o(.bss)
    .bss                                     0x200014c0   Section       96  libspace.o(.bss)
    HEAP                                     0x20001520   Section     2048  startup_stm32f30x.o(HEAP)
    Heap_Mem                                 0x20001520   Data        2048  startup_stm32f30x.o(HEAP)
    STACK                                    0x20001d20   Section     2048  startup_stm32f30x.o(STACK)
    Stack_Mem                                0x20001d20   Data        2048  startup_stm32f30x.o(STACK)
    __initial_sp                             0x20002520   Data           0  startup_stm32f30x.o(STACK)

    Global Symbols

    Symbol Name                              Value     Ov Type        Size  Object(Section)

    BuildAttributes$$THM_ISAv4$E$P$D$K$B$S$7EM$VFPi3$EXTD16$VFPS$VFMA$PE$A:L22UL41UL21$X:L11$S22US41US21$IEEE1$IW$USESV6$~STKCKD$USESV7$~SHL$OSPACE$ROPI$EBA8$UX$STANDARDLIB$REQ8$PRES8$EABIv2 0x00000000   Number         0  anon$$obj.o ABSOLUTE
    __ARM_use_no_argv                        0x00000000   Number         0  app_main.o ABSOLUTE
    __ARM_exceptions_init                     - Undefined Weak Reference
    __alloca_initialize                       - Undefined Weak Reference
    __arm_preinit_                            - Undefined Weak Reference
    __cpp_initialize__aeabi_                  - Undefined Weak Reference
    __cxa_finalize                            - Undefined Weak Reference
    __rt_locale                               - Undefined Weak Reference
    __sigvec_lookup                           - Undefined Weak Reference
    _atexit_init                              - Undefined Weak Reference
    _call_atexit_fns                          - Undefined Weak Reference
    _clock_init                               - Undefined Weak Reference
    _fp_trap_init                             - Undefined Weak Reference
    _fp_trap_shutdown                         - Undefined Weak Reference
    _get_lc_collate                           - Undefined Weak Reference
    _get_lc_ctype                             - Undefined Weak Reference
    _get_lc_monetary                          - Undefined Weak Reference
    _get_lc_numeric                           - Undefined Weak Reference
    _get_lc_time                              - Undefined Weak Reference
    _getenv_init                              - Undefined Weak Reference
    _handle_redirection                       - Undefined Weak Reference
    _init_alloc                               - Undefined Weak Reference
    _init_user_alloc                          - Undefined Weak Reference
    _initio                                   - Undefined Weak Reference
    _rand_init                                - Undefined Weak Reference
    _signal_finish                            - Undefined Weak Reference
    _signal_init                              - Undefined Weak Reference
    _terminate_alloc                          - Undefined Weak Reference
    _terminate_user_alloc                     - Undefined Weak Reference
    _terminateio                              - Undefined Weak Reference
    __Vectors_Size                           0x00000188   Number         0  startup_stm32f30x.o ABSOLUTE
    __Vectors                                0x08000000   Data           4  startup_stm32f30x.o(RESET)
    __Vectors_End                            0x08000188   Data           0  startup_stm32f30x.o(RESET)
    __main                                   0x08000189   Thumb Code     8  __main.o(!!!main)
    __scatterload                            0x08000191   Thumb Code     0  __scatter.o(!!!scatter)
    __scatterload_rt2                        0x08000191   Thumb Code    44  __scatter.o(!!!scatter)
    __scatterload_rt2_thumb_only             0x08000191   Thumb Code     0  __scatter.o(!!!scatter)
    __scatterload_null                       0x0800019f   Thumb Code     0  __scatter.o(!!!scatter)
    __decompress                             0x080001c5   Thumb Code    90  __dczerorl2.o(!!dczerorl2)
    __decompress1                            0x080001c5   Thumb Code     0  __dczerorl2.o(!!dczerorl2)
    __scatterload_zeroinit                   0x08000221   Thumb Code    28  __scatter_zi.o(!!handler_zi)
    __rt_lib_init                            0x0800023d   Thumb Code     0  libinit.o(.ARM.Collect$$libinit$$00000000)
    __rt_lib_init_fp_1                       0x0800023f   Thumb Code     0  libinit2.o(.ARM.Collect$$libinit$$00000001)
    __rt_lib_init_alloca_1                   0x08000243   Thumb Code     0  libinit2.o(.ARM.Collect$$libinit$$0000002E)
    __rt_lib_init_argv_1                     0x08000243   Thumb Code     0  libinit2.o(.ARM.Collect$$libinit$$0000002C)
    __rt_lib_init_atexit_1                   0x08000243   Thumb Code     0  libinit2.o(.ARM.Collect$$libinit$$0000001B)
    __rt_lib_init_clock_1                    0x08000243   Thumb Code     0  libinit2.o(.ARM.Collect$$libinit$$00000021)
    __rt_lib_init_cpp_1                      0x08000243   Thumb Code     0  libinit2.o(.ARM.Collect$$libinit$$00000032)
    __rt_lib_init_exceptions_1               0x08000243   Thumb Code     0  libinit2.o(.ARM.Collect$$libinit$$00000030)
    __rt_lib_init_fp_trap_1                  0x08000243   Thumb Code     0  libinit2.o(.ARM.Collect$$libinit$$0000001F)
    __rt_lib_init_getenv_1                   0x08000243   Thumb Code     0  libinit2.o(.ARM.Collect$$libinit$$00000023)
    __rt_lib_init_heap_1                     0x08000243   Thumb Code     0  libinit2.o(.ARM.Collect$$libinit$$0000000A)
    __rt_lib_init_lc_collate_1               0x08000243   Thumb Code     0  libinit2.o(.ARM.Collect$$libinit$$00000011)
    __rt_lib_init_lc_ctype_1                 0x08000243   Thumb Code     0  libinit2.o(.ARM.Collect$$libinit$$00000013)
    __rt_lib_init_lc_monetary_1              0x08000243   Thumb Code     0  libinit2.o(.ARM.Collect$$libinit$$00000015)
    __rt_lib_init_lc_numeric_1               0x08000243   Thumb Code     0  libinit2.o(.ARM.Collect$$libinit$$00000017)
    __rt_lib_init_lc_time_1                  0x08000243   Thumb Code     0  libinit2.o(.ARM.Collect$$libinit$$00000019)
    __rt_lib_init_preinit_1                  0x08000243   Thumb Code     0  libinit2.o(.ARM.Collect$$libinit$$00000004)
    __rt_lib_init_rand_1                     0x08000243   Thumb Code     0  libinit2.o(.ARM.Collect$$libinit$$0000000E)
    __rt_lib_init_return                     0x08000243   Thumb Code     0  libinit2.o(.ARM.Collect$$libinit$$00000033)
    __rt_lib_init_signal_1                   0x08000243   Thumb Code     0  libinit2.o(.ARM.Collect$$libinit$$0000001D)
    __rt_lib_init_stdio_1                    0x08000243   Thumb Code     0  libinit2.o(.ARM.Collect$$libinit$$00000025)
    __rt_lib_init_user_alloc_1               0x08000243   Thumb Code     0  libinit2.o(.ARM.Collect$$libinit$$0000000C)
    __rt_lib_shutdown                        0x08000245   Thumb Code     0  libshutdown.o(.ARM.Collect$$libshutdown$$00000000)
    __rt_lib_shutdown_cpp_1                  0x08000247   Thumb Code     0  libshutdown2.o(.ARM.Collect$$libshutdown$$00000002)
    __rt_lib_shutdown_fp_trap_1              0x08000247   Thumb Code     0  libshutdown2.o(.ARM.Collect$$libshutdown$$00000007)
    __rt_lib_shutdown_heap_1                 0x08000247   Thumb Code     0  libshutdown2.o(.ARM.Collect$$libshutdown$$0000000F)
    __rt_lib_shutdown_return                 0x08000247   Thumb Code     0  libshutdown2.o(.ARM.Collect$$libshutdown$$00000010)
    __rt_lib_shutdown_signal_1               0x08000247   Thumb Code     0  libshutdown2.o(.ARM.Collect$$libshutdown$$0000000A)
    __rt_lib_shutdown_stdio_1                0x08000247   Thumb Code     0  libshutdown2.o(.ARM.Collect$$libshutdown$$00000004)
    __rt_lib_shutdown_user_alloc_1           0x08000247   Thumb Code     0  libshutdown2.o(.ARM.Collect$$libshutdown$$0000000C)
    __rt_entry                               0x08000249   Thumb Code     0  __rtentry.o(.ARM.Collect$$rtentry$$00000000)
    __rt_entry_presh_1                       0x08000249   Thumb Code     0  __rtentry2.o(.ARM.Collect$$rtentry$$00000002)
    __rt_entry_sh                            0x08000249   Thumb Code     0  __rtentry4.o(.ARM.Collect$$rtentry$$00000004)
    __rt_entry_li                            0x0800024f   Thumb Code     0  __rtentry2.o(.ARM.Collect$$rtentry$$0000000A)
    __rt_entry_postsh_1                      0x0800024f   Thumb Code     0  __rtentry2.o(.ARM.Collect$$rtentry$$00000009)
    __rt_entry_main                          0x08000253   Thumb Code     0  __rtentry2.o(.ARM.Collect$$rtentry$$0000000D)
    __rt_entry_postli_1                      0x08000253   Thumb Code     0  __rtentry2.o(.ARM.Collect$$rtentry$$0000000C)
    __rt_exit                                0x0800025b   Thumb Code     0  rtexit.o(.ARM.Collect$$rtexit$$00000000)
    __rt_exit_ls                             0x0800025d   Thumb Code     0  rtexit2.o(.ARM.Collect$$rtexit$$00000003)
    __rt_exit_prels_1                        0x0800025d   Thumb Code     0  rtexit2.o(.ARM.Collect$$rtexit$$00000002)
    __rt_exit_exit                           0x08000261   Thumb Code     0  rtexit2.o(.ARM.Collect$$rtexit$$00000004)
    Reset_Handler                            0x08000269   Thumb Code    14  startup_stm32f30x.o(.text)
    NMI_Handler                              0x08000277   Thumb Code     2  startup_stm32f30x.o(.text)
    HardFault_Handler                        0x08000279   Thumb Code     2  startup_stm32f30x.o(.text)
    MemManage_Handler                        0x0800027b   Thumb Code     2  startup_stm32f30x.o(.text)
    BusFault_Handler                         0x0800027d   Thumb Code     2  startup_stm32f30x.o(.text)
    UsageFault_Handler                       0x0800027f   Thumb Code     2  startup_stm32f30x.o(.text)
    SVC_Handler                              0x08000281   Thumb Code     2  startup_stm32f30x.o(.text)
    DebugMon_Handler                         0x08000283   Thumb Code     2  startup_stm32f30x.o(.text)
    PendSV_Handler                           0x08000285   Thumb Code     2  startup_stm32f30x.o(.text)
    SysTick_Handler                          0x08000287   Thumb Code     2  startup_stm32f30x.o(.text)
    ADC1_2_IRQHandler                        0x08000289   Thumb Code     0  startup_stm32f30x.o(.text)
    ADC3_IRQHandler                          0x08000289   Thumb Code     0  startup_stm32f30x.o(.text)
    ADC4_IRQHandler                          0x08000289   Thumb Code     0  startup_stm32f30x.o(.text)
    CAN1_RX1_IRQHandler                      0x08000289   Thumb Code     0  startup_stm32f30x.o(.text)
    CAN1_SCE_IRQHandler                      0x08000289   Thumb Code     0  startup_stm32f30x.o(.text)
    COMP1_2_3_IRQHandler                     0x08000289   Thumb Code     0  startup_stm32f30x.o(.text)
    COMP4_5_6_IRQHandler                     0x08000289   Thumb Code     0  startup_stm32f30x.o(.text)
    COMP7_IRQHandler                         0x08000289   Thumb Code     0  startup_stm32f30x.o(.text)
    DMA1_Channel1_IRQHandler                 0x08000289   Thumb Code     0  startup_stm32f30x.o(.text)
    DMA1_Channel3_IRQHandler                 0x08000289   Thumb Code     0  startup_stm32f30x.o(.text)
    DMA1_Channel4_IRQHandler                 0x08000289   Thumb Code     0  startup_stm32f30x.o(.text)
    DMA1_Channel5_IRQHandler                 0x08000289   Thumb Code     0  startup_stm32f30x.o(.text)
    DMA1_Channel6_IRQHandler                 0x08000289   Thumb Code     0  startup_stm32f30x.o(.text)
    DMA2_Channel1_IRQHandler                 0x08000289   Thumb Code     0  startup_stm32f30x.o(.text)
    DMA2_Channel2_IRQHandler                 0x08000289   Thumb Code     0  startup_stm32f30x.o(.text)
    DMA2_Channel3_IRQHandler                 0x08000289   Thumb Code     0  startup_stm32f30x.o(.text)
    DMA2_Channel4_IRQHandler                 0x08000289   Thumb Code     0  startup_stm32f30x.o(.text)
    DMA2_Channel5_IRQHandler                 0x08000289   Thumb Code     0  startup_stm32f30x.o(.text)
    EXTI0_IRQHandler                         0x08000289   Thumb Code     0  startup_stm32f30x.o(.text)
    EXTI15_10_IRQHandler                     0x08000289   Thumb Code     0  startup_stm32f30x.o(.text)
    EXTI1_IRQHandler                         0x08000289   Thumb Code     0  startup_stm32f30x.o(.text)
    EXTI2_TS_IRQHandler                      0x08000289   Thumb Code     0  startup_stm32f30x.o(.text)
    EXTI3_IRQHandler                         0x08000289   Thumb Code     0  startup_stm32f30x.o(.text)
    EXTI4_IRQHandler                         0x08000289   Thumb Code     0  startup_stm32f30x.o(.text)
    EXTI9_5_IRQHandler                       0x08000289   Thumb Code     0  startup_stm32f30x.o(.text)
    FLASH_IRQHandler                         0x08000289   Thumb Code     0  startup_stm32f30x.o(.text)
    FPU_IRQHandler                           0x08000289   Thumb Code     0  startup_stm32f30x.o(.text)
    I2C1_ER_IRQHandler                       0x08000289   Thumb Code     0  startup_stm32f30x.o(.text)
    I2C1_EV_IRQHandler                       0x08000289   Thumb Code     0  startup_stm32f30x.o(.text)
    I2C2_ER_IRQHandler                       0x08000289   Thumb Code     0  startup_stm32f30x.o(.text)
    I2C2_EV_IRQHandler                       0x08000289   Thumb Code     0  startup_stm32f30x.o(.text)
    PVD_IRQHandler                           0x08000289   Thumb Code     0  startup_stm32f30x.o(.text)
    RCC_IRQHandler                           0x08000289   Thumb Code     0  startup_stm32f30x.o(.text)
    RTC_Alarm_IRQHandler                     0x08000289   Thumb Code     0  startup_stm32f30x.o(.text)
    RTC_WKUP_IRQHandler                      0x08000289   Thumb Code     0  startup_stm32f30x.o(.text)
    SPI1_IRQHandler                          0x08000289   Thumb Code     0  startup_stm32f30x.o(.text)
    SPI2_IRQHandler                          0x08000289   Thumb Code     0  startup_stm32f30x.o(.text)
    SPI3_IRQHandler                          0x08000289   Thumb Code     0  startup_stm32f30x.o(.text)
    TAMPER_STAMP_IRQHandler                  0x08000289   Thumb Code     0  startup_stm32f30x.o(.text)
    TIM1_BRK_TIM15_IRQHandler                0x08000289   Thumb Code     0  startup_stm32f30x.o(.text)
    TIM1_CC_IRQHandler                       0x08000289   Thumb Code     0  startup_stm32f30x.o(.text)
    TIM1_TRG_COM_TIM17_IRQHandler            0x08000289   Thumb Code     0  startup_stm32f30x.o(.text)
    TIM1_UP_TIM16_IRQHandler                 0x08000289   Thumb Code     0  startup_stm32f30x.o(.text)
    TIM2_IRQHandler                          0x08000289   Thumb Code     0  startup_stm32f30x.o(.text)
    TIM3_IRQHandler                          0x08000289   Thumb Code     0  startup_stm32f30x.o(.text)
    TIM4_IRQHandler                          0x08000289   Thumb Code     0  startup_stm32f30x.o(.text)
    TIM7_IRQHandler                          0x08000289   Thumb Code     0  startup_stm32f30x.o(.text)
    TIM8_BRK_IRQHandler                      0x08000289   Thumb Code     0  startup_stm32f30x.o(.text)
    TIM8_CC_IRQHandler                       0x08000289   Thumb Code     0  startup_stm32f30x.o(.text)
    TIM8_TRG_COM_IRQHandler                  0x08000289   Thumb Code     0  startup_stm32f30x.o(.text)
    TIM8_UP_IRQHandler                       0x08000289   Thumb Code     0  startup_stm32f30x.o(.text)
    UART4_IRQHandler                         0x08000289   Thumb Code     0  startup_stm32f30x.o(.text)
    UART5_IRQHandler                         0x08000289   Thumb Code     0  startup_stm32f30x.o(.text)
    USART1_IRQHandler                        0x08000289   Thumb Code     0  startup_stm32f30x.o(.text)
    USBWakeUp_IRQHandler                     0x08000289   Thumb Code     0  startup_stm32f30x.o(.text)
    USBWakeUp_RMP_IRQHandler                 0x08000289   Thumb Code     0  startup_stm32f30x.o(.text)
    USB_HP_CAN1_TX_IRQHandler                0x08000289   Thumb Code     0  startup_stm32f30x.o(.text)
    USB_HP_IRQHandler                        0x08000289   Thumb Code     0  startup_stm32f30x.o(.text)
    USB_LP_CAN1_RX0_IRQHandler               0x08000289   Thumb Code     0  startup_stm32f30x.o(.text)
    USB_LP_IRQHandler                        0x08000289   Thumb Code     0  startup_stm32f30x.o(.text)
    WWDG_IRQHandler                          0x08000289   Thumb Code     0  startup_stm32f30x.o(.text)
    __user_initial_stackheap                 0x0800028d   Thumb Code     0  startup_stm32f30x.o(.text)
    __aeabi_memclr4                          0x080002b1   Thumb Code     0  rt_memclr_w.o(.text)
    __aeabi_memclr8                          0x080002b1   Thumb Code     0  rt_memclr_w.o(.text)
    __rt_memclr_w                            0x080002b1   Thumb Code    78  rt_memclr_w.o(.text)
    _memset_w                                0x080002b5   Thumb Code     0  rt_memclr_w.o(.text)
    __use_two_region_memory                  0x080002ff   Thumb Code     2  heapauxi.o(.text)
    __rt_heap_escrow$2region                 0x08000301   Thumb Code     2  heapauxi.o(.text)
    __rt_heap_expand$2region                 0x08000303   Thumb Code     2  heapauxi.o(.text)
    __user_setup_stackheap                   0x08000305   Thumb Code    74  sys_stackheap_outer.o(.text)
    exit                                     0x0800034f   Thumb Code    18  exit.o(.text)
    __user_libspace                          0x08000361   Thumb Code     8  libspace.o(.text)
    __user_perproc_libspace                  0x08000361   Thumb Code     0  libspace.o(.text)
    __user_perthread_libspace                0x08000361   Thumb Code     0  libspace.o(.text)
    _sys_exit                                0x08000369   Thumb Code     8  sys_exit.o(.text)
    __I$use$semihosting                      0x08000375   Thumb Code     0  use_no_semi.o(.text)
    __use_no_semihosting_swi                 0x08000375   Thumb Code     2  use_no_semi.o(.text)
    __semihosting_library_function           0x08000377   Thumb Code     0  indicate_semi.o(.text)
    BubbleSort                               0x08000379   Thumb Code   140  app_crc.o(i.BubbleSort)
    DMA1_Channel2_IRQHandler                 0x08000409   Thumb Code    44  hal_uart.o(i.DMA1_Channel2_IRQHandler)
    DMA1_Channel7_IRQHandler                 0x08000445   Thumb Code    44  hal_uart.o(i.DMA1_Channel7_IRQHandler)
    LedCtrlSendPulse                         0x08000481   Thumb Code    88  app_led_ctrl.o(i.LedCtrlSendPulse)
    LedDataSet                               0x080004d9   Thumb Code   132  app_led_ctrl.o(i.LedDataSet)
    Led_delay                                0x08000561   Thumb Code    10  app_led_ctrl.o(i.Led_delay)
    ModbusRtu_MainFunction                   0x0800056d   Thumb Code    60  app_modbus_rtu_ctrl.o(i.ModbusRtu_MainFunction)
    ModbusRtu_MasterCycleReadWeightScan      0x080005b1   Thumb Code    30  app_modbus_rtu_ctrl.o(i.ModbusRtu_MasterCycleReadWeightScan)
    ModbusRtu_MasterMainFunction             0x080005cf   Thumb Code    28  app_modbus_rtu_ctrl.o(i.ModbusRtu_MasterMainFunction)
    ModbusRtu_MasterMaskDeal                 0x080005eb   Thumb Code   144  app_modbus_rtu_ctrl.o(i.ModbusRtu_MasterMaskDeal)
    ModbusRtu_MasterRxMainFunction           0x0800067d   Thumb Code   530  app_modbus_rtu_ctrl.o(i.ModbusRtu_MasterRxMainFunction)
    ModbusRtu_MasterTxMainFunction           0x08000895   Thumb Code   138  app_modbus_rtu_ctrl.o(i.ModbusRtu_MasterTxMainFunction)
    ModbusRtu_RxMainFunction                 0x0800091f   Thumb Code    92  app_modbus_rtu_ctrl.o(i.ModbusRtu_RxMainFunction)
    ModbusRtu_SlaveMainFunction              0x0800097b   Thumb Code    28  app_modbus_rtu_ctrl.o(i.ModbusRtu_SlaveMainFunction)
    ModbusRtu_SlaveRxMainFunction            0x08000999   Thumb Code   820  app_modbus_rtu_ctrl.o(i.ModbusRtu_SlaveRxMainFunction)
    ModbusRtu_SlaveTxMainFunction            0x08000cd1   Thumb Code    86  app_modbus_rtu_ctrl.o(i.ModbusRtu_SlaveTxMainFunction)
    ModbusRtu_SlaveTxMaskDeal                0x08000d27   Thumb Code    20  app_modbus_rtu_ctrl.o(i.ModbusRtu_SlaveTxMaskDeal)
    ModbusRtu_init                           0x08000d3d   Thumb Code    64  app_modbus_rtu_ctrl.o(i.ModbusRtu_init)
    STM32CheckPassWord                       0x08000d85   Thumb Code    58  app_main.o(i.STM32CheckPassWord)
    STM32MCUIDGet                            0x08000dd1   Thumb Code    34  app_main.o(i.STM32MCUIDGet)
    TIM6_DAC_IRQHandler                      0x08000df9   Thumb Code    16  hal_timer.o(i.TIM6_DAC_IRQHandler)
    USART2_IRQHandler                        0x08000e0d   Thumb Code   226  hal_uart.o(i.USART2_IRQHandler)
    USART3_IRQHandler                        0x08000f05   Thumb Code   348  hal_uart.o(i.USART3_IRQHandler)
    app_main_task                            0x0800107d   Thumb Code    78  app_main_task.o(i.app_main_task)
    app_uart_extern_msg_packet_process       0x080010d5   Thumb Code     2  app_sdwe_ctrl.o(i.app_uart_extern_msg_packet_process)
    cal_crc16                                0x080010d9   Thumb Code    62  app_crc.o(i.cal_crc16)
    chanelChangedTrigerDeal                  0x08001121   Thumb Code   530  app_sdwe_ctrl.o(i.chanelChangedTrigerDeal)
    clearLocalCalibrationKAndBAndSample      0x08001349   Thumb Code   188  app_sdwe_ctrl.o(i.clearLocalCalibrationKAndBAndSample)
    clearLocalCalibrationRecordData          0x08001409   Thumb Code   122  app_sdwe_ctrl.o(i.clearLocalCalibrationRecordData)
    color_clearAllColor                      0x08001489   Thumb Code    26  app_sdwe_ctrl.o(i.color_clearAllColor)
    drv_debug_apb1_stop                      0x080014a9   Thumb Code    12  drv_dbgmcu.o(i.drv_debug_apb1_stop)
    drv_delay_init                           0x080014b9   Thumb Code    60  drv_delay.o(i.drv_delay_init)
    drv_delay_ms                             0x08001505   Thumb Code    64  drv_delay.o(i.drv_delay_ms)
    drv_delay_us                             0x08001549   Thumb Code    64  drv_delay.o(i.drv_delay_us)
    drv_dma_set_mem_addr_length              0x0800158d   Thumb Code    12  drv_dma.o(i.drv_dma_set_mem_addr_length)
    drv_dma_stream_clear_flag_status         0x08001599   Thumb Code    30  drv_dma.o(i.drv_dma_stream_clear_flag_status)
    drv_dma_stream_clear_it_pending_bit      0x080015c1   Thumb Code    18  drv_dma.o(i.drv_dma_stream_clear_it_pending_bit)
    drv_dma_stream_deinit                    0x080015dd   Thumb Code   252  drv_dma.o(i.drv_dma_stream_deinit)
    drv_dma_stream_disable                   0x080016e1   Thumb Code    10  drv_dma.o(i.drv_dma_stream_disable)
    drv_dma_stream_enable                    0x080016eb   Thumb Code    12  drv_dma.o(i.drv_dma_stream_enable)
    drv_dma_stream_get_it_status             0x080016f9   Thumb Code    90  drv_dma.o(i.drv_dma_stream_get_it_status)
    drv_dma_stream_get_left_length           0x0800175d   Thumb Code    14  drv_dma.o(i.drv_dma_stream_get_left_length)
    drv_dma_stream_init                      0x0800176b   Thumb Code   108  drv_dma.o(i.drv_dma_stream_init)
    drv_dma_stream_it_enable                 0x080017d7   Thumb Code     8  drv_dma.o(i.drv_dma_stream_it_enable)
    drv_dma_stream_start_mem_to_periph       0x080017df   Thumb Code    52  drv_dma.o(i.drv_dma_stream_start_mem_to_periph)
    drv_dma_stream_start_periph_to_mem       0x08001813   Thumb Code    52  drv_dma.o(i.drv_dma_stream_start_periph_to_mem)
    drv_flash_erase_sector                   0x08001849   Thumb Code    66  drv_flash.o(i.drv_flash_erase_sector)
    drv_flash_get_status                     0x08001891   Thumb Code    40  drv_flash.o(i.drv_flash_get_status)
    drv_flash_lock                           0x080018bd   Thumb Code    16  drv_flash.o(i.drv_flash_lock)
    drv_flash_read_words                     0x080018d1   Thumb Code    32  drv_flash.o(i.drv_flash_read_words)
    drv_flash_unlock                         0x080018f1   Thumb Code    22  drv_flash.o(i.drv_flash_unlock)
    drv_flash_wait_last_operation            0x08001915   Thumb Code    40  drv_flash.o(i.drv_flash_wait_last_operation)
    drv_flash_write_words                    0x0800193d   Thumb Code   122  drv_flash.o(i.drv_flash_write_words)
    drv_gpio_alternate_function_connect      0x080019bd   Thumb Code    66  drv_gpio.o(i.drv_gpio_alternate_function_connect)
    drv_gpio_alternate_function_init         0x080019ff   Thumb Code   220  drv_gpio.o(i.drv_gpio_alternate_function_init)
    drv_gpio_input_init                      0x08001adb   Thumb Code    96  drv_gpio.o(i.drv_gpio_input_init)
    drv_gpio_output_init                     0x08001b3b   Thumb Code   220  drv_gpio.o(i.drv_gpio_output_init)
    drv_gpio_set_pins_high                   0x08001c17   Thumb Code     8  hal_uart.o(i.drv_gpio_set_pins_high)
    drv_nvic_enable                          0x08001c1f   Thumb Code    22  drv_nvic.o(i.drv_nvic_enable)
    drv_nvic_init                            0x08001c35   Thumb Code    56  drv_nvic.o(i.drv_nvic_init)
    drv_rcc_ahb1_clk_enable                  0x08001c75   Thumb Code    12  drv_rcc.o(i.drv_rcc_ahb1_clk_enable)
    drv_rcc_apb1_clk_enable                  0x08001c85   Thumb Code    12  drv_rcc.o(i.drv_rcc_apb1_clk_enable)
    drv_rcc_apb1_periph_reset_disable        0x08001c95   Thumb Code    12  drv_rcc.o(i.drv_rcc_apb1_periph_reset_disable)
    drv_rcc_apb1_periph_reset_enable         0x08001ca5   Thumb Code    12  drv_rcc.o(i.drv_rcc_apb1_periph_reset_enable)
    drv_rcc_apb2_clk_enable                  0x08001cb5   Thumb Code    12  drv_rcc.o(i.drv_rcc_apb2_clk_enable)
    drv_rcc_apb2_periph_reset_disable        0x08001cc5   Thumb Code    12  drv_rcc.o(i.drv_rcc_apb2_periph_reset_disable)
    drv_rcc_apb2_periph_reset_enable         0x08001cd5   Thumb Code    12  drv_rcc.o(i.drv_rcc_apb2_periph_reset_enable)
    drv_rcc_get_clocks_freq                  0x08001ce5   Thumb Code   238  drv_rcc.o(i.drv_rcc_get_clocks_freq)
    drv_rcc_init                             0x08001de9   Thumb Code   694  drv_rcc.o(i.drv_rcc_init)
    drv_timer_base_init                      0x080020c9   Thumb Code   104  drv_timer.o(i.drv_timer_base_init)
    drv_timer_clear_it_pending_bit           0x08002149   Thumb Code     8  drv_timer.o(i.drv_timer_clear_it_pending_bit)
    drv_timer_deinit                         0x08002151   Thumb Code   216  drv_timer.o(i.drv_timer_deinit)
    drv_timer_enable                         0x0800224d   Thumb Code    12  drv_timer.o(i.drv_timer_enable)
    drv_timer_it_enable                      0x08002259   Thumb Code     8  drv_timer.o(i.drv_timer_it_enable)
    drv_uart_clear_flag_status               0x08002261   Thumb Code     4  drv_uart.o(i.drv_uart_clear_flag_status)
    drv_uart_clear_it_pending_bit            0x08002265   Thumb Code    18  drv_uart.o(i.drv_uart_clear_it_pending_bit)
    drv_uart_deinit                          0x08002279   Thumb Code   124  drv_uart.o(i.drv_uart_deinit)
    drv_uart_dma_rx_enable                   0x08002309   Thumb Code    12  drv_uart.o(i.drv_uart_dma_rx_enable)
    drv_uart_dma_tx_enable                   0x08002315   Thumb Code    12  drv_uart.o(i.drv_uart_dma_tx_enable)
    drv_uart_get_flag_status                 0x08002321   Thumb Code    16  drv_uart.o(i.drv_uart_get_flag_status)
    drv_uart_init                            0x08002331   Thumb Code   190  drv_uart.o(i.drv_uart_init)
    drv_uart_it_disable                      0x080023ef   Thumb Code    52  drv_uart.o(i.drv_uart_it_disable)
    drv_uart_it_enable                       0x08002423   Thumb Code    52  drv_uart.o(i.drv_uart_it_enable)
    drv_uart_put_bytes                       0x08002457   Thumb Code    32  drv_uart.o(i.drv_uart_put_bytes)
    drv_uart_set_baudrate                    0x08002479   Thumb Code   116  drv_uart.o(i.drv_uart_set_baudrate)
    getChanelStruct                          0x080024f5   Thumb Code    24  app_hx711_ctrl.o(i.getChanelStruct)
    hal_clock_init                           0x08002511   Thumb Code    24  hal_clock.o(i.hal_clock_init)
    hal_delay_init                           0x08002529   Thumb Code     8  hal_delay.o(i.hal_delay_init)
    hal_delay_ms                             0x08002531   Thumb Code    12  app_sdwe_ctrl.o(i.hal_delay_ms)
    hal_delay_us                             0x0800253d   Thumb Code    12  app_hx711_ctrl.o(i.hal_delay_us)
    hal_di_get                               0x08002549   Thumb Code    36  hal_gpio.o(i.hal_di_get)
    hal_gpio_set_do_high                     0x08002575   Thumb Code    22  hal_gpio.o(i.hal_gpio_set_do_high)
    hal_gpio_set_do_low                      0x08002595   Thumb Code    22  hal_gpio.o(i.hal_gpio_set_do_low)
    hal_timer_init                           0x080025b5   Thumb Code    66  hal_timer.o(i.hal_timer_init)
    hal_uart_dma_rx_start                    0x08002601   Thumb Code    70  hal_uart.o(i.hal_uart_dma_rx_start)
    hal_uart_gpio_init                       0x08002659   Thumb Code   806  hal_uart.o(i.hal_uart_gpio_init)
    hal_uart_port_init                       0x080029b1   Thumb Code   560  hal_uart.o(i.hal_uart_port_init)
    hal_uart_rx_irq_disable                  0x08002c19   Thumb Code    48  hal_uart.o(i.hal_uart_rx_irq_disable)
    hal_uart_rx_irq_enable                   0x08002c55   Thumb Code    48  hal_uart.o(i.hal_uart_rx_irq_enable)
    hal_uart_set_braudrate                   0x08002c91   Thumb Code    34  hal_uart.o(i.hal_uart_set_braudrate)
    hal_uart_set_rx_mode                     0x08002cbd   Thumb Code    26  hal_uart.o(i.hal_uart_set_rx_mode)
    hal_uart_set_timeout                     0x08002ce1   Thumb Code     2  hal_uart.o(i.hal_uart_set_timeout)
    hal_uart_set_tx_mode                     0x08002ce5   Thumb Code    24  hal_uart.o(i.hal_uart_set_tx_mode)
    hal_uart_tx_bytes                        0x08002d05   Thumb Code   246  hal_uart.o(i.hal_uart_tx_bytes)
    hx711_AllChanelSample                    0x08002e0d   Thumb Code   216  app_hx711_ctrl.o(i.hx711_AllChanelSample)
    hx711_DataSampleCtrl                     0x08002ee9   Thumb Code    40  app_hx711_ctrl.o(i.hx711_DataSampleCtrl)
    hx711_MainFunction                       0x08002f15   Thumb Code   212  app_hx711_ctrl.o(i.hx711_MainFunction)
    hx711_SigChanelAvrgAndWeightCalc         0x08002ff1   Thumb Code   220  app_hx711_ctrl.o(i.hx711_SigChanelAvrgAndWeightCalc)
    hx711_getAvgSample                       0x080030d1   Thumb Code    26  app_hx711_ctrl.o(i.hx711_getAvgSample)
    hx711_getWeight                          0x080030f1   Thumb Code   118  app_hx711_ctrl.o(i.hx711_getWeight)
    hx711_init                               0x0800317d   Thumb Code   340  app_hx711_ctrl.o(i.hx711_init)
    hx711_setAllRemoveWeight                 0x080032e5   Thumb Code    56  app_hx711_ctrl.o(i.hx711_setAllRemoveWeight)
    jumpToActivePage                         0x08003321   Thumb Code    96  app_sdwe_ctrl.o(i.jumpToActivePage)
    jumpToBalancingCleanPage                 0x08003389   Thumb Code   110  app_sdwe_ctrl.o(i.jumpToBalancingCleanPage)
    jumpToBalancingHomePage                  0x08003405   Thumb Code   110  app_sdwe_ctrl.o(i.jumpToBalancingHomePage)
    jumpToBalancingPage                      0x08003481   Thumb Code   110  app_sdwe_ctrl.o(i.jumpToBalancingPage)
    jumpToBanlingPage                        0x080034fd   Thumb Code   110  app_sdwe_ctrl.o(i.jumpToBanlingPage)
    jumpToCalibrationPage                    0x08003579   Thumb Code    96  app_sdwe_ctrl.o(i.jumpToCalibrationPage)
    jumpToHomePage                           0x080035e1   Thumb Code    96  app_sdwe_ctrl.o(i.jumpToHomePage)
    key_FilterGet                            0x08003649   Thumb Code    30  app_key_ctrl.o(i.key_FilterGet)
    key_MainFunction                         0x0800366d   Thumb Code   142  app_key_ctrl.o(i.key_MainFunction)
    key_filter                               0x0800370d   Thumb Code   168  app_key_ctrl.o(i.key_filter)
    key_init                                 0x080037b9   Thumb Code    84  app_key_ctrl.o(i.key_init)
    led_MainFunction                         0x08003811   Thumb Code   144  app_led_ctrl.o(i.led_MainFunction)
    led_init                                 0x080038ad   Thumb Code    62  app_led_ctrl.o(i.led_init)
    main                                     0x080038ed   Thumb Code    52  app_main.o(i.main)
    pointSampleTrigerDataSet                 0x08003929   Thumb Code    32  app_sdwe_ctrl.o(i.pointSampleTrigerDataSet)
    pointTrigerDataSet                       0x0800394d   Thumb Code    62  app_sdwe_ctrl.o(i.pointTrigerDataSet)
    pointTrigerDeal                          0x08003991   Thumb Code   312  app_sdwe_ctrl.o(i.pointTrigerDeal)
    pointWeightTrigerDataSet                 0x08003ad9   Thumb Code    32  app_sdwe_ctrl.o(i.pointWeightTrigerDataSet)
    readSysDataFromFlash                     0x08003afd   Thumb Code   378  app_sdwe_ctrl.o(i.readSysDataFromFlash)
    readSysDataFromFlash_3030                0x08003c7d   Thumb Code   196  app_sdwe_ctrl.o(i.readSysDataFromFlash_3030)
    removeWeightTrigerDeal                   0x08003d4d   Thumb Code   268  app_sdwe_ctrl.o(i.removeWeightTrigerDeal)
    resetCalibrationTrigerDeal               0x08003e65   Thumb Code   310  app_sdwe_ctrl.o(i.resetCalibrationTrigerDeal)
    sampleDataPush                           0x08003fad   Thumb Code    58  app_hx711_ctrl.o(i.sampleDataPush)
    sdweAskRegData                           0x08003fe9   Thumb Code    18  app_sdwe_ctrl.o(i.sdweAskRegData)
    sdweAskVaribleData                       0x08004001   Thumb Code   932  app_sdwe_ctrl.o(i.sdweAskVaribleData)
    sdweSetWeightBackColor                   0x080043ad   Thumb Code    14  app_sdwe_ctrl.o(i.sdweSetWeightBackColor)
    sdweWriteVarible                         0x080043c1   Thumb Code   226  app_sdwe_ctrl.o(i.sdweWriteVarible)
    sdwe_MainFunction                        0x080044ad   Thumb Code    42  app_sdwe_ctrl.o(i.sdwe_MainFunction)
    sdwe_RxFunction                          0x080044dd   Thumb Code   340  app_sdwe_ctrl.o(i.sdwe_RxFunction)
    sdwe_TxFunction                          0x08004635   Thumb Code   380  app_sdwe_ctrl.o(i.sdwe_TxFunction)
    sdwe_init                                0x080047c1   Thumb Code   138  app_sdwe_ctrl.o(i.sdwe_init)
    sendBalancingModelData                   0x0800485d   Thumb Code   416  app_sdwe_ctrl.o(i.sendBalancingModelData)
    sendHelpDataDiff                         0x08004a19   Thumb Code   664  app_sdwe_ctrl.o(i.sendHelpDataDiff)
    sendSysParaDataToDiwen                   0x08004cd1   Thumb Code   772  app_sdwe_ctrl.o(i.sendSysParaDataToDiwen)
    setSampleWeightValue                     0x08004fe9   Thumb Code    36  app_hx711_ctrl.o(i.setSampleWeightValue)
    storeSysDataToFlash                      0x08005011   Thumb Code   342  app_sdwe_ctrl.o(i.storeSysDataToFlash)
    storeSysDataToFlash_3030                 0x08005175   Thumb Code   330  app_sdwe_ctrl.o(i.storeSysDataToFlash_3030)
    system_init                              0x080052d5   Thumb Code    32  app_main.o(i.system_init)
    trigerCalcKB                             0x080052f5   Thumb Code   502  app_hx711_ctrl.o(i.trigerCalcKB)
    useWeightUpdataOutColor                  0x080054f5   Thumb Code  1194  app_led_ctrl.o(i.useWeightUpdataOutColor)
    wm_hal_gpio_init                         0x080059a5   Thumb Code    86  hal_gpio.o(i.wm_hal_gpio_init)
    __aeabi_d2f                              0x08005a15   Thumb Code     0  d2f.o(x$fpl$d2f)
    _d2f                                     0x08005a15   Thumb Code    98  d2f.o(x$fpl$d2f)
    __aeabi_i2d                              0x08005a77   Thumb Code     0  dflt_clz.o(x$fpl$dflt)
    _dflt                                    0x08005a77   Thumb Code    46  dflt_clz.o(x$fpl$dflt)
    __aeabi_dmul                             0x08005aa5   Thumb Code     0  dmul.o(x$fpl$dmul)
    _dmul                                    0x08005aa5   Thumb Code   332  dmul.o(x$fpl$dmul)
    __fpl_dnaninf                            0x08005bf9   Thumb Code   156  dnaninf.o(x$fpl$dnaninf)
    __fpl_dretinf                            0x08005c95   Thumb Code    12  dretinf.o(x$fpl$dretinf)
    _fp_init                                 0x08005ca1   Thumb Code    10  fpinit.o(x$fpl$fpinit)
    __fplib_config_fpu_vfp                   0x08005ca9   Thumb Code     0  fpinit.o(x$fpl$fpinit)
    __fplib_config_pureend_doubles           0x08005ca9   Thumb Code     0  fpinit.o(x$fpl$fpinit)
    __fpl_fretinf                            0x08005cab   Thumb Code    10  fretinf.o(x$fpl$fretinf)
    __I$use$fp                               0x08005cb4   Number         0  usenofp.o(x$fpl$usenofp)
    defaultChanelSamplePoint                 0x08005cb4   Data          40  app_hx711_ctrl.o(.constdata)
    g_CrcHTable                              0x08005cfc   Data         256  app_crc.o(.constdata)
    g_CrcLTable                              0x08005dfc   Data         256  app_crc.o(.constdata)
    DO_GPIO_CLK                              0x08005efc   Data          52  hal_gpio.o(.constdata)
    DO_GPIO_PIN                              0x08005f30   Data          26  hal_gpio.o(.constdata)
    DI_GPIO_CLK                              0x08005f4c   Data          56  hal_gpio.o(.constdata)
    DI_GPIO_PIN                              0x08005f84   Data          28  hal_gpio.o(.constdata)
    UART_PORT_CLK                            0x08005fa0   Data           8  hal_uart.o(.constdata)
    UART_PORT_IRQn                           0x08005fa8   Data           2  hal_uart.o(.constdata)
    UART_PORT_GPIO_AF                        0x08005faa   Data           2  hal_uart.o(.constdata)
    UART_TX_GPIO_CLK                         0x08005fac   Data           8  hal_uart.o(.constdata)
    UART_TX_GPIO_PIN                         0x08005fb4   Data           4  hal_uart.o(.constdata)
    UART_TX_PIN_SOURCE                       0x08005fb8   Data           4  hal_uart.o(.constdata)
    UART_RX_GPIO_CLK                         0x08005fbc   Data           8  hal_uart.o(.constdata)
    UART_RX_GPIO_PIN                         0x08005fc4   Data           4  hal_uart.o(.constdata)
    UART_RX_PIN_SOURCE                       0x08005fc8   Data           4  hal_uart.o(.constdata)
    UART_DEA_GPIO_CLK                        0x08005fcc   Data           8  hal_uart.o(.constdata)
    UART_DEA_GPIO_PIN                        0x08005fd4   Data           4  hal_uart.o(.constdata)
    UART_TX_DMA_CLK                          0x08005fd8   Data           8  hal_uart.o(.constdata)
    UART_TX_DMA_IRQn                         0x08005fe0   Data           2  hal_uart.o(.constdata)
    UART_TX_DMA_IT_TCIF                      0x08005fe4   Data           8  hal_uart.o(.constdata)
    UART_RX_DMA_CLK                          0x08005fec   Data           8  hal_uart.o(.constdata)
    g_UartBaudTab                            0x08005ff4   Data          40  hal_uart.o(.constdata)
    Region$$Table$$Base                      0x0800601c   Number         0  anon$$obj.o(Region$$Table)
    Region$$Table$$Limit                     0x0800603c   Number         0  anon$$obj.o(Region$$Table)
    idAddr                                   0x20000000   Data          40  app_main.o(.data)
    g_passWordId                             0x20000028   Data           4  app_main.o(.data)
    g_passWordStore                          0x2000002c   Data           4  app_main.o(.data)
    g_sysLocked                              0x20000030   Data           4  app_main.o(.data)
    mainTaskStatus                           0x20000034   Data           1  app_main_task.o(.data)
    gSystemPara                              0x2000003c   Data          52  app_main_task.o(.data)
    g_led_ctrl_data                          0x20000072   Data           3  app_led_ctrl.o(.data)
    led_test_flag                            0x20000075   Data           1  app_led_ctrl.o(.data)
    g_sdwe                                   0x20000084   Data         612  app_sdwe_ctrl.o(.data)
    g_ModbusRtu                              0x2000032c   Data         596  app_modbus_rtu_ctrl.o(.data)
    DO_GPIO_PORT                             0x20000584   Data          52  hal_gpio.o(.data)
    DI_GPIO_PORT                             0x200005b8   Data          56  hal_gpio.o(.data)
    UART_PORT                                0x200005f0   Data           8  hal_uart.o(.data)
    UART_TX_GPIO_PORT                        0x200005f8   Data           8  hal_uart.o(.data)
    UART_RX_GPIO_PORT                        0x20000600   Data           8  hal_uart.o(.data)
    UART_DEA_GPIO_PORT                       0x20000608   Data           8  hal_uart.o(.data)
    UART_TX_DMA                              0x20000610   Data           8  hal_uart.o(.data)
    UART_TX_DMA_CHANNEL                      0x20000618   Data           8  hal_uart.o(.data)
    UART_RX_DMA                              0x20000620   Data           8  hal_uart.o(.data)
    UART_RX_DMA_CHANNEL                      0x20000628   Data           8  hal_uart.o(.data)
    g_UartDevice                             0x20000630   Data         112  hal_uart.o(.data)
    l_RccWiteTimeOut                         0x200006b8   Data           4  drv_rcc.o(.data)
    STM32McuId                               0x200006bc   Data          12  app_main.o(.bss)
    HX711Chanel                              0x2000071c   Data        1368  app_hx711_ctrl.o(.bss)
    flashStoreDataBuf_3030                   0x20000c74   Data          52  app_sdwe_ctrl.o(.bss)
    flashStoreDataBuf                        0x20000ca8   Data        1060  app_sdwe_ctrl.o(.bss)
    g_sdwe_dis_data                          0x2000111c   Data          24  app_sdwe_ctrl.o(.bss)
    g_sdwe_dis_data_buff                     0x20001134   Data          24  app_sdwe_ctrl.o(.bss)
    g_sdwe_dis_data2                         0x2000114c   Data          24  app_sdwe_ctrl.o(.bss)
    g_sdwe_dis_data_buff2                    0x20001164   Data          24  app_sdwe_ctrl.o(.bss)
    SysKey                                   0x20001490   Data          12  app_key_ctrl.o(.bss)
    g_ClockFrequency                         0x2000149c   Data          36  drv_rcc.o(.bss)
    __libspace_start                         0x200014c0   Data          96  libspace.o(.bss)
    __temporary_stack_top$libspace           0x20001520   Data           0  libspace.o(.bss)



==============================================================================

Memory Map of the image

  Image Entry point : 0x08000189

  Load Region LR_IROM1 (Base: 0x08000000, Size: 0x000066f8, Max: 0x00030000, ABSOLUTE, COMPRESSED[0x00006100])

    Execution Region ER_IROM1 (Base: 0x08000000, Size: 0x0000603c, Max: 0x00030000, ABSOLUTE)

    Base Addr    Size         Type   Attr      Idx    E Section Name        Object

    0x08000000   0x00000188   Data   RO          839    RESET               startup_stm32f30x.o
    0x08000188   0x00000008   Code   RO         2523  * !!!main             c_w.l(__main.o)
    0x08000190   0x00000034   Code   RO         2699    !!!scatter          c_w.l(__scatter.o)
    0x080001c4   0x0000005a   Code   RO         2697    !!dczerorl2         c_w.l(__dczerorl2.o)
    0x0800021e   0x00000002   PAD
    0x08000220   0x0000001c   Code   RO         2701    !!handler_zi        c_w.l(__scatter_zi.o)
    0x0800023c   0x00000002   Code   RO         2567    .ARM.Collect$$libinit$$00000000  c_w.l(libinit.o)
    0x0800023e   0x00000004   Code   RO         2573    .ARM.Collect$$libinit$$00000001  c_w.l(libinit2.o)
    0x08000242   0x00000000   Code   RO         2576    .ARM.Collect$$libinit$$00000004  c_w.l(libinit2.o)
    0x08000242   0x00000000   Code   RO         2579    .ARM.Collect$$libinit$$0000000A  c_w.l(libinit2.o)
    0x08000242   0x00000000   Code   RO         2581    .ARM.Collect$$libinit$$0000000C  c_w.l(libinit2.o)
    0x08000242   0x00000000   Code   RO         2583    .ARM.Collect$$libinit$$0000000E  c_w.l(libinit2.o)
    0x08000242   0x00000000   Code   RO         2586    .ARM.Collect$$libinit$$00000011  c_w.l(libinit2.o)
    0x08000242   0x00000000   Code   RO         2588    .ARM.Collect$$libinit$$00000013  c_w.l(libinit2.o)
    0x08000242   0x00000000   Code   RO         2590    .ARM.Collect$$libinit$$00000015  c_w.l(libinit2.o)
    0x08000242   0x00000000   Code   RO         2592    .ARM.Collect$$libinit$$00000017  c_w.l(libinit2.o)
    0x08000242   0x00000000   Code   RO         2594    .ARM.Collect$$libinit$$00000019  c_w.l(libinit2.o)
    0x08000242   0x00000000   Code   RO         2596    .ARM.Collect$$libinit$$0000001B  c_w.l(libinit2.o)
    0x08000242   0x00000000   Code   RO         2598    .ARM.Collect$$libinit$$0000001D  c_w.l(libinit2.o)
    0x08000242   0x00000000   Code   RO         2600    .ARM.Collect$$libinit$$0000001F  c_w.l(libinit2.o)
    0x08000242   0x00000000   Code   RO         2602    .ARM.Collect$$libinit$$00000021  c_w.l(libinit2.o)
    0x08000242   0x00000000   Code   RO         2604    .ARM.Collect$$libinit$$00000023  c_w.l(libinit2.o)
    0x08000242   0x00000000   Code   RO         2606    .ARM.Collect$$libinit$$00000025  c_w.l(libinit2.o)
    0x08000242   0x00000000   Code   RO         2610    .ARM.Collect$$libinit$$0000002C  c_w.l(libinit2.o)
    0x08000242   0x00000000   Code   RO         2612    .ARM.Collect$$libinit$$0000002E  c_w.l(libinit2.o)
    0x08000242   0x00000000   Code   RO         2614    .ARM.Collect$$libinit$$00000030  c_w.l(libinit2.o)
    0x08000242   0x00000000   Code   RO         2616    .ARM.Collect$$libinit$$00000032  c_w.l(libinit2.o)
    0x08000242   0x00000002   Code   RO         2617    .ARM.Collect$$libinit$$00000033  c_w.l(libinit2.o)
    0x08000244   0x00000002   Code   RO         2637    .ARM.Collect$$libshutdown$$00000000  c_w.l(libshutdown.o)
    0x08000246   0x00000000   Code   RO         2650    .ARM.Collect$$libshutdown$$00000002  c_w.l(libshutdown2.o)
    0x08000246   0x00000000   Code   RO         2652    .ARM.Collect$$libshutdown$$00000004  c_w.l(libshutdown2.o)
    0x08000246   0x00000000   Code   RO         2655    .ARM.Collect$$libshutdown$$00000007  c_w.l(libshutdown2.o)
    0x08000246   0x00000000   Code   RO         2658    .ARM.Collect$$libshutdown$$0000000A  c_w.l(libshutdown2.o)
    0x08000246   0x00000000   Code   RO         2660    .ARM.Collect$$libshutdown$$0000000C  c_w.l(libshutdown2.o)
    0x08000246   0x00000000   Code   RO         2663    .ARM.Collect$$libshutdown$$0000000F  c_w.l(libshutdown2.o)
    0x08000246   0x00000002   Code   RO         2664    .ARM.Collect$$libshutdown$$00000010  c_w.l(libshutdown2.o)
    0x08000248   0x00000000   Code   RO         2535    .ARM.Collect$$rtentry$$00000000  c_w.l(__rtentry.o)
    0x08000248   0x00000000   Code   RO         2544    .ARM.Collect$$rtentry$$00000002  c_w.l(__rtentry2.o)
    0x08000248   0x00000006   Code   RO         2556    .ARM.Collect$$rtentry$$00000004  c_w.l(__rtentry4.o)
    0x0800024e   0x00000000   Code   RO         2546    .ARM.Collect$$rtentry$$00000009  c_w.l(__rtentry2.o)
    0x0800024e   0x00000004   Code   RO         2547    .ARM.Collect$$rtentry$$0000000A  c_w.l(__rtentry2.o)
    0x08000252   0x00000000   Code   RO         2549    .ARM.Collect$$rtentry$$0000000C  c_w.l(__rtentry2.o)
    0x08000252   0x00000008   Code   RO         2550    .ARM.Collect$$rtentry$$0000000D  c_w.l(__rtentry2.o)
    0x0800025a   0x00000002   Code   RO         2571    .ARM.Collect$$rtexit$$00000000  c_w.l(rtexit.o)
    0x0800025c   0x00000000   Code   RO         2619    .ARM.Collect$$rtexit$$00000002  c_w.l(rtexit2.o)
    0x0800025c   0x00000004   Code   RO         2620    .ARM.Collect$$rtexit$$00000003  c_w.l(rtexit2.o)
    0x08000260   0x00000006   Code   RO         2621    .ARM.Collect$$rtexit$$00000004  c_w.l(rtexit2.o)
    0x08000266   0x00000002   PAD
    0x08000268   0x00000048   Code   RO          840    .text               startup_stm32f30x.o
    0x080002b0   0x0000004e   Code   RO         2519    .text               c_w.l(rt_memclr_w.o)
    0x080002fe   0x00000006   Code   RO         2521    .text               c_w.l(heapauxi.o)
    0x08000304   0x0000004a   Code   RO         2558    .text               c_w.l(sys_stackheap_outer.o)
    0x0800034e   0x00000012   Code   RO         2560    .text               c_w.l(exit.o)
    0x08000360   0x00000008   Code   RO         2568    .text               c_w.l(libspace.o)
    0x08000368   0x0000000c   Code   RO         2629    .text               c_w.l(sys_exit.o)
    0x08000374   0x00000002   Code   RO         2640    .text               c_w.l(use_no_semi.o)
    0x08000376   0x00000000   Code   RO         2642    .text               c_w.l(indicate_semi.o)
    0x08000376   0x00000002   PAD
    0x08000378   0x00000090   Code   RO          726    i.BubbleSort        app_crc.o
    0x08000408   0x0000003c   Code   RO         1207    i.DMA1_Channel2_IRQHandler  firmware_wm_00_hal.lib(hal_uart.o)
    0x08000444   0x0000003c   Code   RO         1208    i.DMA1_Channel7_IRQHandler  firmware_wm_00_hal.lib(hal_uart.o)
    0x08000480   0x00000058   Code   RO          163    i.LedCtrlSendPulse  app_led_ctrl.o
    0x080004d8   0x00000088   Code   RO          164    i.LedDataSet        app_led_ctrl.o
    0x08000560   0x0000000a   Code   RO          166    i.Led_delay         app_led_ctrl.o
    0x0800056a   0x00000002   PAD
    0x0800056c   0x00000044   Code   RO          747    i.ModbusRtu_MainFunction  app_modbus_rtu_ctrl.o
    0x080005b0   0x0000001e   Code   RO          748    i.ModbusRtu_MasterCycleReadWeightScan  app_modbus_rtu_ctrl.o
    0x080005ce   0x0000001c   Code   RO          749    i.ModbusRtu_MasterMainFunction  app_modbus_rtu_ctrl.o
    0x080005ea   0x00000090   Code   RO          750    i.ModbusRtu_MasterMaskDeal  app_modbus_rtu_ctrl.o
    0x0800067a   0x00000002   PAD
    0x0800067c   0x00000218   Code   RO          751    i.ModbusRtu_MasterRxMainFunction  app_modbus_rtu_ctrl.o
    0x08000894   0x0000008a   Code   RO          752    i.ModbusRtu_MasterTxMainFunction  app_modbus_rtu_ctrl.o
    0x0800091e   0x0000005c   Code   RO          753    i.ModbusRtu_RxMainFunction  app_modbus_rtu_ctrl.o
    0x0800097a   0x0000001c   Code   RO          754    i.ModbusRtu_SlaveMainFunction  app_modbus_rtu_ctrl.o
    0x08000996   0x00000002   PAD
    0x08000998   0x00000338   Code   RO          755    i.ModbusRtu_SlaveRxMainFunction  app_modbus_rtu_ctrl.o
    0x08000cd0   0x00000056   Code   RO          757    i.ModbusRtu_SlaveTxMainFunction  app_modbus_rtu_ctrl.o
    0x08000d26   0x00000014   Code   RO          758    i.ModbusRtu_SlaveTxMaskDeal  app_modbus_rtu_ctrl.o
    0x08000d3a   0x00000002   PAD
    0x08000d3c   0x00000048   Code   RO          759    i.ModbusRtu_init    app_modbus_rtu_ctrl.o
    0x08000d84   0x0000004c   Code   RO            1    i.STM32CheckPassWord  app_main.o
    0x08000dd0   0x00000028   Code   RO            2    i.STM32MCUIDGet     app_main.o
    0x08000df8   0x00000014   Code   RO         1122    i.TIM6_DAC_IRQHandler  firmware_wm_00_hal.lib(hal_timer.o)
    0x08000e0c   0x000000f8   Code   RO         1209    i.USART2_IRQHandler  firmware_wm_00_hal.lib(hal_uart.o)
    0x08000f04   0x00000178   Code   RO         1210    i.USART3_IRQHandler  firmware_wm_00_hal.lib(hal_uart.o)
    0x0800107c   0x00000058   Code   RO          144    i.app_main_task     app_main_task.o
    0x080010d4   0x00000002   Code   RO          369    i.app_uart_extern_msg_packet_process  app_sdwe_ctrl.o
    0x080010d6   0x00000002   PAD
    0x080010d8   0x00000048   Code   RO          727    i.cal_crc16         app_crc.o
    0x08001120   0x00000228   Code   RO          370    i.chanelChangedTrigerDeal  app_sdwe_ctrl.o
    0x08001348   0x000000c0   Code   RO          371    i.clearLocalCalibrationKAndBAndSample  app_sdwe_ctrl.o
    0x08001408   0x00000080   Code   RO          372    i.clearLocalCalibrationRecordData  app_sdwe_ctrl.o
    0x08001488   0x00000020   Code   RO          375    i.color_clearAllColor  app_sdwe_ctrl.o
    0x080014a8   0x00000010   Code   RO         1335    i.drv_debug_apb1_stop  STM32F303DriverLib.lib(drv_dbgmcu.o)
    0x080014b8   0x0000004c   Code   RO          846    i.drv_delay_init    STM32F303DriverLib.lib(drv_delay.o)
    0x08001504   0x00000044   Code   RO          847    i.drv_delay_ms      STM32F303DriverLib.lib(drv_delay.o)
    0x08001548   0x00000044   Code   RO          848    i.drv_delay_us      STM32F303DriverLib.lib(drv_delay.o)
    0x0800158c   0x0000000c   Code   RO         1370    i.drv_dma_set_mem_addr_length  STM32F303DriverLib.lib(drv_dma.o)
    0x08001598   0x00000028   Code   RO         1371    i.drv_dma_stream_clear_flag_status  STM32F303DriverLib.lib(drv_dma.o)
    0x080015c0   0x0000001c   Code   RO         1372    i.drv_dma_stream_clear_it_pending_bit  STM32F303DriverLib.lib(drv_dma.o)
    0x080015dc   0x00000104   Code   RO         1373    i.drv_dma_stream_deinit  STM32F303DriverLib.lib(drv_dma.o)
    0x080016e0   0x0000000a   Code   RO         1374    i.drv_dma_stream_disable  STM32F303DriverLib.lib(drv_dma.o)
    0x080016ea   0x0000000c   Code   RO         1375    i.drv_dma_stream_enable  STM32F303DriverLib.lib(drv_dma.o)
    0x080016f6   0x00000002   PAD
    0x080016f8   0x00000064   Code   RO         1378    i.drv_dma_stream_get_it_status  STM32F303DriverLib.lib(drv_dma.o)
    0x0800175c   0x0000000e   Code   RO         1379    i.drv_dma_stream_get_left_length  STM32F303DriverLib.lib(drv_dma.o)
    0x0800176a   0x0000006c   Code   RO         1380    i.drv_dma_stream_init  STM32F303DriverLib.lib(drv_dma.o)
    0x080017d6   0x00000008   Code   RO         1382    i.drv_dma_stream_it_enable  STM32F303DriverLib.lib(drv_dma.o)
    0x080017de   0x00000034   Code   RO         1383    i.drv_dma_stream_start_mem_to_periph  STM32F303DriverLib.lib(drv_dma.o)
    0x08001812   0x00000034   Code   RO         1384    i.drv_dma_stream_start_periph_to_mem  STM32F303DriverLib.lib(drv_dma.o)
    0x08001846   0x00000002   PAD
    0x08001848   0x00000048   Code   RO          901    i.drv_flash_erase_sector  STM32F303DriverLib.lib(drv_flash.o)
    0x08001890   0x0000002c   Code   RO          903    i.drv_flash_get_status  STM32F303DriverLib.lib(drv_flash.o)
    0x080018bc   0x00000014   Code   RO          904    i.drv_flash_lock    STM32F303DriverLib.lib(drv_flash.o)
    0x080018d0   0x00000020   Code   RO          906    i.drv_flash_read_words  STM32F303DriverLib.lib(drv_flash.o)
    0x080018f0   0x00000024   Code   RO          907    i.drv_flash_unlock  STM32F303DriverLib.lib(drv_flash.o)
    0x08001914   0x00000028   Code   RO          908    i.drv_flash_wait_last_operation  STM32F303DriverLib.lib(drv_flash.o)
    0x0800193c   0x00000080   Code   RO          912    i.drv_flash_write_words  STM32F303DriverLib.lib(drv_flash.o)
    0x080019bc   0x00000042   Code   RO         1478    i.drv_gpio_alternate_function_connect  STM32F303DriverLib.lib(drv_gpio.o)
    0x080019fe   0x000000dc   Code   RO         1479    i.drv_gpio_alternate_function_init  STM32F303DriverLib.lib(drv_gpio.o)
    0x08001ada   0x00000060   Code   RO         1482    i.drv_gpio_input_init  STM32F303DriverLib.lib(drv_gpio.o)
    0x08001b3a   0x000000dc   Code   RO         1483    i.drv_gpio_output_init  STM32F303DriverLib.lib(drv_gpio.o)
    0x08001c16   0x00000008   Code   RO         1292    i.drv_gpio_set_pins_high  firmware_wm_00_hal.lib(hal_uart.o)
    0x08001c1e   0x00000016   Code   RO         1528    i.drv_nvic_enable   STM32F303DriverLib.lib(drv_nvic.o)
    0x08001c34   0x00000040   Code   RO         1529    i.drv_nvic_init     STM32F303DriverLib.lib(drv_nvic.o)
    0x08001c74   0x00000010   Code   RO         1563    i.drv_rcc_ahb1_clk_enable  STM32F303DriverLib.lib(drv_rcc.o)
    0x08001c84   0x00000010   Code   RO         1567    i.drv_rcc_apb1_clk_enable  STM32F303DriverLib.lib(drv_rcc.o)
    0x08001c94   0x00000010   Code   RO         1568    i.drv_rcc_apb1_periph_reset_disable  STM32F303DriverLib.lib(drv_rcc.o)
    0x08001ca4   0x00000010   Code   RO         1569    i.drv_rcc_apb1_periph_reset_enable  STM32F303DriverLib.lib(drv_rcc.o)
    0x08001cb4   0x00000010   Code   RO         1571    i.drv_rcc_apb2_clk_enable  STM32F303DriverLib.lib(drv_rcc.o)
    0x08001cc4   0x00000010   Code   RO         1572    i.drv_rcc_apb2_periph_reset_disable  STM32F303DriverLib.lib(drv_rcc.o)
    0x08001cd4   0x00000010   Code   RO         1573    i.drv_rcc_apb2_periph_reset_enable  STM32F303DriverLib.lib(drv_rcc.o)
    0x08001ce4   0x00000104   Code   RO         1574    i.drv_rcc_get_clocks_freq  STM32F303DriverLib.lib(drv_rcc.o)
    0x08001de8   0x000002e0   Code   RO         1575    i.drv_rcc_init      STM32F303DriverLib.lib(drv_rcc.o)
    0x080020c8   0x00000080   Code   RO         1672    i.drv_timer_base_init  STM32F303DriverLib.lib(drv_timer.o)
    0x08002148   0x00000008   Code   RO         1696    i.drv_timer_clear_it_pending_bit  STM32F303DriverLib.lib(drv_timer.o)
    0x08002150   0x000000fc   Code   RO         1697    i.drv_timer_deinit  STM32F303DriverLib.lib(drv_timer.o)
    0x0800224c   0x0000000c   Code   RO         1699    i.drv_timer_enable  STM32F303DriverLib.lib(drv_timer.o)
    0x08002258   0x00000008   Code   RO         1727    i.drv_timer_it_enable  STM32F303DriverLib.lib(drv_timer.o)
    0x08002260   0x00000004   Code   RO         2360    i.drv_uart_clear_flag_status  STM32F303DriverLib.lib(drv_uart.o)
    0x08002264   0x00000012   Code   RO         2361    i.drv_uart_clear_it_pending_bit  STM32F303DriverLib.lib(drv_uart.o)
    0x08002276   0x00000002   PAD
    0x08002278   0x00000090   Code   RO         2362    i.drv_uart_deinit   STM32F303DriverLib.lib(drv_uart.o)
    0x08002308   0x0000000c   Code   RO         2365    i.drv_uart_dma_rx_enable  STM32F303DriverLib.lib(drv_uart.o)
    0x08002314   0x0000000c   Code   RO         2367    i.drv_uart_dma_tx_enable  STM32F303DriverLib.lib(drv_uart.o)
    0x08002320   0x00000010   Code   RO         2372    i.drv_uart_get_flag_status  STM32F303DriverLib.lib(drv_uart.o)
    0x08002330   0x000000be   Code   RO         2374    i.drv_uart_init     STM32F303DriverLib.lib(drv_uart.o)
    0x080023ee   0x00000034   Code   RO         2375    i.drv_uart_it_disable  STM32F303DriverLib.lib(drv_uart.o)
    0x08002422   0x00000034   Code   RO         2376    i.drv_uart_it_enable  STM32F303DriverLib.lib(drv_uart.o)
    0x08002456   0x00000020   Code   RO         2377    i.drv_uart_put_bytes  STM32F303DriverLib.lib(drv_uart.o)
    0x08002476   0x00000002   PAD
    0x08002478   0x0000007c   Code   RO         2381    i.drv_uart_set_baudrate  STM32F303DriverLib.lib(drv_uart.o)
    0x080024f4   0x0000001c   Code   RO          241    i.getChanelStruct   app_hx711_ctrl.o
    0x08002510   0x00000018   Code   RO          992    i.hal_clock_init    firmware_wm_00_hal.lib(hal_clock.o)
    0x08002528   0x00000008   Code   RO         1023    i.hal_delay_init    firmware_wm_00_hal.lib(hal_delay.o)
    0x08002530   0x0000000c   Code   RO          671    i.hal_delay_ms      app_sdwe_ctrl.o
    0x0800253c   0x0000000c   Code   RO          351    i.hal_delay_us      app_hx711_ctrl.o
    0x08002548   0x0000002c   Code   RO         1045    i.hal_di_get        firmware_wm_00_hal.lib(hal_gpio.o)
    0x08002574   0x00000020   Code   RO         1046    i.hal_gpio_set_do_high  firmware_wm_00_hal.lib(hal_gpio.o)
    0x08002594   0x00000020   Code   RO         1047    i.hal_gpio_set_do_low  firmware_wm_00_hal.lib(hal_gpio.o)
    0x080025b4   0x0000004c   Code   RO         1126    i.hal_timer_init    firmware_wm_00_hal.lib(hal_timer.o)
    0x08002600   0x00000058   Code   RO         1211    i.hal_uart_dma_rx_start  firmware_wm_00_hal.lib(hal_uart.o)
    0x08002658   0x00000358   Code   RO         1212    i.hal_uart_gpio_init  firmware_wm_00_hal.lib(hal_uart.o)
    0x080029b0   0x00000268   Code   RO         1213    i.hal_uart_port_init  firmware_wm_00_hal.lib(hal_uart.o)
    0x08002c18   0x0000003c   Code   RO         1214    i.hal_uart_rx_irq_disable  firmware_wm_00_hal.lib(hal_uart.o)
    0x08002c54   0x0000003c   Code   RO         1215    i.hal_uart_rx_irq_enable  firmware_wm_00_hal.lib(hal_uart.o)
    0x08002c90   0x0000002c   Code   RO         1216    i.hal_uart_set_braudrate  firmware_wm_00_hal.lib(hal_uart.o)
    0x08002cbc   0x00000024   Code   RO         1286    i.hal_uart_set_rx_mode  firmware_wm_00_hal.lib(hal_uart.o)
    0x08002ce0   0x00000002   Code   RO         1217    i.hal_uart_set_timeout  firmware_wm_00_hal.lib(hal_uart.o)
    0x08002ce2   0x00000002   PAD
    0x08002ce4   0x00000020   Code   RO         1297    i.hal_uart_set_tx_mode  firmware_wm_00_hal.lib(hal_uart.o)
    0x08002d04   0x00000108   Code   RO         1218    i.hal_uart_tx_bytes  firmware_wm_00_hal.lib(hal_uart.o)
    0x08002e0c   0x000000dc   Code   RO          243    i.hx711_AllChanelSample  app_hx711_ctrl.o
    0x08002ee8   0x0000002c   Code   RO          244    i.hx711_DataSampleCtrl  app_hx711_ctrl.o
    0x08002f14   0x000000dc   Code   RO          245    i.hx711_MainFunction  app_hx711_ctrl.o
    0x08002ff0   0x000000e0   Code   RO          248    i.hx711_SigChanelAvrgAndWeightCalc  app_hx711_ctrl.o
    0x080030d0   0x00000020   Code   RO          249    i.hx711_getAvgSample  app_hx711_ctrl.o
    0x080030f0   0x0000008c   Code   RO          250    i.hx711_getWeight   app_hx711_ctrl.o
    0x0800317c   0x00000168   Code   RO          251    i.hx711_init        app_hx711_ctrl.o
    0x080032e4   0x0000003c   Code   RO          252    i.hx711_setAllRemoveWeight  app_hx711_ctrl.o
    0x08003320   0x00000068   Code   RO          378    i.jumpToActivePage  app_sdwe_ctrl.o
    0x08003388   0x0000007c   Code   RO          379    i.jumpToBalancingCleanPage  app_sdwe_ctrl.o
    0x08003404   0x0000007c   Code   RO          380    i.jumpToBalancingHomePage  app_sdwe_ctrl.o
    0x08003480   0x0000007c   Code   RO          381    i.jumpToBalancingPage  app_sdwe_ctrl.o
    0x080034fc   0x0000007c   Code   RO          382    i.jumpToBanlingPage  app_sdwe_ctrl.o
    0x08003578   0x00000068   Code   RO          383    i.jumpToCalibrationPage  app_sdwe_ctrl.o
    0x080035e0   0x00000068   Code   RO          384    i.jumpToHomePage    app_sdwe_ctrl.o
    0x08003648   0x00000024   Code   RO          692    i.key_FilterGet     app_key_ctrl.o
    0x0800366c   0x000000a0   Code   RO          693    i.key_MainFunction  app_key_ctrl.o
    0x0800370c   0x000000ac   Code   RO          694    i.key_filter        app_key_ctrl.o
    0x080037b8   0x00000058   Code   RO          695    i.key_init          app_key_ctrl.o
    0x08003810   0x0000009c   Code   RO          167    i.led_MainFunction  app_led_ctrl.o
    0x080038ac   0x0000003e   Code   RO          168    i.led_init          app_led_ctrl.o
    0x080038ea   0x00000002   PAD
    0x080038ec   0x0000003c   Code   RO            3    i.main              app_main.o
    0x08003928   0x00000024   Code   RO          385    i.pointSampleTrigerDataSet  app_sdwe_ctrl.o
    0x0800394c   0x00000044   Code   RO          386    i.pointTrigerDataSet  app_sdwe_ctrl.o
    0x08003990   0x00000148   Code   RO          387    i.pointTrigerDeal   app_sdwe_ctrl.o
    0x08003ad8   0x00000024   Code   RO          388    i.pointWeightTrigerDataSet  app_sdwe_ctrl.o
    0x08003afc   0x00000180   Code   RO          389    i.readSysDataFromFlash  app_sdwe_ctrl.o
    0x08003c7c   0x000000d0   Code   RO          390    i.readSysDataFromFlash_3030  app_sdwe_ctrl.o
    0x08003d4c   0x00000118   Code   RO          392    i.removeWeightTrigerDeal  app_sdwe_ctrl.o
    0x08003e64   0x00000148   Code   RO          393    i.resetCalibrationTrigerDeal  app_sdwe_ctrl.o
    0x08003fac   0x0000003a   Code   RO          254    i.sampleDataPush    app_hx711_ctrl.o
    0x08003fe6   0x00000002   PAD
    0x08003fe8   0x00000018   Code   RO          394    i.sdweAskRegData    app_sdwe_ctrl.o
    0x08004000   0x000003ac   Code   RO          395    i.sdweAskVaribleData  app_sdwe_ctrl.o
    0x080043ac   0x00000014   Code   RO          400    i.sdweSetWeightBackColor  app_sdwe_ctrl.o
    0x080043c0   0x000000ec   Code   RO          402    i.sdweWriteVarible  app_sdwe_ctrl.o
    0x080044ac   0x00000030   Code   RO          404    i.sdwe_MainFunction  app_sdwe_ctrl.o
    0x080044dc   0x00000158   Code   RO          406    i.sdwe_RxFunction   app_sdwe_ctrl.o
    0x08004634   0x0000018c   Code   RO          407    i.sdwe_TxFunction   app_sdwe_ctrl.o
    0x080047c0   0x0000009c   Code   RO          408    i.sdwe_init         app_sdwe_ctrl.o
    0x0800485c   0x000001bc   Code   RO          409    i.sendBalancingModelData  app_sdwe_ctrl.o
    0x08004a18   0x000002b8   Code   RO          410    i.sendHelpDataDiff  app_sdwe_ctrl.o
    0x08004cd0   0x00000318   Code   RO          411    i.sendSysParaDataToDiwen  app_sdwe_ctrl.o
    0x08004fe8   0x00000028   Code   RO          256    i.setSampleWeightValue  app_hx711_ctrl.o
    0x08005010   0x00000164   Code   RO          413    i.storeSysDataToFlash  app_sdwe_ctrl.o
    0x08005174   0x00000160   Code   RO          414    i.storeSysDataToFlash_3030  app_sdwe_ctrl.o
    0x080052d4   0x00000020   Code   RO            4    i.system_init       app_main.o
    0x080052f4   0x00000200   Code   RO          257    i.trigerCalcKB      app_hx711_ctrl.o
    0x080054f4   0x000004b0   Code   RO          169    i.useWeightUpdataOutColor  app_led_ctrl.o
    0x080059a4   0x00000070   Code   RO         1048    i.wm_hal_gpio_init  firmware_wm_00_hal.lib(hal_gpio.o)
    0x08005a14   0x00000062   Code   RO         2525    x$fpl$d2f           fz_wm.l(d2f.o)
    0x08005a76   0x0000002e   Code   RO         2528    x$fpl$dflt          fz_wm.l(dflt_clz.o)
    0x08005aa4   0x00000154   Code   RO         2533    x$fpl$dmul          fz_wm.l(dmul.o)
    0x08005bf8   0x0000009c   Code   RO         2536    x$fpl$dnaninf       fz_wm.l(dnaninf.o)
    0x08005c94   0x0000000c   Code   RO         2538    x$fpl$dretinf       fz_wm.l(dretinf.o)
    0x08005ca0   0x0000000a   Code   RO         2627    x$fpl$fpinit        fz_wm.l(fpinit.o)
    0x08005caa   0x0000000a   Code   RO         2540    x$fpl$fretinf       fz_wm.l(fretinf.o)
    0x08005cb4   0x00000000   Code   RO         2542    x$fpl$usenofp       fz_wm.l(usenofp.o)
    0x08005cb4   0x00000028   Data   RO          259    .constdata          app_hx711_ctrl.o
    0x08005cdc   0x00000020   Data   RO          419    .constdata          app_sdwe_ctrl.o
    0x08005cfc   0x00000200   Data   RO          728    .constdata          app_crc.o
    0x08005efc   0x000000a4   Data   RO         1049    .constdata          firmware_wm_00_hal.lib(hal_gpio.o)
    0x08005fa0   0x0000007c   Data   RO         1219    .constdata          firmware_wm_00_hal.lib(hal_uart.o)
    0x0800601c   0x00000020   Data   RO         2695    Region$$Table       anon$$obj.o


    Execution Region RW_IRAM1 (Base: 0x20000000, Size: 0x00002520, Max: 0x0000c000, ABSOLUTE, COMPRESSED[0x000000c4])

    Base Addr    Size         Type   Attr      Idx    E Section Name        Object

    0x20000000   0x00000034   Data   RW            6    .data               app_main.o
    0x20000034   0x0000003d   Data   RW          145    .data               app_main_task.o
    0x20000071   0x00000001   PAD
    0x20000072   0x00000010   Data   RW          173    .data               app_led_ctrl.o
    0x20000082   0x00000002   Data   RW          260    .data               app_hx711_ctrl.o
    0x20000084   0x000002a2   Data   RW          420    .data               app_sdwe_ctrl.o
    0x20000326   0x00000003   Data   RW          697    .data               app_key_ctrl.o
    0x20000329   0x00000003   PAD
    0x2000032c   0x00000254   Data   RW          760    .data               app_modbus_rtu_ctrl.o
    0x20000580   0x00000004   Data   RW          849    .data               STM32F303DriverLib.lib(drv_delay.o)
    0x20000584   0x0000006c   Data   RW         1050    .data               firmware_wm_00_hal.lib(hal_gpio.o)
    0x200005f0   0x000000b0   Data   RW         1220    .data               firmware_wm_00_hal.lib(hal_uart.o)
    0x200006a0   0x0000001c   Data   RW         1577    .data               STM32F303DriverLib.lib(drv_rcc.o)
    0x200006bc   0x0000000c   Zero   RW            5    .bss                app_main.o
    0x200006c8   0x00000054   Zero   RW          172    .bss                app_led_ctrl.o
    0x2000071c   0x00000558   Zero   RW          258    .bss                app_hx711_ctrl.o
    0x20000c74   0x0000081c   Zero   RW          418    .bss                app_sdwe_ctrl.o
    0x20001490   0x0000000c   Zero   RW          696    .bss                app_key_ctrl.o
    0x2000149c   0x00000024   Zero   RW         1576    .bss                STM32F303DriverLib.lib(drv_rcc.o)
    0x200014c0   0x00000060   Zero   RW         2569    .bss                c_w.l(libspace.o)
    0x20001520   0x00000800   Zero   RW          838    HEAP                startup_stm32f30x.o
    0x20001d20   0x00000800   Zero   RW          837    STACK               startup_stm32f30x.o


==============================================================================

Image component sizes


      Code (inc. data)   RO Data    RW Data    ZI Data      Debug   Object Name

       216         14        512          0          0       2235   app_crc.o
      1950         96         40          2       1368      12001   app_hx711_ctrl.o
       456         32          0          3         12       3012   app_key_ctrl.o
      1652         34          0         16         84       9340   app_led_ctrl.o
       208         32          0         52         12      29001   app_main.o
        88         10          0         61          0       2312   app_main_task.o
      2066         26          0        596          0      11911   app_modbus_rtu_ctrl.o
      8198        392         32        674       2076      36998   app_sdwe_ctrl.o
        72         28        392          0       4096        900   startup_stm32f30x.o

    ----------------------------------------------------------------------
     14920        664       1008       1408       7648     107710   Object Totals
         0          0         32          0          0          0   (incl. Generated)
        14          0          0          4          0          0   (incl. Padding)

    ----------------------------------------------------------------------

      Code (inc. data)   RO Data    RW Data    ZI Data      Debug   Library Member Name

        16          4          0          0          0        526   drv_dbgmcu.o
       212         24          0          4          0       3879   drv_delay.o
       696         38          0          0          0      16063   drv_dma.o
       372         34          0          0          0       5583   drv_flash.o
       602          0          0          0          0      14317   drv_gpio.o
        86          8          0          0          0       1230   drv_nvic.o
      1108         92          0         28         36      12653   drv_rcc.o
       408         60          0          0          0      13269   drv_timer.o
       656         28          0          0          0      13372   drv_uart.o
        90          0          0          0          0          0   __dczerorl2.o
         8          0          0          0          0         68   __main.o
         0          0          0          0          0          0   __rtentry.o
        12          0          0          0          0          0   __rtentry2.o
         6          0          0          0          0          0   __rtentry4.o
        52          8          0          0          0          0   __scatter.o
        28          0          0          0          0          0   __scatter_zi.o
        18          0          0          0          0         80   exit.o
         6          0          0          0          0        152   heapauxi.o
         0          0          0          0          0          0   indicate_semi.o
         2          0          0          0          0          0   libinit.o
         6          0          0          0          0          0   libinit2.o
         2          0          0          0          0          0   libshutdown.o
         2          0          0          0          0          0   libshutdown2.o
         8          4          0          0         96         68   libspace.o
        78          0          0          0          0         80   rt_memclr_w.o
         2          0          0          0          0          0   rtexit.o
        10          0          0          0          0          0   rtexit2.o
        12          4          0          0          0         68   sys_exit.o
        74          0          0          0          0         80   sys_stackheap_outer.o
         2          0          0          0          0         68   use_no_semi.o
        24          0          0          0          0       2617   hal_clock.o
         8          0          0          0          0        493   hal_delay.o
       220         54        164        108          0      18870   hal_gpio.o
        96         14          0          0          0       7631   hal_timer.o
      2810        284        124        176          0      25969   hal_uart.o
        98          4          0          0          0        140   d2f.o
        46          0          0          0          0        116   dflt_clz.o
       340         12          0          0          0        152   dmul.o
       156          4          0          0          0        140   dnaninf.o
        12          0          0          0          0        116   dretinf.o
        10          0          0          0          0        116   fpinit.o
        10          0          0          0          0        116   fretinf.o
         0          0          0          0          0          0   usenofp.o

    ----------------------------------------------------------------------
      8420        676        288        316        132     138032   Library Totals
        16          0          0          0          0          0   (incl. Padding)

    ----------------------------------------------------------------------

      Code (inc. data)   RO Data    RW Data    ZI Data      Debug   Library Name

      4156        288          0         32         36      80892   STM32F303DriverLib.lib
       418         16          0          0         96        664   c_w.l
      3158        352        288        284          0      55580   firmware_wm_00_hal.lib
       672         20          0          0          0        896   fz_wm.l

    ----------------------------------------------------------------------
      8420        676        288        316        132     138032   Library Totals

    ----------------------------------------------------------------------

==============================================================================


      Code (inc. data)   RO Data    RW Data    ZI Data      Debug   

     23340       1340       1296       1724       7780     230434   Grand Totals
     23340       1340       1296        196       7780     230434   ELF Image Totals (compressed)
     23340       1340       1296        196          0          0   ROM Totals

==============================================================================

    Total RO  Size (Code + RO Data)                24636 (  24.06kB)
    Total RW  Size (RW Data + ZI Data)              9504 (   9.28kB)
    Total ROM Size (Code + RO Data + RW Data)      24832 (  24.25kB)

==============================================================================

