Component: ARM Compiler 5.06 (build 20) Tool: armlink [4d35a3]

==============================================================================

Section Cross References

    app_main.o(i.main) refers to app_main.o(i.system_init) for system_init
    app_main.o(i.main) refers to app_key_ctrl.o(i.key_init) for key_init
    app_main.o(i.main) refers to app_led_ctrl.o(i.led_init) for led_init
    app_main.o(i.main) refers to app_hx711_ctrl.o(i.hx711_init) for hx711_init
    app_main.o(i.main) refers to app_sdwe_ctrl.o(i.sdwe_init) for sdwe_init
    app_main.o(i.system_init) refers to hal_clock.o(i.hal_clock_init) for hal_clock_init
    app_main.o(i.system_init) refers to hal_delay.o(i.hal_delay_init) for hal_delay_init
    app_main.o(i.system_init) refers to hal_gpio.o(i.wm_hal_gpio_init) for wm_hal_gpio_init
    app_main.o(i.system_init) refers to hal_timer.o(i.hal_timer_init) for hal_timer_init
    app_main_task.o(i.app_main_task) refers to app_key_ctrl.o(i.key_MainFunction) for key_MainFunction
    app_main_task.o(i.app_main_task) refers to app_hx711_ctrl.o(i.hx711_MainFunction) for hx711_MainFunction
    app_main_task.o(i.app_main_task) refers to app_led_ctrl.o(i.useWeightUpdateLedAndSdweColor) for useWeightUpdateLedAndSdweColor
    app_main_task.o(i.app_main_task) refers to app_led_ctrl.o(i.led_MainFunction) for led_MainFunction
    app_main_task.o(i.app_main_task) refers to app_sdwe_ctrl.o(i.sdwe_MainFunction) for sdwe_MainFunction
    app_main_task.o(i.app_main_task) refers to app_key_ctrl.o(i.key_FilterGet) for key_FilterGet
    app_main_task.o(i.app_main_task) refers to app_led_ctrl.o(i.led_init) for led_init
    app_main_task.o(i.app_main_task) refers to app_hx711_ctrl.o(i.sampleCalcKB) for sampleCalcKB
    app_main_task.o(i.app_main_task) refers to app_sdwe_ctrl.o(i.sdwe_test) for sdwe_test
    app_main_task.o(i.app_main_task) refers to app_main_task.o(.data) for mainTaskStatus
    app_led_ctrl.o(i.LedCtrlSendPulse) refers to hal_gpio.o(i.hal_gpio_set_do_low) for hal_gpio_set_do_low
    app_led_ctrl.o(i.LedCtrlSendPulse) refers to app_led_ctrl.o(i.Led_delay) for Led_delay
    app_led_ctrl.o(i.LedCtrlSendPulse) refers to hal_gpio.o(i.hal_gpio_set_do_high) for hal_gpio_set_do_high
    app_led_ctrl.o(i.LedDataSet) refers to app_led_ctrl.o(.data) for g_led_ctrl_data
    app_led_ctrl.o(i.LedSysTest) refers to app_led_ctrl.o(i.LedDataSet) for LedDataSet
    app_led_ctrl.o(i.LedSysTest) refers to app_led_ctrl.o(.data) for l_led_test_cycle
    app_led_ctrl.o(i.led_MainFunction) refers to hal_gpio.o(i.hal_gpio_set_do_high) for hal_gpio_set_do_high
    app_led_ctrl.o(i.led_MainFunction) refers to hal_gpio.o(i.hal_gpio_set_do_low) for hal_gpio_set_do_low
    app_led_ctrl.o(i.led_MainFunction) refers to app_led_ctrl.o(i.LedCtrlSendPulse) for LedCtrlSendPulse
    app_led_ctrl.o(i.led_MainFunction) refers to app_led_ctrl.o(.data) for g_led_ctrl_data
    app_led_ctrl.o(i.led_init) refers to hal_gpio.o(i.hal_gpio_set_do_high) for hal_gpio_set_do_high
    app_led_ctrl.o(i.led_init) refers to hal_gpio.o(i.hal_gpio_set_do_low) for hal_gpio_set_do_low
    app_led_ctrl.o(i.led_init) refers to app_led_ctrl.o(i.LedCtrlSendPulse) for LedCtrlSendPulse
    app_led_ctrl.o(i.useWeightUpdateLedAndSdweColor) refers to app_hx711_ctrl.o(i.hx711_getWeight) for hx711_getWeight
    app_led_ctrl.o(i.useWeightUpdateLedAndSdweColor) refers to app_led_ctrl.o(i.BubbleSort) for BubbleSort
    app_led_ctrl.o(i.useWeightUpdateLedAndSdweColor) refers to app_led_ctrl.o(i.LedDataSet) for LedDataSet
    app_led_ctrl.o(i.useWeightUpdateLedAndSdweColor) refers to app_sdwe_ctrl.o(i.sdweSetWeightBackColor) for sdweSetWeightBackColor
    app_hx711_ctrl.o(i.hx711_AllChanelSample) refers to hal_gpio.o(i.hal_gpio_set_do_low) for hal_gpio_set_do_low
    app_hx711_ctrl.o(i.hx711_AllChanelSample) refers to app_hx711_ctrl.o(i.hal_delay_us) for hal_delay_us
    app_hx711_ctrl.o(i.hx711_AllChanelSample) refers to hal_gpio.o(i.hal_gpio_set_do_high) for hal_gpio_set_do_high
    app_hx711_ctrl.o(i.hx711_AllChanelSample) refers to hal_gpio.o(i.hal_di_get) for hal_di_get
    app_hx711_ctrl.o(i.hx711_AllChanelSample) refers to app_hx711_ctrl.o(i.sampleDataPush) for sampleDataPush
    app_hx711_ctrl.o(i.hx711_AllChanelSample) refers to app_hx711_ctrl.o(.bss) for HX711Chanel
    app_hx711_ctrl.o(i.hx711_DataSampleCtrl) refers to app_hx711_ctrl.o(i.hx711_AllChanelSample) for hx711_AllChanelSample
    app_hx711_ctrl.o(i.hx711_DataSampleCtrl) refers to app_hx711_ctrl.o(i.hx711_SigChanelAvrgAndWeightCalc) for hx711_SigChanelAvrgAndWeightCalc
    app_hx711_ctrl.o(i.hx711_DataSampleCtrl) refers to app_hx711_ctrl.o(.bss) for HX711Chanel
    app_hx711_ctrl.o(i.hx711_MainFunction) refers to hal_gpio.o(i.hal_gpio_set_do_high) for hal_gpio_set_do_high
    app_hx711_ctrl.o(i.hx711_MainFunction) refers to hal_gpio.o(i.hal_gpio_set_do_low) for hal_gpio_set_do_low
    app_hx711_ctrl.o(i.hx711_MainFunction) refers to hal_gpio.o(i.hal_di_get) for hal_di_get
[...]
    Removing drv_timer.o(i.drv_timer_ccr4_preload_disable), (10 bytes).
    Removing drv_timer.o(i.drv_timer_ccr4_preload_enable), (14 bytes).
    Removing drv_timer.o(i.drv_timer_ccx1_disable), (10 bytes).
    Removing drv_timer.o(i.drv_timer_ccx1_enable), (12 bytes).
    Removing drv_timer.o(i.drv_timer_ccx1n_disable), (10 bytes).
    Removing drv_timer.o(i.drv_timer_ccx1n_enable), (12 bytes).
    Removing drv_timer.o(i.drv_timer_ccx2_disable), (10 bytes).
    Removing drv_timer.o(i.drv_timer_ccx2_enable), (12 bytes).
    Removing drv_timer.o(i.drv_timer_ccx2n_disable), (10 bytes).
    Removing drv_timer.o(i.drv_timer_ccx2n_enable), (12 bytes).
    Removing drv_timer.o(i.drv_timer_ccx3_disable), (10 bytes).
    Removing drv_timer.o(i.drv_timer_ccx3_enable), (14 bytes).
    Removing drv_timer.o(i.drv_timer_ccx3n_disable), (10 bytes).
    Removing drv_timer.o(i.drv_timer_ccx3n_enable), (14 bytes).
    Removing drv_timer.o(i.drv_timer_ccx4_disable), (10 bytes).
    Removing drv_timer.o(i.drv_timer_ccx4_enable), (14 bytes).
    Removing drv_timer.o(i.drv_timer_clear_flag_status), (8 bytes).
    Removing drv_timer.o(i.drv_timer_disable), (10 bytes).
    Removing drv_timer.o(i.drv_timer_encoder_init), (50 bytes).
    Removing drv_timer.o(i.drv_timer_forced_oc2_active), (14 bytes).
    Removing drv_timer.o(i.drv_timer_forced_oc2_inactive), (14 bytes).
    Removing drv_timer.o(i.drv_timer_forced_oc3_active), (12 bytes).
    Removing drv_timer.o(i.drv_timer_forced_oc3_inactive), (12 bytes).
    Removing drv_timer.o(i.drv_timer_forced_oc4_active), (14 bytes).
    Removing drv_timer.o(i.drv_timer_forced_oc4_inactive), (14 bytes).
    Removing drv_timer.o(i.drv_timer_get_compara1), (6 bytes).
    Removing drv_timer.o(i.drv_timer_get_compara2), (6 bytes).
    Removing drv_timer.o(i.drv_timer_get_compara3), (6 bytes).
    Removing drv_timer.o(i.drv_timer_get_compara4), (6 bytes).
    Removing drv_timer.o(i.drv_timer_get_counter), (26 bytes).
    Removing drv_timer.o(i.drv_timer_get_flag_status), (16 bytes).
    Removing drv_timer.o(i.drv_timer_get_it_status), (32 bytes).
    Removing drv_timer.o(i.drv_timer_ic1_disable), (10 bytes).
    Removing drv_timer.o(i.drv_timer_ic1_enable), (12 bytes).
    Removing drv_timer.o(i.drv_timer_ic1_init), (106 bytes).
    Removing drv_timer.o(i.drv_timer_ic2_disable), (10 bytes).
    Removing drv_timer.o(i.drv_timer_ic2_enable), (12 bytes).
    Removing drv_timer.o(i.drv_timer_ic2_init), (106 bytes).
    Removing drv_timer.o(i.drv_timer_ic3_disable), (10 bytes).
    Removing drv_timer.o(i.drv_timer_ic3_enable), (14 bytes).
    Removing drv_timer.o(i.drv_timer_ic3_init), (112 bytes).
    Removing drv_timer.o(i.drv_timer_ic4_disable), (10 bytes).
    Removing drv_timer.o(i.drv_timer_ic4_enable), (14 bytes).
    Removing drv_timer.o(i.drv_timer_ic4_init), (84 bytes).
    Removing drv_timer.o(i.drv_timer_it_disable), (8 bytes).
    Removing drv_timer.o(i.drv_timer_oc1_init), (92 bytes).
    Removing drv_timer.o(i.drv_timer_oc1n_init), (92 bytes).
    Removing drv_timer.o(i.drv_timer_oc2_init), (92 bytes).
    Removing drv_timer.o(i.drv_timer_oc2n_init), (92 bytes).
    Removing drv_timer.o(i.drv_timer_oc3_init), (92 bytes).
    Removing drv_timer.o(i.drv_timer_oc3n_init), (92 bytes).
    Removing drv_timer.o(i.drv_timer_oc4_init), (92 bytes).
    Removing drv_timer.o(i.drv_timer_oc4n_init), (84 bytes).
    Removing drv_timer.o(i.drv_timer_pwm_ic_init), (692 bytes).
    Removing drv_timer.o(i.drv_timer_pwm_output_disable), (10 bytes).
    Removing drv_timer.o(i.drv_timer_pwm_output_enable), (14 bytes).
    Removing drv_timer.o(i.drv_timer_select_input_trigger), (10 bytes).
    Removing drv_timer.o(i.drv_timer_select_output_trigger), (10 bytes).
    Removing drv_timer.o(i.drv_timer_select_slave_mode), (10 bytes).
    Removing drv_timer.o(i.drv_timer_set_arr), (16 bytes).
    Removing drv_timer.o(i.drv_timer_set_compara2), (4 bytes).
    Removing drv_timer.o(i.drv_timer_set_compara3), (4 bytes).
    Removing drv_timer.o(i.drv_timer_set_compara4), (4 bytes).
    Removing drv_timer.o(i.drv_timer_set_counter_mode), (10 bytes).
    Removing drv_timer.o(i.drv_timer_set_deadtime), (10 bytes).
    Removing drv_timer.o(i.drv_timer_set_etr), (28 bytes).
    Removing drv_timer.o(i.drv_timer_set_filter_frequency), (682 bytes).
    Removing drv_timer.o(i.drv_timer_set_ic1_input), (52 bytes).
    Removing drv_timer.o(i.drv_timer_set_ic1_psc), (10 bytes).
    Removing drv_timer.o(i.drv_timer_set_ic2_input), (52 bytes).
    Removing drv_timer.o(i.drv_timer_set_ic2_psc), (10 bytes).
    Removing drv_timer.o(i.drv_timer_set_ic3_input), (56 bytes).
    Removing drv_timer.o(i.drv_timer_set_ic3_psc), (10 bytes).
    Removing drv_timer.o(i.drv_timer_set_ic4_input), (18 bytes).
    Removing drv_timer.o(i.drv_timer_set_ic4_psc), (10 bytes).
    Removing drv_timer.o(i.drv_timer_set_oc1_polarity_high), (12 bytes).
    Removing drv_timer.o(i.drv_timer_set_oc1_polarity_low), (10 bytes).
    Removing drv_timer.o(i.drv_timer_set_oc1_pwm1), (12 bytes).
    Removing drv_timer.o(i.drv_timer_set_oc1n_polarity_high), (12 bytes).
    Removing drv_timer.o(i.drv_timer_set_oc1n_polarity_low), (10 bytes).
    Removing drv_timer.o(i.drv_timer_set_oc2_polarity_high), (12 bytes).
    Removing drv_timer.o(i.drv_timer_set_oc2_polarity_low), (10 bytes).
    Removing drv_timer.o(i.drv_timer_set_oc2_pwm1), (14 bytes).
    Removing drv_timer.o(i.drv_timer_set_oc2n_polarity_high), (12 bytes).
    Removing drv_timer.o(i.drv_timer_set_oc2n_polarity_low), (10 bytes).
    Removing drv_timer.o(i.drv_timer_set_oc3_polarity_high), (14 bytes).
    Removing drv_timer.o(i.drv_timer_set_oc3_polarity_low), (10 bytes).
    Removing drv_timer.o(i.drv_timer_set_oc3_pwm1), (12 bytes).
    Removing drv_timer.o(i.drv_timer_set_oc3n_polarity_high), (14 bytes).
    Removing drv_timer.o(i.drv_timer_set_oc3n_polarity_low), (10 bytes).
    Removing drv_timer.o(i.drv_timer_set_oc4_polarity_high), (14 bytes).
    Removing drv_timer.o(i.drv_timer_set_oc4_polarity_low), (10 bytes).
    Removing drv_timer.o(i.drv_timer_set_oc4_pwm1), (14 bytes).
    Removing drv_timer.o(i.drv_timer_set_psc), (4 bytes).
    Removing drv_timer.o(i.drv_timer_set_run_off_inactive), (14 bytes).
    Removing drv_timer.o(i.drv_timer_slave_mode_disable), (10 bytes).
    Removing drv_timer.o(i.drv_timer_slave_mode_enable), (12 bytes).
    Removing drv_timer.o(i.drv_timer_update_disable), (12 bytes).
    Removing drv_timer.o(i.drv_timer_update_enable), (10 bytes).
    Removing drv_uart.o(i.drv_uart_disable), (10 bytes).
    Removing drv_uart.o(i.drv_uart_dma_rx_disable), (10 bytes).
    Removing drv_uart.o(i.drv_uart_dma_tx_disable), (10 bytes).
    Removing drv_uart.o(i.drv_uart_enable), (12 bytes).
    Removing drv_uart.o(i.drv_uart_get_byte_blocking), (20 bytes).
    Removing drv_uart.o(i.drv_uart_get_byte_noblocking), (24 bytes).
    Removing drv_uart.o(i.drv_uart_get_error_status), (10 bytes).
    Removing drv_uart.o(i.drv_uart_get_it_status), (72 bytes).
    Removing drv_uart.o(i.drv_uart_put_string), (28 bytes).
    Removing drv_uart.o(i.drv_uart_rx_disable), (10 bytes).
    Removing drv_uart.o(i.drv_uart_rx_enable), (12 bytes).
    Removing drv_uart.o(i.drv_uart_tx_disable), (10 bytes).
    Removing drv_uart.o(i.drv_uart_tx_enable), (12 bytes).

149 unused section(s) (total 4754 bytes) removed from the image.

==============================================================================

Image Symbol Table

    Local Symbols

    Symbol Name                              Value     Ov Type        Size  Object(Section)

    ../clib/angel/boardlib.s                 0x00000000   Number         0  boardinit2.o ABSOLUTE
    ../clib/angel/boardlib.s                 0x00000000   Number         0  boardinit3.o ABSOLUTE
    ../clib/angel/boardlib.s                 0x00000000   Number         0  boardinit1.o ABSOLUTE
    ../clib/angel/boardlib.s                 0x00000000   Number         0  boardshut.o ABSOLUTE
    ../clib/angel/dczerorl2.s                0x00000000   Number         0  __dczerorl2.o ABSOLUTE
    ../clib/angel/handlers.s                 0x00000000   Number         0  __scatter_zi.o ABSOLUTE
    ../clib/angel/kernel.s                   0x00000000   Number         0  rtexit.o ABSOLUTE
    ../clib/angel/kernel.s                   0x00000000   Number         0  __rtentry.o ABSOLUTE
    ../clib/angel/kernel.s                   0x00000000   Number         0  __rtentry2.o ABSOLUTE
    ../clib/angel/kernel.s                   0x00000000   Number         0  __rtentry4.o ABSOLUTE
    ../clib/angel/kernel.s                   0x00000000   Number         0  rtexit2.o ABSOLUTE
    ../clib/angel/rt.s                       0x00000000   Number         0  rt_raise.o ABSOLUTE
    ../clib/angel/scatter.s                  0x00000000   Number         0  __scatter.o ABSOLUTE
    ../clib/angel/startup.s                  0x00000000   Number         0  __main.o ABSOLUTE
    ../clib/angel/sys.s                      0x00000000   Number         0  libspace.o ABSOLUTE
    ../clib/angel/sys.s                      0x00000000   Number         0  use_no_semi.o ABSOLUTE
    ../clib/angel/sys.s                      0x00000000   Number         0  sys_stackheap_outer.o ABSOLUTE
    ../clib/angel/sys.s                      0x00000000   Number         0  indicate_semi.o ABSOLUTE
    ../clib/angel/sysapp.c                   0x00000000   Number         0  sys_command.o ABSOLUTE
    ../clib/angel/sysapp.c                   0x00000000   Number         0  sys_exit.o ABSOLUTE
    ../clib/angel/sysapp.c                   0x00000000   Number         0  sys_wrch.o ABSOLUTE
    ../clib/armsys.c                         0x00000000   Number         0  no_argv.o ABSOLUTE
    ../clib/armsys.c                         0x00000000   Number         0  argv_veneer.o ABSOLUTE
    ../clib/armsys.c                         0x00000000   Number         0  _get_argv_nomalloc.o ABSOLUTE
    ../clib/armsys.c                         0x00000000   Number         0  argv_veneer.o ABSOLUTE
    ../clib/heapalloc.c                      0x00000000   Number         0  hrguard.o ABSOLUTE
    ../clib/heapaux.c                        0x00000000   Number         0  heapauxi.o ABSOLUTE
    ../clib/libinit.s                        0x00000000   Number         0  libshutdown2.o ABSOLUTE
    ../clib/libinit.s                        0x00000000   Number         0  libshutdown.o ABSOLUTE
    ../clib/libinit.s                        0x00000000   Number         0  libinit2.o ABSOLUTE
    ../clib/libinit.s                        0x00000000   Number         0  libinit.o ABSOLUTE
    ../clib/signal.c                         0x00000000   Number         0  defsig_pvfn_inner.o ABSOLUTE
    ../clib/signal.c                         0x00000000   Number         0  defsig_other.o ABSOLUTE
    ../clib/signal.c                         0x00000000   Number         0  defsig_segv_inner.o ABSOLUTE
    ../clib/signal.c                         0x00000000   Number         0  defsig_exit.o ABSOLUTE
    ../clib/signal.c                         0x00000000   Number         0  defsig_rtmem_inner.o ABSOLUTE
    ../clib/signal.c                         0x00000000   Number         0  defsig_rtmem_formal.o ABSOLUTE
    ../clib/signal.c                         0x00000000   Number         0  defsig_rtmem_outer.o ABSOLUTE
    ../clib/signal.c                         0x00000000   Number         0  __raise.o ABSOLUTE
    ../clib/signal.c                         0x00000000   Number         0  defsig_general.o ABSOLUTE
    ../clib/signal.c                         0x00000000   Number         0  defsig_abrt_inner.o ABSOLUTE
    ../clib/signal.c                         0x00000000   Number         0  defsig_cppl_inner.o ABSOLUTE
    ../clib/signal.c                         0x00000000   Number         0  defsig_fpe_inner.o ABSOLUTE
    ../clib/signal.c                         0x00000000   Number         0  defsig_rtred_inner.o ABSOLUTE
    ../clib/signal.c                         0x00000000   Number         0  defsig_stak_inner.o ABSOLUTE
    ../clib/signal.s                         0x00000000   Number         0  defsig.o ABSOLUTE
    ../clib/stdlib.c                         0x00000000   Number         0  exit.o ABSOLUTE
    ../fplib/fpinit.s                        0x00000000   Number         0  fpinit.o ABSOLUTE
    dc.s                                     0x00000000   Number         0  dc.o ABSOLUTE
    src\app_crc.c                            0x00000000   Number         0  app_crc.o ABSOLUTE
    src\app_hx711_ctrl.c                     0x00000000   Number         0  app_hx711_ctrl.o ABSOLUTE
    src\app_key_ctrl.c                       0x00000000   Number         0  app_key_ctrl.o ABSOLUTE
    src\app_led_ctrl.c                       0x00000000   Number         0  app_led_ctrl.o ABSOLUTE
    src\app_main.c                           0x00000000   Number         0  app_main.o ABSOLUTE
    src\app_main_task.c                      0x00000000   Number         0  app_main_task.o ABSOLUTE
    src\app_sdwe_ctrl.c                      0x00000000   Number         0  app_sdwe_ctrl.o ABSOLUTE
    src\drv_dbgmcu.c                         0x00000000   Number         0  drv_dbgmcu.o ABSOLUTE
    src\drv_delay.c                          0x00000000   Number         0  drv_delay.o ABSOLUTE
    src\drv_dma.c                            0x00000000   Number         0  drv_dma.o ABSOLUTE
    src\drv_gpio.c                           0x00000000   Number         0  drv_gpio.o ABSOLUTE
    src\drv_nvic.c                           0x00000000   Number         0  drv_nvic.o ABSOLUTE
    src\drv_rcc.c                            0x00000000   Number         0  drv_rcc.o ABSOLUTE
    src\drv_timer.c                          0x00000000   Number         0  drv_timer.o ABSOLUTE
    src\drv_uart.c                           0x00000000   Number         0  drv_uart.o ABSOLUTE
    src\hal_clock.c                          0x00000000   Number         0  hal_clock.o ABSOLUTE
    src\hal_delay.c                          0x00000000   Number         0  hal_delay.o ABSOLUTE
    src\hal_gpio.c                           0x00000000   Number         0  hal_gpio.o ABSOLUTE
    src\hal_timer.c                          0x00000000   Number         0  hal_timer.o ABSOLUTE
    src\hal_uart.c                           0x00000000   Number         0  hal_uart.o ABSOLUTE
    startup\startup_stm32f30x.s              0x00000000   Number         0  startup_stm32f30x.o ABSOLUTE
    RESET                                    0x08000000   Section      392  startup_stm32f30x.o(RESET)
    !!!main                                  0x08000188   Section        8  __main.o(!!!main)
    !!!scatter                               0x08000190   Section       52  __scatter.o(!!!scatter)
    !!dczerorl2                              0x080001c4   Section       90  __dczerorl2.o(!!dczerorl2)
    !!handler_zi                             0x08000220   Section       28  __scatter_zi.o(!!handler_zi)
    .ARM.Collect$$libinit$$00000000          0x0800023c   Section        2  libinit.o(.ARM.Collect$$libinit$$00000000)
    .ARM.Collect$$libinit$$00000001          0x0800023e   Section        4  libinit2.o(.ARM.Collect$$libinit$$00000001)
    .ARM.Collect$$libinit$$00000004          0x08000242   Section        0  libinit2.o(.ARM.Collect$$libinit$$00000004)
    .ARM.Collect$$libinit$$0000000A          0x08000242   Section        0  libinit2.o(.ARM.Collect$$libinit$$0000000A)
    .ARM.Collect$$libinit$$0000000C          0x08000242   Section        0  libinit2.o(.ARM.Collect$$libinit$$0000000C)
    .ARM.Collect$$libinit$$0000000E          0x08000242   Section        0  libinit2.o(.ARM.Collect$$libinit$$0000000E)
    .ARM.Collect$$libinit$$00000011          0x08000242   Section        0  libinit2.o(.ARM.Collect$$libinit$$00000011)
    .ARM.Collect$$libinit$$00000013          0x08000242   Section        0  libinit2.o(.ARM.Collect$$libinit$$00000013)
    .ARM.Collect$$libinit$$00000015          0x08000242   Section        0  libinit2.o(.ARM.Collect$$libinit$$00000015)
    .ARM.Collect$$libinit$$00000017          0x08000242   Section        0  libinit2.o(.ARM.Collect$$libinit$$00000017)
    .ARM.Collect$$libinit$$00000019          0x08000242   Section        0  libinit2.o(.ARM.Collect$$libinit$$00000019)
    .ARM.Collect$$libinit$$0000001B          0x08000242   Section        0  libinit2.o(.ARM.Collect$$libinit$$0000001B)
    .ARM.Collect$$libinit$$0000001D          0x08000242   Section        0  libinit2.o(.ARM.Collect$$libinit$$0000001D)
    .ARM.Collect$$libinit$$0000001F          0x08000242   Section        0  libinit2.o(.ARM.Collect$$libinit$$0000001F)
    .ARM.Collect$$libinit$$00000021          0x08000242   Section        0  libinit2.o(.ARM.Collect$$libinit$$00000021)
    .ARM.Collect$$libinit$$00000023          0x08000242   Section        0  libinit2.o(.ARM.Collect$$libinit$$00000023)
    .ARM.Collect$$libinit$$00000025          0x08000242   Section        0  libinit2.o(.ARM.Collect$$libinit$$00000025)
    .ARM.Collect$$libinit$$0000002C          0x08000242   Section        0  libinit2.o(.ARM.Collect$$libinit$$0000002C)
    .ARM.Collect$$libinit$$0000002E          0x08000242   Section        0  libinit2.o(.ARM.Collect$$libinit$$0000002E)
    .ARM.Collect$$libinit$$00000030          0x08000242   Section        0  libinit2.o(.ARM.Collect$$libinit$$00000030)
    .ARM.Collect$$libinit$$00000032          0x08000242   Section        0  libinit2.o(.ARM.Collect$$libinit$$00000032)
    .ARM.Collect$$libinit$$00000033          0x08000242   Section        2  libinit2.o(.ARM.Collect$$libinit$$00000033)
    .ARM.Collect$$libshutdown$$00000000      0x08000244   Section        2  libshutdown.o(.ARM.Collect$$libshutdown$$00000000)
    .ARM.Collect$$libshutdown$$00000002      0x08000246   Section        0  libshutdown2.o(.ARM.Collect$$libshutdown$$00000002)
    .ARM.Collect$$libshutdown$$00000004      0x08000246   Section        0  libshutdown2.o(.ARM.Collect$$libshutdown$$00000004)
    .ARM.Collect$$libshutdown$$00000007      0x08000246   Section        0  libshutdown2.o(.ARM.Collect$$libshutdown$$00000007)
    .ARM.Collect$$libshutdown$$0000000A      0x08000246   Section        0  libshutdown2.o(.ARM.Collect$$libshutdown$$0000000A)
    .ARM.Collect$$libshutdown$$0000000C      0x08000246   Section        0  libshutdown2.o(.ARM.Collect$$libshutdown$$0000000C)
    .ARM.Collect$$libshutdown$$0000000F      0x08000246   Section        0  libshutdown2.o(.ARM.Collect$$libshutdown$$0000000F)
    .ARM.Collect$$libshutdown$$00000010      0x08000246   Section        2  libshutdown2.o(.ARM.Collect$$libshutdown$$00000010)
    .ARM.Collect$$rtentry$$00000000          0x08000248   Section        0  __rtentry.o(.ARM.Collect$$rtentry$$00000000)
    .ARM.Collect$$rtentry$$00000002          0x08000248   Section        0  __rtentry2.o(.ARM.Collect$$rtentry$$00000002)
    .ARM.Collect$$rtentry$$00000004          0x08000248   Section        6  __rtentry4.o(.ARM.Collect$$rtentry$$00000004)
    .ARM.Collect$$rtentry$$00000009          0x0800024e   Section        0  __rtentry2.o(.ARM.Collect$$rtentry$$00000009)
    .ARM.Collect$$rtentry$$0000000A          0x0800024e   Section        4  __rtentry2.o(.ARM.Collect$$rtentry$$0000000A)
    .ARM.Collect$$rtentry$$0000000C          0x08000252   Section        0  __rtentry2.o(.ARM.Collect$$rtentry$$0000000C)
    .ARM.Collect$$rtentry$$0000000D          0x08000252   Section        8  __rtentry2.o(.ARM.Collect$$rtentry$$0000000D)
    .ARM.Collect$$rtexit$$00000000           0x0800025a   Section        2  rtexit.o(.ARM.Collect$$rtexit$$00000000)
    .ARM.Collect$$rtexit$$00000002           0x0800025c   Section        0  rtexit2.o(.ARM.Collect$$rtexit$$00000002)
    .ARM.Collect$$rtexit$$00000003           0x0800025c   Section        4  rtexit2.o(.ARM.Collect$$rtexit$$00000003)
    .ARM.Collect$$rtexit$$00000004           0x08000260   Section        6  rtexit2.o(.ARM.Collect$$rtexit$$00000004)
    .text                                    0x08000268   Section       72  startup_stm32f30x.o(.text)
    $v0                                      0x08000268   Number         0  startup_stm32f30x.o(.text)
    .text                                    0x080002b0   Section        0  heapauxi.o(.text)
    .text                                    0x080002b6   Section       74  sys_stackheap_outer.o(.text)
    .text                                    0x08000300   Section        0  exit.o(.text)
    .text                                    0x08000314   Section        8  libspace.o(.text)
    .text                                    0x0800031c   Section        0  sys_exit.o(.text)
    .text                                    0x08000328   Section        2  use_no_semi.o(.text)
    .text                                    0x0800032a   Section        0  indicate_semi.o(.text)
    i.BubbleSort                             0x0800032c   Section        0  app_led_ctrl.o(i.BubbleSort)
    i.DMA1_Channel2_IRQHandler               0x080003b8   Section        0  hal_uart.o(i.DMA1_Channel2_IRQHandler)
    i.DMA1_Channel4_IRQHandler               0x080003f4   Section        0  hal_uart.o(i.DMA1_Channel4_IRQHandler)
    i.LedCtrlSendPulse                       0x08000430   Section        0  app_led_ctrl.o(i.LedCtrlSendPulse)
    i.LedDataSet                             0x08000488   Section        0  app_led_ctrl.o(i.LedDataSet)
    i.Led_delay                              0x08000510   Section        0  app_led_ctrl.o(i.Led_delay)
    i.TIM6_DAC_IRQHandler                    0x0800051c   Section        0  hal_timer.o(i.TIM6_DAC_IRQHandler)
    i.USART1_IRQHandler                      0x08000530   Section        0  hal_uart.o(i.USART1_IRQHandler)
    i.USART3_IRQHandler                      0x0800067c   Section        0  hal_uart.o(i.USART3_IRQHandler)
    i.app_main_task                          0x08000774   Section        0  app_main_task.o(i.app_main_task)
    i.app_uart_extern_msg_packet_process     0x080008b0   Section        0  app_sdwe_ctrl.o(i.app_uart_extern_msg_packet_process)
    i.cal_crc16                              0x080008bc   Section        0  app_crc.o(i.cal_crc16)
    i.drv_debug_apb1_stop                    0x08000904   Section        0  drv_dbgmcu.o(i.drv_debug_apb1_stop)
    i.drv_delay_init                         0x08000914   Section        0  drv_delay.o(i.drv_delay_init)
    i.drv_delay_us                           0x08000960   Section        0  drv_delay.o(i.drv_delay_us)
    i.drv_dma_set_mem_addr_length            0x080009a4   Section        0  drv_dma.o(i.drv_dma_set_mem_addr_length)
    i.drv_dma_stream_clear_flag_status       0x080009b0   Section        0  drv_dma.o(i.drv_dma_stream_clear_flag_status)
    i.drv_dma_stream_clear_it_pending_bit    0x080009d8   Section        0  drv_dma.o(i.drv_dma_stream_clear_it_pending_bit)
    i.drv_dma_stream_deinit                  0x080009f4   Section        0  drv_dma.o(i.drv_dma_stream_deinit)
    i.drv_dma_stream_disable                 0x08000af8   Section        0  drv_dma.o(i.drv_dma_stream_disable)
    i.drv_dma_stream_enable                  0x08000b02   Section        0  drv_dma.o(i.drv_dma_stream_enable)
    i.drv_dma_stream_get_it_status           0x08000b10   Section        0  drv_dma.o(i.drv_dma_stream_get_it_status)
    i.drv_dma_stream_get_left_length         0x08000b74   Section        0  drv_dma.o(i.drv_dma_stream_get_left_length)
    i.drv_dma_stream_init                    0x08000b82   Section        0  drv_dma.o(i.drv_dma_stream_init)
    i.drv_dma_stream_it_enable               0x08000bee   Section        0  drv_dma.o(i.drv_dma_stream_it_enable)
    i.drv_dma_stream_start_mem_to_periph     0x08000bf6   Section        0  drv_dma.o(i.drv_dma_stream_start_mem_to_periph)
    i.drv_dma_stream_start_periph_to_mem     0x08000c2a   Section        0  drv_dma.o(i.drv_dma_stream_start_periph_to_mem)
    i.drv_gpio_alternate_function_connect    0x08000c5e   Section        0  drv_gpio.o(i.drv_gpio_alternate_function_connect)
    i.drv_gpio_alternate_function_init       0x08000ca0   Section        0  drv_gpio.o(i.drv_gpio_alternate_function_init)
    i.drv_gpio_input_init                    0x08000d7c   Section        0  drv_gpio.o(i.drv_gpio_input_init)
    i.drv_gpio_output_init                   0x08000ddc   Section        0  drv_gpio.o(i.drv_gpio_output_init)
    i.drv_gpio_set_pins_high                 0x08000eb8   Section        0  hal_uart.o(i.drv_gpio_set_pins_high)
    i.drv_nvic_enable                        0x08000ec0   Section        0  drv_nvic.o(i.drv_nvic_enable)
    i.drv_nvic_init                          0x08000ed8   Section        0  drv_nvic.o(i.drv_nvic_init)
    i.drv_rcc_ahb1_clk_enable                0x08000f18   Section        0  drv_rcc.o(i.drv_rcc_ahb1_clk_enable)
    i.drv_rcc_apb1_clk_enable                0x08000f28   Section        0  drv_rcc.o(i.drv_rcc_apb1_clk_enable)
    i.drv_rcc_apb1_periph_reset_disable      0x08000f38   Section        0  drv_rcc.o(i.drv_rcc_apb1_periph_reset_disable)
    i.drv_rcc_apb1_periph_reset_enable       0x08000f48   Section        0  drv_rcc.o(i.drv_rcc_apb1_periph_reset_enable)
    i.drv_rcc_apb2_clk_enable                0x08000f58   Section        0  drv_rcc.o(i.drv_rcc_apb2_clk_enable)
    i.drv_rcc_apb2_periph_reset_disable      0x08000f68   Section        0  drv_rcc.o(i.drv_rcc_apb2_periph_reset_disable)
    i.drv_rcc_apb2_periph_reset_enable       0x08000f78   Section        0  drv_rcc.o(i.drv_rcc_apb2_periph_reset_enable)
    i.drv_rcc_get_clocks_freq                0x08000f88   Section        0  drv_rcc.o(i.drv_rcc_get_clocks_freq)
    i.drv_rcc_init                           0x0800108c   Section        0  drv_rcc.o(i.drv_rcc_init)
    i.drv_timer_base_init                    0x0800136c   Section        0  drv_timer.o(i.drv_timer_base_init)
    i.drv_timer_clear_it_pending_bit         0x080013ec   Section        0  drv_timer.o(i.drv_timer_clear_it_pending_bit)
    i.drv_timer_deinit                       0x080013f4   Section        0  drv_timer.o(i.drv_timer_deinit)
    i.drv_timer_enable                       0x080014f0   Section        0  drv_timer.o(i.drv_timer_enable)
    i.drv_timer_it_enable                    0x080014fc   Section        0  drv_timer.o(i.drv_timer_it_enable)
    i.drv_uart_clear_flag_status             0x08001504   Section        0  drv_uart.o(i.drv_uart_clear_flag_status)
    i.drv_uart_clear_it_pending_bit          0x08001508   Section        0  drv_uart.o(i.drv_uart_clear_it_pending_bit)
    i.drv_uart_deinit                        0x0800151c   Section        0  drv_uart.o(i.drv_uart_deinit)
    i.drv_uart_dma_rx_enable                 0x080015ac   Section        0  drv_uart.o(i.drv_uart_dma_rx_enable)
    i.drv_uart_dma_tx_enable                 0x080015b8   Section        0  drv_uart.o(i.drv_uart_dma_tx_enable)
    i.drv_uart_get_flag_status               0x080015c4   Section        0  drv_uart.o(i.drv_uart_get_flag_status)
    i.drv_uart_init                          0x080015d4   Section        0  drv_uart.o(i.drv_uart_init)
    i.drv_uart_it_disable                    0x08001692   Section        0  drv_uart.o(i.drv_uart_it_disable)
    i.drv_uart_it_enable                     0x080016c6   Section        0  drv_uart.o(i.drv_uart_it_enable)
    i.drv_uart_put_bytes                     0x080016fa   Section        0  drv_uart.o(i.drv_uart_put_bytes)
    i.drv_uart_set_baudrate                  0x0800171c   Section        0  drv_uart.o(i.drv_uart_set_baudrate)
    i.hal_clock_init                         0x08001798   Section        0  hal_clock.o(i.hal_clock_init)
    i.hal_delay_init                         0x080017b0   Section        0  hal_delay.o(i.hal_delay_init)
    i.hal_delay_us                           0x080017b8   Section        0  app_hx711_ctrl.o(i.hal_delay_us)
    i.hal_di_get                             0x080017c4   Section        0  hal_gpio.o(i.hal_di_get)
    i.hal_gpio_set_do_high                   0x080017f0   Section        0  hal_gpio.o(i.hal_gpio_set_do_high)
    i.hal_gpio_set_do_low                    0x08001810   Section        0  hal_gpio.o(i.hal_gpio_set_do_low)
    i.hal_timer_init                         0x08001830   Section        0  hal_timer.o(i.hal_timer_init)
    i.hal_uart_dma_rx_start                  0x0800187c   Section        0  hal_uart.o(i.hal_uart_dma_rx_start)
    i.hal_uart_gpio_init                     0x080018d4   Section        0  hal_uart.o(i.hal_uart_gpio_init)
    i.hal_uart_port_init                     0x08001c2c   Section        0  hal_uart.o(i.hal_uart_port_init)
    i.hal_uart_rx_irq_disable                0x08001e94   Section        0  hal_uart.o(i.hal_uart_rx_irq_disable)
    i.hal_uart_rx_irq_enable                 0x08001ed0   Section        0  hal_uart.o(i.hal_uart_rx_irq_enable)
    i.hal_uart_set_braudrate                 0x08001f0c   Section        0  hal_uart.o(i.hal_uart_set_braudrate)
    i.hal_uart_set_rx_mode                   0x08001f38   Section        0  hal_uart.o(i.hal_uart_set_rx_mode)
    i.hal_uart_set_timeout                   0x08001f5c   Section        0  hal_uart.o(i.hal_uart_set_timeout)
    i.hal_uart_set_tx_mode                   0x08001f60   Section        0  hal_uart.o(i.hal_uart_set_tx_mode)
    i.hal_uart_tx_bytes                      0x08001f80   Section        0  hal_uart.o(i.hal_uart_tx_bytes)
    i.hx711_AllChanelSample                  0x08002088   Section        0  app_hx711_ctrl.o(i.hx711_AllChanelSample)
    i.hx711_DataSampleCtrl                   0x08002164   Section        0  app_hx711_ctrl.o(i.hx711_DataSampleCtrl)
    i.hx711_MainFunction                     0x08002190   Section        0  app_hx711_ctrl.o(i.hx711_MainFunction)
    i.hx711_SigChanelAvrgAndWeightCalc       0x0800226c   Section        0  app_hx711_ctrl.o(i.hx711_SigChanelAvrgAndWeightCalc)
    i.hx711_getWeight                        0x080022ec   Section        0  app_hx711_ctrl.o(i.hx711_getWeight)
    i.hx711_init                             0x08002328   Section        0  app_hx711_ctrl.o(i.hx711_init)
    i.key_FilterGet                          0x08002454   Section        0  app_key_ctrl.o(i.key_FilterGet)
    i.key_MainFunction                       0x08002478   Section        0  app_key_ctrl.o(i.key_MainFunction)
    i.key_init                               0x08002524   Section        0  app_key_ctrl.o(i.key_init)
    i.led_MainFunction                       0x0800257c   Section        0  app_led_ctrl.o(i.led_MainFunction)
    i.led_init                               0x0800260c   Section        0  app_led_ctrl.o(i.led_init)
    i.main                                   0x0800264a   Section        0  app_main.o(i.main)
    i.sampleCalcKB                           0x08002664   Section        0  app_hx711_ctrl.o(i.sampleCalcKB)
    i.sampleDataPush                         0x080027b0   Section        0  app_hx711_ctrl.o(i.sampleDataPush)
    i.sdweRxDeal                             0x08002834   Section        0  app_sdwe_ctrl.o(i.sdweRxDeal)
    i.sdweSetWeightBackColor                 0x080028b8   Section        0  app_sdwe_ctrl.o(i.sdweSetWeightBackColor)
    i.sdweWrite                              0x080028cc   Section        0  app_sdwe_ctrl.o(i.sdweWrite)
    i.sdwe_MainFunction                      0x08002998   Section        0  app_sdwe_ctrl.o(i.sdwe_MainFunction)
    i.sdwe_RxFunction                        0x080029d0   Section        0  app_sdwe_ctrl.o(i.sdwe_RxFunction)
    i.sdwe_TxFunction                        0x08002aa4   Section        0  app_sdwe_ctrl.o(i.sdwe_TxFunction)
    i.sdwe_init                              0x08002af0   Section        0  app_sdwe_ctrl.o(i.sdwe_init)
    i.sdwe_test                              0x08002b4c   Section        0  app_sdwe_ctrl.o(i.sdwe_test)
    i.system_init                            0x08002be0   Section        0  app_main.o(i.system_init)
    i.useWeightUpdateLedAndSdweColor         0x08002c00   Section        0  app_led_ctrl.o(i.useWeightUpdateLedAndSdweColor)
    i.wm_hal_gpio_init                       0x08002d58   Section        0  hal_gpio.o(i.wm_hal_gpio_init)
    x$fpl$fpinit                             0x08002dc8   Section       10  fpinit.o(x$fpl$fpinit)
    $v0                                      0x08002dc8   Number         0  fpinit.o(x$fpl$fpinit)
    .constdata                               0x08002dd2   Section      512  app_crc.o(.constdata)
    .constdata                               0x08002fd4   Section      164  hal_gpio.o(.constdata)
    .constdata                               0x08003078   Section      124  hal_uart.o(.constdata)
    .data                                    0x20000000   Section       13  app_main_task.o(.data)
    g_sys_ms_tick                            0x20000004   Data           4  app_main_task.o(.data)
    g_sys_sdwe_tick                          0x20000008   Data           4  app_main_task.o(.data)
    .data                                    0x2000000e   Section       11  app_led_ctrl.o(.data)
    led_data                                 0x20000012   Data           4  app_led_ctrl.o(.data)
    l_led_test_cycle                         0x20000016   Data           2  app_led_ctrl.o(.data)
    color                                    0x20000018   Data           1  app_led_ctrl.o(.data)
    .data                                    0x20000019   Section        2  app_hx711_ctrl.o(.data)
    status                                   0x20000019   Data           1  app_hx711_ctrl.o(.data)
    l_max_wait_time                          0x2000001a   Data           1  app_hx711_ctrl.o(.data)
    .data                                    0x2000001c   Section      616  app_sdwe_ctrl.o(.data)
    defaultChanelSamplePoint                 0x20000254   Data          40  app_sdwe_ctrl.o(.data)
    status                                   0x2000027c   Data           1  app_sdwe_ctrl.o(.data)
    teat_data                                0x2000027d   Data           1  app_sdwe_ctrl.o(.data)
    sendTick                                 0x20000280   Data           4  app_sdwe_ctrl.o(.data)
    .data                                    0x20000284   Section        4  drv_delay.o(.data)
    g_DelayUsFac                             0x20000284   Data           2  drv_delay.o(.data)
    g_DelayMsFac                             0x20000286   Data           2  drv_delay.o(.data)
    .data                                    0x20000288   Section      108  hal_gpio.o(.data)
    .data                                    0x200002f4   Section      176  hal_uart.o(.data)
    .data                                    0x200003a4   Section       28  drv_rcc.o(.data)
    l_AhbPrescTable                          0x200003a4   Data          16  drv_rcc.o(.data)
    l_ApbPrescTable                          0x200003b4   Data           8  drv_rcc.o(.data)
    .bss                                     0x200003c0   Section     1888  app_hx711_ctrl.o(.bss)
    HX711Chanel                              0x200003c0   Data        1888  app_hx711_ctrl.o(.bss)
    .bss                                     0x20000b20   Section       48  app_sdwe_ctrl.o(.bss)
    wm_data                                  0x20000b40   Data          16  app_sdwe_ctrl.o(.bss)
    .bss                                     0x20000b50   Section       12  app_key_ctrl.o(.bss)
    .bss                                     0x20000b5c   Section       36  drv_rcc.o(.bss)
    .bss                                     0x20000b80   Section       96  libspace.o(.bss)
    HEAP                                     0x20000be0   Section     2048  startup_stm32f30x.o(HEAP)
    Heap_Mem                                 0x20000be0   Data        2048  startup_stm32f30x.o(HEAP)
    STACK                                    0x200013e0   Section     2048  startup_stm32f30x.o(STACK)
    Stack_Mem                                0x200013e0   Data        2048  startup_stm32f30x.o(STACK)
    __initial_sp                             0x20001be0   Data           0  startup_stm32f30x.o(STACK)

    Global Symbols

    Symbol Name                              Value     Ov Type        Size  Object(Section)

    BuildAttributes$$THM_ISAv4$E$P$D$K$B$S$7EM$VFPi3$EXTD16$VFPS$VFMA$PE$A:L22UL41UL21$X:L11$S22US41US21$IEEE1$IW$USESV6$~STKCKD$USESV7$~SHL$OSPACE$ROPI$EBA8$UX$STANDARDLIB$REQ8$PRES8$EABIv2 0x00000000   Number         0  anon$$obj.o ABSOLUTE
    __ARM_use_no_argv                        0x00000000   Number         0  app_main.o ABSOLUTE
    __ARM_exceptions_init                     - Undefined Weak Reference
    __alloca_initialize                       - Undefined Weak Reference
    __arm_preinit_                            - Undefined Weak Reference
    __cpp_initialize__aeabi_                  - Undefined Weak Reference
    __cxa_finalize                            - Undefined Weak Reference
    __rt_locale                               - Undefined Weak Reference
    __sigvec_lookup                           - Undefined Weak Reference
    _atexit_init                              - Undefined Weak Reference
    _call_atexit_fns                          - Undefined Weak Reference
    _clock_init                               - Undefined Weak Reference
    _fp_trap_init                             - Undefined Weak Reference
    _fp_trap_shutdown                         - Undefined Weak Reference
    _get_lc_collate                           - Undefined Weak Reference
    _get_lc_ctype                             - Undefined Weak Reference
    _get_lc_monetary                          - Undefined Weak Reference
    _get_lc_numeric                           - Undefined Weak Reference
    _get_lc_time                              - Undefined Weak Reference
    _getenv_init                              - Undefined Weak Reference
    _handle_redirection                       - Undefined Weak Reference
    _init_alloc                               - Undefined Weak Reference
    _init_user_alloc                          - Undefined Weak Reference
    _initio                                   - Undefined Weak Reference
    _rand_init                                - Undefined Weak Reference
    _signal_finish                            - Undefined Weak Reference
    _signal_init                              - Undefined Weak Reference
    _terminate_alloc                          - Undefined Weak Reference
    _terminate_user_alloc                     - Undefined Weak Reference
    _terminateio                              - Undefined Weak Reference
    __Vectors_Size                           0x00000188   Number         0  startup_stm32f30x.o ABSOLUTE
    __Vectors                                0x08000000   Data           4  startup_stm32f30x.o(RESET)
    __Vectors_End                            0x08000188   Data           0  startup_stm32f30x.o(RESET)
    __main                                   0x08000189   Thumb Code     8  __main.o(!!!main)
    __scatterload                            0x08000191   Thumb Code     0  __scatter.o(!!!scatter)
    __scatterload_rt2                        0x08000191   Thumb Code    44  __scatter.o(!!!scatter)
    __scatterload_rt2_thumb_only             0x08000191   Thumb Code     0  __scatter.o(!!!scatter)
    __scatterload_null                       0x0800019f   Thumb Code     0  __scatter.o(!!!scatter)
    __decompress                             0x080001c5   Thumb Code    90  __dczerorl2.o(!!dczerorl2)
    __decompress1                            0x080001c5   Thumb Code     0  __dczerorl2.o(!!dczerorl2)
    __scatterload_zeroinit                   0x08000221   Thumb Code    28  __scatter_zi.o(!!handler_zi)
    __rt_lib_init                            0x0800023d   Thumb Code     0  libinit.o(.ARM.Collect$$libinit$$00000000)
    __rt_lib_init_fp_1                       0x0800023f   Thumb Code     0  libinit2.o(.ARM.Collect$$libinit$$00000001)
    __rt_lib_init_alloca_1                   0x08000243   Thumb Code     0  libinit2.o(.ARM.Collect$$libinit$$0000002E)
    __rt_lib_init_argv_1                     0x08000243   Thumb Code     0  libinit2.o(.ARM.Collect$$libinit$$0000002C)
    __rt_lib_init_atexit_1                   0x08000243   Thumb Code     0  libinit2.o(.ARM.Collect$$libinit$$0000001B)
    __rt_lib_init_clock_1                    0x08000243   Thumb Code     0  libinit2.o(.ARM.Collect$$libinit$$00000021)
    __rt_lib_init_cpp_1                      0x08000243   Thumb Code     0  libinit2.o(.ARM.Collect$$libinit$$00000032)
    __rt_lib_init_exceptions_1               0x08000243   Thumb Code     0  libinit2.o(.ARM.Collect$$libinit$$00000030)
    __rt_lib_init_fp_trap_1                  0x08000243   Thumb Code     0  libinit2.o(.ARM.Collect$$libinit$$0000001F)
    __rt_lib_init_getenv_1                   0x08000243   Thumb Code     0  libinit2.o(.ARM.Collect$$libinit$$00000023)
    __rt_lib_init_heap_1                     0x08000243   Thumb Code     0  libinit2.o(.ARM.Collect$$libinit$$0000000A)
    __rt_lib_init_lc_collate_1               0x08000243   Thumb Code     0  libinit2.o(.ARM.Collect$$libinit$$00000011)
    __rt_lib_init_lc_ctype_1                 0x08000243   Thumb Code     0  libinit2.o(.ARM.Collect$$libinit$$00000013)
    __rt_lib_init_lc_monetary_1              0x08000243   Thumb Code     0  libinit2.o(.ARM.Collect$$libinit$$00000015)
    __rt_lib_init_lc_numeric_1               0x08000243   Thumb Code     0  libinit2.o(.ARM.Collect$$libinit$$00000017)
    __rt_lib_init_lc_time_1                  0x08000243   Thumb Code     0  libinit2.o(.ARM.Collect$$libinit$$00000019)
    __rt_lib_init_preinit_1                  0x08000243   Thumb Code     0  libinit2.o(.ARM.Collect$$libinit$$00000004)
    __rt_lib_init_rand_1                     0x08000243   Thumb Code     0  libinit2.o(.ARM.Collect$$libinit$$0000000E)
    __rt_lib_init_return                     0x08000243   Thumb Code     0  libinit2.o(.ARM.Collect$$libinit$$00000033)
    __rt_lib_init_signal_1                   0x08000243   Thumb Code     0  libinit2.o(.ARM.Collect$$libinit$$0000001D)
    __rt_lib_init_stdio_1                    0x08000243   Thumb Code     0  libinit2.o(.ARM.Collect$$libinit$$00000025)
    __rt_lib_init_user_alloc_1               0x08000243   Thumb Code     0  libinit2.o(.ARM.Collect$$libinit$$0000000C)
    __rt_lib_shutdown                        0x08000245   Thumb Code     0  libshutdown.o(.ARM.Collect$$libshutdown$$00000000)
    __rt_lib_shutdown_cpp_1                  0x08000247   Thumb Code     0  libshutdown2.o(.ARM.Collect$$libshutdown$$00000002)
    __rt_lib_shutdown_fp_trap_1              0x08000247   Thumb Code     0  libshutdown2.o(.ARM.Collect$$libshutdown$$00000007)
    __rt_lib_shutdown_heap_1                 0x08000247   Thumb Code     0  libshutdown2.o(.ARM.Collect$$libshutdown$$0000000F)
    __rt_lib_shutdown_return                 0x08000247   Thumb Code     0  libshutdown2.o(.ARM.Collect$$libshutdown$$00000010)
    __rt_lib_shutdown_signal_1               0x08000247   Thumb Code     0  libshutdown2.o(.ARM.Collect$$libshutdown$$0000000A)
    __rt_lib_shutdown_stdio_1                0x08000247   Thumb Code     0  libshutdown2.o(.ARM.Collect$$libshutdown$$00000004)
    __rt_lib_shutdown_user_alloc_1           0x08000247   Thumb Code     0  libshutdown2.o(.ARM.Collect$$libshutdown$$0000000C)
    __rt_entry                               0x08000249   Thumb Code     0  __rtentry.o(.ARM.Collect$$rtentry$$00000000)
    __rt_entry_presh_1                       0x08000249   Thumb Code     0  __rtentry2.o(.ARM.Collect$$rtentry$$00000002)
    __rt_entry_sh                            0x08000249   Thumb Code     0  __rtentry4.o(.ARM.Collect$$rtentry$$00000004)
    __rt_entry_li                            0x0800024f   Thumb Code     0  __rtentry2.o(.ARM.Collect$$rtentry$$0000000A)
    __rt_entry_postsh_1                      0x0800024f   Thumb Code     0  __rtentry2.o(.ARM.Collect$$rtentry$$00000009)
    __rt_entry_main                          0x08000253   Thumb Code     0  __rtentry2.o(.ARM.Collect$$rtentry$$0000000D)
    __rt_entry_postli_1                      0x08000253   Thumb Code     0  __rtentry2.o(.ARM.Collect$$rtentry$$0000000C)
    __rt_exit                                0x0800025b   Thumb Code     0  rtexit.o(.ARM.Collect$$rtexit$$00000000)
    __rt_exit_ls                             0x0800025d   Thumb Code     0  rtexit2.o(.ARM.Collect$$rtexit$$00000003)
    __rt_exit_prels_1                        0x0800025d   Thumb Code     0  rtexit2.o(.ARM.Collect$$rtexit$$00000002)
    __rt_exit_exit                           0x08000261   Thumb Code     0  rtexit2.o(.ARM.Collect$$rtexit$$00000004)
    Reset_Handler                            0x08000269   Thumb Code    14  startup_stm32f30x.o(.text)
    NMI_Handler                              0x08000277   Thumb Code     2  startup_stm32f30x.o(.text)
    HardFault_Handler                        0x08000279   Thumb Code     2  startup_stm32f30x.o(.text)
    MemManage_Handler                        0x0800027b   Thumb Code     2  startup_stm32f30x.o(.text)
    BusFault_Handler                         0x0800027d   Thumb Code     2  startup_stm32f30x.o(.text)
    UsageFault_Handler                       0x0800027f   Thumb Code     2  startup_stm32f30x.o(.text)
    SVC_Handler                              0x08000281   Thumb Code     2  startup_stm32f30x.o(.text)
    DebugMon_Handler                         0x08000283   Thumb Code     2  startup_stm32f30x.o(.text)
    PendSV_Handler                           0x08000285   Thumb Code     2  startup_stm32f30x.o(.text)
    SysTick_Handler                          0x08000287   Thumb Code     2  startup_stm32f30x.o(.text)
    ADC1_2_IRQHandler                        0x08000289   Thumb Code     0  startup_stm32f30x.o(.text)
    ADC3_IRQHandler                          0x08000289   Thumb Code     0  startup_stm32f30x.o(.text)
    ADC4_IRQHandler                          0x08000289   Thumb Code     0  startup_stm32f30x.o(.text)
    CAN1_RX1_IRQHandler                      0x08000289   Thumb Code     0  startup_stm32f30x.o(.text)
    CAN1_SCE_IRQHandler                      0x08000289   Thumb Code     0  startup_stm32f30x.o(.text)
    COMP1_2_3_IRQHandler                     0x08000289   Thumb Code     0  startup_stm32f30x.o(.text)
    COMP4_5_6_IRQHandler                     0x08000289   Thumb Code     0  startup_stm32f30x.o(.text)
    COMP7_IRQHandler                         0x08000289   Thumb Code     0  startup_stm32f30x.o(.text)
    DMA1_Channel1_IRQHandler                 0x08000289   Thumb Code     0  startup_stm32f30x.o(.text)
    DMA1_Channel3_IRQHandler                 0x08000289   Thumb Code     0  startup_stm32f30x.o(.text)
    DMA1_Channel5_IRQHandler                 0x08000289   Thumb Code     0  startup_stm32f30x.o(.text)
    DMA1_Channel6_IRQHandler                 0x08000289   Thumb Code     0  startup_stm32f30x.o(.text)
    DMA1_Channel7_IRQHandler                 0x08000289   Thumb Code     0  startup_stm32f30x.o(.text)
    DMA2_Channel1_IRQHandler                 0x08000289   Thumb Code     0  startup_stm32f30x.o(.text)
    DMA2_Channel2_IRQHandler                 0x08000289   Thumb Code     0  startup_stm32f30x.o(.text)
    DMA2_Channel3_IRQHandler                 0x08000289   Thumb Code     0  startup_stm32f30x.o(.text)
    DMA2_Channel4_IRQHandler                 0x08000289   Thumb Code     0  startup_stm32f30x.o(.text)
    DMA2_Channel5_IRQHandler                 0x08000289   Thumb Code     0  startup_stm32f30x.o(.text)
    EXTI0_IRQHandler                         0x08000289   Thumb Code     0  startup_stm32f30x.o(.text)
    EXTI15_10_IRQHandler                     0x08000289   Thumb Code     0  startup_stm32f30x.o(.text)
    EXTI1_IRQHandler                         0x08000289   Thumb Code     0  startup_stm32f30x.o(.text)
    EXTI2_TS_IRQHandler                      0x08000289   Thumb Code     0  startup_stm32f30x.o(.text)
    EXTI3_IRQHandler                         0x08000289   Thumb Code     0  startup_stm32f30x.o(.text)
    EXTI4_IRQHandler                         0x08000289   Thumb Code     0  startup_stm32f30x.o(.text)
    EXTI9_5_IRQHandler                       0x08000289   Thumb Code     0  startup_stm32f30x.o(.text)
    FLASH_IRQHandler                         0x08000289   Thumb Code     0  startup_stm32f30x.o(.text)
    FPU_IRQHandler                           0x08000289   Thumb Code     0  startup_stm32f30x.o(.text)
    I2C1_ER_IRQHandler                       0x08000289   Thumb Code     0  startup_stm32f30x.o(.text)
    I2C1_EV_IRQHandler                       0x08000289   Thumb Code     0  startup_stm32f30x.o(.text)
    I2C2_ER_IRQHandler                       0x08000289   Thumb Code     0  startup_stm32f30x.o(.text)
    I2C2_EV_IRQHandler                       0x08000289   Thumb Code     0  startup_stm32f30x.o(.text)
    PVD_IRQHandler                           0x08000289   Thumb Code     0  startup_stm32f30x.o(.text)
    RCC_IRQHandler                           0x08000289   Thumb Code     0  startup_stm32f30x.o(.text)
    RTC_Alarm_IRQHandler                     0x08000289   Thumb Code     0  startup_stm32f30x.o(.text)
    RTC_WKUP_IRQHandler                      0x08000289   Thumb Code     0  startup_stm32f30x.o(.text)
    SPI1_IRQHandler                          0x08000289   Thumb Code     0  startup_stm32f30x.o(.text)
    SPI2_IRQHandler                          0x08000289   Thumb Code     0  startup_stm32f30x.o(.text)
    SPI3_IRQHandler                          0x08000289   Thumb Code     0  startup_stm32f30x.o(.text)
    TAMPER_STAMP_IRQHandler                  0x08000289   Thumb Code     0  startup_stm32f30x.o(.text)
    TIM1_BRK_TIM15_IRQHandler                0x08000289   Thumb Code     0  startup_stm32f30x.o(.text)
    TIM1_CC_IRQHandler                       0x08000289   Thumb Code     0  startup_stm32f30x.o(.text)
    TIM1_TRG_COM_TIM17_IRQHandler            0x08000289   Thumb Code     0  startup_stm32f30x.o(.text)
    TIM1_UP_TIM16_IRQHandler                 0x08000289   Thumb Code     0  startup_stm32f30x.o(.text)
    TIM2_IRQHandler                          0x08000289   Thumb Code     0  startup_stm32f30x.o(.text)
    TIM3_IRQHandler                          0x08000289   Thumb Code     0  startup_stm32f30x.o(.text)
    TIM4_IRQHandler                          0x08000289   Thumb Code     0  startup_stm32f30x.o(.text)
    TIM7_IRQHandler                          0x08000289   Thumb Code     0  startup_stm32f30x.o(.text)
    TIM8_BRK_IRQHandler                      0x08000289   Thumb Code     0  startup_stm32f30x.o(.text)
    TIM8_CC_IRQHandler                       0x08000289   Thumb Code     0  startup_stm32f30x.o(.text)
    TIM8_TRG_COM_IRQHandler                  0x08000289   Thumb Code     0  startup_stm32f30x.o(.text)
    TIM8_UP_IRQHandler                       0x08000289   Thumb Code     0  startup_stm32f30x.o(.text)
    UART4_IRQHandler                         0x08000289   Thumb Code     0  startup_stm32f30x.o(.text)
    UART5_IRQHandler                         0x08000289   Thumb Code     0  startup_stm32f30x.o(.text)
    USART2_IRQHandler                        0x08000289   Thumb Code     0  startup_stm32f30x.o(.text)
    USBWakeUp_IRQHandler                     0x08000289   Thumb Code     0  startup_stm32f30x.o(.text)
    USBWakeUp_RMP_IRQHandler                 0x08000289   Thumb Code     0  startup_stm32f30x.o(.text)
    USB_HP_CAN1_TX_IRQHandler                0x08000289   Thumb Code     0  startup_stm32f30x.o(.text)
    USB_HP_IRQHandler                        0x08000289   Thumb Code     0  startup_stm32f30x.o(.text)
    USB_LP_CAN1_RX0_IRQHandler               0x08000289   Thumb Code     0  startup_stm32f30x.o(.text)
    USB_LP_IRQHandler                        0x08000289   Thumb Code     0  startup_stm32f30x.o(.text)
    WWDG_IRQHandler                          0x08000289   Thumb Code     0  startup_stm32f30x.o(.text)
    __user_initial_stackheap                 0x0800028d   Thumb Code     0  startup_stm32f30x.o(.text)
    __use_two_region_memory                  0x080002b1   Thumb Code     2  heapauxi.o(.text)
    __rt_heap_escrow$2region                 0x080002b3   Thumb Code     2  heapauxi.o(.text)
    __rt_heap_expand$2region                 0x080002b5   Thumb Code     2  heapauxi.o(.text)
    __user_setup_stackheap                   0x080002b7   Thumb Code    74  sys_stackheap_outer.o(.text)
    exit                                     0x08000301   Thumb Code    18  exit.o(.text)
    __user_libspace                          0x08000315   Thumb Code     8  libspace.o(.text)
    __user_perproc_libspace                  0x08000315   Thumb Code     0  libspace.o(.text)
    __user_perthread_libspace                0x08000315   Thumb Code     0  libspace.o(.text)
    _sys_exit                                0x0800031d   Thumb Code     8  sys_exit.o(.text)
    __I$use$semihosting                      0x08000329   Thumb Code     0  use_no_semi.o(.text)
    __use_no_semihosting_swi                 0x08000329   Thumb Code     2  use_no_semi.o(.text)
    __semihosting_library_function           0x0800032b   Thumb Code     0  indicate_semi.o(.text)
    BubbleSort                               0x0800032d   Thumb Code   136  app_led_ctrl.o(i.BubbleSort)
    DMA1_Channel2_IRQHandler                 0x080003b9   Thumb Code    44  hal_uart.o(i.DMA1_Channel2_IRQHandler)
    DMA1_Channel4_IRQHandler                 0x080003f5   Thumb Code    44  hal_uart.o(i.DMA1_Channel4_IRQHandler)
    LedCtrlSendPulse                         0x08000431   Thumb Code    88  app_led_ctrl.o(i.LedCtrlSendPulse)
    LedDataSet                               0x08000489   Thumb Code   132  app_led_ctrl.o(i.LedDataSet)
    Led_delay                                0x08000511   Thumb Code    10  app_led_ctrl.o(i.Led_delay)
    TIM6_DAC_IRQHandler                      0x0800051d   Thumb Code    16  hal_timer.o(i.TIM6_DAC_IRQHandler)
    USART1_IRQHandler                        0x08000531   Thumb Code   302  hal_uart.o(i.USART1_IRQHandler)
    USART3_IRQHandler                        0x0800067d   Thumb Code   226  hal_uart.o(i.USART3_IRQHandler)
    app_main_task                            0x08000775   Thumb Code   300  app_main_task.o(i.app_main_task)
    app_uart_extern_msg_packet_process       0x080008b1   Thumb Code    10  app_sdwe_ctrl.o(i.app_uart_extern_msg_packet_process)
    cal_crc16                                0x080008bd   Thumb Code    62  app_crc.o(i.cal_crc16)
    drv_debug_apb1_stop                      0x08000905   Thumb Code    12  drv_dbgmcu.o(i.drv_debug_apb1_stop)
    drv_delay_init                           0x08000915   Thumb Code    60  drv_delay.o(i.drv_delay_init)
    drv_delay_us                             0x08000961   Thumb Code    64  drv_delay.o(i.drv_delay_us)
    drv_dma_set_mem_addr_length              0x080009a5   Thumb Code    12  drv_dma.o(i.drv_dma_set_mem_addr_length)
    drv_dma_stream_clear_flag_status         0x080009b1   Thumb Code    30  drv_dma.o(i.drv_dma_stream_clear_flag_status)
    drv_dma_stream_clear_it_pending_bit      0x080009d9   Thumb Code    18  drv_dma.o(i.drv_dma_stream_clear_it_pending_bit)
    drv_dma_stream_deinit                    0x080009f5   Thumb Code   252  drv_dma.o(i.drv_dma_stream_deinit)
    drv_dma_stream_disable                   0x08000af9   Thumb Code    10  drv_dma.o(i.drv_dma_stream_disable)
    drv_dma_stream_enable                    0x08000b03   Thumb Code    12  drv_dma.o(i.drv_dma_stream_enable)
    drv_dma_stream_get_it_status             0x08000b11   Thumb Code    90  drv_dma.o(i.drv_dma_stream_get_it_status)
    drv_dma_stream_get_left_length           0x08000b75   Thumb Code    14  drv_dma.o(i.drv_dma_stream_get_left_length)
    drv_dma_stream_init                      0x08000b83   Thumb Code   108  drv_dma.o(i.drv_dma_stream_init)
    drv_dma_stream_it_enable                 0x08000bef   Thumb Code     8  drv_dma.o(i.drv_dma_stream_it_enable)
    drv_dma_stream_start_mem_to_periph       0x08000bf7   Thumb Code    52  drv_dma.o(i.drv_dma_stream_start_mem_to_periph)
    drv_dma_stream_start_periph_to_mem       0x08000c2b   Thumb Code    52  drv_dma.o(i.drv_dma_stream_start_periph_to_mem)
    drv_gpio_alternate_function_connect      0x08000c5f   Thumb Code    66  drv_gpio.o(i.drv_gpio_alternate_function_connect)
    drv_gpio_alternate_function_init         0x08000ca1   Thumb Code   220  drv_gpio.o(i.drv_gpio_alternate_function_init)
    drv_gpio_input_init                      0x08000d7d   Thumb Code    96  drv_gpio.o(i.drv_gpio_input_init)
    drv_gpio_output_init                     0x08000ddd   Thumb Code   220  drv_gpio.o(i.drv_gpio_output_init)
    drv_gpio_set_pins_high                   0x08000eb9   Thumb Code     8  hal_uart.o(i.drv_gpio_set_pins_high)
    drv_nvic_enable                          0x08000ec1   Thumb Code    22  drv_nvic.o(i.drv_nvic_enable)
    drv_nvic_init                            0x08000ed9   Thumb Code    56  drv_nvic.o(i.drv_nvic_init)
    drv_rcc_ahb1_clk_enable                  0x08000f19   Thumb Code    12  drv_rcc.o(i.drv_rcc_ahb1_clk_enable)
    drv_rcc_apb1_clk_enable                  0x08000f29   Thumb Code    12  drv_rcc.o(i.drv_rcc_apb1_clk_enable)
    drv_rcc_apb1_periph_reset_disable        0x08000f39   Thumb Code    12  drv_rcc.o(i.drv_rcc_apb1_periph_reset_disable)
    drv_rcc_apb1_periph_reset_enable         0x08000f49   Thumb Code    12  drv_rcc.o(i.drv_rcc_apb1_periph_reset_enable)
    drv_rcc_apb2_clk_enable                  0x08000f59   Thumb Code    12  drv_rcc.o(i.drv_rcc_apb2_clk_enable)
    drv_rcc_apb2_periph_reset_disable        0x08000f69   Thumb Code    12  drv_rcc.o(i.drv_rcc_apb2_periph_reset_disable)
    drv_rcc_apb2_periph_reset_enable         0x08000f79   Thumb Code    12  drv_rcc.o(i.drv_rcc_apb2_periph_reset_enable)
    drv_rcc_get_clocks_freq                  0x08000f89   Thumb Code   238  drv_rcc.o(i.drv_rcc_get_clocks_freq)
    drv_rcc_init                             0x0800108d   Thumb Code   694  drv_rcc.o(i.drv_rcc_init)
    drv_timer_base_init                      0x0800136d   Thumb Code   104  drv_timer.o(i.drv_timer_base_init)
    drv_timer_clear_it_pending_bit           0x080013ed   Thumb Code     8  drv_timer.o(i.drv_timer_clear_it_pending_bit)
    drv_timer_deinit                         0x080013f5   Thumb Code   216  drv_timer.o(i.drv_timer_deinit)
    drv_timer_enable                         0x080014f1   Thumb Code    12  drv_timer.o(i.drv_timer_enable)
    drv_timer_it_enable                      0x080014fd   Thumb Code     8  drv_timer.o(i.drv_timer_it_enable)
    drv_uart_clear_flag_status               0x08001505   Thumb Code     4  drv_uart.o(i.drv_uart_clear_flag_status)
    drv_uart_clear_it_pending_bit            0x08001509   Thumb Code    18  drv_uart.o(i.drv_uart_clear_it_pending_bit)
    drv_uart_deinit                          0x0800151d   Thumb Code   124  drv_uart.o(i.drv_uart_deinit)
    drv_uart_dma_rx_enable                   0x080015ad   Thumb Code    12  drv_uart.o(i.drv_uart_dma_rx_enable)
    drv_uart_dma_tx_enable                   0x080015b9   Thumb Code    12  drv_uart.o(i.drv_uart_dma_tx_enable)
    drv_uart_get_flag_status                 0x080015c5   Thumb Code    16  drv_uart.o(i.drv_uart_get_flag_status)
    drv_uart_init                            0x080015d5   Thumb Code   190  drv_uart.o(i.drv_uart_init)
    drv_uart_it_disable                      0x08001693   Thumb Code    52  drv_uart.o(i.drv_uart_it_disable)
    drv_uart_it_enable                       0x080016c7   Thumb Code    52  drv_uart.o(i.drv_uart_it_enable)
    drv_uart_put_bytes                       0x080016fb   Thumb Code    32  drv_uart.o(i.drv_uart_put_bytes)
    drv_uart_set_baudrate                    0x0800171d   Thumb Code   116  drv_uart.o(i.drv_uart_set_baudrate)
    hal_clock_init                           0x08001799   Thumb Code    24  hal_clock.o(i.hal_clock_init)
    hal_delay_init                           0x080017b1   Thumb Code     8  hal_delay.o(i.hal_delay_init)
    hal_delay_us                             0x080017b9   Thumb Code    12  app_hx711_ctrl.o(i.hal_delay_us)
    hal_di_get                               0x080017c5   Thumb Code    36  hal_gpio.o(i.hal_di_get)
    hal_gpio_set_do_high                     0x080017f1   Thumb Code    22  hal_gpio.o(i.hal_gpio_set_do_high)
    hal_gpio_set_do_low                      0x08001811   Thumb Code    22  hal_gpio.o(i.hal_gpio_set_do_low)
    hal_timer_init                           0x08001831   Thumb Code    66  hal_timer.o(i.hal_timer_init)
    hal_uart_dma_rx_start                    0x0800187d   Thumb Code    70  hal_uart.o(i.hal_uart_dma_rx_start)
    hal_uart_gpio_init                       0x080018d5   Thumb Code   806  hal_uart.o(i.hal_uart_gpio_init)
    hal_uart_port_init                       0x08001c2d   Thumb Code   560  hal_uart.o(i.hal_uart_port_init)
    hal_uart_rx_irq_disable                  0x08001e95   Thumb Code    48  hal_uart.o(i.hal_uart_rx_irq_disable)
    hal_uart_rx_irq_enable                   0x08001ed1   Thumb Code    48  hal_uart.o(i.hal_uart_rx_irq_enable)
    hal_uart_set_braudrate                   0x08001f0d   Thumb Code    34  hal_uart.o(i.hal_uart_set_braudrate)
    hal_uart_set_rx_mode                     0x08001f39   Thumb Code    26  hal_uart.o(i.hal_uart_set_rx_mode)
    hal_uart_set_timeout                     0x08001f5d   Thumb Code     2  hal_uart.o(i.hal_uart_set_timeout)
    hal_uart_set_tx_mode                     0x08001f61   Thumb Code    24  hal_uart.o(i.hal_uart_set_tx_mode)
    hal_uart_tx_bytes                        0x08001f81   Thumb Code   246  hal_uart.o(i.hal_uart_tx_bytes)
    hx711_AllChanelSample                    0x08002089   Thumb Code   216  app_hx711_ctrl.o(i.hx711_AllChanelSample)
    hx711_DataSampleCtrl                     0x08002165   Thumb Code    40  app_hx711_ctrl.o(i.hx711_DataSampleCtrl)
    hx711_MainFunction                       0x08002191   Thumb Code   212  app_hx711_ctrl.o(i.hx711_MainFunction)
    hx711_SigChanelAvrgAndWeightCalc         0x0800226d   Thumb Code   122  app_hx711_ctrl.o(i.hx711_SigChanelAvrgAndWeightCalc)
    hx711_getWeight                          0x080022ed   Thumb Code    52  app_hx711_ctrl.o(i.hx711_getWeight)
    hx711_init                               0x08002329   Thumb Code   284  app_hx711_ctrl.o(i.hx711_init)
    key_FilterGet                            0x08002455   Thumb Code    30  app_key_ctrl.o(i.key_FilterGet)
    key_MainFunction                         0x08002479   Thumb Code   168  app_key_ctrl.o(i.key_MainFunction)
    key_init                                 0x08002525   Thumb Code    84  app_key_ctrl.o(i.key_init)
    led_MainFunction                         0x0800257d   Thumb Code   136  app_led_ctrl.o(i.led_MainFunction)
    led_init                                 0x0800260d   Thumb Code    62  app_led_ctrl.o(i.led_init)
    main                                     0x0800264b   Thumb Code    24  app_main.o(i.main)
    sampleCalcKB                             0x08002665   Thumb Code   322  app_hx711_ctrl.o(i.sampleCalcKB)
    sampleDataPush                           0x080027b1   Thumb Code   130  app_hx711_ctrl.o(i.sampleDataPush)
    sdweRxDeal                               0x08002835   Thumb Code   126  app_sdwe_ctrl.o(i.sdweRxDeal)
    sdweSetWeightBackColor                   0x080028b9   Thumb Code    16  app_sdwe_ctrl.o(i.sdweSetWeightBackColor)
    sdweWrite                                0x080028cd   Thumb Code   196  app_sdwe_ctrl.o(i.sdweWrite)
    sdwe_MainFunction                        0x08002999   Thumb Code    52  app_sdwe_ctrl.o(i.sdwe_MainFunction)
    sdwe_RxFunction                          0x080029d1   Thumb Code   208  app_sdwe_ctrl.o(i.sdwe_RxFunction)
    sdwe_TxFunction                          0x08002aa5   Thumb Code    70  app_sdwe_ctrl.o(i.sdwe_TxFunction)
    sdwe_init                                0x08002af1   Thumb Code    78  app_sdwe_ctrl.o(i.sdwe_init)
    sdwe_test                                0x08002b4d   Thumb Code   126  app_sdwe_ctrl.o(i.sdwe_test)
    system_init                              0x08002be1   Thumb Code    32  app_main.o(i.system_init)
    useWeightUpdateLedAndSdweColor           0x08002c01   Thumb Code   342  app_led_ctrl.o(i.useWeightUpdateLedAndSdweColor)
    wm_hal_gpio_init                         0x08002d59   Thumb Code    86  hal_gpio.o(i.wm_hal_gpio_init)
    _fp_init                                 0x08002dc9   Thumb Code    10  fpinit.o(x$fpl$fpinit)
    __fplib_config_fpu_vfp                   0x08002dd1   Thumb Code     0  fpinit.o(x$fpl$fpinit)
    __fplib_config_pureend_doubles           0x08002dd1   Thumb Code     0  fpinit.o(x$fpl$fpinit)
    g_CrcHTable                              0x08002dd2   Data         256  app_crc.o(.constdata)
    g_CrcLTable                              0x08002ed2   Data         256  app_crc.o(.constdata)
    DO_GPIO_CLK                              0x08002fd4   Data          52  hal_gpio.o(.constdata)
    DO_GPIO_PIN                              0x08003008   Data          26  hal_gpio.o(.constdata)
    DI_GPIO_CLK                              0x08003024   Data          56  hal_gpio.o(.constdata)
    DI_GPIO_PIN                              0x0800305c   Data          28  hal_gpio.o(.constdata)
    UART_PORT_CLK                            0x08003078   Data           8  hal_uart.o(.constdata)
    UART_PORT_IRQn                           0x08003080   Data           2  hal_uart.o(.constdata)
    UART_PORT_GPIO_AF                        0x08003082   Data           2  hal_uart.o(.constdata)
    UART_TX_GPIO_CLK                         0x08003084   Data           8  hal_uart.o(.constdata)
    UART_TX_GPIO_PIN                         0x0800308c   Data           4  hal_uart.o(.constdata)
    UART_TX_PIN_SOURCE                       0x08003090   Data           4  hal_uart.o(.constdata)
    UART_RX_GPIO_CLK                         0x08003094   Data           8  hal_uart.o(.constdata)
    UART_RX_GPIO_PIN                         0x0800309c   Data           4  hal_uart.o(.constdata)
    UART_RX_PIN_SOURCE                       0x080030a0   Data           4  hal_uart.o(.constdata)
    UART_DEA_GPIO_CLK                        0x080030a4   Data           8  hal_uart.o(.constdata)
    UART_DEA_GPIO_PIN                        0x080030ac   Data           4  hal_uart.o(.constdata)
    UART_TX_DMA_CLK                          0x080030b0   Data           8  hal_uart.o(.constdata)
    UART_TX_DMA_IRQn                         0x080030b8   Data           2  hal_uart.o(.constdata)
    UART_TX_DMA_IT_TCIF                      0x080030bc   Data           8  hal_uart.o(.constdata)
    UART_RX_DMA_CLK                          0x080030c4   Data           8  hal_uart.o(.constdata)
    g_UartBaudTab                            0x080030cc   Data          40  hal_uart.o(.constdata)
    Region$$Table$$Base                      0x080030f4   Number         0  anon$$obj.o(Region$$Table)
    Region$$Table$$Limit                     0x08003114   Number         0  anon$$obj.o(Region$$Table)
    mainTaskStatus                           0x20000000   Data           1  app_main_task.o(.data)
    KEY_COMBIN                               0x2000000c   Data           1  app_main_task.o(.data)
    g_led_ctrl_data                          0x2000000e   Data           4  app_led_ctrl.o(.data)
    g_sdwe                                   0x2000001c   Data         568  app_sdwe_ctrl.o(.data)
    DO_GPIO_PORT                             0x20000288   Data          52  hal_gpio.o(.data)
    DI_GPIO_PORT                             0x200002bc   Data          56  hal_gpio.o(.data)
    UART_PORT                                0x200002f4   Data           8  hal_uart.o(.data)
    UART_TX_GPIO_PORT                        0x200002fc   Data           8  hal_uart.o(.data)
    UART_RX_GPIO_PORT                        0x20000304   Data           8  hal_uart.o(.data)
    UART_DEA_GPIO_PORT                       0x2000030c   Data           8  hal_uart.o(.data)
    UART_TX_DMA                              0x20000314   Data           8  hal_uart.o(.data)
    UART_TX_DMA_CHANNEL                      0x2000031c   Data           8  hal_uart.o(.data)
    UART_RX_DMA                              0x20000324   Data           8  hal_uart.o(.data)
    UART_RX_DMA_CHANNEL                      0x2000032c   Data           8  hal_uart.o(.data)
    g_UartDevice                             0x20000334   Data         112  hal_uart.o(.data)
    l_RccWiteTimeOut                         0x200003bc   Data           4  drv_rcc.o(.data)
    g_sdwe_dis_data                          0x20000b20   Data          32  app_sdwe_ctrl.o(.bss)
    SysKey                                   0x20000b50   Data          12  app_key_ctrl.o(.bss)
    g_ClockFrequency                         0x20000b5c   Data          36  drv_rcc.o(.bss)
    __libspace_start                         0x20000b80   Data          96  libspace.o(.bss)
    __temporary_stack_top$libspace           0x20000be0   Data           0  libspace.o(.bss)



==============================================================================

Memory Map of the image

  Image Entry point : 0x08000189

  Load Region LR_IROM1 (Base: 0x08000000, Size: 0x000034d4, Max: 0x00040000, ABSOLUTE, COMPRESSED[0x000031a8])

    Execution Region ER_IROM1 (Base: 0x08000000, Size: 0x00003114, Max: 0x00040000, ABSOLUTE)

    Base Addr    Size         Type   Attr      Idx    E Section Name        Object

    0x08000000   0x00000188   Data   RO          390    RESET               startup_stm32f30x.o
    0x08000188   0x00000008   Code   RO         1979  * !!!main             c_w.l(__main.o)
    0x08000190   0x00000034   Code   RO         2138    !!!scatter          c_w.l(__scatter.o)
    0x080001c4   0x0000005a   Code   RO         2136    !!dczerorl2         c_w.l(__dczerorl2.o)
    0x0800021e   0x00000002   PAD
    0x08000220   0x0000001c   Code   RO         2140    !!handler_zi        c_w.l(__scatter_zi.o)
    0x0800023c   0x00000002   Code   RO         2006    .ARM.Collect$$libinit$$00000000  c_w.l(libinit.o)
    0x0800023e   0x00000004   Code   RO         2012    .ARM.Collect$$libinit$$00000001  c_w.l(libinit2.o)
    0x08000242   0x00000000   Code   RO         2015    .ARM.Collect$$libinit$$00000004  c_w.l(libinit2.o)
    0x08000242   0x00000000   Code   RO         2018    .ARM.Collect$$libinit$$0000000A  c_w.l(libinit2.o)
    0x08000242   0x00000000   Code   RO         2020    .ARM.Collect$$libinit$$0000000C  c_w.l(libinit2.o)
    0x08000242   0x00000000   Code   RO         2022    .ARM.Collect$$libinit$$0000000E  c_w.l(libinit2.o)
    0x08000242   0x00000000   Code   RO         2025    .ARM.Collect$$libinit$$00000011  c_w.l(libinit2.o)
    0x08000242   0x00000000   Code   RO         2027    .ARM.Collect$$libinit$$00000013  c_w.l(libinit2.o)
    0x08000242   0x00000000   Code   RO         2029    .ARM.Collect$$libinit$$00000015  c_w.l(libinit2.o)
    0x08000242   0x00000000   Code   RO         2031    .ARM.Collect$$libinit$$00000017  c_w.l(libinit2.o)
    0x08000242   0x00000000   Code   RO         2033    .ARM.Collect$$libinit$$00000019  c_w.l(libinit2.o)
    0x08000242   0x00000000   Code   RO         2035    .ARM.Collect$$libinit$$0000001B  c_w.l(libinit2.o)
    0x08000242   0x00000000   Code   RO         2037    .ARM.Collect$$libinit$$0000001D  c_w.l(libinit2.o)
    0x08000242   0x00000000   Code   RO         2039    .ARM.Collect$$libinit$$0000001F  c_w.l(libinit2.o)
    0x08000242   0x00000000   Code   RO         2041    .ARM.Collect$$libinit$$00000021  c_w.l(libinit2.o)
    0x08000242   0x00000000   Code   RO         2043    .ARM.Collect$$libinit$$00000023  c_w.l(libinit2.o)
    0x08000242   0x00000000   Code   RO         2045    .ARM.Collect$$libinit$$00000025  c_w.l(libinit2.o)
    0x08000242   0x00000000   Code   RO         2049    .ARM.Collect$$libinit$$0000002C  c_w.l(libinit2.o)
    0x08000242   0x00000000   Code   RO         2051    .ARM.Collect$$libinit$$0000002E  c_w.l(libinit2.o)
    0x08000242   0x00000000   Code   RO         2053    .ARM.Collect$$libinit$$00000030  c_w.l(libinit2.o)
    0x08000242   0x00000000   Code   RO         2055    .ARM.Collect$$libinit$$00000032  c_w.l(libinit2.o)
    0x08000242   0x00000002   Code   RO         2056    .ARM.Collect$$libinit$$00000033  c_w.l(libinit2.o)
    0x08000244   0x00000002   Code   RO         2076    .ARM.Collect$$libshutdown$$00000000  c_w.l(libshutdown.o)
    0x08000246   0x00000000   Code   RO         2089    .ARM.Collect$$libshutdown$$00000002  c_w.l(libshutdown2.o)
    0x08000246   0x00000000   Code   RO         2091    .ARM.Collect$$libshutdown$$00000004  c_w.l(libshutdown2.o)
    0x08000246   0x00000000   Code   RO         2094    .ARM.Collect$$libshutdown$$00000007  c_w.l(libshutdown2.o)
    0x08000246   0x00000000   Code   RO         2097    .ARM.Collect$$libshutdown$$0000000A  c_w.l(libshutdown2.o)
    0x08000246   0x00000000   Code   RO         2099    .ARM.Collect$$libshutdown$$0000000C  c_w.l(libshutdown2.o)
    0x08000246   0x00000000   Code   RO         2102    .ARM.Collect$$libshutdown$$0000000F  c_w.l(libshutdown2.o)
    0x08000246   0x00000002   Code   RO         2103    .ARM.Collect$$libshutdown$$00000010  c_w.l(libshutdown2.o)
    0x08000248   0x00000000   Code   RO         1981    .ARM.Collect$$rtentry$$00000000  c_w.l(__rtentry.o)
    0x08000248   0x00000000   Code   RO         1983    .ARM.Collect$$rtentry$$00000002  c_w.l(__rtentry2.o)
    0x08000248   0x00000006   Code   RO         1995    .ARM.Collect$$rtentry$$00000004  c_w.l(__rtentry4.o)
    0x0800024e   0x00000000   Code   RO         1985    .ARM.Collect$$rtentry$$00000009  c_w.l(__rtentry2.o)
    0x0800024e   0x00000004   Code   RO         1986    .ARM.Collect$$rtentry$$0000000A  c_w.l(__rtentry2.o)
    0x08000252   0x00000000   Code   RO         1988    .ARM.Collect$$rtentry$$0000000C  c_w.l(__rtentry2.o)
    0x08000252   0x00000008   Code   RO         1989    .ARM.Collect$$rtentry$$0000000D  c_w.l(__rtentry2.o)
    0x0800025a   0x00000002   Code   RO         2010    .ARM.Collect$$rtexit$$00000000  c_w.l(rtexit.o)
    0x0800025c   0x00000000   Code   RO         2058    .ARM.Collect$$rtexit$$00000002  c_w.l(rtexit2.o)
    0x0800025c   0x00000004   Code   RO         2059    .ARM.Collect$$rtexit$$00000003  c_w.l(rtexit2.o)
    0x08000260   0x00000006   Code   RO         2060    .ARM.Collect$$rtexit$$00000004  c_w.l(rtexit2.o)
    0x08000266   0x00000002   PAD
    0x08000268   0x00000048   Code   RO          391    .text               startup_stm32f30x.o
    0x080002b0   0x00000006   Code   RO         1977    .text               c_w.l(heapauxi.o)
    0x080002b6   0x0000004a   Code   RO         1997    .text               c_w.l(sys_stackheap_outer.o)
    0x08000300   0x00000012   Code   RO         1999    .text               c_w.l(exit.o)
    0x08000312   0x00000002   PAD
    0x08000314   0x00000008   Code   RO         2007    .text               c_w.l(libspace.o)
    0x0800031c   0x0000000c   Code   RO         2068    .text               c_w.l(sys_exit.o)
    0x08000328   0x00000002   Code   RO         2079    .text               c_w.l(use_no_semi.o)
    0x0800032a   0x00000000   Code   RO         2081    .text               c_w.l(indicate_semi.o)
    0x0800032a   0x00000002   PAD
    0x0800032c   0x0000008c   Code   RO          135    i.BubbleSort        app_led_ctrl.o
    0x080003b8   0x0000003c   Code   RO          665    i.DMA1_Channel2_IRQHandler  firmware_wm_00_hal.lib(hal_uart.o)
    0x080003f4   0x0000003c   Code   RO          666    i.DMA1_Channel4_IRQHandler  firmware_wm_00_hal.lib(hal_uart.o)
    0x08000430   0x00000058   Code   RO          136    i.LedCtrlSendPulse  app_led_ctrl.o
    0x08000488   0x00000088   Code   RO          137    i.LedDataSet        app_led_ctrl.o
    0x08000510   0x0000000a   Code   RO          139    i.Led_delay         app_led_ctrl.o
    0x0800051a   0x00000002   PAD
    0x0800051c   0x00000014   Code   RO          580    i.TIM6_DAC_IRQHandler  firmware_wm_00_hal.lib(hal_timer.o)
    0x08000530   0x0000014c   Code   RO          667    i.USART1_IRQHandler  firmware_wm_00_hal.lib(hal_uart.o)
    0x0800067c   0x000000f8   Code   RO          668    i.USART3_IRQHandler  firmware_wm_00_hal.lib(hal_uart.o)
    0x08000774   0x0000013c   Code   RO          117    i.app_main_task     app_main_task.o
    0x080008b0   0x0000000a   Code   RO          279    i.app_uart_extern_msg_packet_process  app_sdwe_ctrl.o
    0x080008ba   0x00000002   PAD
    0x080008bc   0x00000048   Code   RO          373    i.cal_crc16         app_crc.o
    0x08000904   0x00000010   Code   RO          793    i.drv_debug_apb1_stop  STM32F303DriverLib.lib(drv_dbgmcu.o)
    0x08000914   0x0000004c   Code   RO          397    i.drv_delay_init    STM32F303DriverLib.lib(drv_delay.o)
    0x08000960   0x00000044   Code   RO          399    i.drv_delay_us      STM32F303DriverLib.lib(drv_delay.o)
    0x080009a4   0x0000000c   Code   RO          828    i.drv_dma_set_mem_addr_length  STM32F303DriverLib.lib(drv_dma.o)
    0x080009b0   0x00000028   Code   RO          829    i.drv_dma_stream_clear_flag_status  STM32F303DriverLib.lib(drv_dma.o)
    0x080009d8   0x0000001c   Code   RO          830    i.drv_dma_stream_clear_it_pending_bit  STM32F303DriverLib.lib(drv_dma.o)
    0x080009f4   0x00000104   Code   RO          831    i.drv_dma_stream_deinit  STM32F303DriverLib.lib(drv_dma.o)
    0x08000af8   0x0000000a   Code   RO          832    i.drv_dma_stream_disable  STM32F303DriverLib.lib(drv_dma.o)
    0x08000b02   0x0000000c   Code   RO          833    i.drv_dma_stream_enable  STM32F303DriverLib.lib(drv_dma.o)
    0x08000b0e   0x00000002   PAD
    0x08000b10   0x00000064   Code   RO          836    i.drv_dma_stream_get_it_status  STM32F303DriverLib.lib(drv_dma.o)
    0x08000b74   0x0000000e   Code   RO          837    i.drv_dma_stream_get_left_length  STM32F303DriverLib.lib(drv_dma.o)
    0x08000b82   0x0000006c   Code   RO          838    i.drv_dma_stream_init  STM32F303DriverLib.lib(drv_dma.o)
    0x08000bee   0x00000008   Code   RO          840    i.drv_dma_stream_it_enable  STM32F303DriverLib.lib(drv_dma.o)
    0x08000bf6   0x00000034   Code   RO          841    i.drv_dma_stream_start_mem_to_periph  STM32F303DriverLib.lib(drv_dma.o)
    0x08000c2a   0x00000034   Code   RO          842    i.drv_dma_stream_start_periph_to_mem  STM32F303DriverLib.lib(drv_dma.o)
    0x08000c5e   0x00000042   Code   RO          936    i.drv_gpio_alternate_function_connect  STM32F303DriverLib.lib(drv_gpio.o)
    0x08000ca0   0x000000dc   Code   RO          937    i.drv_gpio_alternate_function_init  STM32F303DriverLib.lib(drv_gpio.o)
    0x08000d7c   0x00000060   Code   RO          940    i.drv_gpio_input_init  STM32F303DriverLib.lib(drv_gpio.o)
    0x08000ddc   0x000000dc   Code   RO          941    i.drv_gpio_output_init  STM32F303DriverLib.lib(drv_gpio.o)
    0x08000eb8   0x00000008   Code   RO          750    i.drv_gpio_set_pins_high  firmware_wm_00_hal.lib(hal_uart.o)
    0x08000ec0   0x00000016   Code   RO          986    i.drv_nvic_enable   STM32F303DriverLib.lib(drv_nvic.o)
    0x08000ed6   0x00000002   PAD
    0x08000ed8   0x00000040   Code   RO          987    i.drv_nvic_init     STM32F303DriverLib.lib(drv_nvic.o)
    0x08000f18   0x00000010   Code   RO         1021    i.drv_rcc_ahb1_clk_enable  STM32F303DriverLib.lib(drv_rcc.o)
    0x08000f28   0x00000010   Code   RO         1025    i.drv_rcc_apb1_clk_enable  STM32F303DriverLib.lib(drv_rcc.o)
    0x08000f38   0x00000010   Code   RO         1026    i.drv_rcc_apb1_periph_reset_disable  STM32F303DriverLib.lib(drv_rcc.o)
    0x08000f48   0x00000010   Code   RO         1027    i.drv_rcc_apb1_periph_reset_enable  STM32F303DriverLib.lib(drv_rcc.o)
    0x08000f58   0x00000010   Code   RO         1029    i.drv_rcc_apb2_clk_enable  STM32F303DriverLib.lib(drv_rcc.o)
    0x08000f68   0x00000010   Code   RO         1030    i.drv_rcc_apb2_periph_reset_disable  STM32F303DriverLib.lib(drv_rcc.o)
    0x08000f78   0x00000010   Code   RO         1031    i.drv_rcc_apb2_periph_reset_enable  STM32F303DriverLib.lib(drv_rcc.o)
    0x08000f88   0x00000104   Code   RO         1032    i.drv_rcc_get_clocks_freq  STM32F303DriverLib.lib(drv_rcc.o)
    0x0800108c   0x000002e0   Code   RO         1033    i.drv_rcc_init      STM32F303DriverLib.lib(drv_rcc.o)
    0x0800136c   0x00000080   Code   RO         1130    i.drv_timer_base_init  STM32F303DriverLib.lib(drv_timer.o)
    0x080013ec   0x00000008   Code   RO         1154    i.drv_timer_clear_it_pending_bit  STM32F303DriverLib.lib(drv_timer.o)
    0x080013f4   0x000000fc   Code   RO         1155    i.drv_timer_deinit  STM32F303DriverLib.lib(drv_timer.o)
    0x080014f0   0x0000000c   Code   RO         1157    i.drv_timer_enable  STM32F303DriverLib.lib(drv_timer.o)
    0x080014fc   0x00000008   Code   RO         1185    i.drv_timer_it_enable  STM32F303DriverLib.lib(drv_timer.o)
    0x08001504   0x00000004   Code   RO         1818    i.drv_uart_clear_flag_status  STM32F303DriverLib.lib(drv_uart.o)
    0x08001508   0x00000012   Code   RO         1819    i.drv_uart_clear_it_pending_bit  STM32F303DriverLib.lib(drv_uart.o)
    0x0800151a   0x00000002   PAD
    0x0800151c   0x00000090   Code   RO         1820    i.drv_uart_deinit   STM32F303DriverLib.lib(drv_uart.o)
    0x080015ac   0x0000000c   Code   RO         1823    i.drv_uart_dma_rx_enable  STM32F303DriverLib.lib(drv_uart.o)
    0x080015b8   0x0000000c   Code   RO         1825    i.drv_uart_dma_tx_enable  STM32F303DriverLib.lib(drv_uart.o)
    0x080015c4   0x00000010   Code   RO         1830    i.drv_uart_get_flag_status  STM32F303DriverLib.lib(drv_uart.o)
    0x080015d4   0x000000be   Code   RO         1832    i.drv_uart_init     STM32F303DriverLib.lib(drv_uart.o)
    0x08001692   0x00000034   Code   RO         1833    i.drv_uart_it_disable  STM32F303DriverLib.lib(drv_uart.o)
    0x080016c6   0x00000034   Code   RO         1834    i.drv_uart_it_enable  STM32F303DriverLib.lib(drv_uart.o)
    0x080016fa   0x00000020   Code   RO         1835    i.drv_uart_put_bytes  STM32F303DriverLib.lib(drv_uart.o)
    0x0800171a   0x00000002   PAD
    0x0800171c   0x0000007c   Code   RO         1839    i.drv_uart_set_baudrate  STM32F303DriverLib.lib(drv_uart.o)
    0x08001798   0x00000018   Code   RO          450    i.hal_clock_init    firmware_wm_00_hal.lib(hal_clock.o)
    0x080017b0   0x00000008   Code   RO          481    i.hal_delay_init    firmware_wm_00_hal.lib(hal_delay.o)
    0x080017b8   0x0000000c   Code   RO          264    i.hal_delay_us      app_hx711_ctrl.o
    0x080017c4   0x0000002c   Code   RO          503    i.hal_di_get        firmware_wm_00_hal.lib(hal_gpio.o)
    0x080017f0   0x00000020   Code   RO          504    i.hal_gpio_set_do_high  firmware_wm_00_hal.lib(hal_gpio.o)
    0x08001810   0x00000020   Code   RO          505    i.hal_gpio_set_do_low  firmware_wm_00_hal.lib(hal_gpio.o)
    0x08001830   0x0000004c   Code   RO          584    i.hal_timer_init    firmware_wm_00_hal.lib(hal_timer.o)
    0x0800187c   0x00000058   Code   RO          669    i.hal_uart_dma_rx_start  firmware_wm_00_hal.lib(hal_uart.o)
    0x080018d4   0x00000358   Code   RO          670    i.hal_uart_gpio_init  firmware_wm_00_hal.lib(hal_uart.o)
    0x08001c2c   0x00000268   Code   RO          671    i.hal_uart_port_init  firmware_wm_00_hal.lib(hal_uart.o)
    0x08001e94   0x0000003c   Code   RO          672    i.hal_uart_rx_irq_disable  firmware_wm_00_hal.lib(hal_uart.o)
    0x08001ed0   0x0000003c   Code   RO          673    i.hal_uart_rx_irq_enable  firmware_wm_00_hal.lib(hal_uart.o)
    0x08001f0c   0x0000002c   Code   RO          674    i.hal_uart_set_braudrate  firmware_wm_00_hal.lib(hal_uart.o)
    0x08001f38   0x00000024   Code   RO          744    i.hal_uart_set_rx_mode  firmware_wm_00_hal.lib(hal_uart.o)
    0x08001f5c   0x00000002   Code   RO          675    i.hal_uart_set_timeout  firmware_wm_00_hal.lib(hal_uart.o)
    0x08001f5e   0x00000002   PAD
    0x08001f60   0x00000020   Code   RO          755    i.hal_uart_set_tx_mode  firmware_wm_00_hal.lib(hal_uart.o)
    0x08001f80   0x00000108   Code   RO          676    i.hal_uart_tx_bytes  firmware_wm_00_hal.lib(hal_uart.o)
    0x08002088   0x000000dc   Code   RO          192    i.hx711_AllChanelSample  app_hx711_ctrl.o
    0x08002164   0x0000002c   Code   RO          193    i.hx711_DataSampleCtrl  app_hx711_ctrl.o
    0x08002190   0x000000dc   Code   RO          194    i.hx711_MainFunction  app_hx711_ctrl.o
    0x0800226c   0x00000080   Code   RO          197    i.hx711_SigChanelAvrgAndWeightCalc  app_hx711_ctrl.o
    0x080022ec   0x0000003c   Code   RO          198    i.hx711_getWeight   app_hx711_ctrl.o
    0x08002328   0x0000012c   Code   RO          199    i.hx711_init        app_hx711_ctrl.o
    0x08002454   0x00000024   Code   RO          346    i.key_FilterGet     app_key_ctrl.o
    0x08002478   0x000000ac   Code   RO          347    i.key_MainFunction  app_key_ctrl.o
    0x08002524   0x00000058   Code   RO          348    i.key_init          app_key_ctrl.o
    0x0800257c   0x00000090   Code   RO          140    i.led_MainFunction  app_led_ctrl.o
    0x0800260c   0x0000003e   Code   RO          141    i.led_init          app_led_ctrl.o
    0x0800264a   0x00000018   Code   RO            1    i.main              app_main.o
    0x08002662   0x00000002   PAD
    0x08002664   0x0000014c   Code   RO          201    i.sampleCalcKB      app_hx711_ctrl.o
    0x080027b0   0x00000082   Code   RO          202    i.sampleDataPush    app_hx711_ctrl.o
    0x08002832   0x00000002   PAD
    0x08002834   0x00000084   Code   RO          280    i.sdweRxDeal        app_sdwe_ctrl.o
    0x080028b8   0x00000014   Code   RO          281    i.sdweSetWeightBackColor  app_sdwe_ctrl.o
    0x080028cc   0x000000cc   Code   RO          282    i.sdweWrite         app_sdwe_ctrl.o
    0x08002998   0x00000038   Code   RO          283    i.sdwe_MainFunction  app_sdwe_ctrl.o
    0x080029d0   0x000000d4   Code   RO          284    i.sdwe_RxFunction   app_sdwe_ctrl.o
    0x08002aa4   0x0000004c   Code   RO          285    i.sdwe_TxFunction   app_sdwe_ctrl.o
    0x08002af0   0x0000005c   Code   RO          286    i.sdwe_init         app_sdwe_ctrl.o
    0x08002b4c   0x00000094   Code   RO          287    i.sdwe_test         app_sdwe_ctrl.o
    0x08002be0   0x00000020   Code   RO            2    i.system_init       app_main.o
    0x08002c00   0x00000156   Code   RO          142    i.useWeightUpdateLedAndSdweColor  app_led_ctrl.o
    0x08002d56   0x00000002   PAD
    0x08002d58   0x00000070   Code   RO          506    i.wm_hal_gpio_init  firmware_wm_00_hal.lib(hal_gpio.o)
    0x08002dc8   0x0000000a   Code   RO         2066    x$fpl$fpinit        fz_wm.l(fpinit.o)
    0x08002dd2   0x00000200   Data   RO          374    .constdata          app_crc.o
    0x08002fd2   0x00000002   PAD
    0x08002fd4   0x000000a4   Data   RO          507    .constdata          firmware_wm_00_hal.lib(hal_gpio.o)
    0x08003078   0x0000007c   Data   RO          677    .constdata          firmware_wm_00_hal.lib(hal_uart.o)
    0x080030f4   0x00000020   Data   RO         2134    Region$$Table       anon$$obj.o


    Execution Region RW_IRAM1 (Base: 0x20000000, Size: 0x00001be0, Max: 0x0000c000, ABSOLUTE, COMPRESSED[0x00000094])

    Base Addr    Size         Type   Attr      Idx    E Section Name        Object

    0x20000000   0x0000000d   Data   RW          118    .data               app_main_task.o
    0x2000000d   0x00000001   PAD
    0x2000000e   0x0000000b   Data   RW          143    .data               app_led_ctrl.o
    0x20000019   0x00000002   Data   RW          204    .data               app_hx711_ctrl.o
    0x2000001b   0x00000001   PAD
    0x2000001c   0x00000268   Data   RW          289    .data               app_sdwe_ctrl.o
    0x20000284   0x00000004   Data   RW          400    .data               STM32F303DriverLib.lib(drv_delay.o)
    0x20000288   0x0000006c   Data   RW          508    .data               firmware_wm_00_hal.lib(hal_gpio.o)
    0x200002f4   0x000000b0   Data   RW          678    .data               firmware_wm_00_hal.lib(hal_uart.o)
    0x200003a4   0x0000001c   Data   RW         1035    .data               STM32F303DriverLib.lib(drv_rcc.o)
    0x200003c0   0x00000760   Zero   RW          203    .bss                app_hx711_ctrl.o
    0x20000b20   0x00000030   Zero   RW          288    .bss                app_sdwe_ctrl.o
    0x20000b50   0x0000000c   Zero   RW          349    .bss                app_key_ctrl.o
    0x20000b5c   0x00000024   Zero   RW         1034    .bss                STM32F303DriverLib.lib(drv_rcc.o)
    0x20000b80   0x00000060   Zero   RW         2008    .bss                c_w.l(libspace.o)
    0x20000be0   0x00000800   Zero   RW          389    HEAP                startup_stm32f30x.o
    0x200013e0   0x00000800   Zero   RW          388    STACK               startup_stm32f30x.o


==============================================================================

Image component sizes


      Code (inc. data)   RO Data    RW Data    ZI Data      Debug   Object Name

        72         10        512          0          0       1286   app_crc.o
      1446         62          0          2       1888       7305   app_hx711_ctrl.o
       296         14          0          0         12       2255   app_key_ctrl.o
       922         16          0         11          0       6431   app_led_ctrl.o
        56          0          0          0          0      27112   app_main.o
       316         24          0         13          0       1640   app_main_task.o
       950         68          0        616         48       6524   app_sdwe_ctrl.o
        72         28        392          0       4096        896   startup_stm32f30x.o

    ----------------------------------------------------------------------
      4140        222        938        644       6044      53449   Object Totals
         0          0         32          0          0          0   (incl. Generated)
        10          0          2          2          0          0   (incl. Padding)

    ----------------------------------------------------------------------

      Code (inc. data)   RO Data    RW Data    ZI Data      Debug   Library Member Name

        16          4          0          0          0        522   drv_dbgmcu.o
       144         20          0          4          0       3292   drv_delay.o
       696         38          0          0          0      16007   drv_dma.o
       602          0          0          0          0      14305   drv_gpio.o
        86          8          0          0          0       1226   drv_nvic.o
      1108         92          0         28         36      12613   drv_rcc.o
       408         60          0          0          0      13249   drv_timer.o
       656         28          0          0          0      13328   drv_uart.o
        90          0          0          0          0          0   __dczerorl2.o
         8          0          0          0          0         68   __main.o
         0          0          0          0          0          0   __rtentry.o
        12          0          0          0          0          0   __rtentry2.o
         6          0          0          0          0          0   __rtentry4.o
        52          8          0          0          0          0   __scatter.o
        28          0          0          0          0          0   __scatter_zi.o
        18          0          0          0          0         80   exit.o
         6          0          0          0          0        152   heapauxi.o
         0          0          0          0          0          0   indicate_semi.o
         2          0          0          0          0          0   libinit.o
         6          0          0          0          0          0   libinit2.o
         2          0          0          0          0          0   libshutdown.o
         2          0          0          0          0          0   libshutdown2.o
         8          4          0          0         96         68   libspace.o
         2          0          0          0          0          0   rtexit.o
        10          0          0          0          0          0   rtexit2.o
        12          4          0          0          0         68   sys_exit.o
        74          0          0          0          0         80   sys_stackheap_outer.o
         2          0          0          0          0         68   use_no_semi.o
        24          0          0          0          0       2609   hal_clock.o
         8          0          0          0          0        489   hal_delay.o
       220         54        164        108          0      18818   hal_gpio.o
        96         14          0          0          0       7615   hal_timer.o
      2766        286        124        176          0      25805   hal_uart.o
        10          0          0          0          0        116   fpinit.o

    ----------------------------------------------------------------------
      7198        620        288        316        132     130578   Library Totals
        18          0          0          0          0          0   (incl. Padding)

    ----------------------------------------------------------------------

      Code (inc. data)   RO Data    RW Data    ZI Data      Debug   Library Name

      3716        250          0         32         36      74542   STM32F303DriverLib.lib
       340         16          0          0         96        584   c_w.l
      3114        354        288        284          0      55336   firmware_wm_00_hal.lib
        10          0          0          0          0        116   fz_wm.l

    ----------------------------------------------------------------------
      7198        620        288        316        132     130578   Library Totals

    ----------------------------------------------------------------------

==============================================================================


      Code (inc. data)   RO Data    RW Data    ZI Data      Debug   

     11338        842       1226        960       6176     174671   Grand Totals
     11338        842       1226        148       6176     174671   ELF Image Totals (compressed)
     11338        842       1226        148          0          0   ROM Totals

==============================================================================

    Total RO  Size (Code + RO Data)                12564 (  12.27kB)
    Total RW  Size (RW Data + ZI Data)              7136 (   6.97kB)
    Total ROM Size (Code + RO Data + RW Data)      12712 (  12.41kB)

==============================================================================

